###############################################################################
#
# IAR ELF Linker V7.30.3.8024/W32 for ARM                 09/Oct/2017  23:11:32
# Copyright 2007-2014 IAR Systems AB.
#
#    Output file  =  
#        E:\µêÆÌ×°ÐÞ\Íø¹Ø\nxp_lpcxpresso_824max\lpcxpresso824\prj_xpresso82x\iar\freertos_blinky\ClassA\Exe\freertos_blinky.out.tmp
#    Map file     =  
#        E:\µêÆÌ×°ÐÞ\Íø¹Ø\nxp_lpcxpresso_824max\lpcxpresso824\prj_xpresso82x\iar\freertos_blinky\ClassA\List\freertos_blinky.map
#    Command line =  
#        E:\µêÆÌ×°ÐÞ\Íø¹Ø\nxp_lpcxpresso_824max\lpcxpresso824\prj_xpresso82x\iar\freertos_blinky\ClassA\Obj\aes.o
#        E:\µêÆÌ×°ÐÞ\Íø¹Ø\nxp_lpcxpresso_824max\lpcxpresso824\prj_xpresso82x\iar\lib_board_lpcxpresso824\iar_output\Exe\board_nxp_lpcxpresso_824.a
#        E:\µêÆÌ×°ÐÞ\Íø¹Ø\nxp_lpcxpresso_824max\lpcxpresso824\prj_xpresso82x\iar\lib_chip_8xx\iar_output\Exe\chip_8xx_lib.a
#        E:\µêÆÌ×°ÐÞ\Íø¹Ø\nxp_lpcxpresso_824max\lpcxpresso824\prj_xpresso82x\iar\freertos_blinky\ClassA\Obj\cmac.o
#        E:\µêÆÌ×°ÐÞ\Íø¹Ø\nxp_lpcxpresso_824max\lpcxpresso824\prj_xpresso82x\iar\freertos_blinky\ClassA\Obj\iar_startup_lpc82x.o
#        E:\µêÆÌ×°ÐÞ\Íø¹Ø\nxp_lpcxpresso_824max\lpcxpresso824\prj_xpresso82x\iar\freertos_blinky\ClassA\Obj\LoRaMac.o
#        E:\µêÆÌ×°ÐÞ\Íø¹Ø\nxp_lpcxpresso_824max\lpcxpresso824\prj_xpresso82x\iar\freertos_blinky\ClassA\Obj\LoRaMacCrypto.o
#        E:\µêÆÌ×°ÐÞ\Íø¹Ø\nxp_lpcxpresso_824max\lpcxpresso824\prj_xpresso82x\iar\freertos_blinky\ClassA\Obj\main.o
#        E:\µêÆÌ×°ÐÞ\Íø¹Ø\nxp_lpcxpresso_824max\lpcxpresso824\prj_xpresso82x\iar\freertos_blinky\ClassA\Obj\Region.o
#        E:\µêÆÌ×°ÐÞ\Íø¹Ø\nxp_lpcxpresso_824max\lpcxpresso824\prj_xpresso82x\iar\freertos_blinky\ClassA\Obj\RegionCN470.o
#        E:\µêÆÌ×°ÐÞ\Íø¹Ø\nxp_lpcxpresso_824max\lpcxpresso824\prj_xpresso82x\iar\freertos_blinky\ClassA\Obj\RegionCommon.o
#        E:\µêÆÌ×°ÐÞ\Íø¹Ø\nxp_lpcxpresso_824max\lpcxpresso824\prj_xpresso82x\iar\freertos_blinky\ClassA\Obj\sx1276-board.o
#        E:\µêÆÌ×°ÐÞ\Íø¹Ø\nxp_lpcxpresso_824max\lpcxpresso824\prj_xpresso82x\iar\freertos_blinky\ClassA\Obj\sx1276.o
#        E:\µêÆÌ×°ÐÞ\Íø¹Ø\nxp_lpcxpresso_824max\lpcxpresso824\prj_xpresso82x\iar\freertos_blinky\ClassA\Obj\sysinit.o
#        E:\µêÆÌ×°ÐÞ\Íø¹Ø\nxp_lpcxpresso_824max\lpcxpresso824\prj_xpresso82x\iar\freertos_blinky\ClassA\Obj\timer.o
#        E:\µêÆÌ×°ÐÞ\Íø¹Ø\nxp_lpcxpresso_824max\lpcxpresso824\prj_xpresso82x\iar\freertos_blinky\ClassA\Obj\utilities.o
#        -o
#        E:\µêÆÌ×°ÐÞ\Íø¹Ø\nxp_lpcxpresso_824max\lpcxpresso824\prj_xpresso82x\iar\freertos_blinky\ClassA\Exe\freertos_blinky.out.tmp
#        --map
#        E:\µêÆÌ×°ÐÞ\Íø¹Ø\nxp_lpcxpresso_824max\lpcxpresso824\prj_xpresso82x\iar\freertos_blinky\ClassA\List\freertos_blinky.map
#        --config "C:\Program Files (x86)\IAR Systems\Embedded Workbench
#        7.0_2\arm\config\linker\NXP\LPC824M201.icf" --entry
#        __iar_program_start --inline --vfe
#
###############################################################################

*******************************************************************************
*** RUNTIME MODEL ATTRIBUTES
***

CppFlavor       = *
__SystemLibrary = DLib


*******************************************************************************
*** PLACEMENT SUMMARY
***

"A1":  place at 0x00000000 { ro section .intvec };
"P1":  place in [from 0x00000000 to 0x000002fb] |
                [from 0x00000300 to 0x00007fff] { ro };
"P2":  place in [from 0x10000000 to 0x10001fff] { rw, block CSTACK, block HEAP };
"P3":  place in [from 0x000002fc to 0x000002ff] { section .crp };

  Section            Kind        Address    Size  Object
  -------            ----        -------    ----  ------
"A1":                                       0xc0
  .intvec            ro code  0x00000000    0xc0  iar_startup_lpc82x.o [1]
                            - 0x000000c0    0xc0

"P1", part 1 of 2:                         0x1dd
  .text              ro code  0x000000c0    0xa8  utilities.o [1]
  .text              ro code  0x00000168    0xe0  I32DivModFast.o [7]
  .text              ro code  0x00000248     0xa  abort.o [5]
  Initializer bytes  ro data  0x00000252    0x4b  <for P2 s0>
                            - 0x0000029d   0x1dd

"P3":                                        0x4
  .crp               ro code  0x000002fc     0x4  iar_startup_lpc82x.o [1]
                            - 0x00000300     0x4

"P1", part 2 of 2:                        0x5fc8
  .text              ro code  0x00000300  0x1b10  LoRaMac.o [1]
  .text              ro code  0x00001e10   0x190  timer.o [1]
  .text              ro code  0x00001fa0   0x198  Region.o [1]
  .text              ro code  0x00002138   0x268  LoRaMacCrypto.o [1]
  .text              ro code  0x000023a0    0x1e  I32ToFlt.o [6]
  .text              ro code  0x000023be    0x2a  zero_init3.o [7]
  .text              ro code  0x000023e8    0x34  ABImemcpy.o [7]
  .text              ro code  0x0000241c   0x788  RegionCN470.o [1]
  .text              ro code  0x00002ba4   0x22c  cmac.o [1]
  .text              ro code  0x00002dd0   0x7b4  aes.o [1]
  .text              ro code  0x00003584    0x54  ABImemset.o [7]
  .text              ro code  0x000035d8   0x404  RegionCommon.o [1]
  .text              ro code  0x000039dc    0x34  I32ToDbl.o [6]
  .text              ro code  0x00003a10    0xc2  DblDiv.o [6]
  .text              ro code  0x00003ad2   0x184  DblMul.o [6]
  .text              ro code  0x00003c56   0x1b4  DblAddSub.o [6]
  .text              ro code  0x00003e0a     0x2  iar_startup_lpc82x.o [1]
  .text              ro code  0x00003e0c    0x58  ceil.o [6]
  .text              ro code  0x00003e64    0x52  DblToI32.o [6]
  .text              ro code  0x00003eb6   0x116  FltAddSub.o [6]
  .text              ro code  0x00003fcc    0x32  FltToDbl.o [6]
  .text              ro code  0x00003ffe     0x2  iar_startup_lpc82x.o [1]
  .text              ro code  0x00004000    0x58  floor.o [6]
  .text              ro code  0x00004058   0x35c  sx1276-board.o [1]
  .text              ro code  0x000043b4    0x48  round.o [6]
  .text              ro code  0x000043fc    0x32  DblCmpGe.o [6]
  .text              ro code  0x0000442e     0x2  iar_startup_lpc82x.o [1]
  .text              ro code  0x00004430    0x12  iocon_8xx.o [4]
  .text              ro code  0x00004442     0x2  iar_startup_lpc82x.o [1]
  .text              ro code  0x00004444    0x48  swm_8xx.o [4]
  .text              ro code  0x0000448c    0x2c  spi_8xx.o [4]
  .text              ro code  0x000044b8    0x8c  xdint.o [6]
  .text              ro code  0x00004544   0x2a4  main.o [1]
  .text              ro code  0x000047e8    0x10  chip_8xx.o [4]
  .text              ro code  0x000047f8   0x130  clock_8xx.o [4]
  .text              ro code  0x00004928    0xd8  packbits_init.o [7]
  .text              ro code  0x00004a00     0xc  XXexit.o [7]
  .text              ro code  0x00004a0c    0x7a  board_sysinit.o [3]
  .text              ro code  0x00004a88    0x34  syscon_8xx.o [4]
  .text              ro code  0x00004abc    0x4c  sysinit_8xx.o [4]
  .rodata            const    0x00004b08    0x5c  sx1276-board.o [1]
  .text              ro code  0x00004b64    0x28  data_init.o [7]
  .iar.init_table    const    0x00004b8c    0x2c  - Linker created -
  .text              ro code  0x00004bb8    0x1a  cmain.o [7]
  .text              ro code  0x00004bd2     0x8  exit.o [5]
  .text              ro code  0x00004bdc     0xa  cexit.o [7]
  .text              ro code  0x00004be8    0x10  iar_startup_lpc82x.o [1]
  .text              ro code  0x00004bf8     0xc  cstartup_M.o [7]
  .rodata            const    0x00004c04     0x8  board.o [3]
  .text              ro code  0x00004c0c     0x8  sysinit.o [1]
  .text              ro code  0x00004c14     0x4  iar_startup_lpc82x.o [1]
  .rodata            const    0x00004c18     0x0  zero_init3.o [7]
  .rodata            const    0x00004c18     0x0  packbits_init.o [7]
  .text              ro code  0x00004c18  0x16b0  sx1276.o [1]
                            - 0x000062c8  0x5fc8

"P2":                                     0x1320
  P2 s0                       0x10000000   0x438  <Init block>
    .data            inited   0x10000000   0x138  LoRaMacCrypto.o [1]
    .data            inited   0x10000138   0x114  LoRaMacCrypto.o [1]
    .data            inited   0x1000024c    0xf8  LoRaMac.o [1]
    .data            inited   0x10000344    0x90  main.o [1]
    .data            inited   0x100003d4    0x38  LoRaMac.o [1]
    .data            inited   0x1000040c    0x28  RegionCN470.o [1]
    .data            inited   0x10000434     0x4  utilities.o [1]
  .bss               zero     0x10000438   0x480  RegionCN470.o [1]
  .bss               zero     0x100008b8   0x1ac  sx1276.o [1]
  .bss               zero     0x10000a64   0x100  LoRaMac.o [1]
  .bss               zero     0x10000b64   0x100  LoRaMac.o [1]
  .bss               zero     0x10000c64    0xf4  main.o [1]
  .bss               zero     0x10000d58    0x80  LoRaMac.o [1]
  .bss               zero     0x10000dd8    0x80  LoRaMac.o [1]
  .bss               zero     0x10000e58    0x70  LoRaMac.o [1]
  .bss               zero     0x10000ec8    0x18  LoRaMac.o [1]
  .bss               zero     0x10000ee0    0x15  LoRaMac.o [1]
  .bss               zero     0x10000ef5     0x1  sx1276-board.o [1]
  .bss               zero     0x10000ef6     0x1  utilities.o [1]
  .bss               zero     0x10000ef8    0x14  LoRaMac.o [1]
  .bss               zero     0x10000f0c     0xc  timer.o [1]
  .bss               zero     0x10000f18     0x4  sx1276.o [1]
  .bss               zero     0x10000f1c     0x4  chip_8xx.o [4]
  CSTACK                      0x10000f20   0x400  <Block>
    CSTACK           uninit   0x10000f20   0x400  <Block tail>
                            - 0x10001320  0x1320


*******************************************************************************
*** INIT TABLE
***

          Address     Size
          -------     ----
Zero (__iar_zero_init3)
    1 destination range, total size 0xae8:
          0x10000438  0xae8

Copy/packbits (__iar_packbits_init3)
    1 source range, total size 0x4b (6% of destination):
          0x00000252   0x4b
    1 destination range, total size 0x438:
          0x10000000  0x438



*******************************************************************************
*** MODULE SUMMARY
***

    Module                ro code  ro data  rw data
    ------                -------  -------  -------
E:\µêÆÌ×°ÐÞ\Íø¹Ø\nxp_lpcxpresso_824max\lpcxpresso824\prj_xpresso82x\iar\freertos_blinky\ClassA\Obj: [1]
    LoRaMac.o               6 928       21    1 249
    LoRaMacCrypto.o           616       40      588
    Region.o                  408
    RegionCN470.o           1 928        3    1 192
    RegionCommon.o          1 028
    aes.o                   1 972
    cmac.o                    556
    iar_startup_lpc82x.o      224
    main.o                    676       10      388
    sx1276-board.o            860       92        1
    sx1276.o                5 808               432
    sysinit.o                   8
    timer.o                   400                12
    utilities.o               168        1        5
    -----------------------------------------------
    Total:                 21 580      167    3 867

command line: [2]
    -----------------------------------------------
    Total:

board_nxp_lpcxpresso_824.a: [3]
    board.o                              8
    board_sysinit.o           122
    -----------------------------------------------
    Total:                    122        8

chip_8xx_lib.a: [4]
    chip_8xx.o                 16                 4
    clock_8xx.o               304
    iocon_8xx.o                18
    spi_8xx.o                  44
    swm_8xx.o                  72
    syscon_8xx.o               52
    sysinit_8xx.o              76
    -----------------------------------------------
    Total:                    582                 4

dl6M_tln.a: [5]
    abort.o                    10
    exit.o                      8
    -----------------------------------------------
    Total:                     18

m6M_tl.a: [6]
    DblAddSub.o               436
    DblCmpGe.o                 50
    DblDiv.o                  194
    DblMul.o                  388
    DblToI32.o                 82
    FltAddSub.o               278
    FltToDbl.o                 50
    I32ToDbl.o                 52
    I32ToFlt.o                 30
    ceil.o                     88
    floor.o                    88
    round.o                    72
    xdint.o                   140
    -----------------------------------------------
    Total:                  1 948

rt6M_tl.a: [7]
    ABImemcpy.o                52
    ABImemset.o                84
    I32DivModFast.o           224
    XXexit.o                   12
    cexit.o                    10
    cmain.o                    26
    cstartup_M.o               12
    data_init.o                40
    packbits_init.o           216
    zero_init3.o               42
    -----------------------------------------------
    Total:                    718

    Gaps                        6                 1
    Linker created                      44    1 024
---------------------------------------------------
    Grand Total:           24 974      219    4 896


*******************************************************************************
*** ENTRY LIST
***

Entry                      Address   Size  Type      Object
-----                      -------   ----  ----      ------
?main                   0x00004bb9         Code  Gb  cmain.o [7]
AES_CMAC_Final          0x00002c99  0x138  Code  Gb  cmac.o [1]
AES_CMAC_Init           0x00002ba5   0x22  Code  Gb  cmac.o [1]
AES_CMAC_SetKey         0x00002bc7   0x10  Code  Gb  cmac.o [1]
AES_CMAC_Update         0x00002bd7   0xc2  Code  Gb  cmac.o [1]
AckTimeoutRetries       0x10000266    0x1  Data  Lc  LoRaMac.o [1]
AckTimeoutRetriesCounter
                        0x10000267    0x1  Data  Lc  LoRaMac.o [1]
AckTimeoutRetry         0x10000268    0x1  Data  Lc  LoRaMac.o [1]
AckTimeoutTimer         0x10000330   0x14  Data  Lc  LoRaMac.o [1]
AddMacCommand           0x00000db5   0x98  Code  Lc  LoRaMac.o [1]
AdrAckCounter           0x10000298    0x4  Data  Lc  LoRaMac.o [1]
AdrCtrlOn               0x1000025d    0x1  Data  Lc  LoRaMac.o [1]
AesCmacCtx              0x10000020  0x118  Data  Lc  LoRaMacCrypto.o [1]
AesContext              0x10000158   0xf4  Data  Lc  LoRaMacCrypto.o [1]
AggregatedDCycle        0x10000274    0x2  Data  Lc  LoRaMac.o [1]
AggregatedLastTxDoneTime
                        0x1000029c    0x4  Data  Lc  LoRaMac.o [1]
AggregatedTimeOff       0x100002a0    0x4  Data  Lc  LoRaMac.o [1]
AppData                 0x10000c64   0xf4  Data  Lc  main.o [1]
AppDataSize             0x10000358    0x1  Data  Lc  main.o [1]
AppSKey                 0x10000374   0x10  Data  Lc  main.o [1]
Bands                   0x10000424   0x10  Data  Lc  RegionCN470.o [1]
BandwidthsCN470         0x0000271c   0x18  Data  Lc  RegionCN470.o [1]
BoardDisableIrq         0x00000135    0xc  Code  Gb  utilities.o [1]
BoardEnableIrq          0x00000141   0x10  Code  Gb  utilities.o [1]
Board_SetupClocking     0x00004a1f   0x48  Code  Gb  board_sysinit.o [3]
Board_SystemInit        0x00004a79    0xe  Code  Gb  board_sysinit.o [3]
CSTACK$$Base            0x10000f20          --   Gb  - Linker created -
CSTACK$$Limit           0x10001320          --   Gb  - Linker created -
Channel                 0x10000264    0x1  Data  Lc  LoRaMac.o [1]
Channels                0x10000438  0x480  Data  Lc  RegionCN470.o [1]
ChannelsDefaultMask     0x10000418    0xc  Data  Lc  RegionCN470.o [1]
ChannelsMask            0x1000040c    0xc  Data  Lc  RegionCN470.o [1]
ChannelsNbRepCounter    0x10000263    0x1  Data  Lc  LoRaMac.o [1]
Chip_Clock_EnablePeriphClock
                        0x00004095   0x12  Code  Lc  sx1276-board.o [1]
Chip_Clock_EnablePeriphClock
                        0x00004a0d   0x12  Code  Lc  board_sysinit.o [3]
Chip_Clock_GetMainClockRate
                        0x00004881   0x30  Code  Gb  clock_8xx.o [4]
Chip_Clock_GetSystemClockRate
                        0x000048b1   0x12  Code  Gb  clock_8xx.o [4]
Chip_Clock_GetSystemPLLInClockRate
                        0x00004847   0x26  Code  Gb  clock_8xx.o [4]
Chip_Clock_GetSystemPLLOutClockRate
                        0x0000486d   0x14  Code  Gb  clock_8xx.o [4]
Chip_Clock_GetWDTOSCRate
                        0x00004825   0x22  Code  Gb  clock_8xx.o [4]
Chip_Clock_SetMainClockSource
                        0x00004815    0x2  Code  Gb  clock_8xx.o [4]
Chip_Clock_SetPLLBypass
                        0x000047fd   0x18  Code  Gb  clock_8xx.o [4]
Chip_Clock_SetSystemPLLSource
                        0x000047f9    0x4  Code  Gb  clock_8xx.o [4]
Chip_GPIO_SetPinDIR     0x000040c9   0x1c  Code  Lc  sx1276-board.o [1]
Chip_GPIO_SetPinDIRInput
                        0x000040b9   0x10  Code  Lc  sx1276-board.o [1]
Chip_IOCON_PinSetMode   0x00004431   0x12  Code  Gb  iocon_8xx.o [4]
Chip_PININT_ClearIntStatus
                        0x00004c19    0x4  Code  Lc  sx1276.o [1]
Chip_PININT_EnableIntLow
                        0x000040b5    0x4  Code  Lc  sx1276-board.o [1]
Chip_PININT_SetPinModeEdge
                        0x000040a7    0xe  Code  Lc  sx1276-board.o [1]
Chip_SPI_ClearStatus    0x00004c25    0x4  Code  Lc  sx1276.o [1]
Chip_SPI_DelayConfig    0x0000448d   0x2c  Code  Gb  spi_8xx.o [4]
Chip_SPI_GetStatus      0x00004c1d    0x8  Code  Lc  sx1276.o [1]
Chip_SPI_ReceiveFrame   0x00004c4b    0x6  Code  Lc  sx1276.o [1]
Chip_SPI_SendLastFrame  0x00004c39   0x12  Code  Lc  sx1276.o [1]
Chip_SPI_SendMidFrame   0x00004c35    0x4  Code  Lc  sx1276.o [1]
Chip_SPI_SetCFGRegBits  0x000040e5    0x6  Code  Lc  sx1276-board.o [1]
Chip_SPI_SetControlInfo
                        0x00004c29    0xc  Code  Lc  sx1276.o [1]
Chip_SWM_FixedPinEnable
                        0x00004463   0x20  Code  Gb  swm_8xx.o [4]
Chip_SWM_MovablePinAssign
                        0x00004445   0x1e  Code  Gb  swm_8xx.o [4]
Chip_SYSCTL_EnablePINTWakeup
                        0x00004085   0x10  Code  Lc  sx1276-board.o [1]
Chip_SYSCTL_PeriphReset
                        0x00004067   0x16  Code  Lc  sx1276-board.o [1]
Chip_SYSCTL_PowerDown   0x00004a89   0x14  Code  Gb  syscon_8xx.o [4]
Chip_SYSCTL_PowerUp     0x00004a9d   0x14  Code  Gb  syscon_8xx.o [4]
Chip_SYSCTL_SetPinInterrupt
                        0x0000407d    0x8  Code  Lc  sx1276-board.o [1]
Chip_SetupXtalClocking  0x00004abd   0x42  Code  Gb  sysinit_8xx.o [4]
ComplianceTest          0x10000344   0x14  Data  Gb  main.o [1]
CountNbOfEnabledChannels
                        0x00002429   0x8a  Code  Lc  RegionCN470.o [1]
DataratesCN470          0x0000289c    0x8  Data  Lc  RegionCN470.o [1]
DevAddr                 0x1000035c    0x4  Data  Lc  main.o [1]
DeviceState             0x1000035a    0x1  Data  Lc  main.o [1]
DownLinkCounter         0x10000294    0x4  Data  Lc  LoRaMac.o [1]
DutyCycleOn             0x100003eb    0x1  Data  Lc  LoRaMac.o [1]
ExtRateIn               0x00004c08    0x4  Data  Gb  board.o [3]
FskBandwidths           0x00004e80   0xb0  Data  Gb  sx1276.o [1]
GetFskBandwidthRegValue
                        0x00004e5d   0x24  Code  Lc  sx1276.o [1]
HasLoopedThroughMain    0x10000f0c    0x1  Data  Gb  timer.o [1]
InStream_Read           0x00004929   0x22  Code  Lc  packbits_init.o [7]
IrqNestLevel            0x10000ef6    0x1  Data  Lc  utilities.o [1]
IsLoRaMacNetworkJoined  0x1000025c    0x1  Data  Lc  LoRaMac.o [1]
IsRxWindowsEnabled      0x100003e9    0x1  Data  Lc  LoRaMac.o [1]
IsUpLinkCounterFixed    0x10000ef4    0x1  Data  Lc  LoRaMac.o [1]
JoinRequestTrials       0x10000269    0x1  Data  Lc  LoRaMac.o [1]
LastTxChannel           0x10000265    0x1  Data  Lc  LoRaMac.o [1]
LastTxIsJoinRequest     0x100003ec    0x1  Data  Lc  LoRaMac.o [1]
Led1Timer               0x10000398   0x14  Data  Lc  main.o [1]
Led2Timer               0x100003ac   0x14  Data  Lc  main.o [1]
Led4Timer               0x100003c0   0x14  Data  Lc  main.o [1]
LimitTxPower            0x0000241d    0xc  Code  Lc  RegionCN470.o [1]
LoRaMacAppEui           0x1000027c    0x4  Data  Lc  LoRaMac.o [1]
LoRaMacAppKey           0x10000280    0x4  Data  Lc  LoRaMac.o [1]
LoRaMacAppSKey          0x100002d0   0x10  Data  Lc  LoRaMac.o [1]
LoRaMacBuffer           0x10000a64  0x100  Data  Lc  LoRaMac.o [1]
LoRaMacBufferPktLen     0x10000272    0x2  Data  Lc  LoRaMac.o [1]
LoRaMacCallbacks        0x100002b0    0x4  Data  Lc  LoRaMac.o [1]
LoRaMacComputeMic       0x00002139   0x7e  Code  Gb  LoRaMacCrypto.o [1]
LoRaMacDevAddr          0x10000288    0x4  Data  Lc  LoRaMac.o [1]
LoRaMacDevEui           0x10000278    0x4  Data  Lc  LoRaMac.o [1]
LoRaMacDevNonce         0x10000270    0x2  Data  Lc  LoRaMac.o [1]
LoRaMacDeviceClass      0x10000259    0x1  Data  Lc  LoRaMac.o [1]
LoRaMacFlags            0x1000026c    0x4  Data  Gb  LoRaMac.o [1]
LoRaMacInitialization   0x00001699  0x1f6  Code  Gb  LoRaMac.o [1]
LoRaMacInitializationTime
                        0x100002a4    0x4  Data  Lc  LoRaMac.o [1]
LoRaMacJoinComputeMic   0x0000227f   0x4e  Code  Gb  LoRaMacCrypto.o [1]
LoRaMacJoinComputeSKeys
                        0x00002311   0x86  Code  Gb  LoRaMacCrypto.o [1]
LoRaMacJoinDecrypt      0x000022cd   0x44  Code  Gb  LoRaMacCrypto.o [1]
LoRaMacMaxEirpTable     0x00001128   0x10  Data  Lc  LoRaMac.o [1]
LoRaMacMcpsRequest      0x00001cdd  0x124  Code  Gb  LoRaMac.o [1]
LoRaMacMibGetRequestConfirm
                        0x00001969   0xd2  Code  Gb  LoRaMac.o [1]
LoRaMacMibSetRequestConfirm
                        0x00001a6d  0x25c  Code  Gb  LoRaMac.o [1]
LoRaMacNetID            0x10000284    0x4  Data  Lc  LoRaMac.o [1]
LoRaMacNwkSKey          0x100002c0   0x10  Data  Lc  LoRaMac.o [1]
LoRaMacParams           0x10000e58   0x38  Data  Gb  LoRaMac.o [1]
LoRaMacParamsDefaults   0x10000e90   0x38  Data  Gb  LoRaMac.o [1]
LoRaMacPayloadDecrypt   0x00002269   0x16  Code  Gb  LoRaMacCrypto.o [1]
LoRaMacPayloadEncrypt   0x000021b7   0xb2  Code  Gb  LoRaMacCrypto.o [1]
LoRaMacPrimitives       0x100002ac    0x4  Data  Lc  LoRaMac.o [1]
LoRaMacQueryTxPossible  0x0000189d   0xc0  Code  Gb  LoRaMac.o [1]
LoRaMacRegion           0x10000258    0x1  Data  Lc  LoRaMac.o [1]
LoRaMacRxPayload        0x10000b64  0x100  Data  Lc  LoRaMac.o [1]
LoRaMacState            0x100002a8    0x4  Data  Gb  LoRaMac.o [1]
LoRaMacTxPayloadLen     0x100003e8    0x1  Data  Lc  LoRaMac.o [1]
MacCommandsBuffer       0x10000d58   0x80  Data  Lc  LoRaMac.o [1]
MacCommandsBufferIndex  0x10000261    0x1  Data  Lc  LoRaMac.o [1]
MacCommandsBufferToRepeat
                        0x10000dd8   0x80  Data  Lc  LoRaMac.o [1]
MacCommandsBufferToRepeatIndex
                        0x10000262    0x1  Data  Lc  LoRaMac.o [1]
MacCommandsInNextTx     0x10000260    0x1  Data  Lc  LoRaMac.o [1]
MacStateCheckTimer      0x100002e0   0x14  Data  Lc  LoRaMac.o [1]
MaxDCycle               0x100003ea    0x1  Data  Lc  LoRaMac.o [1]
MaxJoinRequestTrials    0x1000026a    0x1  Data  Lc  LoRaMac.o [1]
MaxPayloadOfDatarateCN470
                        0x000027ec    0x8  Data  Lc  RegionCN470.o [1]
MaxPayloadOfDatarateRepeaterCN470
                        0x000027e4    0x8  Data  Lc  RegionCN470.o [1]
McpsConfirm             0x10000ee0   0x14  Data  Lc  LoRaMac.o [1]
McpsIndication          0x10000ec8   0x18  Data  Lc  LoRaMac.o [1]
Mic                     0x10000010   0x10  Data  Lc  LoRaMacCrypto.o [1]
MicBlockB0              0x10000000   0x10  Data  Lc  LoRaMacCrypto.o [1]
MlmeConfirm             0x1000024c    0xc  Data  Lc  LoRaMac.o [1]
MulticastChannels       0x1000028c    0x4  Data  Lc  LoRaMac.o [1]
NVIC_EnableIRQ          0x00004059    0xe  Code  Lc  sx1276-board.o [1]
NextTx                  0x10000359    0x1  Data  Lc  main.o [1]
NodeAckRequested        0x1000025e    0x1  Data  Lc  LoRaMac.o [1]
NwkSKey                 0x10000364   0x10  Data  Lc  main.o [1]
OnAckTimeoutTimerEvent  0x00000d31   0x32  Code  Lc  LoRaMac.o [1]
OnLed1TimerEvent        0x000045d5    0xa  Code  Lc  main.o [1]
OnLed2TimerEvent        0x000045df    0xa  Code  Lc  main.o [1]
OnLed4TimerEvent        0x000045e9    0xa  Code  Lc  main.o [1]
OnMacStateCheckTimerEvent
                        0x00000a05  0x226  Code  Lc  LoRaMac.o [1]
OnRadioRxDone           0x0000042d  0x4fa  Code  Lc  LoRaMac.o [1]
OnRadioRxError          0x00000953   0x50  Code  Lc  LoRaMac.o [1]
OnRadioRxTimeout        0x000009a3   0x56  Code  Lc  LoRaMac.o [1]
OnRadioTxDone           0x00000301   0xe8  Code  Lc  LoRaMac.o [1]
OnRadioTxTimeout        0x00000927   0x2c  Code  Lc  LoRaMac.o [1]
OnRxWindow1TimerEvent   0x00000c87   0x4c  Code  Lc  LoRaMac.o [1]
OnRxWindow2TimerEvent   0x00000cd9   0x50  Code  Lc  LoRaMac.o [1]
OnTxDelayedTimerEvent   0x00000c2b   0x5c  Code  Lc  LoRaMac.o [1]
OnTxNextPacketTimerEvent
                        0x000045a5   0x30  Code  Lc  main.o [1]
OscRateIn               0x00004c04    0x4  Data  Gb  board.o [3]
PININT0_IRQHandler      0x00005e5d  0x236  Code  Gb  sx1276.o [1]
PININT1_IRQHandler      0x00006093   0xd0  Code  Gb  sx1276.o [1]
PININT2_IRQHandler      0x0000616d   0xd0  Code  Gb  sx1276.o [1]
PININT3_IRQHandler      0x0000623d   0x4e  Code  Gb  sx1276.o [1]
PININT4_IRQHandler      0x0000628b   0x22  Code  Gb  sx1276.o [1]
PININT5_IRQHandler      0x000062ad    0xc  Code  Gb  sx1276.o [1]
PrepareFrame            0x0000131d  0x2e0  Code  Gb  LoRaMac.o [1]
PrepareRxDoneAbort      0x000003e9   0x34  Code  Lc  LoRaMac.o [1]
PrepareTxFrame          0x00004545   0x60  Code  Lc  main.o [1]
ProcessMacCommands      0x00000e69  0x2ba  Code  Lc  LoRaMac.o [1]
PublicNetwork           0x1000025a    0x1  Data  Lc  LoRaMac.o [1]
Radio                   0x00004b08   0x5c  Data  Gb  sx1276-board.o [1]
RadioEvents             0x100003f0   0x1c  Data  Lc  LoRaMac.o [1]
RadioEvents             0x10000924    0x4  Data  Lc  sx1276.o [1]
RadioIsActive           0x10000ef5    0x1  Data  Lc  sx1276-board.o [1]
RadioRegsInit           0x00005e2c   0x30  Data  Gb  sx1276.o [1]
Region$$Table$$Base     0x00004b8c          --   Gb  - Linker created -
Region$$Table$$Limit    0x00004bb8          --   Gb  - Linker created -
RegionAdrNext           0x0000201b   0x1a  Code  Gb  Region.o [1]
RegionAlternateDr       0x000020e1   0x12  Code  Gb  Region.o [1]
RegionApplyCFList       0x00001ff9   0x10  Code  Gb  Region.o [1]
RegionApplyDrOffset     0x0000211d   0x18  Code  Gb  Region.o [1]
RegionCN470AdrNext      0x00002639   0x74  Code  Gb  RegionCN470.o [1]
RegionCN470AlternateDr  0x00002a4d   0x40  Code  Gb  RegionCN470.o [1]
RegionCN470ApplyDrOffset
                        0x00002b99    0xc  Code  Gb  RegionCN470.o [1]
RegionCN470CalcBackOff  0x00002a8d   0x30  Code  Gb  RegionCN470.o [1]
RegionCN470ChanMaskSet  0x0000260f   0x2a  Code  Gb  RegionCN470.o [1]
RegionCN470ComputeRxWindowParameters
                        0x000026b1   0x60  Code  Gb  RegionCN470.o [1]
RegionCN470GetPhyParam  0x000024b5   0xa6  Code  Gb  RegionCN470.o [1]
RegionCN470InitDefaults
                        0x00002581   0x4a  Code  Gb  RegionCN470.o [1]
RegionCN470LinkAdrReq   0x000028a5  0x140  Code  Gb  RegionCN470.o [1]
RegionCN470NextChannel  0x00002ac9   0xb0  Code  Gb  RegionCN470.o [1]
RegionCN470RxConfig     0x00002735   0x8c  Code  Gb  RegionCN470.o [1]
RegionCN470RxParamSetupReq
                        0x000029e9   0x5a  Code  Gb  RegionCN470.o [1]
RegionCN470SetBandTxDone
                        0x00002561   0x20  Code  Gb  RegionCN470.o [1]
RegionCN470TxConfig     0x000027f5   0xa0  Code  Gb  RegionCN470.o [1]
RegionCN470Verify       0x000025cb   0x44  Code  Gb  RegionCN470.o [1]
RegionCalcBackOff       0x000020f3   0x10  Code  Gb  Region.o [1]
RegionChanMaskSet       0x00002009   0x12  Code  Gb  Region.o [1]
RegionCommonCalcBackOff
                        0x00003987   0x56  Code  Gb  RegionCommon.o [1]
RegionCommonChanMaskCopy
                        0x000036ab   0x1e  Code  Gb  RegionCommon.o [1]
RegionCommonChanVerifyDr
                        0x000035f3   0x70  Code  Gb  RegionCommon.o [1]
RegionCommonComputeRxWindowParameters
                        0x000038a5   0xaa  Code  Gb  RegionCommon.o [1]
RegionCommonComputeSymbolTimeLoRa
                        0x00003869   0x2e  Code  Gb  RegionCommon.o [1]
RegionCommonComputeTxPower
                        0x0000395d   0x2a  Code  Gb  RegionCommon.o [1]
RegionCommonCountChannels
                        0x00003673   0x38  Code  Gb  RegionCommon.o [1]
RegionCommonGetJoinDc   0x000035d9   0x1a  Code  Gb  RegionCommon.o [1]
RegionCommonLinkAdrReqVerifyParams
                        0x000037c3   0xa6  Code  Gb  RegionCommon.o [1]
RegionCommonParseLinkAdrReq
                        0x0000377f   0x44  Code  Gb  RegionCommon.o [1]
RegionCommonSetBandTxDone
                        0x000036c9    0xa  Code  Gb  RegionCommon.o [1]
RegionCommonUpdateBandTimeOff
                        0x000036d3   0xac  Code  Gb  RegionCommon.o [1]
RegionCommonValueInRange
                        0x00003663   0x10  Code  Gb  RegionCommon.o [1]
RegionComputeRxWindowParameters
                        0x00002035   0x16  Code  Gb  Region.o [1]
RegionDlChannelReq      0x000020cf   0x12  Code  Gb  Region.o [1]
RegionGetPhyParam       0x00001fad   0x16  Code  Gb  Region.o [1]
RegionInitDefaults      0x00001fd3   0x10  Code  Gb  Region.o [1]
RegionIsActive          0x00001fa1    0xc  Code  Gb  Region.o [1]
RegionLinkAdrReq        0x00002079   0x20  Code  Gb  Region.o [1]
RegionNewChannelReq     0x000020ab   0x12  Code  Gb  Region.o [1]
RegionNextChannel       0x00002103   0x1a  Code  Gb  Region.o [1]
RegionRxConfig          0x0000204b   0x16  Code  Gb  Region.o [1]
RegionRxParamSetupReq   0x00002099   0x12  Code  Gb  Region.o [1]
RegionSetBandTxDone     0x00001fc3   0x10  Code  Gb  Region.o [1]
RegionTxConfig          0x00002061   0x18  Code  Gb  Region.o [1]
RegionTxParamSetupReq   0x000020bd   0x12  Code  Gb  Region.o [1]
RegionVerify            0x00001fe3   0x16  Code  Gb  Region.o [1]
RepeaterSupport         0x1000025b    0x1  Data  Lc  LoRaMac.o [1]
ResetMacParameters      0x00001299   0x70  Code  Lc  LoRaMac.o [1]
RxChainCalibration      0x00004db7   0x8e  Code  Lc  sx1276.o [1]
RxSlot                  0x1000026b    0x1  Data  Lc  LoRaMac.o [1]
RxTimeoutSyncWord       0x10000a50   0x14  Data  Gb  sx1276.o [1]
RxTimeoutTimer          0x10000a3c   0x14  Data  Gb  sx1276.o [1]
RxTxBuffer              0x10000928  0x100  Data  Lc  sx1276.o [1]
RxWindow1Config         0x100003d4   0x14  Data  Lc  LoRaMac.o [1]
RxWindow1Delay          0x100002b4    0x4  Data  Lc  LoRaMac.o [1]
RxWindow2Config         0x10000ef8   0x14  Data  Lc  LoRaMac.o [1]
RxWindow2Delay          0x100002b8    0x4  Data  Lc  LoRaMac.o [1]
RxWindowSetup           0x00000d63   0x14  Code  Lc  LoRaMac.o [1]
RxWindowTimer1          0x10000308   0x14  Data  Lc  LoRaMac.o [1]
RxWindowTimer2          0x1000031c   0x14  Data  Lc  LoRaMac.o [1]
SX1276                  0x100008b8   0x6c  Data  Gb  sx1276.o [1]
SX1276CheckRfFrequency  0x000043b1    0x4  Code  Gb  sx1276-board.o [1]
SX1276GetStatus         0x00004cf5    0x6  Code  Gb  sx1276.o [1]
SX1276GetTimeOnAir      0x00005419  0x1d0  Code  Gb  sx1276.o [1]
SX1276Init              0x00004c51   0xa4  Code  Gb  sx1276.o [1]
SX1276IoInit            0x000040f3  0x15a  Code  Gb  sx1276-board.o [1]
SX1276IoIrqInit         0x0000424d   0x8a  Code  Gb  sx1276-board.o [1]
SX1276IsChannelFree     0x00004d31   0x48  Code  Gb  sx1276.o [1]
SX1276OnTimeoutIrq      0x00005d51   0xc8  Code  Gb  sx1276.o [1]
SX1276Random            0x00004d79   0x3e  Code  Gb  sx1276.o [1]
SX1276Read              0x00005bc1   0x10  Code  Gb  sx1276.o [1]
SX1276ReadBuffer        0x00005c53   0x8a  Code  Gb  sx1276.o [1]
SX1276ReadFifo          0x00005ceb    0xe  Code  Gb  sx1276.o [1]
SX1276ReadRssi          0x00005aa5   0x3e  Code  Gb  sx1276.o [1]
SX1276Reset             0x00005ae3   0x1c  Code  Gb  sx1276.o [1]
SX1276Send              0x000055e9   0xfa  Code  Gb  sx1276.o [1]
SX1276SetAntSwLowPower  0x0000436d    0xc  Code  Gb  sx1276-board.o [1]
SX1276SetChannel        0x00004cfb   0x36  Code  Gb  sx1276.o [1]
SX1276SetMaxPayloadLength
                        0x00005cf9   0x2c  Code  Gb  sx1276.o [1]
SX1276SetModem          0x00005b41   0x6a  Code  Gb  sx1276.o [1]
SX1276SetOpMode         0x00005b11   0x30  Code  Gb  sx1276.o [1]
SX1276SetPublicNetwork  0x00005d25   0x20  Code  Gb  sx1276.o [1]
SX1276SetRfTxPower      0x000042d7   0x90  Code  Gb  sx1276-board.o [1]
SX1276SetRx             0x00005755  0x200  Code  Gb  sx1276.o [1]
SX1276SetRxConfig       0x00004f31  0x2b8  Code  Gb  sx1276.o [1]
SX1276SetSleep          0x000056e3   0x1c  Code  Gb  sx1276.o [1]
SX1276SetStby           0x00005731   0x1a  Code  Gb  sx1276.o [1]
SX1276SetTx             0x00005955   0xa2  Code  Gb  sx1276.o [1]
SX1276SetTxConfig       0x000051fd  0x20a  Code  Gb  sx1276.o [1]
SX1276SetTxContinuousWave
                        0x00005a29   0x7c  Code  Gb  sx1276.o [1]
SX1276StartCad          0x000059f7   0x2e  Code  Gb  sx1276.o [1]
SX1276Write             0x00005bb5    0xc  Code  Gb  sx1276.o [1]
SX1276WriteBuffer       0x00005bd1   0x82  Code  Gb  sx1276.o [1]
SX1276WriteFifo         0x00005cdd    0xe  Code  Gb  sx1276.o [1]
ScheduleTx              0x0000116d  0x128  Code  Lc  LoRaMac.o [1]
Send                    0x00001139   0x2c  Code  Gb  LoRaMac.o [1]
SendFrameOnChannel      0x00001609   0x80  Code  Gb  LoRaMac.o [1]
SrvAckRequested         0x1000025f    0x1  Data  Lc  LoRaMac.o [1]
SysTick_Handler         0x00001ec3   0x48  Code  Gb  timer.o [1]
SystemCoreClock         0x10000f1c    0x4  Data  Gb  chip_8xx.o [4]
SystemCoreClockUpdate   0x000047e9   0x10  Code  Gb  chip_8xx.o [4]
SystemInit              0x00004c0d    0x8  Code  Gb  sysinit.o [1]
TimerGetCurrentTime     0x00001f8d    0x6  Code  Gb  timer.o [1]
TimerInit               0x00001e11    0xe  Code  Gb  timer.o [1]
TimerInsertNewHeadTimer
                        0x00001ea1   0x22  Code  Lc  timer.o [1]
TimerListHead           0x10000f14    0x4  Data  Lc  timer.o [1]
TimerSetTimeout         0x00001f93    0xa  Code  Lc  timer.o [1]
TimerSetValue           0x00001f7d   0x10  Code  Gb  timer.o [1]
TimerStart              0x00001e1f   0x82  Code  Gb  timer.o [1]
TimerStop               0x00001f0b   0x72  Code  Gb  timer.o [1]
TxDelayedTimer          0x100002f4   0x14  Data  Lc  LoRaMac.o [1]
TxDutyCycleTime         0x10000360    0x4  Data  Lc  main.o [1]
TxNextPacketTimer       0x10000384   0x14  Data  Lc  main.o [1]
TxTimeOnAir             0x100002bc    0x4  Data  Gb  LoRaMac.o [1]
TxTimeoutTimer          0x10000a28   0x14  Data  Gb  sx1276.o [1]
UpLinkCounter           0x10000290    0x4  Data  Lc  LoRaMac.o [1]
ValidatePayloadLength   0x00000d77   0x3e  Code  Lc  LoRaMac.o [1]
__Vectors               0x00000000          --   Gb  iar_startup_lpc82x.o [1]
__Vectors_End           0x000000c0         Data  Gb  iar_startup_lpc82x.o [1]
__Vectors_Size {Abs}    0x000000c0          --   Gb  iar_startup_lpc82x.o [1]
__aeabi_cdrcmple        0x000043fd         Code  Gb  DblCmpGe.o [6]
__aeabi_d2iz            0x00003e65         Code  Gb  DblToI32.o [6]
__aeabi_d2uiz           0x00003e89         Code  Gb  DblToI32.o [6]
__aeabi_dadd            0x00003c57         Code  Gb  DblAddSub.o [6]
__aeabi_ddiv            0x00003a11         Code  Gb  DblDiv.o [6]
__aeabi_dmul            0x00003ad3         Code  Gb  DblMul.o [6]
__aeabi_dsub            0x00003d1d         Code  Gb  DblAddSub.o [6]
__aeabi_f2d             0x00003fcd         Code  Gb  FltToDbl.o [6]
__aeabi_fsub            0x00003f1d         Code  Gb  FltAddSub.o [6]
__aeabi_i2d             0x000039dd         Code  Gb  I32ToDbl.o [6]
__aeabi_idiv            0x00000195         Code  Gb  I32DivModFast.o [7]
__aeabi_idivmod         0x00000195         Code  Gb  I32DivModFast.o [7]
__aeabi_memclr4         0x000035d5         Code  Gb  ABImemset.o [7]
__aeabi_memclr8         0x000035d5         Code  Gb  ABImemset.o [7]
__aeabi_memcpy4         0x000023e9         Code  Wk  ABImemcpy.o [7]
__aeabi_memset          0x00003585         Code  Gb  ABImemset.o [7]
__aeabi_ui2d            0x000039f1         Code  Gb  I32ToDbl.o [6]
__aeabi_ui2f            0x000023a1         Code  Gb  I32ToFlt.o [6]
__aeabi_uidiv           0x0000019b         Code  Gb  I32DivModFast.o [7]
__aeabi_uidivmod        0x0000019b         Code  Gb  I32DivModFast.o [7]
__cmain                 0x00004bb9         Code  Gb  cmain.o [7]
__exit                  0x00004a01         Code  Gb  XXexit.o [7]
__iar_Dint              0x000044b9   0x8c  Code  Gb  xdint.o [6]
__iar_Memset4_word      0x000035a5         Code  Gb  ABImemset.o [7]
__iar_Memset_word       0x00003591         Code  Gb  ABImemset.o [7]
__iar_ceil              0x00003e0d         Code  Gb  ceil.o [6]
__iar_ceill             0x00003e0d         Code  Gb  ceil.o [6]
__iar_d2uiz             0x00003e8d         Code  Gb  DblToI32.o [6]
__iar_data_init3        0x00004b65   0x28  Code  Gb  data_init.o [7]
__iar_floor             0x00004001         Code  Gb  floor.o [6]
__iar_floorl            0x00004001         Code  Gb  floor.o [6]
__iar_packbits_init3    0x0000494b   0xb6  Code  Gb  packbits_init.o [7]
__iar_program_start     0x00004bf9         Code  Gb  cstartup_M.o [7]
__iar_ui2d              0x000039f5         Code  Gb  I32ToDbl.o [6]
__iar_ui2f              0x000023a5         Code  Gb  I32ToFlt.o [6]
__iar_zero_init3        0x000023bf   0x2a  Code  Gb  zero_init3.o [7]
__vector_table          0x00000000         Data  Gb  iar_startup_lpc82x.o [1]
__vector_table_0x1c     0x00000010         Data  Gb  iar_startup_lpc82x.o [1]
_call_main              0x00004bc5         Code  Gb  cmain.o [7]
_exit                   0x00004bdd         Code  Gb  cexit.o [7]
_main                   0x00004bcf         Code  Gb  cmain.o [7]
aBlock                  0x10000138   0x10  Data  Lc  LoRaMacCrypto.o [1]
abort                   0x00000249    0xa  Code  Gb  abort.o [5]
aes_encrypt             0x00003431   0x52  Code  Gb  aes.o [1]
aes_set_key             0x0000331d  0x114  Code  Gb  aes.o [1]
ceil                    0x00003e0d         Code  Gb  ceil.o [6]
ceill                   0x00003e0d         Code  Gb  ceil.o [6]
chip_version            0x10000f18    0x4  Data  Gb  sx1276.o [1]
copy_and_key            0x00002e95   0x84  Code  Lc  aes.o [1]
copy_block              0x00002dd1   0x42  Code  Lc  aes.o [1]
exit                    0x00004bd3    0x8  Code  Gb  exit.o [5]
floor                   0x00004001         Code  Gb  floor.o [6]
floorl                  0x00004001         Code  Gb  floor.o [6]
gfm2_sbox               0x0000321c  0x100  Data  Lc  aes.o [1]
gfm3_sbox               0x0000311c  0x100  Data  Lc  aes.o [1]
main                    0x000045f3  0x1ae  Code  Gb  main.o [1]
memcpy1                 0x000000f7   0x14  Code  Gb  utilities.o [1]
memcpyr                 0x0000010b   0x16  Code  Gb  utilities.o [1]
memset1                 0x00000121   0x14  Code  Gb  utilities.o [1]
mix_sub_columns         0x00002f7d  0x19a  Code  Lc  aes.o [1]
next                    0x10000434    0x4  Data  Lc  utilities.o [1]
rand1                   0x000000c1   0x1a  Code  Gb  utilities.o [1]
randr                   0x000000e1   0x16  Code  Gb  utilities.o [1]
round                   0x000043b5   0x48  Code  Gb  round.o [6]
sBlock                  0x10000148   0x10  Data  Lc  LoRaMacCrypto.o [1]
sbox                    0x00003484  0x100  Data  Lc  aes.o [1]
shift_sub_rows          0x00002f19   0x64  Code  Lc  aes.o [1]
srand1                  0x000000db    0x6  Code  Gb  utilities.o [1]
systicks                0x10000f10    0x4  Data  Gb  timer.o [1]
wdtOSCRate              0x000048e8   0x40  Data  Lc  clock_8xx.o [4]
xor_block               0x00002e13   0x82  Code  Lc  aes.o [1]


[1] = E:\µêÆÌ×°ÐÞ\Íø¹Ø\nxp_lpcxpresso_824max\lpcxpresso824\prj_xpresso82x\iar\freertos_blinky\ClassA\Obj
[2] = command line
[3] = board_nxp_lpcxpresso_824.a
[4] = chip_8xx_lib.a
[5] = dl6M_tln.a
[6] = m6M_tl.a
[7] = rt6M_tl.a

  24 974 bytes of readonly  code memory
     219 bytes of readonly  data memory
   4 896 bytes of readwrite data memory

Errors: none
Warnings: none
