###############################################################################
#
# IAR ELF Linker V7.30.3.8024/W32 for ARM                 09/Oct/2017  10:12:10
# Copyright 2007-2014 IAR Systems AB.
#
#    Output file  =  
#        E:\µêÆÌ×°ÐÞ\Íø¹Ø\nxp_lpcxpresso_824max\lpcxpresso824\prj_xpresso82x\iar\freertos_blinky\ClassA\Exe\freertos_blinky.out.tmp
#    Map file     =  
#        E:\µêÆÌ×°ÐÞ\Íø¹Ø\nxp_lpcxpresso_824max\lpcxpresso824\prj_xpresso82x\iar\freertos_blinky\ClassA\List\freertos_blinky.map
#    Command line =  
#        E:\µêÆÌ×°ÐÞ\Íø¹Ø\nxp_lpcxpresso_824max\lpcxpresso824\prj_xpresso82x\iar\freertos_blinky\ClassA\Obj\aes.o
#        E:\µêÆÌ×°ÐÞ\Íø¹Ø\nxp_lpcxpresso_824max\lpcxpresso824\prj_xpresso82x\iar\lib_board_lpcxpresso824\iar_output\Exe\board_nxp_lpcxpresso_824.a
#        E:\µêÆÌ×°ÐÞ\Íø¹Ø\nxp_lpcxpresso_824max\lpcxpresso824\prj_xpresso82x\iar\freertos_blinky\ClassA\Obj\buffer.o
#        E:\µêÆÌ×°ÐÞ\Íø¹Ø\nxp_lpcxpresso_824max\lpcxpresso824\prj_xpresso82x\iar\lib_chip_8xx\iar_output\Exe\chip_8xx_lib.a
#        E:\µêÆÌ×°ÐÞ\Íø¹Ø\nxp_lpcxpresso_824max\lpcxpresso824\prj_xpresso82x\iar\freertos_blinky\ClassA\Obj\cmac.o
#        E:\µêÆÌ×°ÐÞ\Íø¹Ø\nxp_lpcxpresso_824max\lpcxpresso824\prj_xpresso82x\iar\freertos_blinky\ClassA\Obj\croutine.o
#        E:\µêÆÌ×°ÐÞ\Íø¹Ø\nxp_lpcxpresso_824max\lpcxpresso824\prj_xpresso82x\iar\freertos_blinky\ClassA\Obj\frame.o
#        E:\µêÆÌ×°ÐÞ\Íø¹Ø\nxp_lpcxpresso_824max\lpcxpresso824\prj_xpresso82x\iar\freertos_blinky\ClassA\Obj\freertos_blinky.o
#        E:\µêÆÌ×°ÐÞ\Íø¹Ø\nxp_lpcxpresso_824max\lpcxpresso824\prj_xpresso82x\iar\freertos_blinky\ClassA\Obj\FreeRTOSCommonHooks.o
#        E:\µêÆÌ×°ÐÞ\Íø¹Ø\nxp_lpcxpresso_824max\lpcxpresso824\prj_xpresso82x\iar\freertos_blinky\ClassA\Obj\heap_2.o
#        E:\µêÆÌ×°ÐÞ\Íø¹Ø\nxp_lpcxpresso_824max\lpcxpresso824\prj_xpresso82x\iar\freertos_blinky\ClassA\Obj\hex.o
#        E:\µêÆÌ×°ÐÞ\Íø¹Ø\nxp_lpcxpresso_824max\lpcxpresso824\prj_xpresso82x\iar\freertos_blinky\ClassA\Obj\iar_startup_lpc82x.o
#        E:\µêÆÌ×°ÐÞ\Íø¹Ø\nxp_lpcxpresso_824max\lpcxpresso824\prj_xpresso82x\iar\freertos_blinky\ClassA\Obj\list.o
#        E:\µêÆÌ×°ÐÞ\Íø¹Ø\nxp_lpcxpresso_824max\lpcxpresso824\prj_xpresso82x\iar\freertos_blinky\ClassA\Obj\LoRaMac.o
#        E:\µêÆÌ×°ÐÞ\Íø¹Ø\nxp_lpcxpresso_824max\lpcxpresso824\prj_xpresso82x\iar\freertos_blinky\ClassA\Obj\LoRaMacCrypto.o
#        E:\µêÆÌ×°ÐÞ\Íø¹Ø\nxp_lpcxpresso_824max\lpcxpresso824\prj_xpresso82x\iar\freertos_blinky\ClassA\Obj\modem.o
#        E:\µêÆÌ×°ÐÞ\Íø¹Ø\nxp_lpcxpresso_824max\lpcxpresso824\prj_xpresso82x\iar\freertos_blinky\ClassA\Obj\port.o
#        E:\µêÆÌ×°ÐÞ\Íø¹Ø\nxp_lpcxpresso_824max\lpcxpresso824\prj_xpresso82x\iar\freertos_blinky\ClassA\Obj\portasm.o
#        E:\µêÆÌ×°ÐÞ\Íø¹Ø\nxp_lpcxpresso_824max\lpcxpresso824\prj_xpresso82x\iar\freertos_blinky\ClassA\Obj\queue.o
#        E:\µêÆÌ×°ÐÞ\Íø¹Ø\nxp_lpcxpresso_824max\lpcxpresso824\prj_xpresso82x\iar\freertos_blinky\ClassA\Obj\queue_IBM.o
#        E:\µêÆÌ×°ÐÞ\Íø¹Ø\nxp_lpcxpresso_824max\lpcxpresso824\prj_xpresso82x\iar\freertos_blinky\ClassA\Obj\Region.o
#        E:\µêÆÌ×°ÐÞ\Íø¹Ø\nxp_lpcxpresso_824max\lpcxpresso824\prj_xpresso82x\iar\freertos_blinky\ClassA\Obj\RegionCN470.o
#        E:\µêÆÌ×°ÐÞ\Íø¹Ø\nxp_lpcxpresso_824max\lpcxpresso824\prj_xpresso82x\iar\freertos_blinky\ClassA\Obj\RegionCommon.o
#        E:\µêÆÌ×°ÐÞ\Íø¹Ø\nxp_lpcxpresso_824max\lpcxpresso824\prj_xpresso82x\iar\freertos_blinky\ClassA\Obj\sx1276-board.o
#        E:\µêÆÌ×°ÐÞ\Íø¹Ø\nxp_lpcxpresso_824max\lpcxpresso824\prj_xpresso82x\iar\freertos_blinky\ClassA\Obj\sx1276.o
#        E:\µêÆÌ×°ÐÞ\Íø¹Ø\nxp_lpcxpresso_824max\lpcxpresso824\prj_xpresso82x\iar\freertos_blinky\ClassA\Obj\sysinit.o
#        E:\µêÆÌ×°ÐÞ\Íø¹Ø\nxp_lpcxpresso_824max\lpcxpresso824\prj_xpresso82x\iar\freertos_blinky\ClassA\Obj\tasks.o
#        E:\µêÆÌ×°ÐÞ\Íø¹Ø\nxp_lpcxpresso_824max\lpcxpresso824\prj_xpresso82x\iar\freertos_blinky\ClassA\Obj\timers.o
#        E:\µêÆÌ×°ÐÞ\Íø¹Ø\nxp_lpcxpresso_824max\lpcxpresso824\prj_xpresso82x\iar\freertos_blinky\ClassA\Obj\usart.o
#        E:\µêÆÌ×°ÐÞ\Íø¹Ø\nxp_lpcxpresso_824max\lpcxpresso824\prj_xpresso82x\iar\freertos_blinky\ClassA\Obj\utilities.o
#        -o
#        E:\µêÆÌ×°ÐÞ\Íø¹Ø\nxp_lpcxpresso_824max\lpcxpresso824\prj_xpresso82x\iar\freertos_blinky\ClassA\Exe\freertos_blinky.out.tmp
#        --map
#        E:\µêÆÌ×°ÐÞ\Íø¹Ø\nxp_lpcxpresso_824max\lpcxpresso824\prj_xpresso82x\iar\freertos_blinky\ClassA\List\freertos_blinky.map
#        --config "C:\Program Files (x86)\IAR Systems\Embedded Workbench
#        7.0_2\arm\config\linker\NXP\LPC824M201.icf" --entry
#        __iar_program_start --inline --vfe
#
###############################################################################

*******************************************************************************
*** RUNTIME MODEL ATTRIBUTES
***

CppFlavor       = *
__SystemLibrary = DLib


*******************************************************************************
*** PLACEMENT SUMMARY
***

"A1":  place at 0x00000000 { ro section .intvec };
"P1":  place in [from 0x00000000 to 0x000002fb] |
                [from 0x00000300 to 0x00007fff] { ro };
"P2":  place in [from 0x10000000 to 0x10001fff] { rw, block CSTACK, block HEAP };
"P3":  place in [from 0x000002fc to 0x000002ff] { section .crp };

  Section            Kind        Address    Size  Object
  -------            ----        -------    ----  ------
"A1":                                       0xc0
  .intvec            ro code  0x00000000    0xc0  iar_startup_lpc82x.o [1]
                            - 0x000000c0    0xc0

"P1", part 1 of 2:                         0x202
  .text              ro code  0x000000c0    0x9c  utilities.o [1]
  .text              ro code  0x0000015c    0x5c  ABImemcpy.o [7]
  .text              ro code  0x000001b8    0x8e  list.o [1]
  .text              ro code  0x00000248    0x10  chip_8xx.o [4]
  .text              ro code  0x00000258     0x2  iar_startup_lpc82x.o [1]
  .text              ro code  0x0000025c    0x48  swm_8xx.o [4]
  .text              ro code  0x000002a4    0x12  iocon_8xx.o [4]
  .text              ro code  0x000002b6     0x2  iar_startup_lpc82x.o [1]
  .rodata            const    0x000002b8     0x0  zero_init3.o [7]
  .rodata            const    0x000002b8     0x0  packbits_init.o [7]
  .text              ro code  0x000002b8     0xa  abort.o [5]
                            - 0x000002c2   0x202

"P3":                                        0x4
  .crp               ro code  0x000002fc     0x4  iar_startup_lpc82x.o [1]
                            - 0x00000300     0x4

"P1", part 2 of 2:                        0x77ef
  .text              ro code  0x00000300  0x1ac8  LoRaMac.o [1]
  .text              ro code  0x00001dc8   0x7c8  tasks.o [1]
  .text              ro code  0x00002590   0x32c  timers.o [1]
  .text              ro code  0x000028bc   0x140  Region.o [1]
  .text              ro code  0x000029fc   0x268  LoRaMacCrypto.o [1]
  .text              ro code  0x00002c64    0xe0  port.o [1]
  .text              ro code  0x00002d44    0x2a  zero_init3.o [7]
  CODE               ro code  0x00002d70    0x74  portasm.o [1]
  .text              ro code  0x00002de4   0x53c  freertos_blinky.o [1]
  .text              ro code  0x00003320    0x28  memcmp.o [7]
  .text              ro code  0x00003348    0xe8  heap_2.o [1]
  .text              ro code  0x00003430     0xc  FreeRTOSCommonHooks.o [1]
  .text              ro code  0x0000343c    0x60  ABImemset.o [7]
  .text              ro code  0x0000349c   0x4f0  queue.o [1]
  .text              ro code  0x0000398c   0x628  RegionCN470.o [1]
  .text              ro code  0x00003fb4   0x22c  cmac.o [1]
  .text              ro code  0x000041e0   0x7b4  aes.o [1]
  .text              ro code  0x00004994    0xe0  I32DivModFast.o [7]
  .text              ro code  0x00004a74   0x2c6  board.o [3]
  .text              ro code  0x00004d3c   0x2a8  RegionCommon.o [1]
  .text              ro code  0x00004fe4   0x1d0  clock_8xx.o [4]
  .text              ro code  0x000051b4    0xf8  uart_8xx.o [4]
  .text              ro code  0x000052ac    0x18  gpio_8xx.o [4]
  .text              ro code  0x000052c4    0x34  I32ToDbl.o [6]
  .text              ro code  0x000052f8    0xc2  DblDiv.o [6]
  .text              ro code  0x000053ba   0x184  DblMul.o [6]
  .text              ro code  0x0000553e   0x1b4  DblAddSub.o [6]
  .text              ro code  0x000056f4    0x58  ceil.o [6]
  .text              ro code  0x0000574c    0x52  DblToI32.o [6]
  .text              ro code  0x000057a0    0x1e  I32ToFlt.o [6]
  .text              ro code  0x000057be   0x116  FltAddSub.o [6]
  .text              ro code  0x000058d4    0x32  FltToDbl.o [6]
  .text              ro code  0x00005908    0x58  floor.o [6]
  .text              ro code  0x00005960    0x6a  I64DivMod.o [7]
  .text              ro code  0x000059cc   0x35c  sx1276-board.o [1]
  .text              ro code  0x00005d28    0x48  round.o [6]
  .text              ro code  0x00005d70    0x32  DblCmpGe.o [6]
  .text              ro code  0x00005da2    0x2c  spi_8xx.o [4]
  .text              ro code  0x00005dd0    0x8c  xdint.o [6]
  .text              ro code  0x00005e5c   0x100  frame.o [1]
  .text              ro code  0x00005f5c    0xd8  packbits_init.o [7]
  .text              ro code  0x00006034     0xc  XXexit.o [7]
  .text              ro code  0x00006040    0x7a  board_sysinit.o [3]
  .text              ro code  0x000060bc    0x34  syscon_8xx.o [4]
  .text              ro code  0x000060f0    0x4c  sysinit_8xx.o [4]
  .rodata            const    0x0000613c    0x5c  sx1276-board.o [1]
  .text              ro code  0x00006198    0x5c  usart.o [1]
  .text              ro code  0x000061f4    0x28  data_init.o [7]
  .iar.init_table    const    0x0000621c    0x2c  - Linker created -
  .text              ro code  0x00006248    0x1a  cmain.o [7]
  .text              ro code  0x00006262     0x8  exit.o [5]
  .text              ro code  0x0000626c     0xa  cexit.o [7]
  .text              ro code  0x00006278    0x10  iar_startup_lpc82x.o [1]
  .text              ro code  0x00006288     0xc  cstartup_M.o [7]
  .rodata            const    0x00006294     0x8  board.o [3]
  .text              ro code  0x0000629c     0x8  sysinit.o [1]
  .text              ro code  0x000062a4     0x4  iar_startup_lpc82x.o [1]
  .text              ro code  0x000062a8  0x17d0  sx1276.o [1]
  Initializer bytes  ro data  0x00007a78    0x77  <for P2 s0>
                            - 0x00007aef  0x77ef

"P2":                                     0x1f80
  P2 s0                       0x10000000   0xf58  <Init block>
    .data            inited   0x10000000   0xb50  heap_2.o [1]
    .data            inited   0x10000b50   0x138  LoRaMacCrypto.o [1]
    .data            inited   0x10000c88   0x114  LoRaMacCrypto.o [1]
    .data            inited   0x10000d9c    0xa4  LoRaMac.o [1]
    .data            inited   0x10000e40    0x9c  tasks.o [1]
    .data            inited   0x10000edc    0x4c  freertos_blinky.o [1]
    .data            inited   0x10000f28    0x28  RegionCN470.o [1]
    .data            inited   0x10000f50     0x4  port.o [1]
    .data            inited   0x10000f54     0x4  utilities.o [1]
  .bss               zero     0x10000f58   0x480  RegionCN470.o [1]
  .bss               zero     0x100013d8   0x17c  sx1276.o [1]
  .bss               zero     0x10001554   0x100  LoRaMac.o [1]
  .bss               zero     0x10001654   0x100  LoRaMac.o [1]
  .bss               zero     0x10001754   0x100  LoRaMac.o [1]
  .bss               zero     0x10001854    0xf4  freertos_blinky.o [1]
  .bss               zero     0x10001948    0xa0  tasks.o [1]
  .bss               zero     0x100019e8    0x70  LoRaMac.o [1]
  .bss               zero     0x10001a58    0x40  queue.o [1]
  .bss               zero     0x10001a98    0x38  LoRaMac.o [1]
  .bss               zero     0x10001ad0    0x34  timers.o [1]
  .bss               zero     0x10001b04    0x18  LoRaMac.o [1]
  .bss               zero     0x10001b1c    0x15  LoRaMac.o [1]
  .bss               zero     0x10001b31     0x1  sx1276-board.o [1]
  .bss               zero     0x10001b34    0x14  LoRaMac.o [1]
  .bss               zero     0x10001b48    0x10  frame.o [1]
  .bss               zero     0x10001b58    0x10  frame.o [1]
  .bss               zero     0x10001b68     0x4  freertos_blinky.o [1]
  .bss               zero     0x10001b6c     0x4  freertos_blinky.o [1]
  .bss               zero     0x10001b70     0x4  freertos_blinky.o [1]
  .bss               zero     0x10001b74     0x4  sx1276.o [1]
  .bss               zero     0x10001b78     0x4  timers.o [1]
  .bss               zero     0x10001b7c     0x4  chip_8xx.o [4]
  CSTACK                      0x10001b80   0x400  <Block>
    CSTACK           uninit   0x10001b80   0x400  <Block tail>
                            - 0x10001f80  0x1f80


*******************************************************************************
*** INIT TABLE
***

          Address     Size
          -------     ----
Zero (__iar_zero_init3)
    1 destination range, total size 0xc28:
          0x10000f58  0xc28

Copy/packbits (__iar_packbits_init3)
    1 source range, total size 0x77 (3% of destination):
          0x00007a78   0x77
    1 destination range, total size 0xf58:
          0x10000000  0xf58



*******************************************************************************
*** MODULE SUMMARY
***

    Module                 ro code  ro data  rw data
    ------                 -------  -------  -------
E:\µêÆÌ×°ÐÞ\Íø¹Ø\nxp_lpcxpresso_824max\lpcxpresso824\prj_xpresso82x\iar\freertos_blinky\ClassA\Obj: [1]
    FreeRTOSCommonHooks.o       12
    LoRaMac.o                6 856        5    1 165
    LoRaMacCrypto.o            616       18      588
    Region.o                   320
    RegionCN470.o            1 576        1    1 192
    RegionCommon.o             680
    aes.o                    1 972
    cmac.o                     556
    frame.o                    256                32
    freertos_blinky.o        1 340        2      332
    heap_2.o                   232       87    2 896
    iar_startup_lpc82x.o       220
    list.o                     142
    port.o                     224                 4
    portasm.o                  116
    queue.o                  1 264                64
    sx1276-board.o             860       92        1
    sx1276.o                 6 096               384
    sysinit.o                    8
    tasks.o                  1 992        5      316
    timers.o                   812                56
    usart.o                     92
    utilities.o                156        1        4
    ------------------------------------------------
    Total:                  26 398      211    7 034

command line: [2]
    ------------------------------------------------
    Total:

board_nxp_lpcxpresso_824.a: [3]
    board.o                    710        8
    board_sysinit.o            122
    ------------------------------------------------
    Total:                     832        8

chip_8xx_lib.a: [4]
    chip_8xx.o                  16                 4
    clock_8xx.o                464
    gpio_8xx.o                  24
    iocon_8xx.o                 18
    spi_8xx.o                   44
    swm_8xx.o                   72
    syscon_8xx.o                52
    sysinit_8xx.o               76
    uart_8xx.o                 248
    ------------------------------------------------
    Total:                   1 014                 4

dl6M_tln.a: [5]
    abort.o                     10
    exit.o                       8
    ------------------------------------------------
    Total:                      18

m6M_tl.a: [6]
    DblAddSub.o                436
    DblCmpGe.o                  50
    DblDiv.o                   194
    DblMul.o                   388
    DblToI32.o                  82
    FltAddSub.o                278
    FltToDbl.o                  50
    I32ToDbl.o                  52
    I32ToFlt.o                  30
    ceil.o                      88
    floor.o                     88
    round.o                     72
    xdint.o                    140
    ------------------------------------------------
    Total:                   1 948

rt6M_tl.a: [7]
    ABImemcpy.o                 92
    ABImemset.o                 96
    I32DivModFast.o            224
    I64DivMod.o                106
    XXexit.o                    12
    cexit.o                     10
    cmain.o                     26
    cstartup_M.o                12
    data_init.o                 40
    memcmp.o                    40
    packbits_init.o            216
    zero_init3.o                42
    ------------------------------------------------
    Total:                     916

    Gaps                        24                 2
    Linker created                       44    1 024
----------------------------------------------------
    Grand Total:            31 150      263    8 064


*******************************************************************************
*** ENTRY LIST
***

Entry                      Address   Size  Type      Object
-----                      -------   ----  ----      ------
?main                   0x00006249         Code  Gb  cmain.o [7]
AES_CMAC_Final          0x000040a9  0x138  Code  Gb  cmac.o [1]
AES_CMAC_Init           0x00003fb5   0x22  Code  Gb  cmac.o [1]
AES_CMAC_SetKey         0x00003fd7   0x10  Code  Gb  cmac.o [1]
AES_CMAC_Update         0x00003fe7   0xc2  Code  Gb  cmac.o [1]
AckTimeoutRetries       0x10000db6    0x1  Data  Lc  LoRaMac.o [1]
AckTimeoutRetriesCounter
                        0x10000db7    0x1  Data  Lc  LoRaMac.o [1]
AckTimeoutRetry         0x10000db8    0x1  Data  Lc  LoRaMac.o [1]
AckTimeoutTimer         0x10000e18    0x4  Data  Lc  LoRaMac.o [1]
AdrAckCounter           0x10000de8    0x4  Data  Lc  LoRaMac.o [1]
AdrCtrlOn               0x10000dae    0x1  Data  Lc  LoRaMac.o [1]
AesCmacCtx              0x10000b70  0x118  Data  Lc  LoRaMacCrypto.o [1]
AesContext              0x10000ca8   0xf4  Data  Lc  LoRaMacCrypto.o [1]
AggregatedDCycle        0x10000dc4    0x2  Data  Lc  LoRaMac.o [1]
AggregatedLastTxDoneTime
                        0x10000dec    0x4  Data  Lc  LoRaMac.o [1]
AggregatedTimeOff       0x10000df0    0x4  Data  Lc  LoRaMac.o [1]
AppData                 0x10001854   0xf4  Data  Lc  freertos_blinky.o [1]
AppDataSize             0x10000ef1    0x1  Data  Lc  freertos_blinky.o [1]
AppEui                  0x10000f10    0x8  Data  Gb  freertos_blinky.o [1]
AppKey                  0x10000f18   0x10  Data  Gb  freertos_blinky.o [1]
AppLedStateOn           0x10000ef3    0x1  Data  Lc  freertos_blinky.o [1]
AppPort                 0x10000ef0    0x1  Data  Lc  freertos_blinky.o [1]
Bands                   0x10000f40   0x10  Data  Lc  RegionCN470.o [1]
BandwidthsCN470         0x00003c8c   0x18  Data  Lc  RegionCN470.o [1]
Board_Debug_Init        0x00004ae3   0x68  Code  Gb  board.o [3]
Board_GPIO_Init         0x00004b51  0x186  Code  Gb  board.o [3]
Board_Init              0x00004ce5   0x36  Code  Gb  board.o [3]
Board_SetupClocking     0x00006053   0x48  Code  Gb  board_sysinit.o [3]
Board_SystemInit        0x000060ad    0xe  Code  Gb  board_sysinit.o [3]
Board_UARTPutChar       0x00004ac1    0xe  Code  Gb  board.o [3]
Board_UARTPutSTR        0x00004acf   0x14  Code  Gb  board.o [3]
CSTACK$$Base            0x10001b80          --   Gb  - Linker created -
CSTACK$$Limit           0x10001f80          --   Gb  - Linker created -
Channel                 0x10000db4    0x1  Data  Lc  LoRaMac.o [1]
Channels                0x10000f58  0x480  Data  Lc  RegionCN470.o [1]
ChannelsDefaultMask     0x10000f34    0xc  Data  Lc  RegionCN470.o [1]
ChannelsMask            0x10000f28    0xc  Data  Lc  RegionCN470.o [1]
ChannelsNbRepCounter    0x10000db3    0x1  Data  Lc  LoRaMac.o [1]
Chip_Clock_DisablePeriphClock
                        0x00004a87    0xc  Code  Lc  board.o [3]
Chip_Clock_EnablePeriphClock
                        0x00005a09   0x12  Code  Lc  sx1276-board.o [1]
Chip_Clock_EnablePeriphClock
                        0x00004a75   0x12  Code  Lc  board.o [3]
Chip_Clock_EnablePeriphClock
                        0x00006041   0x12  Code  Lc  board_sysinit.o [3]
Chip_Clock_GetMainClockRate
                        0x0000506d   0x30  Code  Gb  clock_8xx.o [4]
Chip_Clock_GetSystemClockRate
                        0x0000509d   0x12  Code  Gb  clock_8xx.o [4]
Chip_Clock_GetSystemPLLInClockRate
                        0x00005033   0x26  Code  Gb  clock_8xx.o [4]
Chip_Clock_GetSystemPLLOutClockRate
                        0x00005059   0x14  Code  Gb  clock_8xx.o [4]
Chip_Clock_GetUSARTNBaseClockRate
                        0x000050af   0x36  Code  Gb  clock_8xx.o [4]
Chip_Clock_GetWDTOSCRate
                        0x00005011   0x22  Code  Gb  clock_8xx.o [4]
Chip_Clock_SetMainClockSource
                        0x00005001    0x2  Code  Gb  clock_8xx.o [4]
Chip_Clock_SetPLLBypass
                        0x00004fe9   0x18  Code  Gb  clock_8xx.o [4]
Chip_Clock_SetSystemPLLSource
                        0x00004fe5    0x4  Code  Gb  clock_8xx.o [4]
Chip_Clock_SetUSARTNBaseClockRate
                        0x000050e5   0x5a  Code  Gb  clock_8xx.o [4]
Chip_GPIO_Init          0x000052ad   0x10  Code  Gb  gpio_8xx.o [4]
Chip_GPIO_SetPinDIR     0x00005a3d   0x1c  Code  Lc  sx1276-board.o [1]
Chip_GPIO_SetPinDIRInput
                        0x00005a2d   0x10  Code  Lc  sx1276-board.o [1]
Chip_GPIO_SetPinState   0x00004ab9    0x8  Code  Lc  board.o [3]
Chip_IOCON_PinSetMode   0x000002a5   0x12  Code  Gb  iocon_8xx.o [4]
Chip_PININT_ClearIntStatus
                        0x000062a9    0x4  Code  Lc  sx1276.o [1]
Chip_PININT_EnableIntLow
                        0x00005a29    0x4  Code  Lc  sx1276-board.o [1]
Chip_PININT_SetPinModeEdge
                        0x00005a1b    0xe  Code  Lc  sx1276-board.o [1]
Chip_SPI_ClearStatus    0x000062b5    0x4  Code  Lc  sx1276.o [1]
Chip_SPI_DelayConfig    0x00005da3   0x2c  Code  Gb  spi_8xx.o [4]
Chip_SPI_GetStatus      0x000062ad    0x8  Code  Lc  sx1276.o [1]
Chip_SPI_ReceiveFrame   0x000062db    0x6  Code  Lc  sx1276.o [1]
Chip_SPI_SendLastFrame  0x000062c9   0x12  Code  Lc  sx1276.o [1]
Chip_SPI_SendMidFrame   0x000062c5    0x4  Code  Lc  sx1276.o [1]
Chip_SPI_SetCFGRegBits  0x00005a59    0x6  Code  Lc  sx1276-board.o [1]
Chip_SPI_SetControlInfo
                        0x000062b9    0xc  Code  Lc  sx1276.o [1]
Chip_SWM_DisableFixedPin
                        0x00004aa7   0x12  Code  Lc  board.o [3]
Chip_SWM_EnableFixedPin
                        0x00004a93    0xc  Code  Lc  board.o [3]
Chip_SWM_FixedPinEnable
                        0x0000027b   0x20  Code  Gb  swm_8xx.o [4]
Chip_SWM_MovablePinAssign
                        0x0000025d   0x1e  Code  Gb  swm_8xx.o [4]
Chip_SYSCTL_EnablePINTWakeup
                        0x000059f9   0x10  Code  Lc  sx1276-board.o [1]
Chip_SYSCTL_PeriphReset
                        0x000059db   0x16  Code  Lc  sx1276-board.o [1]
Chip_SYSCTL_PeriphReset
                        0x000051b5   0x1c  Code  Lc  uart_8xx.o [4]
Chip_SYSCTL_PowerDown   0x000060bd   0x14  Code  Gb  syscon_8xx.o [4]
Chip_SYSCTL_PowerUp     0x000060d1   0x14  Code  Gb  syscon_8xx.o [4]
Chip_SYSCTL_SetPinInterrupt
                        0x000059f1    0x8  Code  Lc  sx1276-board.o [1]
Chip_SetupXtalClocking  0x000060f1   0x42  Code  Gb  sysinit_8xx.o [4]
Chip_UART_GetStatus     0x00006199    0x8  Code  Lc  usart.o [1]
Chip_UART_GetStatus     0x000051d5    0x8  Code  Lc  uart_8xx.o [4]
Chip_UART_Init          0x000051f5   0x34  Code  Gb  uart_8xx.o [4]
Chip_UART_Send          0x00005249   0x2a  Code  Gb  uart_8xx.o [4]
Chip_UART_SendBlocking  0x00005273   0x24  Code  Gb  uart_8xx.o [4]
Chip_UART_SendByte      0x000051d1    0x4  Code  Lc  uart_8xx.o [4]
Chip_UART_SetBaud       0x00005297   0x16  Code  Gb  uart_8xx.o [4]
ComplianceTest          0x10000edc   0x14  Data  Gb  freertos_blinky.o [1]
CountNbOfEnabledChannels
                        0x00003999   0x8a  Code  Lc  RegionCN470.o [1]
DataratesCN470          0x00003e0c    0x8  Data  Lc  RegionCN470.o [1]
DevEui                  0x10000f08    0x8  Data  Gb  freertos_blinky.o [1]
DeviceState             0x10000ef5    0x1  Data  Lc  freertos_blinky.o [1]
DownLinkCounter         0x10000de4    0x4  Data  Lc  LoRaMac.o [1]
DutyCycleOn             0x10001aaf    0x1  Data  Lc  LoRaMac.o [1]
ExtRateIn               0x00006298    0x4  Data  Gb  board.o [3]
FskBandwidths           0x0000654c   0xb0  Data  Gb  sx1276.o [1]
GetFskBandwidthRegValue
                        0x00006529   0x24  Code  Lc  sx1276.o [1]
InStream_Read           0x00005f5d   0x22  Code  Lc  packbits_init.o [7]
IsLoRaMacNetworkJoined  0x10000dad    0x1  Data  Lc  LoRaMac.o [1]
IsRxWindowsEnabled      0x10000dac    0x1  Data  Lc  LoRaMac.o [1]
IsTxConfirmed           0x10000ef2    0x1  Data  Lc  freertos_blinky.o [1]
IsUpLinkCounterFixed    0x10001b30    0x1  Data  Lc  LoRaMac.o [1]
JoinRequestTrials       0x10000db9    0x1  Data  Lc  LoRaMac.o [1]
LastTxChannel           0x10000db5    0x1  Data  Lc  LoRaMac.o [1]
LastTxIsJoinRequest     0x10001ab0    0x1  Data  Lc  LoRaMac.o [1]
Led1Timer               0x10000f00    0x4  Data  Lc  freertos_blinky.o [1]
Led2Timer               0x10000f04    0x4  Data  Lc  freertos_blinky.o [1]
LimitTxPower            0x0000398d    0xc  Code  Lc  RegionCN470.o [1]
LoRaMacAppEui           0x10000dcc    0x4  Data  Lc  LoRaMac.o [1]
LoRaMacAppKey           0x10000dd0    0x4  Data  Lc  LoRaMac.o [1]
LoRaMacAppSKey          0x10000e30   0x10  Data  Lc  LoRaMac.o [1]
LoRaMacBuffer           0x10001554  0x100  Data  Lc  LoRaMac.o [1]
LoRaMacBufferPktLen     0x10000dc2    0x2  Data  Lc  LoRaMac.o [1]
LoRaMacComputeMic       0x000029fd   0x7e  Code  Gb  LoRaMacCrypto.o [1]
LoRaMacDevAddr          0x10000dd8    0x4  Data  Lc  LoRaMac.o [1]
LoRaMacDevEui           0x10000dc8    0x4  Data  Lc  LoRaMac.o [1]
LoRaMacDevNonce         0x10000dc0    0x2  Data  Lc  LoRaMac.o [1]
LoRaMacDeviceClass      0x10000da9    0x1  Data  Lc  LoRaMac.o [1]
LoRaMacFlags            0x10000dbc    0x4  Data  Gb  LoRaMac.o [1]
LoRaMacInitialization   0x00001489  0x254  Code  Gb  LoRaMac.o [1]
LoRaMacInitializationTime
                        0x10000df4    0x4  Data  Lc  LoRaMac.o [1]
LoRaMacJoinComputeMic   0x00002b43   0x4e  Code  Gb  LoRaMacCrypto.o [1]
LoRaMacJoinComputeSKeys
                        0x00002bd5   0x86  Code  Gb  LoRaMacCrypto.o [1]
LoRaMacJoinDecrypt      0x00002b91   0x44  Code  Gb  LoRaMacCrypto.o [1]
LoRaMacMcpsRequest      0x00001c93  0x124  Code  Gb  LoRaMac.o [1]
LoRaMacMibGetRequestConfirm
                        0x00001805   0xd2  Code  Gb  LoRaMac.o [1]
LoRaMacMibSetRequestConfirm
                        0x00001909  0x25c  Code  Gb  LoRaMac.o [1]
LoRaMacMlmeRequest      0x00001b79  0x11a  Code  Gb  LoRaMac.o [1]
LoRaMacNetID            0x10000dd4    0x4  Data  Lc  LoRaMac.o [1]
LoRaMacNwkSKey          0x10000e20   0x10  Data  Lc  LoRaMac.o [1]
LoRaMacParams           0x100019e8   0x38  Data  Gb  LoRaMac.o [1]
LoRaMacParamsDefaults   0x10001a20   0x38  Data  Gb  LoRaMac.o [1]
LoRaMacPayloadDecrypt   0x00002b2d   0x16  Code  Gb  LoRaMacCrypto.o [1]
LoRaMacPayloadEncrypt   0x00002a7b   0xb2  Code  Gb  LoRaMacCrypto.o [1]
LoRaMacPrimitives       0x10000e00    0x4  Data  Lc  LoRaMac.o [1]
LoRaMacQueryTxPossible  0x0000173d   0xc0  Code  Gb  LoRaMac.o [1]
LoRaMacRegion           0x10000da8    0x1  Data  Lc  LoRaMac.o [1]
LoRaMacRxPayload        0x10001654  0x100  Data  Lc  LoRaMac.o [1]
LoRaMacState            0x10000df8    0x4  Data  Gb  LoRaMac.o [1]
LoRaMacTxPayloadLen     0x10001aac    0x1  Data  Lc  LoRaMac.o [1]
MacCommandsBuffer       0x10001754   0x80  Data  Lc  LoRaMac.o [1]
MacCommandsBufferIndex  0x10000db1    0x1  Data  Lc  LoRaMac.o [1]
MacCommandsBufferToRepeat
                        0x100017d4   0x80  Data  Lc  LoRaMac.o [1]
MacCommandsBufferToRepeatIndex
                        0x10000db2    0x1  Data  Lc  LoRaMac.o [1]
MacCommandsInNextTx     0x10001aad    0x1  Data  Lc  LoRaMac.o [1]
MacStateCheckTimer      0x10000dfc    0x4  Data  Lc  LoRaMac.o [1]
MaxDCycle               0x10001aae    0x1  Data  Lc  LoRaMac.o [1]
MaxJoinRequestTrials    0x10000dba    0x1  Data  Lc  LoRaMac.o [1]
MaxPayloadOfDatarateCN470
                        0x00003d5c    0x8  Data  Lc  RegionCN470.o [1]
MaxPayloadOfDatarateRepeaterCN470
                        0x00003d54    0x8  Data  Lc  RegionCN470.o [1]
McpsConfirm             0x00002ead   0x26  Code  Lc  freertos_blinky.o [1]
McpsConfirm             0x10001b1c   0x14  Data  Lc  LoRaMac.o [1]
McpsIndication          0x00002ed5  0x18a  Code  Lc  freertos_blinky.o [1]
McpsIndication          0x10001b04   0x18  Data  Lc  LoRaMac.o [1]
Mic                     0x10000b60   0x10  Data  Lc  LoRaMacCrypto.o [1]
MicBlockB0              0x10000b50   0x10  Data  Lc  LoRaMacCrypto.o [1]
MlmeConfirm             0x0000305f   0x3a  Code  Lc  freertos_blinky.o [1]
MlmeConfirm             0x10000d9c    0xc  Data  Lc  LoRaMac.o [1]
MulticastChannels       0x10000ddc    0x4  Data  Lc  LoRaMac.o [1]
NVIC_EnableIRQ          0x000059cd    0xe  Code  Lc  sx1276-board.o [1]
NextTx                  0x10000ef4    0x1  Data  Lc  freertos_blinky.o [1]
NodeAckRequested        0x10000daf    0x1  Data  Lc  LoRaMac.o [1]
OnAckTimeoutTimerEvent  0x00000d89   0x3c  Code  Lc  LoRaMac.o [1]
OnLed1TimerEvent        0x00002e81   0x16  Code  Lc  freertos_blinky.o [1]
OnLed2TimerEvent        0x00002e97   0x16  Code  Lc  freertos_blinky.o [1]
OnMacStateCheckTimerEvent
                        0x00000a31  0x234  Code  Lc  LoRaMac.o [1]
OnRadioRxDone           0x00000471  0x4da  Code  Lc  LoRaMac.o [1]
OnRadioRxError          0x00000979   0x52  Code  Lc  LoRaMac.o [1]
OnRadioRxTimeout        0x000009cb   0x58  Code  Lc  LoRaMac.o [1]
OnRadioTxDone           0x00000301  0x114  Code  Lc  LoRaMac.o [1]
OnRadioTxTimeout        0x0000094b   0x2e  Code  Lc  LoRaMac.o [1]
OnRxWindow1TimerEvent   0x00000cc9   0x56  Code  Lc  LoRaMac.o [1]
OnRxWindow2TimerEvent   0x00000d29   0x60  Code  Lc  LoRaMac.o [1]
OnTxDelayedTimerEvent   0x00000c65   0x64  Code  Lc  LoRaMac.o [1]
OnTxNextPacketTimerEvent
                        0x00002e4b   0x36  Code  Lc  freertos_blinky.o [1]
OscRateIn               0x00006294    0x4  Data  Gb  board.o [3]
PININT0_IRQHandler      0x000075b5  0x288  Code  Gb  sx1276.o [1]
PININT1_IRQHandler      0x00007845   0xda  Code  Gb  sx1276.o [1]
PININT2_IRQHandler      0x0000791f   0xcc  Code  Gb  sx1276.o [1]
PININT3_IRQHandler      0x000079eb   0x4e  Code  Gb  sx1276.o [1]
PININT4_IRQHandler      0x00007a39   0x22  Code  Gb  sx1276.o [1]
PININT5_IRQHandler      0x00007a5b    0xc  Code  Gb  sx1276.o [1]
PendSV_Handler          0x00002d77         Code  Gb  portasm.o [1]
PrepareFrame            0x0000102d  0x2f6  Code  Gb  LoRaMac.o [1]
PrepareRxDoneAbort      0x00000415   0x4c  Code  Lc  LoRaMac.o [1]
PrepareTxFrame          0x00002de5   0x66  Code  Lc  freertos_blinky.o [1]
PublicNetwork           0x10000daa    0x1  Data  Lc  LoRaMac.o [1]
Radio                   0x0000613c   0x5c  Data  Gb  sx1276-board.o [1]
RadioEvents             0x10001ab4   0x1c  Data  Lc  LoRaMac.o [1]
RadioEvents             0x10001444    0x4  Data  Lc  sx1276.o [1]
RadioIsActive           0x10001b31    0x1  Data  Lc  sx1276-board.o [1]
RadioRegsInit           0x00007584   0x30  Data  Gb  sx1276.o [1]
Region$$Table$$Base     0x0000621c          --   Gb  - Linker created -
Region$$Table$$Limit    0x00006248          --   Gb  - Linker created -
RegionAdrNext           0x00002937   0x1a  Code  Gb  Region.o [1]
RegionAlternateDr       0x00002995   0x12  Code  Gb  Region.o [1]
RegionApplyCFList       0x00002915   0x10  Code  Gb  Region.o [1]
RegionApplyDrOffset     0x000029e1   0x18  Code  Gb  Region.o [1]
RegionCN470AdrNext      0x00003ba9   0x74  Code  Gb  RegionCN470.o [1]
RegionCN470AlternateDr  0x00003e21   0x40  Code  Gb  RegionCN470.o [1]
RegionCN470ApplyDrOffset
                        0x00003fa9    0xc  Code  Gb  RegionCN470.o [1]
RegionCN470CalcBackOff  0x00003e61   0x30  Code  Gb  RegionCN470.o [1]
RegionCN470ChanMaskSet  0x00003b7f   0x2a  Code  Gb  RegionCN470.o [1]
RegionCN470ComputeRxWindowParameters
                        0x00003c21   0x60  Code  Gb  RegionCN470.o [1]
RegionCN470GetPhyParam  0x00003a25   0xa6  Code  Gb  RegionCN470.o [1]
RegionCN470InitDefaults
                        0x00003af1   0x4a  Code  Gb  RegionCN470.o [1]
RegionCN470NextChannel  0x00003e9d   0xb0  Code  Gb  RegionCN470.o [1]
RegionCN470RxConfig     0x00003ca5   0x8c  Code  Gb  RegionCN470.o [1]
RegionCN470SetBandTxDone
                        0x00003ad1   0x20  Code  Gb  RegionCN470.o [1]
RegionCN470SetContinuousWave
                        0x00003f55   0x44  Code  Gb  RegionCN470.o [1]
RegionCN470TxConfig     0x00003d65   0xa0  Code  Gb  RegionCN470.o [1]
RegionCN470Verify       0x00003b3b   0x44  Code  Gb  RegionCN470.o [1]
RegionCalcBackOff       0x000029a7   0x10  Code  Gb  Region.o [1]
RegionChanMaskSet       0x00002925   0x12  Code  Gb  Region.o [1]
RegionCommonCalcBackOff
                        0x00004f8f   0x56  Code  Gb  RegionCommon.o [1]
RegionCommonChanMaskCopy
                        0x00004d9f   0x1e  Code  Gb  RegionCommon.o [1]
RegionCommonComputeRxWindowParameters
                        0x00004ead   0xaa  Code  Gb  RegionCommon.o [1]
RegionCommonComputeSymbolTimeLoRa
                        0x00004e73   0x2e  Code  Gb  RegionCommon.o [1]
RegionCommonComputeTxPower
                        0x00004f65   0x2a  Code  Gb  RegionCommon.o [1]
RegionCommonCountChannels
                        0x00004d67   0x38  Code  Gb  RegionCommon.o [1]
RegionCommonGetJoinDc   0x00004d3d   0x1a  Code  Gb  RegionCommon.o [1]
RegionCommonSetBandTxDone
                        0x00004dbd    0xa  Code  Gb  RegionCommon.o [1]
RegionCommonUpdateBandTimeOff
                        0x00004dc7   0xac  Code  Gb  RegionCommon.o [1]
RegionCommonValueInRange
                        0x00004d57   0x10  Code  Gb  RegionCommon.o [1]
RegionComputeRxWindowParameters
                        0x00002951   0x16  Code  Gb  Region.o [1]
RegionGetPhyParam       0x000028c9   0x16  Code  Gb  Region.o [1]
RegionInitDefaults      0x000028ef   0x10  Code  Gb  Region.o [1]
RegionIsActive          0x000028bd    0xc  Code  Gb  Region.o [1]
RegionNextChannel       0x000029b7   0x1a  Code  Gb  Region.o [1]
RegionRxConfig          0x00002967   0x16  Code  Gb  Region.o [1]
RegionSetBandTxDone     0x000028df   0x10  Code  Gb  Region.o [1]
RegionSetContinuousWave
                        0x000029d1   0x10  Code  Gb  Region.o [1]
RegionTxConfig          0x0000297d   0x18  Code  Gb  Region.o [1]
RegionVerify            0x000028ff   0x16  Code  Gb  Region.o [1]
RepeaterSupport         0x10000dab    0x1  Data  Lc  LoRaMac.o [1]
ResetMacParameters      0x00000f99   0x72  Code  Lc  LoRaMac.o [1]
RxChainCalibration      0x00006483   0x8e  Code  Lc  sx1276.o [1]
RxSlot                  0x10000dbb    0x1  Data  Lc  LoRaMac.o [1]
RxTimeoutSyncWord       0x10001450    0x4  Data  Gb  sx1276.o [1]
RxTimeoutTimer          0x1000144c    0x4  Data  Gb  sx1276.o [1]
RxTxBuffer              0x10001454  0x100  Data  Lc  sx1276.o [1]
RxWindow1Config         0x10001a98   0x14  Data  Lc  LoRaMac.o [1]
RxWindow1Delay          0x10000e10    0x4  Data  Lc  LoRaMac.o [1]
RxWindow2Config         0x10001b34   0x14  Data  Lc  LoRaMac.o [1]
RxWindow2Delay          0x10000e14    0x4  Data  Lc  LoRaMac.o [1]
RxWindowSetup           0x00000dc5   0x14  Code  Lc  LoRaMac.o [1]
RxWindowTimer1          0x10000e08    0x4  Data  Lc  LoRaMac.o [1]
RxWindowTimer2          0x10000e0c    0x4  Data  Lc  LoRaMac.o [1]
SVC_Handler             0x00002db5         Code  Gb  portasm.o [1]
SX1276                  0x100013d8   0x6c  Data  Gb  sx1276.o [1]
SX1276CheckRfFrequency  0x00005d25    0x4  Code  Gb  sx1276-board.o [1]
SX1276GetStatus         0x000063c1    0x6  Code  Gb  sx1276.o [1]
SX1276GetTimeOnAir      0x00006ae5  0x1d0  Code  Gb  sx1276.o [1]
SX1276Init              0x000062e1   0xac  Code  Gb  sx1276.o [1]
SX1276IoInit            0x00005a67  0x15a  Code  Gb  sx1276-board.o [1]
SX1276IoIrqInit         0x00005bc1   0x8a  Code  Gb  sx1276-board.o [1]
SX1276IsChannelFree     0x000063fd   0x48  Code  Gb  sx1276.o [1]
SX1276OnTimeoutIrq      0x000074a5   0xd0  Code  Gb  sx1276.o [1]
SX1276Random            0x00006445   0x3e  Code  Gb  sx1276.o [1]
SX1276Read              0x0000730b   0x10  Code  Gb  sx1276.o [1]
SX1276ReadBuffer        0x0000739d   0x8a  Code  Gb  sx1276.o [1]
SX1276ReadFifo          0x0000743b    0xe  Code  Gb  sx1276.o [1]
SX1276ReadRssi          0x000071f3   0x3e  Code  Gb  sx1276.o [1]
SX1276Reset             0x00007231   0x1c  Code  Gb  sx1276.o [1]
SX1276Send              0x00006cb5   0xfa  Code  Gb  sx1276.o [1]
SX1276SetAntSwLowPower  0x00005ce1    0xc  Code  Gb  sx1276-board.o [1]
SX1276SetChannel        0x000063c7   0x36  Code  Gb  sx1276.o [1]
SX1276SetMaxPayloadLength
                        0x00007449   0x2c  Code  Gb  sx1276.o [1]
SX1276SetModem          0x00007295   0x6a  Code  Gb  sx1276.o [1]
SX1276SetOpMode         0x00007265   0x30  Code  Gb  sx1276.o [1]
SX1276SetPublicNetwork  0x00007475   0x20  Code  Gb  sx1276.o [1]
SX1276SetRfTxPower      0x00005c4b   0x90  Code  Gb  sx1276-board.o [1]
SX1276SetRx             0x00006e3d  0x222  Code  Gb  sx1276.o [1]
SX1276SetRxConfig       0x000065fd  0x2b8  Code  Gb  sx1276.o [1]
SX1276SetSleep          0x00006daf   0x2a  Code  Gb  sx1276.o [1]
SX1276SetStby           0x00006e09   0x28  Code  Gb  sx1276.o [1]
SX1276SetTx             0x0000705f   0xc6  Code  Gb  sx1276.o [1]
SX1276SetTxConfig       0x000068c9  0x20a  Code  Gb  sx1276.o [1]
SX1276SetTxContinuousWave
                        0x00007157   0x9c  Code  Gb  sx1276.o [1]
SX1276StartCad          0x00007129   0x2e  Code  Gb  sx1276.o [1]
SX1276Write             0x000072ff    0xc  Code  Gb  sx1276.o [1]
SX1276WriteBuffer       0x0000731b   0x82  Code  Gb  sx1276.o [1]
SX1276WriteFifo         0x0000742d    0xe  Code  Gb  sx1276.o [1]
ScheduleTx              0x00000e47  0x140  Code  Lc  LoRaMac.o [1]
Send                    0x00000e1b   0x2c  Code  Gb  LoRaMac.o [1]
SendFrameOnChannel      0x00001335   0x96  Code  Gb  LoRaMac.o [1]
SetTxContinuousWave     0x000013d1   0x5a  Code  Gb  LoRaMac.o [1]
SetTxContinuousWave1    0x0000142b   0x48  Code  Gb  LoRaMac.o [1]
SrvAckRequested         0x10000db0    0x1  Data  Lc  LoRaMac.o [1]
SysTick_Handler         0x00002d0d   0x20  Code  Gb  port.o [1]
SystemCoreClock         0x10001b7c    0x4  Data  Gb  chip_8xx.o [4]
SystemCoreClockUpdate   0x00000249   0x10  Code  Gb  chip_8xx.o [4]
SystemInit              0x0000629d    0x8  Code  Gb  sysinit.o [1]
TimerGetElapsedTime     0x00000145   0x18  Code  Gb  utilities.o [1]
TxDelayedTimer          0x10000e04    0x4  Data  Lc  LoRaMac.o [1]
TxDutyCycleTime         0x10000ef8    0x4  Data  Lc  freertos_blinky.o [1]
TxNextPacketTimer       0x10000efc    0x4  Data  Lc  freertos_blinky.o [1]
TxTimeOnAir             0x10000e1c    0x4  Data  Gb  LoRaMac.o [1]
TxTimeoutTimer          0x10001448    0x4  Data  Gb  sx1276.o [1]
UART0_IRQHandler        0x000061a1   0x4c  Code  Gb  usart.o [1]
UpLinkCounter           0x10000de0    0x4  Data  Lc  LoRaMac.o [1]
ValidatePayloadLength   0x00000ddd   0x3e  Code  Lc  LoRaMac.o [1]
__Vectors               0x00000000          --   Gb  iar_startup_lpc82x.o [1]
__Vectors_End           0x000000c0         Data  Gb  iar_startup_lpc82x.o [1]
__Vectors_Size {Abs}    0x000000c0          --   Gb  iar_startup_lpc82x.o [1]
__aeabi_cdrcmple        0x00005d71         Code  Gb  DblCmpGe.o [6]
__aeabi_d2iz            0x0000574d         Code  Gb  DblToI32.o [6]
__aeabi_d2uiz           0x00005771         Code  Gb  DblToI32.o [6]
__aeabi_dadd            0x0000553f         Code  Gb  DblAddSub.o [6]
__aeabi_ddiv            0x000052f9         Code  Gb  DblDiv.o [6]
__aeabi_dmul            0x000053bb         Code  Gb  DblMul.o [6]
__aeabi_dsub            0x00005605         Code  Gb  DblAddSub.o [6]
__aeabi_f2d             0x000058d5         Code  Gb  FltToDbl.o [6]
__aeabi_fsub            0x00005825         Code  Gb  FltAddSub.o [6]
__aeabi_i2d             0x000052c5         Code  Gb  I32ToDbl.o [6]
__aeabi_idiv            0x000049c1         Code  Gb  I32DivModFast.o [7]
__aeabi_idivmod         0x000049c1         Code  Gb  I32DivModFast.o [7]
__aeabi_memclr4         0x00003499         Code  Gb  ABImemset.o [7]
__aeabi_memclr8         0x00003499         Code  Gb  ABImemset.o [7]
__aeabi_memcpy          0x0000015d         Code  Gb  ABImemcpy.o [7]
__aeabi_memcpy4         0x00000185         Code  Wk  ABImemcpy.o [7]
__aeabi_memset          0x0000343d         Code  Gb  ABImemset.o [7]
__aeabi_memset4         0x0000345d         Code  Gb  ABImemset.o [7]
__aeabi_memset8         0x0000345d         Code  Gb  ABImemset.o [7]
__aeabi_ui2d            0x000052d9         Code  Gb  I32ToDbl.o [6]
__aeabi_ui2f            0x000057a1         Code  Gb  I32ToFlt.o [6]
__aeabi_uidiv           0x000049c7         Code  Gb  I32DivModFast.o [7]
__aeabi_uidivmod        0x000049c7         Code  Gb  I32DivModFast.o [7]
__aeabi_uldivmod        0x00005961         Code  Gb  I64DivMod.o [7]
__cmain                 0x00006249         Code  Gb  cmain.o [7]
__exit                  0x00006035         Code  Gb  XXexit.o [7]
__iar_Dint              0x00005dd1   0x8c  Code  Gb  xdint.o [6]
__iar_Memset4_word      0x00003469         Code  Gb  ABImemset.o [7]
__iar_Memset_word       0x00003449         Code  Gb  ABImemset.o [7]
__iar_ceil              0x000056f5         Code  Gb  ceil.o [6]
__iar_ceill             0x000056f5         Code  Gb  ceil.o [6]
__iar_d2uiz             0x00005775         Code  Gb  DblToI32.o [6]
__iar_data_init3        0x000061f5   0x28  Code  Gb  data_init.o [7]
__iar_floor             0x00005909         Code  Gb  floor.o [6]
__iar_floorl            0x00005909         Code  Gb  floor.o [6]
__iar_packbits_init3    0x00005f7f   0xb6  Code  Gb  packbits_init.o [7]
__iar_program_start     0x00006289         Code  Gb  cstartup_M.o [7]
__iar_ui2d              0x000052dd         Code  Gb  I32ToDbl.o [6]
__iar_ui2f              0x000057a5         Code  Gb  I32ToFlt.o [6]
__iar_zero_init3        0x00002d45   0x2a  Code  Gb  zero_init3.o [7]
__vector_table          0x00000000         Data  Gb  iar_startup_lpc82x.o [1]
__vector_table_0x1c     0x00000010         Data  Gb  iar_startup_lpc82x.o [1]
_call_main              0x00006255         Code  Gb  cmain.o [7]
_exit                   0x0000626d         Code  Gb  cexit.o [7]
_main                   0x0000625f         Code  Gb  cmain.o [7]
aBlock                  0x10000c88   0x10  Data  Lc  LoRaMacCrypto.o [1]
abort                   0x000002b9    0xa  Code  Gb  abort.o [5]
aes_encrypt             0x00004841   0x52  Code  Gb  aes.o [1]
aes_set_key             0x0000472d  0x114  Code  Gb  aes.o [1]
ceil                    0x000056f5         Code  Gb  ceil.o [6]
ceill                   0x000056f5         Code  Gb  ceil.o [6]
chip_version            0x10001b74    0x4  Data  Gb  sx1276.o [1]
copy_and_key            0x000042a5   0x84  Code  Lc  aes.o [1]
copy_block              0x000041e1   0x42  Code  Lc  aes.o [1]
exit                    0x00006263    0x8  Code  Gb  exit.o [5]
floor                   0x00005909         Code  Gb  floor.o [6]
floorl                  0x00005909         Code  Gb  floor.o [6]
frame_rx                0x00005e8f   0xb8  Code  Gb  frame.o [1]
frame_tx                0x00005e5d   0x32  Code  Gb  frame.o [1]
getUARTClockID          0x000051dd   0x18  Code  Lc  uart_8xx.o [4]
gfm2_sbox               0x0000462c  0x100  Data  Lc  aes.o [1]
gfm3_sbox               0x0000452c  0x100  Data  Lc  aes.o [1]
ledBits                 0x00004d38    0x2  Data  Lc  board.o [3]
main                    0x00003259   0x32  Code  Gb  freertos_blinky.o [1]
memcmp                  0x00003321   0x28  Code  Gb  memcmp.o [7]
memcpy1                 0x00000107   0x14  Code  Gb  utilities.o [1]
memcpyr                 0x0000011b   0x16  Code  Gb  utilities.o [1]
memset1                 0x00000131   0x14  Code  Gb  utilities.o [1]
mix_sub_columns         0x0000438d  0x19a  Code  Lc  aes.o [1]
next                    0x10000f54    0x4  Data  Lc  utilities.o [1]
prvAddCurrentTaskToDelayedList
                        0x00002441   0x2e  Code  Lc  tasks.o [1]
prvAllocateTCBAndStack  0x0000246f   0x3c  Code  Lc  tasks.o [1]
prvCheckForValidListAndQueue
                        0x00002861   0x4c  Code  Lc  timers.o [1]
prvCopyDataFromQueue    0x000038a1   0x24  Code  Lc  queue.o [1]
prvCopyDataToQueue      0x00003831   0x70  Code  Lc  queue.o [1]
prvGetExpectedIdleTime  0x00001ffb   0x1c  Code  Lc  tasks.o [1]
prvIdleTask             0x00002379   0x7c  Code  Lc  tasks.o [1]
prvInitialiseTCBVariables
                        0x000023f5   0x4c  Code  Lc  tasks.o [1]
prvInsertTimerInActiveList
                        0x0000271b   0x34  Code  Lc  timers.o [1]
prvProcessExpiredTimer  0x00002649   0x4e  Code  Lc  timers.o [1]
prvProcessReceivedCommands
                        0x00002751   0xaa  Code  Lc  timers.o [1]
prvResetNextTaskUnblockTime
                        0x000024ab   0x1c  Code  Lc  tasks.o [1]
prvSampleTimeNow        0x000026f7   0x24  Code  Lc  timers.o [1]
prvSwitchTimerLists     0x000027fd   0x5c  Code  Lc  timers.o [1]
prvTaskExitError        0x00002c81   0x14  Code  Lc  port.o [1]
prvTaskIsTaskSuspended  0x00001f15   0x2a  Code  Lc  tasks.o [1]
prvTimerTask            0x00002697   0x60  Code  Lc  timers.o [1]
prvUnlockQueue          0x000038c5   0x66  Code  Lc  queue.o [1]
pvPortMalloc            0x00003349   0xb0  Code  Gb  heap_2.o [1]
pxCurrentTCB            0x10000e68    0x4  Data  Gb  tasks.o [1]
pxCurrentTimerList      0x10001ad0    0x4  Data  Lc  timers.o [1]
pxDelayedTaskList       0x10000e6c    0x4  Data  Lc  tasks.o [1]
pxOverflowDelayedTaskList
                        0x10000e70    0x4  Data  Lc  tasks.o [1]
pxOverflowTimerList     0x10001ad4    0x4  Data  Lc  timers.o [1]
pxPortInitialiseStack   0x00002c65   0x1a  Code  Gb  port.o [1]
pxReadyTasksLists       0x10001948   0xa0  Data  Lc  tasks.o [1]
rand1                   0x000000c1   0x1a  Code  Gb  utilities.o [1]
randr                   0x000000f1   0x16  Code  Gb  utilities.o [1]
round                   0x00005d29   0x48  Code  Gb  round.o [6]
rxframe                 0x10001b48   0x10  Data  Gb  frame.o [1]
sBlock                  0x10000c98   0x10  Data  Lc  LoRaMacCrypto.o [1]
sbox                    0x00004894  0x100  Data  Lc  aes.o [1]
shift_sub_rows          0x00004329   0x64  Code  Lc  aes.o [1]
srand1                  0x000000db    0x6  Code  Gb  utilities.o [1]
txframe                 0x10001b58   0x10  Data  Gb  frame.o [1]
ucHeap                  0x10000018  0xb38  Data  Lc  heap_2.o [1]
ulSetInterruptMaskFromISR
                        0x00002dd1         Code  Gb  portasm.o [1]
uxCriticalNesting       0x10000f50    0x4  Data  Lc  port.o [1]
uxCurrentNumberOfTasks  0x10000e8c    0x4  Data  Lc  tasks.o [1]
uxListRemove            0x00000223   0x24  Code  Gb  list.o [1]
uxPendedTicks           0x10000e9c    0x4  Data  Lc  tasks.o [1]
uxSchedulerSuspended    0x10000eb0    0x4  Data  Lc  tasks.o [1]
uxTaskNumber            0x10000ea8    0x4  Data  Lc  tasks.o [1]
uxTasksDeleted          0x10000e74    0x4  Data  Lc  tasks.o [1]
uxTopReadyPriority      0x10000e94    0x4  Data  Lc  tasks.o [1]
vApplicationIdleHook    0x00003437    0x4  Code  Wk  FreeRTOSCommonHooks.o [1]
vApplicationMallocFailedHook
                        0x00003431    0x6  Code  Wk  FreeRTOSCommonHooks.o [1]
vApplicationStackOverflowHook
                        0x000032bd   0x14  Code  Gb  freertos_blinky.o [1]
vClearInterruptMaskFromISR
                        0x00002dd9         Code  Gb  portasm.o [1]
vLEDTask0               0x000030a1  0x1b8  Code  Lc  freertos_blinky.o [1]
vLEDTask0Handle         0x10001b68    0x4  Data  Gb  freertos_blinky.o [1]
vLEDTask1Handle         0x10001b6c    0x4  Data  Gb  freertos_blinky.o [1]
vLEDTask2Handle         0x10001b70    0x4  Data  Gb  freertos_blinky.o [1]
vListInitialise         0x000001b9   0x1e  Code  Gb  list.o [1]
vListInsert             0x000001ef   0x34  Code  Gb  list.o [1]
vListInsertEnd          0x000001d7   0x18  Code  Gb  list.o [1]
vPortEnterCritical      0x00002cdd    0xc  Code  Gb  port.o [1]
vPortExitCritical       0x00002cf5   0x18  Code  Gb  port.o [1]
vPortFree               0x000033f9   0x32  Code  Gb  heap_2.o [1]
vPortStartFirstTask     0x00002db7         Code  Gb  portasm.o [1]
vPortYield              0x00002cd1    0xa  Code  Gb  port.o [1]
vQueueAddToRegistry     0x0000392d   0x1e  Code  Gb  queue.o [1]
vQueueWaitForMessageRestricted
                        0x00003951   0x3c  Code  Gb  queue.o [1]
vSetMSP                 0x00002d71         Code  Gb  portasm.o [1]
vTaskDelay              0x00001ed9   0x34  Code  Gb  tasks.o [1]
vTaskMissedYield        0x00002371    0x8  Code  Gb  tasks.o [1]
vTaskPlaceOnEventList   0x0000223d   0x2a  Code  Gb  tasks.o [1]
vTaskPlaceOnEventListRestricted
                        0x00002281   0x20  Code  Gb  tasks.o [1]
vTaskPriorityDisinherit
                        0x00002549   0x40  Code  Gb  tasks.o [1]
vTaskPriorityInherit    0x000024e7   0x5c  Code  Gb  tasks.o [1]
vTaskSetTimeOutState    0x000022fd   0x14  Code  Gb  tasks.o [1]
vTaskStartScheduler     0x00001fa5   0x44  Code  Gb  tasks.o [1]
vTaskSuspendAll         0x00001ff1    0xa  Code  Gb  tasks.o [1]
vTaskSwitchContext      0x000021a5   0x84  Code  Gb  tasks.o [1]
wdtOSCRate              0x00005174   0x40  Data  Lc  clock_8xx.o [4]
xActiveTimerList1       0x10001adc   0x14  Data  Lc  timers.o [1]
xActiveTimerList2       0x10001af0   0x14  Data  Lc  timers.o [1]
xDelayedTaskList1       0x10000eb4   0x14  Data  Lc  tasks.o [1]
xDelayedTaskList2       0x10000ec8   0x14  Data  Lc  tasks.o [1]
xEnd                    0x10000008    0x8  Data  Lc  heap_2.o [1]
xFreeBytesRemaining     0x10000010    0x4  Data  Lc  heap_2.o [1]
xNextTaskUnblockTime    0x10000eac    0x4  Data  Lc  tasks.o [1]
xNumOfOverflows         0x10000ea4    0x4  Data  Lc  tasks.o [1]
xPendingReadyList       0x10000e40   0x14  Data  Lc  tasks.o [1]
xPortStartScheduler     0x00002c95   0x3c  Code  Gb  port.o [1]
xQueueGenericCreate     0x0000350d   0x4a  Code  Gb  queue.o [1]
xQueueGenericReceive    0x000036f5  0x13a  Code  Gb  queue.o [1]
xQueueGenericReset      0x0000349d   0x70  Code  Gb  queue.o [1]
xQueueGenericSend       0x00003559  0x118  Code  Gb  queue.o [1]
xQueueGenericSendFromISR
                        0x00003671   0x78  Code  Gb  queue.o [1]
xQueueRegistry          0x10001a58   0x40  Data  Gb  queue.o [1]
xSchedulerRunning       0x10000e98    0x4  Data  Lc  tasks.o [1]
xStart                  0x10000000    0x8  Data  Lc  heap_2.o [1]
xSuspendedTaskList      0x10000e78   0x14  Data  Lc  tasks.o [1]
xTaskCheckForTimeOut    0x00002315   0x58  Code  Gb  tasks.o [1]
xTaskGenericCreate      0x00001dc9  0x110  Code  Gb  tasks.o [1]
xTaskGetCurrentTaskHandle
                        0x000024c7    0x6  Code  Gb  tasks.o [1]
xTaskGetSchedulerState  0x000024cd   0x1a  Code  Gb  tasks.o [1]
xTaskGetTickCount       0x000020b3    0xa  Code  Gb  tasks.o [1]
xTaskGetTickCountFromISR
                        0x000020c5   0x12  Code  Gb  tasks.o [1]
xTaskIncrementTick      0x000020e1   0xbe  Code  Gb  tasks.o [1]
xTaskRemoveFromEventList
                        0x000022a1   0x5a  Code  Gb  tasks.o [1]
xTaskResumeAll          0x00002019   0x9a  Code  Gb  tasks.o [1]
xTaskResumeFromISR      0x00001f41   0x62  Code  Gb  tasks.o [1]
xTasksWaitingTermination
                        0x10000e54   0x14  Data  Lc  tasks.o [1]
xTickCount              0x10000e90    0x4  Data  Lc  tasks.o [1]
xTimerCreate            0x000025cd   0x36  Code  Gb  timers.o [1]
xTimerCreateTimerTask   0x00002591   0x34  Code  Gb  timers.o [1]
xTimerGenericCommand    0x00002603   0x44  Code  Gb  timers.o [1]
xTimerQueue             0x10001ad8    0x4  Data  Lc  timers.o [1]
xYieldPending           0x10000ea0    0x4  Data  Lc  tasks.o [1]
xor_block               0x00004223   0x82  Code  Lc  aes.o [1]


[1] = E:\µêÆÌ×°ÐÞ\Íø¹Ø\nxp_lpcxpresso_824max\lpcxpresso824\prj_xpresso82x\iar\freertos_blinky\ClassA\Obj
[2] = command line
[3] = board_nxp_lpcxpresso_824.a
[4] = chip_8xx_lib.a
[5] = dl6M_tln.a
[6] = m6M_tl.a
[7] = rt6M_tl.a

  31 150 bytes of readonly  code memory
     263 bytes of readonly  data memory
   8 064 bytes of readwrite data memory

Errors: none
Warnings: none
