###############################################################################
#
# IAR ELF Linker V7.30.3.8024/W32 for ARM                 22/Oct/2017  01:12:26
# Copyright 2007-2014 IAR Systems AB.
#
#    Output file  =  
#        E:\µêÆÌ×°ÐÞ\Íø¹Ø\nxp_lpcxpresso_824max\lpcxpresso824\prj_xpresso82x\iar\freertos_blinky\ClassA\Exe\freertos_blinky.out.tmp
#    Map file     =  
#        E:\µêÆÌ×°ÐÞ\Íø¹Ø\nxp_lpcxpresso_824max\lpcxpresso824\prj_xpresso82x\iar\freertos_blinky\ClassA\List\freertos_blinky.map
#    Command line =  
#        E:\µêÆÌ×°ÐÞ\Íø¹Ø\nxp_lpcxpresso_824max\lpcxpresso824\prj_xpresso82x\iar\freertos_blinky\ClassA\Obj\aes.o
#        E:\µêÆÌ×°ÐÞ\Íø¹Ø\nxp_lpcxpresso_824max\lpcxpresso824\prj_xpresso82x\iar\lib_board_lpcxpresso824\iar_output\Exe\board_nxp_lpcxpresso_824.a
#        E:\µêÆÌ×°ÐÞ\Íø¹Ø\nxp_lpcxpresso_824max\lpcxpresso824\prj_xpresso82x\iar\lib_chip_8xx\iar_output\Exe\chip_8xx_lib.a
#        E:\µêÆÌ×°ÐÞ\Íø¹Ø\nxp_lpcxpresso_824max\lpcxpresso824\prj_xpresso82x\iar\freertos_blinky\ClassA\Obj\cmac.o
#        E:\µêÆÌ×°ÐÞ\Íø¹Ø\nxp_lpcxpresso_824max\lpcxpresso824\prj_xpresso82x\iar\freertos_blinky\ClassA\Obj\iar_startup_lpc82x.o
#        E:\µêÆÌ×°ÐÞ\Íø¹Ø\nxp_lpcxpresso_824max\lpcxpresso824\prj_xpresso82x\iar\freertos_blinky\ClassA\Obj\LoRaMac.o
#        E:\µêÆÌ×°ÐÞ\Íø¹Ø\nxp_lpcxpresso_824max\lpcxpresso824\prj_xpresso82x\iar\freertos_blinky\ClassA\Obj\LoRaMacCrypto.o
#        E:\µêÆÌ×°ÐÞ\Íø¹Ø\nxp_lpcxpresso_824max\lpcxpresso824\prj_xpresso82x\iar\freertos_blinky\ClassA\Obj\main.o
#        E:\µêÆÌ×°ÐÞ\Íø¹Ø\nxp_lpcxpresso_824max\lpcxpresso824\prj_xpresso82x\iar\freertos_blinky\ClassA\Obj\Region.o
#        E:\µêÆÌ×°ÐÞ\Íø¹Ø\nxp_lpcxpresso_824max\lpcxpresso824\prj_xpresso82x\iar\freertos_blinky\ClassA\Obj\RegionCN470.o
#        E:\µêÆÌ×°ÐÞ\Íø¹Ø\nxp_lpcxpresso_824max\lpcxpresso824\prj_xpresso82x\iar\freertos_blinky\ClassA\Obj\RegionCommon.o
#        E:\µêÆÌ×°ÐÞ\Íø¹Ø\nxp_lpcxpresso_824max\lpcxpresso824\prj_xpresso82x\iar\freertos_blinky\ClassA\Obj\sx1276-board.o
#        E:\µêÆÌ×°ÐÞ\Íø¹Ø\nxp_lpcxpresso_824max\lpcxpresso824\prj_xpresso82x\iar\freertos_blinky\ClassA\Obj\sx1276.o
#        E:\µêÆÌ×°ÐÞ\Íø¹Ø\nxp_lpcxpresso_824max\lpcxpresso824\prj_xpresso82x\iar\freertos_blinky\ClassA\Obj\sysinit.o
#        E:\µêÆÌ×°ÐÞ\Íø¹Ø\nxp_lpcxpresso_824max\lpcxpresso824\prj_xpresso82x\iar\freertos_blinky\ClassA\Obj\timer.o
#        E:\µêÆÌ×°ÐÞ\Íø¹Ø\nxp_lpcxpresso_824max\lpcxpresso824\prj_xpresso82x\iar\freertos_blinky\ClassA\Obj\utilities.o
#        -o
#        E:\µêÆÌ×°ÐÞ\Íø¹Ø\nxp_lpcxpresso_824max\lpcxpresso824\prj_xpresso82x\iar\freertos_blinky\ClassA\Exe\freertos_blinky.out.tmp
#        --map
#        E:\µêÆÌ×°ÐÞ\Íø¹Ø\nxp_lpcxpresso_824max\lpcxpresso824\prj_xpresso82x\iar\freertos_blinky\ClassA\List\freertos_blinky.map
#        --config "C:\Program Files (x86)\IAR Systems\Embedded Workbench
#        7.0_2\arm\config\linker\NXP\LPC824M201.icf" --entry
#        __iar_program_start --inline --vfe
#
###############################################################################

*******************************************************************************
*** RUNTIME MODEL ATTRIBUTES
***

CppFlavor       = *
__SystemLibrary = DLib


*******************************************************************************
*** PLACEMENT SUMMARY
***

"A1":  place at 0x00000000 { ro section .intvec };
"P1":  place in [from 0x00000000 to 0x000002fb] |
                [from 0x00000300 to 0x00007fff] { ro };
"P2":  place in [from 0x10000000 to 0x10001fff] { rw, block CSTACK, block HEAP };
"P3":  place in [from 0x000002fc to 0x000002ff] { section .crp };

  Section            Kind        Address    Size  Object
  -------            ----        -------    ----  ------
"A1":                                       0xc0
  .intvec            ro code  0x00000000    0xc0  iar_startup_lpc82x.o [1]
                            - 0x000000c0    0xc0

"P1", part 1 of 2:                          0x24
  .rodata            const    0x000000c0     0x0  zero_init3.o [7]
  .rodata            const    0x000000c0     0x0  copy_init3.o [7]
  Initializer bytes  ro data  0x000000c0    0x24  <for P2 s0>
                            - 0x000000e4    0x24

"P3":                                        0x4
  .crp               ro code  0x000002fc     0x4  iar_startup_lpc82x.o [1]
                            - 0x00000300     0x4

"P1", part 2 of 2:                        0x2fd4
  .text              ro code  0x00000300  0x180c  sx1276.o [1]
  .text              ro code  0x00001b0c    0xe4  timer.o [1]
  .text              ro code  0x00001bf0   0x410  sx1276-board.o [1]
  .text              ro code  0x00002000    0x34  I32ToDbl.o [6]
  .text              ro code  0x00002034    0xc2  DblDiv.o [6]
  .text              ro code  0x000020f6    0x2a  zero_init3.o [7]
  .text              ro code  0x00002120    0x52  DblToI32.o [6]
  .text              ro code  0x00002172     0x2  iar_startup_lpc82x.o [1]
  .text              ro code  0x00002174    0x58  utilities.o [1]
  .text              ro code  0x000021cc   0x184  DblMul.o [6]
  .text              ro code  0x00002350   0x1a8  DblAddSub.o [6]
  .text              ro code  0x000024f8    0x48  round.o [6]
  .text              ro code  0x00002540    0x58  ceil.o [6]
  .text              ro code  0x00002598    0x32  DblCmpGe.o [6]
  .text              ro code  0x000025ca     0x2  iar_startup_lpc82x.o [1]
  .text              ro code  0x000025cc    0x58  floor.o [6]
  .text              ro code  0x00002624    0x40  ABImemset.o [7]
  .text              ro code  0x00002664    0x12  iocon_8xx.o [4]
  .text              ro code  0x00002676     0x2  iar_startup_lpc82x.o [1]
  .text              ro code  0x00002678    0x48  swm_8xx.o [4]
  .text              ro code  0x000026c0    0x2c  spi_8xx.o [4]
  .text              ro code  0x000026ec    0x8c  xdint.o [6]
  .text              ro code  0x00002778   0x408  irc_8xx.o [4]
  .text              ro code  0x00002b80    0xae  I32DivModFast.o [7]
  .text              ro code  0x00002c2e     0x2  iar_startup_lpc82x.o [1]
  .text              ro code  0x00002c30    0x34  syscon_8xx.o [4]
  .text              ro code  0x00002c64   0x114  clock_8xx.o [4]
  .text              ro code  0x00002d78   0x2f0  main.o [1]
  .text              ro code  0x00003068    0x10  chip_8xx.o [4]
  .text              ro code  0x00003078    0x2c  strncmp.o [5]
  .text              ro code  0x000030a4    0x5c  ABImemcpy.o [7]
  .text              ro code  0x00003100    0x7a  board_sysinit.o [3]
  .text              ro code  0x0000317c    0x14  sysinit_8xx.o [4]
  .rodata            const    0x00003190    0x5c  sx1276-board.o [1]
  .text              ro code  0x000031ec    0x30  copy_init3.o [7]
  .text              ro code  0x0000321c    0x28  data_init.o [7]
  .iar.init_table    const    0x00003244    0x24  - Linker created -
  .text              ro code  0x00003268    0x1a  cmain.o [7]
  .text              ro code  0x00003282     0x8  exit.o [5]
  .text              ro code  0x0000328c     0xa  cexit.o [7]
  .text              ro code  0x00003298     0xc  XXexit.o [7]
  .text              ro code  0x000032a4    0x10  iar_startup_lpc82x.o [1]
  .text              ro code  0x000032b4     0xc  cstartup_M.o [7]
  .rodata            const    0x000032c0     0x8  board.o [3]
  .text              ro code  0x000032c8     0x8  sysinit.o [1]
  .text              ro code  0x000032d0     0x4  iar_startup_lpc82x.o [1]
                            - 0x000032d4  0x2fd4

"P2":                                      0x628
  P2 s0                       0x10000000    0x24  <Init block>
    .data            inited   0x10000000    0x24  main.o [1]
  .bss               zero     0x10000024   0x1ac  sx1276.o [1]
  .bss               zero     0x100001d0    0x40  main.o [1]
  .bss               zero     0x10000210     0x8  timer.o [1]
  .bss               zero     0x10000218     0x4  sx1276.o [1]
  .bss               zero     0x1000021c     0x4  chip_8xx.o [4]
  .bss               zero     0x10000220     0x2  irc_8xx.o [4]
  .bss               zero     0x10000222     0x1  sx1276-board.o [1]
  .bss               zero     0x10000223     0x1  utilities.o [1]
  CSTACK                      0x10000228   0x400  <Block>
    CSTACK           uninit   0x10000228   0x400  <Block tail>
                            - 0x10000628   0x628


*******************************************************************************
*** INIT TABLE
***

          Address     Size
          -------     ----
Zero (__iar_zero_init3)
    1 destination range, total size 0x200:
          0x10000024  0x200

Copy (__iar_copy_init3)
    1 source range, total size 0x24:
          0x000000c0   0x24
    1 destination range, total size 0x24:
          0x10000000   0x24



*******************************************************************************
*** MODULE SUMMARY
***

    Module                ro code  ro data  rw data
    ------                -------  -------  -------
E:\µêÆÌ×°ÐÞ\Íø¹Ø\nxp_lpcxpresso_824max\lpcxpresso824\prj_xpresso82x\iar\freertos_blinky\ClassA\Obj: [1]
    iar_startup_lpc82x.o      224
    main.o                    752       36      100
    sx1276-board.o          1 040       92        1
    sx1276.o                6 156               432
    sysinit.o                   8
    timer.o                   228                 8
    utilities.o                88                 1
    -----------------------------------------------
    Total:                  8 496      128      542

command line: [2]
    -----------------------------------------------
    Total:

board_nxp_lpcxpresso_824.a: [3]
    board.o                              8
    board_sysinit.o           122
    -----------------------------------------------
    Total:                    122        8

chip_8xx_lib.a: [4]
    chip_8xx.o                 16                 4
    clock_8xx.o               276
    iocon_8xx.o                18
    irc_8xx.o               1 032                 2
    spi_8xx.o                  44
    swm_8xx.o                  72
    syscon_8xx.o               52
    sysinit_8xx.o              20
    -----------------------------------------------
    Total:                  1 530                 6

dl6M_tln.a: [5]
    exit.o                      8
    strncmp.o                  44
    -----------------------------------------------
    Total:                     52

m6M_tl.a: [6]
    DblAddSub.o               424
    DblCmpGe.o                 50
    DblDiv.o                  194
    DblMul.o                  388
    DblToI32.o                 82
    I32ToDbl.o                 52
    ceil.o                     88
    floor.o                    88
    round.o                    72
    xdint.o                   140
    -----------------------------------------------
    Total:                  1 578

rt6M_tl.a: [7]
    ABImemcpy.o                92
    ABImemset.o                64
    I32DivModFast.o           174
    XXexit.o                   12
    cexit.o                    10
    cmain.o                    26
    copy_init3.o               48
    cstartup_M.o               12
    data_init.o                40
    zero_init3.o               42
    -----------------------------------------------
    Total:                    520

    Gaps                        6
    Linker created                      36    1 024
---------------------------------------------------
    Grand Total:           12 304      172    1 572


*******************************************************************************
*** ENTRY LIST
***

Entry                      Address   Size  Type      Object
-----                      -------   ----  ----      ------
?main                   0x00003269         Code  Gb  cmain.o [7]
BoardDisableIrq         0x000021a7    0xc  Code  Gb  utilities.o [1]
BoardEnableIrq          0x000021b3   0x12  Code  Gb  utilities.o [1]
Board_SetupClocking     0x00003113   0x48  Code  Gb  board_sysinit.o [3]
Board_SystemInit        0x0000316d    0xe  Code  Gb  board_sysinit.o [3]
Buffer                  0x100001d0   0x40  Data  Gb  main.o [1]
BufferSize              0x10000004    0x2  Data  Gb  main.o [1]
CSTACK$$Base            0x10000228          --   Gb  - Linker created -
CSTACK$$Limit           0x10000628          --   Gb  - Linker created -
Chip_Clock_DisablePeriphClock
                        0x00001c5d   0x12  Code  Lc  sx1276-board.o [1]
Chip_Clock_EnablePeriphClock
                        0x00002de7   0x12  Code  Lc  main.o [1]
Chip_Clock_EnablePeriphClock
                        0x00001c4b   0x12  Code  Lc  sx1276-board.o [1]
Chip_Clock_EnablePeriphClock
                        0x00003101   0x12  Code  Lc  board_sysinit.o [3]
Chip_Clock_GetMainClockRate
                        0x00002cd5   0x30  Code  Gb  clock_8xx.o [4]
Chip_Clock_GetSystemClockRate
                        0x00002d05   0x12  Code  Gb  clock_8xx.o [4]
Chip_Clock_GetSystemPLLInClockRate
                        0x00002c9b   0x26  Code  Gb  clock_8xx.o [4]
Chip_Clock_GetSystemPLLOutClockRate
                        0x00002cc1   0x14  Code  Gb  clock_8xx.o [4]
Chip_Clock_GetWDTOSCRate
                        0x00002c79   0x22  Code  Gb  clock_8xx.o [4]
Chip_Clock_SetMainClockSource
                        0x00002c69    0x2  Code  Gb  clock_8xx.o [4]
Chip_Clock_SetSystemPLLSource
                        0x00002c65    0x4  Code  Gb  clock_8xx.o [4]
Chip_FMC_SetFLASHAccess
                        0x00002779    0x8  Code  Lc  irc_8xx.o [4]
Chip_GPIO_SetPinDIR     0x00001ca1   0x12  Code  Lc  sx1276-board.o [1]
Chip_GPIO_SetPinDIRInput
                        0x00001c91   0x10  Code  Lc  sx1276-board.o [1]
Chip_GPIO_SetPinDIROutput
                        0x00001c81   0x10  Code  Lc  sx1276-board.o [1]
Chip_GPIO_SetPinOutHigh
                        0x00000305   0x10  Code  Lc  sx1276.o [1]
Chip_GPIO_SetPinOutLow  0x00000315   0x10  Code  Lc  sx1276.o [1]
Chip_IOCON_PinSetMode   0x00002665   0x12  Code  Gb  iocon_8xx.o [4]
Chip_IRC_SetFreq        0x00002781   0x9c  Code  Gb  irc_8xx.o [4]
Chip_PININT_ClearIntStatus
                        0x00000301    0x4  Code  Lc  sx1276.o [1]
Chip_PININT_EnableIntHigh
                        0x00001c7d    0x4  Code  Lc  sx1276-board.o [1]
Chip_PININT_SetPinModeEdge
                        0x00001c6f    0xe  Code  Lc  sx1276-board.o [1]
Chip_SPI_ClearCFGRegBits
                        0x00001cc1    0xe  Code  Lc  sx1276-board.o [1]
Chip_SPI_ClearStatus    0x0000032d    0x4  Code  Lc  sx1276.o [1]
Chip_SPI_ConfigureSPI   0x00001cfd   0x1c  Code  Lc  sx1276-board.o [1]
Chip_SPI_DelayConfig    0x000026c1   0x2c  Code  Gb  spi_8xx.o [4]
Chip_SPI_Enable         0x00001cf3    0xa  Code  Lc  sx1276-board.o [1]
Chip_SPI_GetStatus      0x00000325    0x8  Code  Lc  sx1276.o [1]
Chip_SPI_Init           0x00001ccf   0x24  Code  Lc  sx1276-board.o [1]
Chip_SPI_ReceiveFrame   0x00000357    0x6  Code  Lc  sx1276.o [1]
Chip_SPI_SendLastFrame  0x00000343   0x14  Code  Lc  sx1276.o [1]
Chip_SPI_SendMidFrame   0x0000033f    0x4  Code  Lc  sx1276.o [1]
Chip_SPI_SetCFGRegBits  0x00001cb3    0xe  Code  Lc  sx1276-board.o [1]
Chip_SPI_SetControlInfo
                        0x00000331    0xe  Code  Lc  sx1276.o [1]
Chip_SWM_FixedPinEnable
                        0x00002697   0x20  Code  Gb  swm_8xx.o [4]
Chip_SWM_MovablePinAssign
                        0x00002679   0x1e  Code  Gb  swm_8xx.o [4]
Chip_SYSCTL_AssertPeriphReset
                        0x00001bff   0x12  Code  Lc  sx1276-board.o [1]
Chip_SYSCTL_DeassertPeriphReset
                        0x00001c11   0x12  Code  Lc  sx1276-board.o [1]
Chip_SYSCTL_EnablePINTWakeup
                        0x00001c3b   0x10  Code  Lc  sx1276-board.o [1]
Chip_SYSCTL_PeriphReset
                        0x00001c23   0x10  Code  Lc  sx1276-board.o [1]
Chip_SYSCTL_PowerDown   0x00002c31   0x14  Code  Gb  syscon_8xx.o [4]
Chip_SYSCTL_PowerUp     0x00002c45   0x14  Code  Gb  syscon_8xx.o [4]
Chip_SYSCTL_SetPinInterrupt
                        0x00001c33    0x8  Code  Lc  sx1276-board.o [1]
Chip_SetupIrcClocking   0x0000317d    0x4  Code  Gb  sysinit_8xx.o [4]
DelayMs                 0x0000218b   0x1c  Code  Gb  utilities.o [1]
ExtRateIn               0x000032c4    0x4  Data  Gb  board.o [3]
FskBandwidths           0x0000059c   0xb0  Data  Gb  sx1276.o [1]
GetFskBandwidthRegValue
                        0x00000579   0x24  Code  Lc  sx1276.o [1]
IrqNestLevel            0x10000223    0x1  Data  Lc  utilities.o [1]
NVIC_EnableIRQ          0x00001bf1    0xe  Code  Lc  sx1276-board.o [1]
NVIC_SetPriority        0x00002d79   0x44  Code  Lc  main.o [1]
OnRxDone                0x00002fc1   0x26  Code  Gb  main.o [1]
OnRxError               0x00003007   0x10  Code  Gb  main.o [1]
OnRxTimeout             0x00002ff7   0x10  Code  Gb  main.o [1]
OnTxDone                0x00002fb1   0x10  Code  Gb  main.o [1]
OnTxTimeout             0x00002fe7   0x10  Code  Gb  main.o [1]
OscRateIn               0x000032c0    0x4  Data  Gb  board.o [3]
PININT0_IRQHandler      0x00001641  0x268  Code  Gb  sx1276.o [1]
PININT1_IRQHandler      0x000018b1   0xda  Code  Gb  sx1276.o [1]
PININT2_IRQHandler      0x0000198b   0xf4  Code  Gb  sx1276.o [1]
PININT3_IRQHandler      0x00001a7f   0x50  Code  Gb  sx1276.o [1]
PININT4_IRQHandler      0x00001acf   0x22  Code  Gb  sx1276.o [1]
PININT5_IRQHandler      0x00001af1    0xc  Code  Gb  sx1276.o [1]
PingMsg                 0x00003058    0x8  Data  Gb  main.o [1]
PongMsg                 0x00003060    0x8  Data  Gb  main.o [1]
Radio                   0x00003190   0x5c  Data  Gb  sx1276-board.o [1]
RadioEvents             0x10000008   0x1c  Data  Lc  main.o [1]
RadioEvents             0x10000090    0x4  Data  Lc  sx1276.o [1]
RadioIsActive           0x10000222    0x1  Data  Lc  sx1276-board.o [1]
RadioRegsInit           0x00001610   0x30  Data  Gb  sx1276.o [1]
Region$$Table$$Base     0x00003244          --   Gb  - Linker created -
Region$$Table$$Limit    0x00003268          --   Gb  - Linker created -
RssiValue               0x10000001    0x1  Data  Gb  main.o [1]
RxChainCalibration      0x000004d1   0x8e  Code  Lc  sx1276.o [1]
RxTimeoutSyncWord       0x100001bc   0x14  Data  Gb  sx1276.o [1]
RxTimeoutTimer          0x100001a8   0x14  Data  Gb  sx1276.o [1]
RxTxBuffer              0x10000094  0x100  Data  Lc  sx1276.o [1]
SX1276                  0x10000024   0x6c  Data  Gb  sx1276.o [1]
SX1276CheckRfFrequency  0x00001ffd    0x4  Code  Gb  sx1276-board.o [1]
SX1276GetPaSelect       0x00001fad    0xe  Code  Gb  sx1276-board.o [1]
SX1276GetStatus         0x00000405    0x6  Code  Gb  sx1276.o [1]
SX1276GetTimeOnAir      0x00000b79  0x1e4  Code  Gb  sx1276.o [1]
SX1276Init              0x0000035d   0xa8  Code  Gb  sx1276.o [1]
SX1276IoInit            0x00001d19  0x140  Code  Gb  sx1276-board.o [1]
SX1276IoIrqInit         0x00001e59   0x8a  Code  Gb  sx1276-board.o [1]
SX1276IsChannelFree     0x00000447   0x48  Code  Gb  sx1276.o [1]
SX1276OnTimeoutIrq      0x00001531   0xce  Code  Gb  sx1276.o [1]
SX1276Random            0x0000048f   0x42  Code  Gb  sx1276.o [1]
SX1276Read              0x00001391   0x10  Code  Gb  sx1276.o [1]
SX1276ReadBuffer        0x00001427   0x8e  Code  Gb  sx1276.o [1]
SX1276ReadFifo          0x000014c3    0xe  Code  Gb  sx1276.o [1]
SX1276ReadRssi          0x0000125d   0x40  Code  Gb  sx1276.o [1]
SX1276Reset             0x000012b1   0x28  Code  Gb  sx1276.o [1]
SX1276Send              0x00000d5d  0x102  Code  Gb  sx1276.o [1]
SX1276SetAntSwLowPower  0x00001fc5   0x1e  Code  Gb  sx1276-board.o [1]
SX1276SetChannel        0x0000040b   0x3c  Code  Gb  sx1276.o [1]
SX1276SetMaxPayloadLength
                        0x000014d1   0x30  Code  Gb  sx1276.o [1]
SX1276SetModem          0x00001309   0x76  Code  Gb  sx1276.o [1]
SX1276SetOpMode         0x000012d9   0x30  Code  Gb  sx1276.o [1]
SX1276SetPublicNetwork  0x00001501   0x26  Code  Gb  sx1276.o [1]
SX1276SetRfTxPower      0x00001ef9   0xaa  Code  Gb  sx1276-board.o [1]
SX1276SetRx             0x00000ed1  0x230  Code  Gb  sx1276.o [1]
SX1276SetRxConfig       0x0000064d  0x2e2  Code  Gb  sx1276.o [1]
SX1276SetSleep          0x00000e5f   0x24  Code  Gb  sx1276.o [1]
SX1276SetStby           0x00000e83   0x24  Code  Gb  sx1276.o [1]
SX1276SetTx             0x00001101   0xac  Code  Gb  sx1276.o [1]
SX1276SetTxConfig       0x00000945  0x224  Code  Gb  sx1276.o [1]
SX1276SetTxContinuousWave
                        0x000011e1   0x7c  Code  Gb  sx1276.o [1]
SX1276StartCad          0x000011ad   0x2e  Code  Gb  sx1276.o [1]
SX1276Write             0x00001385    0xc  Code  Gb  sx1276.o [1]
SX1276WriteBuffer       0x000013a1   0x86  Code  Gb  sx1276.o [1]
SX1276WriteFifo         0x000014b5    0xe  Code  Gb  sx1276.o [1]
SnrValue                0x10000002    0x1  Data  Gb  main.o [1]
State                   0x10000000    0x1  Data  Gb  main.o [1]
SysTick_Config          0x00002dbd   0x2a  Code  Lc  main.o [1]
SysTick_Handler         0x00001b73   0x38  Code  Gb  timer.o [1]
SystemCoreClock         0x1000021c    0x4  Data  Gb  chip_8xx.o [4]
SystemCoreClockUpdate   0x00003069   0x10  Code  Gb  chip_8xx.o [4]
SystemInit              0x000032c9    0x8  Code  Gb  sysinit.o [1]
TimerExists             0x00001bbd   0x18  Code  Lc  timer.o [1]
TimerGetCurrentTime     0x00001be5    0x6  Code  Gb  timer.o [1]
TimerInit               0x00001b0d   0x10  Code  Gb  timer.o [1]
TimerListHead           0x10000214    0x4  Data  Lc  timer.o [1]
TimerSetValue           0x00001bd5   0x10  Code  Gb  timer.o [1]
TimerStart              0x00001b1d   0x56  Code  Gb  timer.o [1]
TimerStop               0x00001bab   0x12  Code  Gb  timer.o [1]
TxTimeoutTimer          0x10000194   0x14  Data  Gb  sx1276.o [1]
__Vectors               0x00000000          --   Gb  iar_startup_lpc82x.o [1]
__Vectors_End           0x000000c0         Data  Gb  iar_startup_lpc82x.o [1]
__Vectors_Size {Abs}    0x000000c0          --   Gb  iar_startup_lpc82x.o [1]
__aeabi_cdrcmple        0x00002599         Code  Gb  DblCmpGe.o [6]
__aeabi_d2iz            0x00002121         Code  Gb  DblToI32.o [6]
__aeabi_d2uiz           0x00002145         Code  Gb  DblToI32.o [6]
__aeabi_dadd            0x00002351         Code  Gb  DblAddSub.o [6]
__aeabi_ddiv            0x00002035         Code  Gb  DblDiv.o [6]
__aeabi_dmul            0x000021cd         Code  Gb  DblMul.o [6]
__aeabi_i2d             0x00002001         Code  Gb  I32ToDbl.o [6]
__aeabi_memcpy          0x000030a5         Code  Gb  ABImemcpy.o [7]
__aeabi_memset4         0x00002625         Code  Gb  ABImemset.o [7]
__aeabi_memset8         0x00002625         Code  Gb  ABImemset.o [7]
__aeabi_ui2d            0x00002015         Code  Gb  I32ToDbl.o [6]
__aeabi_uidiv           0x00002b81         Code  Gb  I32DivModFast.o [7]
__aeabi_uidivmod        0x00002b81         Code  Gb  I32DivModFast.o [7]
__cmain                 0x00003269         Code  Gb  cmain.o [7]
__exit                  0x00003299         Code  Gb  XXexit.o [7]
__iar_Dint              0x000026ed   0x8c  Code  Gb  xdint.o [6]
__iar_Memset4_word      0x00002631         Code  Gb  ABImemset.o [7]
__iar_ceil              0x00002541         Code  Gb  ceil.o [6]
__iar_ceill             0x00002541         Code  Gb  ceil.o [6]
__iar_copy_init3        0x000031ed   0x30  Code  Gb  copy_init3.o [7]
__iar_d2uiz             0x00002149         Code  Gb  DblToI32.o [6]
__iar_data_init3        0x0000321d   0x28  Code  Gb  data_init.o [7]
__iar_floor             0x000025cd         Code  Gb  floor.o [6]
__iar_floorl            0x000025cd         Code  Gb  floor.o [6]
__iar_program_start     0x000032b5         Code  Gb  cstartup_M.o [7]
__iar_ui2d              0x00002019         Code  Gb  I32ToDbl.o [6]
__iar_zero_init3        0x000020f7   0x2a  Code  Gb  zero_init3.o [7]
__vector_table          0x00000000         Data  Gb  iar_startup_lpc82x.o [1]
__vector_table_0x1c     0x00000010         Data  Gb  iar_startup_lpc82x.o [1]
_call_main              0x00003275         Code  Gb  cmain.o [7]
_exit                   0x0000328d         Code  Gb  cexit.o [7]
_main                   0x0000327f         Code  Gb  cmain.o [7]
ceil                    0x00002541         Code  Gb  ceil.o [6]
ceill                   0x00002541         Code  Gb  ceil.o [6]
chip_version            0x10000218    0x4  Data  Gb  sx1276.o [1]
config_tab              0x0000282c  0x354  Data  Lc  irc_8xx.o [4]
config_tab_idx          0x10000220    0x2  Data  Lc  irc_8xx.o [4]
exit                    0x00003283    0x8  Code  Gb  exit.o [5]
floor                   0x000025cd         Code  Gb  floor.o [6]
floorl                  0x000025cd         Code  Gb  floor.o [6]
main                    0x00002df9  0x1b8  Code  Gb  main.o [1]
memcpy1                 0x00002175   0x16  Code  Gb  utilities.o [1]
round                   0x000024f9   0x48  Code  Gb  round.o [6]
strncmp                 0x00003079   0x2c  Code  Gb  strncmp.o [5]
systicks                0x10000210    0x4  Data  Gb  timer.o [1]
wdtOSCRate              0x00002d38   0x40  Data  Lc  clock_8xx.o [4]


[1] = E:\µêÆÌ×°ÐÞ\Íø¹Ø\nxp_lpcxpresso_824max\lpcxpresso824\prj_xpresso82x\iar\freertos_blinky\ClassA\Obj
[2] = command line
[3] = board_nxp_lpcxpresso_824.a
[4] = chip_8xx_lib.a
[5] = dl6M_tln.a
[6] = m6M_tl.a
[7] = rt6M_tl.a

  12 304 bytes of readonly  code memory
     172 bytes of readonly  data memory
   1 572 bytes of readwrite data memory

Errors: none
Warnings: none
