###############################################################################
#
# IAR ELF Linker V7.30.3.8024/W32 for ARM                 22/Oct/2017  00:10:58
# Copyright 2007-2014 IAR Systems AB.
#
#    Output file  =  
#        E:\µêÆÌ×°ÐÞ\Íø¹Ø\nxp_lpcxpresso_824max\lpcxpresso824\prj_xpresso82x\iar\freertos_blinky\ClassA\Exe\freertos_blinky.out.tmp
#    Map file     =  
#        E:\µêÆÌ×°ÐÞ\Íø¹Ø\nxp_lpcxpresso_824max\lpcxpresso824\prj_xpresso82x\iar\freertos_blinky\ClassA\List\freertos_blinky.map
#    Command line =  
#        E:\µêÆÌ×°ÐÞ\Íø¹Ø\nxp_lpcxpresso_824max\lpcxpresso824\prj_xpresso82x\iar\freertos_blinky\ClassA\Obj\aes.o
#        E:\µêÆÌ×°ÐÞ\Íø¹Ø\nxp_lpcxpresso_824max\lpcxpresso824\prj_xpresso82x\iar\lib_board_lpcxpresso824\iar_output\Exe\board_nxp_lpcxpresso_824.a
#        E:\µêÆÌ×°ÐÞ\Íø¹Ø\nxp_lpcxpresso_824max\lpcxpresso824\prj_xpresso82x\iar\lib_chip_8xx\iar_output\Exe\chip_8xx_lib.a
#        E:\µêÆÌ×°ÐÞ\Íø¹Ø\nxp_lpcxpresso_824max\lpcxpresso824\prj_xpresso82x\iar\freertos_blinky\ClassA\Obj\cmac.o
#        E:\µêÆÌ×°ÐÞ\Íø¹Ø\nxp_lpcxpresso_824max\lpcxpresso824\prj_xpresso82x\iar\freertos_blinky\ClassA\Obj\iar_startup_lpc82x.o
#        E:\µêÆÌ×°ÐÞ\Íø¹Ø\nxp_lpcxpresso_824max\lpcxpresso824\prj_xpresso82x\iar\freertos_blinky\ClassA\Obj\LoRaMac.o
#        E:\µêÆÌ×°ÐÞ\Íø¹Ø\nxp_lpcxpresso_824max\lpcxpresso824\prj_xpresso82x\iar\freertos_blinky\ClassA\Obj\LoRaMacCrypto.o
#        E:\µêÆÌ×°ÐÞ\Íø¹Ø\nxp_lpcxpresso_824max\lpcxpresso824\prj_xpresso82x\iar\freertos_blinky\ClassA\Obj\main.o
#        E:\µêÆÌ×°ÐÞ\Íø¹Ø\nxp_lpcxpresso_824max\lpcxpresso824\prj_xpresso82x\iar\freertos_blinky\ClassA\Obj\Region.o
#        E:\µêÆÌ×°ÐÞ\Íø¹Ø\nxp_lpcxpresso_824max\lpcxpresso824\prj_xpresso82x\iar\freertos_blinky\ClassA\Obj\RegionCN470.o
#        E:\µêÆÌ×°ÐÞ\Íø¹Ø\nxp_lpcxpresso_824max\lpcxpresso824\prj_xpresso82x\iar\freertos_blinky\ClassA\Obj\RegionCommon.o
#        E:\µêÆÌ×°ÐÞ\Íø¹Ø\nxp_lpcxpresso_824max\lpcxpresso824\prj_xpresso82x\iar\freertos_blinky\ClassA\Obj\sx1276-board.o
#        E:\µêÆÌ×°ÐÞ\Íø¹Ø\nxp_lpcxpresso_824max\lpcxpresso824\prj_xpresso82x\iar\freertos_blinky\ClassA\Obj\sx1276.o
#        E:\µêÆÌ×°ÐÞ\Íø¹Ø\nxp_lpcxpresso_824max\lpcxpresso824\prj_xpresso82x\iar\freertos_blinky\ClassA\Obj\sysinit.o
#        E:\µêÆÌ×°ÐÞ\Íø¹Ø\nxp_lpcxpresso_824max\lpcxpresso824\prj_xpresso82x\iar\freertos_blinky\ClassA\Obj\timer.o
#        E:\µêÆÌ×°ÐÞ\Íø¹Ø\nxp_lpcxpresso_824max\lpcxpresso824\prj_xpresso82x\iar\freertos_blinky\ClassA\Obj\utilities.o
#        -o
#        E:\µêÆÌ×°ÐÞ\Íø¹Ø\nxp_lpcxpresso_824max\lpcxpresso824\prj_xpresso82x\iar\freertos_blinky\ClassA\Exe\freertos_blinky.out.tmp
#        --map
#        E:\µêÆÌ×°ÐÞ\Íø¹Ø\nxp_lpcxpresso_824max\lpcxpresso824\prj_xpresso82x\iar\freertos_blinky\ClassA\List\freertos_blinky.map
#        --config "C:\Program Files (x86)\IAR Systems\Embedded Workbench
#        7.0_2\arm\config\linker\NXP\LPC824M201.icf" --entry
#        __iar_program_start --inline --vfe
#
###############################################################################

*******************************************************************************
*** RUNTIME MODEL ATTRIBUTES
***

CppFlavor       = *
__SystemLibrary = DLib


*******************************************************************************
*** PLACEMENT SUMMARY
***

"A1":  place at 0x00000000 { ro section .intvec };
"P1":  place in [from 0x00000000 to 0x000002fb] |
                [from 0x00000300 to 0x00007fff] { ro };
"P2":  place in [from 0x10000000 to 0x10001fff] { rw, block CSTACK, block HEAP };
"P3":  place in [from 0x000002fc to 0x000002ff] { section .crp };

  Section            Kind        Address    Size  Object
  -------            ----        -------    ----  ------
"A1":                                       0xc0
  .intvec            ro code  0x00000000    0xc0  iar_startup_lpc82x.o [1]
                            - 0x000000c0    0xc0

"P1", part 1 of 2:                         0x188
  .text              ro code  0x000000c0    0xe4  timer.o [1]
  .text              ro code  0x000001a4    0x1e  I32ToFlt.o [6]
  .text              ro code  0x000001c2    0x32  DblCmpGe.o [6]
  .text              ro code  0x000001f4    0x12  iocon_8xx.o [4]
  Initializer bytes  ro data  0x00000206    0x42  <for P2 s0>
                            - 0x00000248   0x188

"P3":                                        0x4
  .crp               ro code  0x000002fc     0x4  iar_startup_lpc82x.o [1]
                            - 0x00000300     0x4

"P1", part 2 of 2:                        0x6dcc
  .text              ro code  0x00000300  0x1fc4  LoRaMac.o [1]
  .text              ro code  0x000022c4   0x1ac  Region.o [1]
  .text              ro code  0x00002470   0x288  LoRaMacCrypto.o [1]
  .text              ro code  0x000026f8    0xac  utilities.o [1]
  .text              ro code  0x000027a4    0xe0  I32DivModFast.o [7]
  .text              ro code  0x00002884    0x2a  zero_init3.o [7]
  .text              ro code  0x000028b0   0x844  RegionCN470.o [1]
  .text              ro code  0x000030f4   0x24a  cmac.o [1]
  .text              ro code  0x0000333e     0x2  iar_startup_lpc82x.o [1]
  .text              ro code  0x00003340   0x7c0  aes.o [1]
  .text              ro code  0x00003b00   0x43e  RegionCommon.o [1]
  .text              ro code  0x00003f3e     0x2  iar_startup_lpc82x.o [1]
  .text              ro code  0x00003f40    0x40  ABImemset.o [7]
  .text              ro code  0x00003f80    0x34  I32ToDbl.o [6]
  .text              ro code  0x00003fb4    0xc2  DblDiv.o [6]
  .text              ro code  0x00004076   0x184  DblMul.o [6]
  .text              ro code  0x000041fa   0x1b4  DblAddSub.o [6]
  .text              ro code  0x000043ae     0x2  iar_startup_lpc82x.o [1]
  .text              ro code  0x000043b0    0x58  ceil.o [6]
  .text              ro code  0x00004408    0x52  DblToI32.o [6]
  .text              ro code  0x0000445a   0x116  FltAddSub.o [6]
  .text              ro code  0x00004570    0x32  FltToDbl.o [6]
  .text              ro code  0x000045a2     0x2  iar_startup_lpc82x.o [1]
  .text              ro code  0x000045a4    0x58  floor.o [6]
  .text              ro code  0x000045fc   0x410  sx1276-board.o [1]
  .text              ro code  0x00004a0c    0x48  round.o [6]
  .text              ro code  0x00004a54    0x48  swm_8xx.o [4]
  .text              ro code  0x00004a9c    0x2c  spi_8xx.o [4]
  .text              ro code  0x00004ac8    0x8c  xdint.o [6]
  .text              ro code  0x00004b54   0x57c  main.o [1]
  .text              ro code  0x000050d0    0x10  chip_8xx.o [4]
  .text              ro code  0x000050e0   0x114  clock_8xx.o [4]
  .text              ro code  0x000051f4   0x408  irc_8xx.o [4]
  .text              ro code  0x000055fc    0x34  syscon_8xx.o [4]
  .text              ro code  0x00005630    0xd8  packbits_init.o [7]
  .text              ro code  0x00005708     0xa  abort.o [5]
  .text              ro code  0x00005714     0xc  XXexit.o [7]
  .text              ro code  0x00005720    0x7a  board_sysinit.o [3]
  .text              ro code  0x0000579c    0x14  sysinit_8xx.o [4]
  .rodata            const    0x000057b0    0x5c  sx1276-board.o [1]
  .text              ro code  0x0000580c    0x28  data_init.o [7]
  .iar.init_table    const    0x00005834    0x2c  - Linker created -
  .text              ro code  0x00005860    0x1a  cmain.o [7]
  .text              ro code  0x0000587a     0x8  exit.o [5]
  .text              ro code  0x00005884     0xa  cexit.o [7]
  .text              ro code  0x00005890    0x10  iar_startup_lpc82x.o [1]
  .text              ro code  0x000058a0     0xc  cstartup_M.o [7]
  .rodata            const    0x000058ac     0x8  board.o [3]
  .text              ro code  0x000058b4     0x8  sysinit.o [1]
  .text              ro code  0x000058bc     0x4  iar_startup_lpc82x.o [1]
  .rodata            const    0x000058c0     0x0  zero_init3.o [7]
  .rodata            const    0x000058c0     0x0  packbits_init.o [7]
  .text              ro code  0x000058c0  0x180c  sx1276.o [1]
                            - 0x000070cc  0x6dcc

"P2":                                     0x1320
  P2 s0                       0x10000000   0x4b8  <Init block>
    .data            inited   0x10000000   0x178  LoRaMac.o [1]
    .data            inited   0x10000178   0x138  LoRaMacCrypto.o [1]
    .data            inited   0x100002b0   0x114  LoRaMacCrypto.o [1]
    .data            inited   0x100003c4    0x90  main.o [1]
    .data            inited   0x10000454    0x38  LoRaMac.o [1]
    .data            inited   0x1000048c    0x28  RegionCN470.o [1]
    .data            inited   0x100004b4     0x4  utilities.o [1]
  .bss               zero     0x100004b8   0x480  RegionCN470.o [1]
  .bss               zero     0x10000938   0x1ac  sx1276.o [1]
  .bss               zero     0x10000ae4   0x100  LoRaMac.o [1]
  .bss               zero     0x10000be4   0x100  LoRaMac.o [1]
  .bss               zero     0x10000ce4    0xf4  main.o [1]
  .bss               zero     0x10000dd8    0x80  LoRaMac.o [1]
  .bss               zero     0x10000e58    0x70  LoRaMac.o [1]
  .bss               zero     0x10000ec8    0x18  LoRaMac.o [1]
  .bss               zero     0x10000ee0    0x15  LoRaMac.o [1]
  .bss               zero     0x10000ef6     0x2  irc_8xx.o [4]
  .bss               zero     0x10000ef8    0x14  LoRaMac.o [1]
  .bss               zero     0x10000f0c     0x8  timer.o [1]
  .bss               zero     0x10000f14     0x4  sx1276.o [1]
  .bss               zero     0x10000f18     0x4  chip_8xx.o [4]
  .bss               zero     0x10000f1c     0x1  sx1276-board.o [1]
  .bss               zero     0x10000f1d     0x1  utilities.o [1]
  CSTACK                      0x10000f20   0x400  <Block>
    CSTACK           uninit   0x10000f20   0x400  <Block tail>
                            - 0x10001320  0x1320


*******************************************************************************
*** INIT TABLE
***

          Address     Size
          -------     ----
Zero (__iar_zero_init3)
    1 destination range, total size 0xa66:
          0x100004b8  0xa66

Copy/packbits (__iar_packbits_init3)
    1 source range, total size 0x42 (5% of destination):
          0x00000206   0x42
    1 destination range, total size 0x4b8:
          0x10000000  0x4b8



*******************************************************************************
*** MODULE SUMMARY
***

    Module                ro code  ro data  rw data
    ------                -------  -------  -------
E:\µêÆÌ×°ÐÞ\Íø¹Ø\nxp_lpcxpresso_824max\lpcxpresso824\prj_xpresso82x\iar\freertos_blinky\ClassA\Obj: [1]
    LoRaMac.o               8 132       23    1 249
    LoRaMacCrypto.o           648       32      588
    Region.o                  428
    RegionCN470.o           2 116        2    1 192
    RegionCommon.o          1 086
    aes.o                   1 984
    cmac.o                    586
    iar_startup_lpc82x.o      224
    main.o                  1 404        8      388
    sx1276-board.o          1 040       92        1
    sx1276.o                6 156               432
    sysinit.o                   8
    timer.o                   228                 8
    utilities.o               172        1        5
    -----------------------------------------------
    Total:                 24 212      158    3 863

command line: [2]
    -----------------------------------------------
    Total:

board_nxp_lpcxpresso_824.a: [3]
    board.o                              8
    board_sysinit.o           122
    -----------------------------------------------
    Total:                    122        8

chip_8xx_lib.a: [4]
    chip_8xx.o                 16                 4
    clock_8xx.o               276
    iocon_8xx.o                18
    irc_8xx.o               1 032                 2
    spi_8xx.o                  44
    swm_8xx.o                  72
    syscon_8xx.o               52
    sysinit_8xx.o              20
    -----------------------------------------------
    Total:                  1 530                 6

dl6M_tln.a: [5]
    abort.o                    10
    exit.o                      8
    -----------------------------------------------
    Total:                     18

m6M_tl.a: [6]
    DblAddSub.o               436
    DblCmpGe.o                 50
    DblDiv.o                  194
    DblMul.o                  388
    DblToI32.o                 82
    FltAddSub.o               278
    FltToDbl.o                 50
    I32ToDbl.o                 52
    I32ToFlt.o                 30
    ceil.o                     88
    floor.o                    88
    round.o                    72
    xdint.o                   140
    -----------------------------------------------
    Total:                  1 948

rt6M_tl.a: [7]
    ABImemset.o                64
    I32DivModFast.o           224
    XXexit.o                   12
    cexit.o                    10
    cmain.o                    26
    cstartup_M.o               12
    data_init.o                40
    packbits_init.o           216
    zero_init3.o               42
    -----------------------------------------------
    Total:                    646

    Gaps                       10                 1
    Linker created                      44    1 024
---------------------------------------------------
    Grand Total:           28 486      210    4 894


*******************************************************************************
*** ENTRY LIST
***

Entry                      Address   Size  Type      Object
-----                      -------   ----  ----      ------
?main                   0x00005861         Code  Gb  cmain.o [7]
AES_CMAC_Final          0x000031f1  0x14e  Code  Gb  cmac.o [1]
AES_CMAC_Init           0x000030f5   0x22  Code  Gb  cmac.o [1]
AES_CMAC_SetKey         0x00003117   0x10  Code  Gb  cmac.o [1]
AES_CMAC_Update         0x00003127   0xca  Code  Gb  cmac.o [1]
AckTimeoutRetries       0x1000001a    0x1  Data  Lc  LoRaMac.o [1]
AckTimeoutRetriesCounter
                        0x1000001b    0x1  Data  Lc  LoRaMac.o [1]
AckTimeoutRetry         0x1000001c    0x1  Data  Lc  LoRaMac.o [1]
AckTimeoutTimer         0x10000164   0x14  Data  Lc  LoRaMac.o [1]
AddMacCommand           0x00000ec9   0x9c  Code  Lc  LoRaMac.o [1]
AdrAckCounter           0x1000004c    0x4  Data  Lc  LoRaMac.o [1]
AdrCtrlOn               0x10000011    0x1  Data  Lc  LoRaMac.o [1]
AesCmacCtx              0x10000198  0x118  Data  Lc  LoRaMacCrypto.o [1]
AesContext              0x100002d0   0xf4  Data  Lc  LoRaMacCrypto.o [1]
AggregatedDCycle        0x10000028    0x2  Data  Lc  LoRaMac.o [1]
AggregatedLastTxDoneTime
                        0x10000050    0x4  Data  Lc  LoRaMac.o [1]
AggregatedTimeOff       0x10000054    0x4  Data  Lc  LoRaMac.o [1]
AppData                 0x10000ce4   0xf4  Data  Lc  main.o [1]
AppDataSize             0x100003d9    0x1  Data  Lc  main.o [1]
AppEui                  0x100003ec    0x8  Data  Lc  main.o [1]
AppKey                  0x100003f4   0x10  Data  Lc  main.o [1]
AppLedStateOn           0x100003db    0x1  Data  Lc  main.o [1]
AppPort                 0x100003d8    0x1  Data  Lc  main.o [1]
Bands                   0x100004a4   0x10  Data  Lc  RegionCN470.o [1]
BandwidthsCN470         0x00002c44   0x18  Data  Lc  RegionCN470.o [1]
BoardDisableIrq         0x00002771    0xc  Code  Gb  utilities.o [1]
BoardEnableIrq          0x0000277d   0x12  Code  Gb  utilities.o [1]
BoardGetBatteryLevel    0x00004f65    0x4  Code  Gb  main.o [1]
Board_SetupClocking     0x00005733   0x48  Code  Gb  board_sysinit.o [3]
Board_SystemInit        0x0000578d    0xe  Code  Gb  board_sysinit.o [3]
CSTACK$$Base            0x10000f20          --   Gb  - Linker created -
CSTACK$$Limit           0x10001320          --   Gb  - Linker created -
CalculateBackOff        0x00001439   0x3c  Code  Lc  LoRaMac.o [1]
Channel                 0x10000018    0x1  Data  Lc  LoRaMac.o [1]
Channels                0x100004b8  0x480  Data  Lc  RegionCN470.o [1]
ChannelsDefaultMask     0x10000498    0xc  Data  Lc  RegionCN470.o [1]
ChannelsMask            0x1000048c    0xc  Data  Lc  RegionCN470.o [1]
ChannelsNbRepCounter    0x10000017    0x1  Data  Lc  LoRaMac.o [1]
Chip_Clock_DisablePeriphClock
                        0x00004669   0x12  Code  Lc  sx1276-board.o [1]
Chip_Clock_EnablePeriphClock
                        0x00004bc3   0x12  Code  Lc  main.o [1]
Chip_Clock_EnablePeriphClock
                        0x00004657   0x12  Code  Lc  sx1276-board.o [1]
Chip_Clock_EnablePeriphClock
                        0x00005721   0x12  Code  Lc  board_sysinit.o [3]
Chip_Clock_GetMainClockRate
                        0x00005151   0x30  Code  Gb  clock_8xx.o [4]
Chip_Clock_GetSystemClockRate
                        0x00005181   0x12  Code  Gb  clock_8xx.o [4]
Chip_Clock_GetSystemPLLInClockRate
                        0x00005117   0x26  Code  Gb  clock_8xx.o [4]
Chip_Clock_GetSystemPLLOutClockRate
                        0x0000513d   0x14  Code  Gb  clock_8xx.o [4]
Chip_Clock_GetWDTOSCRate
                        0x000050f5   0x22  Code  Gb  clock_8xx.o [4]
Chip_Clock_SetMainClockSource
                        0x000050e5    0x2  Code  Gb  clock_8xx.o [4]
Chip_Clock_SetSystemPLLSource
                        0x000050e1    0x4  Code  Gb  clock_8xx.o [4]
Chip_FMC_SetFLASHAccess
                        0x000051f5    0x8  Code  Lc  irc_8xx.o [4]
Chip_GPIO_SetPinDIR     0x000046ad   0x12  Code  Lc  sx1276-board.o [1]
Chip_GPIO_SetPinDIRInput
                        0x0000469d   0x10  Code  Lc  sx1276-board.o [1]
Chip_GPIO_SetPinDIROutput
                        0x0000468d   0x10  Code  Lc  sx1276-board.o [1]
Chip_GPIO_SetPinOutHigh
                        0x000058c5   0x10  Code  Lc  sx1276.o [1]
Chip_GPIO_SetPinOutLow  0x000058d5   0x10  Code  Lc  sx1276.o [1]
Chip_IOCON_PinSetMode   0x000001f5   0x12  Code  Gb  iocon_8xx.o [4]
Chip_IRC_SetFreq        0x000051fd   0x9c  Code  Gb  irc_8xx.o [4]
Chip_PININT_ClearIntStatus
                        0x000058c1    0x4  Code  Lc  sx1276.o [1]
Chip_PININT_EnableIntLow
                        0x00004689    0x4  Code  Lc  sx1276-board.o [1]
Chip_PININT_SetPinModeEdge
                        0x0000467b    0xe  Code  Lc  sx1276-board.o [1]
Chip_SPI_ClearCFGRegBits
                        0x000046cd    0xe  Code  Lc  sx1276-board.o [1]
Chip_SPI_ClearStatus    0x000058ed    0x4  Code  Lc  sx1276.o [1]
Chip_SPI_ConfigureSPI   0x00004709   0x1c  Code  Lc  sx1276-board.o [1]
Chip_SPI_DelayConfig    0x00004a9d   0x2c  Code  Gb  spi_8xx.o [4]
Chip_SPI_Enable         0x000046ff    0xa  Code  Lc  sx1276-board.o [1]
Chip_SPI_GetStatus      0x000058e5    0x8  Code  Lc  sx1276.o [1]
Chip_SPI_Init           0x000046db   0x24  Code  Lc  sx1276-board.o [1]
Chip_SPI_ReceiveFrame   0x00005917    0x6  Code  Lc  sx1276.o [1]
Chip_SPI_SendLastFrame  0x00005903   0x14  Code  Lc  sx1276.o [1]
Chip_SPI_SendMidFrame   0x000058ff    0x4  Code  Lc  sx1276.o [1]
Chip_SPI_SetCFGRegBits  0x000046bf    0xe  Code  Lc  sx1276-board.o [1]
Chip_SPI_SetControlInfo
                        0x000058f1    0xe  Code  Lc  sx1276.o [1]
Chip_SWM_FixedPinEnable
                        0x00004a73   0x20  Code  Gb  swm_8xx.o [4]
Chip_SWM_MovablePinAssign
                        0x00004a55   0x1e  Code  Gb  swm_8xx.o [4]
Chip_SYSCTL_AssertPeriphReset
                        0x0000460b   0x12  Code  Lc  sx1276-board.o [1]
Chip_SYSCTL_DeassertPeriphReset
                        0x0000461d   0x12  Code  Lc  sx1276-board.o [1]
Chip_SYSCTL_EnablePINTWakeup
                        0x00004647   0x10  Code  Lc  sx1276-board.o [1]
Chip_SYSCTL_PeriphReset
                        0x0000462f   0x10  Code  Lc  sx1276-board.o [1]
Chip_SYSCTL_PowerDown   0x000055fd   0x14  Code  Gb  syscon_8xx.o [4]
Chip_SYSCTL_PowerUp     0x00005611   0x14  Code  Gb  syscon_8xx.o [4]
Chip_SYSCTL_SetPinInterrupt
                        0x0000463f    0x8  Code  Lc  sx1276-board.o [1]
Chip_SetupIrcClocking   0x0000579d    0x4  Code  Gb  sysinit_8xx.o [4]
ComplianceTest          0x100003c4   0x14  Data  Gb  main.o [1]
CountChannels           0x00003b01   0x26  Code  Lc  RegionCommon.o [1]
CountNbOfEnabledChannels
                        0x000028ed   0x9a  Code  Lc  RegionCN470.o [1]
DataratesCN470          0x00002dbc    0x8  Data  Lc  RegionCN470.o [1]
DevEui                  0x100003e4    0x8  Data  Lc  main.o [1]
DeviceState             0x100003dd    0x1  Data  Lc  main.o [1]
DownLinkCounter         0x10000048    0x4  Data  Lc  LoRaMac.o [1]
DutyCycleOn             0x1000046b    0x1  Data  Lc  LoRaMac.o [1]
ExtRateIn               0x000058b0    0x4  Data  Gb  board.o [3]
FskBandwidths           0x00005b5c   0xb0  Data  Gb  sx1276.o [1]
GetBandwidth            0x000028c5   0x1e  Code  Lc  RegionCN470.o [1]
GetFskBandwidthRegValue
                        0x00005b39   0x24  Code  Lc  sx1276.o [1]
GetNextLowerTxDr        0x000028b1   0x14  Code  Lc  RegionCN470.o [1]
InStream_Read           0x00005631   0x22  Code  Lc  packbits_init.o [7]
IrqNestLevel            0x10000f1d    0x1  Data  Lc  utilities.o [1]
IsLoRaMacNetworkJoined  0x10000010    0x1  Data  Lc  LoRaMac.o [1]
IsRxWindowsEnabled      0x10000469    0x1  Data  Lc  LoRaMac.o [1]
IsTxConfirmed           0x100003da    0x1  Data  Lc  main.o [1]
IsUpLinkCounterFixed    0x10000ef4    0x1  Data  Lc  LoRaMac.o [1]
JoinRequestTrials       0x1000001d    0x1  Data  Lc  LoRaMac.o [1]
LastTxChannel           0x10000019    0x1  Data  Lc  LoRaMac.o [1]
LastTxIsJoinRequest     0x1000046c    0x1  Data  Lc  LoRaMac.o [1]
Led1Timer               0x10000418   0x14  Data  Lc  main.o [1]
Led2Timer               0x1000042c   0x14  Data  Lc  main.o [1]
Led4Timer               0x10000440   0x14  Data  Lc  main.o [1]
LimitTxPower            0x000028e3    0xa  Code  Lc  RegionCN470.o [1]
LoRaMacAppEui           0x10000030    0x4  Data  Lc  LoRaMac.o [1]
LoRaMacAppKey           0x10000034    0x4  Data  Lc  LoRaMac.o [1]
LoRaMacAppSKey          0x10000084   0x10  Data  Lc  LoRaMac.o [1]
LoRaMacBuffer           0x10000ae4  0x100  Data  Lc  LoRaMac.o [1]
LoRaMacBufferPktLen     0x10000026    0x2  Data  Lc  LoRaMac.o [1]
LoRaMacCallbacks        0x10000064    0x4  Data  Lc  LoRaMac.o [1]
LoRaMacComputeMic       0x00002471   0x8a  Code  Gb  LoRaMacCrypto.o [1]
LoRaMacDevAddr          0x1000003c    0x4  Data  Lc  LoRaMac.o [1]
LoRaMacDevEui           0x1000002c    0x4  Data  Lc  LoRaMac.o [1]
LoRaMacDevNonce         0x10000024    0x2  Data  Lc  LoRaMac.o [1]
LoRaMacDeviceClass      0x1000000d    0x1  Data  Lc  LoRaMac.o [1]
LoRaMacFlags            0x10000020    0x4  Data  Gb  LoRaMac.o [1]
LoRaMacInitialization   0x000018d1  0x208  Code  Gb  LoRaMac.o [1]
LoRaMacInitializationTime
                        0x10000058    0x4  Data  Lc  LoRaMac.o [1]
LoRaMacJoinComputeMic   0x000025cf   0x4e  Code  Gb  LoRaMacCrypto.o [1]
LoRaMacJoinComputeSKeys
                        0x00002661   0x8e  Code  Gb  LoRaMacCrypto.o [1]
LoRaMacJoinDecrypt      0x0000261d   0x44  Code  Gb  LoRaMacCrypto.o [1]
LoRaMacMaxEirpTable     0x000012e0   0x10  Data  Lc  LoRaMac.o [1]
LoRaMacMcpsRequest      0x0000216d  0x146  Code  Gb  LoRaMac.o [1]
LoRaMacMibGetRequestConfirm
                        0x00001bb1  0x154  Code  Gb  LoRaMac.o [1]
LoRaMacMibSetRequestConfirm
                        0x00001d4d  0x2ae  Code  Gb  LoRaMac.o [1]
LoRaMacMlmeRequest      0x00002025  0x138  Code  Gb  LoRaMac.o [1]
LoRaMacNetID            0x10000038    0x4  Data  Lc  LoRaMac.o [1]
LoRaMacNwkSKey          0x10000074   0x10  Data  Lc  LoRaMac.o [1]
LoRaMacParams           0x10000e58   0x38  Data  Gb  LoRaMac.o [1]
LoRaMacParamsDefaults   0x10000e90   0x38  Data  Gb  LoRaMac.o [1]
LoRaMacPayloadDecrypt   0x000025b9   0x16  Code  Gb  LoRaMacCrypto.o [1]
LoRaMacPayloadEncrypt   0x000024fb   0xbe  Code  Gb  LoRaMacCrypto.o [1]
LoRaMacPrimitives       0x10000060    0x4  Data  Lc  LoRaMac.o [1]
LoRaMacQueryTxPossible  0x00001ae1   0xc4  Code  Gb  LoRaMac.o [1]
LoRaMacRegion           0x1000000c    0x1  Data  Lc  LoRaMac.o [1]
LoRaMacRxPayload        0x10000be4  0x100  Data  Lc  LoRaMac.o [1]
LoRaMacState            0x1000005c    0x4  Data  Gb  LoRaMac.o [1]
LoRaMacTxPayloadLen     0x10000468    0x1  Data  Lc  LoRaMac.o [1]
MacCommandsBuffer       0x10000dd8   0x80  Data  Lc  LoRaMac.o [1]
MacCommandsBufferIndex  0x10000015    0x1  Data  Lc  LoRaMac.o [1]
MacCommandsBufferToRepeat
                        0x10000094   0x80  Data  Lc  LoRaMac.o [1]
MacCommandsBufferToRepeatIndex
                        0x10000016    0x1  Data  Lc  LoRaMac.o [1]
MacCommandsInNextTx     0x10000014    0x1  Data  Lc  LoRaMac.o [1]
MacStateCheckTimer      0x10000114   0x14  Data  Lc  LoRaMac.o [1]
MaxDCycle               0x1000046a    0x1  Data  Lc  LoRaMac.o [1]
MaxJoinRequestTrials    0x1000001e    0x1  Data  Lc  LoRaMac.o [1]
MaxPayloadOfDatarateCN470
                        0x00002d10    0x8  Data  Lc  RegionCN470.o [1]
MaxPayloadOfDatarateRepeaterCN470
                        0x00002d08    0x8  Data  Lc  RegionCN470.o [1]
McpsConfirm             0x10000ee0   0x14  Data  Lc  LoRaMac.o [1]
McpsConfirm             0x00004d01   0x18  Code  Lc  main.o [1]
McpsIndication          0x10000ec8   0x18  Data  Lc  LoRaMac.o [1]
McpsIndication          0x00004d31  0x1de  Code  Lc  main.o [1]
Mic                     0x10000188   0x10  Data  Lc  LoRaMacCrypto.o [1]
MicBlockB0              0x10000178   0x10  Data  Lc  LoRaMacCrypto.o [1]
MlmeConfirm             0x10000000    0xc  Data  Lc  LoRaMac.o [1]
MlmeConfirm             0x00004f15   0x42  Code  Lc  main.o [1]
MulticastChannels       0x10000040    0x4  Data  Lc  LoRaMac.o [1]
NVIC_EnableIRQ          0x000045fd    0xe  Code  Lc  sx1276-board.o [1]
NVIC_SetPriority        0x00004b55   0x44  Code  Lc  main.o [1]
NextTx                  0x100003dc    0x1  Data  Lc  main.o [1]
NodeAckRequested        0x10000012    0x1  Data  Lc  LoRaMac.o [1]
OnAckTimeoutTimerEvent  0x00000e37   0x34  Code  Lc  LoRaMac.o [1]
OnLed1TimerEvent        0x00004ce3    0xa  Code  Lc  main.o [1]
OnLed2TimerEvent        0x00004ced    0xa  Code  Lc  main.o [1]
OnLed4TimerEvent        0x00004cf7    0xa  Code  Lc  main.o [1]
OnMacStateCheckTimerEvent
                        0x00000aa9  0x282  Code  Lc  LoRaMac.o [1]
OnRadioRxDone           0x00000431  0x576  Code  Lc  LoRaMac.o [1]
OnRadioRxError          0x000009d5   0x5e  Code  Lc  LoRaMac.o [1]
OnRadioRxTimeout        0x00000a33   0x64  Code  Lc  LoRaMac.o [1]
OnRadioTxDone           0x00000301   0xe8  Code  Lc  LoRaMac.o [1]
OnRadioTxTimeout        0x000009a7   0x2e  Code  Lc  LoRaMac.o [1]
OnRxWindow1TimerEvent   0x00000d8d   0x4e  Code  Lc  LoRaMac.o [1]
OnRxWindow2TimerEvent   0x00000de1   0x56  Code  Lc  LoRaMac.o [1]
OnTxDelayedTimerEvent   0x00000d2b   0x5e  Code  Lc  LoRaMac.o [1]
OnTxNextPacketTimerEvent
                        0x00004cb3   0x30  Code  Lc  main.o [1]
OscRateIn               0x000058ac    0x4  Data  Gb  board.o [3]
PININT0_IRQHandler      0x00006c01  0x268  Code  Gb  sx1276.o [1]
PININT1_IRQHandler      0x00006e71   0xda  Code  Gb  sx1276.o [1]
PININT2_IRQHandler      0x00006f4b   0xf4  Code  Gb  sx1276.o [1]
PININT3_IRQHandler      0x0000703f   0x50  Code  Gb  sx1276.o [1]
PININT4_IRQHandler      0x0000708f   0x22  Code  Gb  sx1276.o [1]
PININT5_IRQHandler      0x000070b1    0xc  Code  Gb  sx1276.o [1]
ParseMacCommandsToRepeat
                        0x00000f85   0x5e  Code  Lc  LoRaMac.o [1]
PrepareFrame            0x00001509  0x2a2  Code  Gb  LoRaMac.o [1]
PrepareRxDoneAbort      0x000003e9   0x36  Code  Lc  LoRaMac.o [1]
PrepareTxFrame          0x00004bd5   0x7a  Code  Lc  main.o [1]
ProcessMacCommands      0x00000fe5  0x2fc  Code  Lc  LoRaMac.o [1]
PublicNetwork           0x1000000e    0x1  Data  Lc  LoRaMac.o [1]
Radio                   0x000057b0   0x5c  Data  Gb  sx1276-board.o [1]
RadioEvents             0x10000470   0x1c  Data  Lc  LoRaMac.o [1]
RadioEvents             0x100009a4    0x4  Data  Lc  sx1276.o [1]
RadioIsActive           0x10000f1c    0x1  Data  Lc  sx1276-board.o [1]
RadioRegsInit           0x00006bd0   0x30  Data  Gb  sx1276.o [1]
Region$$Table$$Base     0x00005834          --   Gb  - Linker created -
Region$$Table$$Limit    0x00005860          --   Gb  - Linker created -
RegionAdrNext           0x0000233f   0x1a  Code  Gb  Region.o [1]
RegionAlternateDr       0x00002405   0x12  Code  Gb  Region.o [1]
RegionApplyCFList       0x0000231d   0x10  Code  Gb  Region.o [1]
RegionApplyDrOffset     0x00002451   0x1a  Code  Gb  Region.o [1]
RegionCN470AdrNext      0x00002b69   0x74  Code  Gb  RegionCN470.o [1]
RegionCN470AlternateDr  0x00002f39   0x42  Code  Gb  RegionCN470.o [1]
RegionCN470ApplyDrOffset
                        0x000030e5   0x10  Code  Gb  RegionCN470.o [1]
RegionCN470CalcBackOff  0x00002f7b   0x30  Code  Gb  RegionCN470.o [1]
RegionCN470ChanMaskSet  0x00002b31   0x2c  Code  Gb  RegionCN470.o [1]
RegionCN470ComputeRxWindowParameters
                        0x00002bfd   0x48  Code  Gb  RegionCN470.o [1]
RegionCN470GetPhyParam  0x00002989   0xae  Code  Gb  RegionCN470.o [1]
RegionCN470InitDefaults
                        0x00002a5f   0x5e  Code  Gb  RegionCN470.o [1]
RegionCN470LinkAdrReq   0x00002dc5  0x114  Code  Gb  RegionCN470.o [1]
RegionCN470NextChannel  0x00002fb9   0xc0  Code  Gb  RegionCN470.o [1]
RegionCN470RxConfig     0x00002c5d   0x90  Code  Gb  RegionCN470.o [1]
RegionCN470RxParamSetupReq
                        0x00002ed9   0x5a  Code  Gb  RegionCN470.o [1]
RegionCN470SetBandTxDone
                        0x00002a3d   0x22  Code  Gb  RegionCN470.o [1]
RegionCN470SetContinuousWave
                        0x0000307d   0x48  Code  Gb  RegionCN470.o [1]
RegionCN470TxConfig     0x00002d19   0xa4  Code  Gb  RegionCN470.o [1]
RegionCN470Verify       0x00002abd   0x74  Code  Gb  RegionCN470.o [1]
RegionCalcBackOff       0x00002417   0x10  Code  Gb  Region.o [1]
RegionChanMaskSet       0x0000232d   0x12  Code  Gb  Region.o [1]
RegionCommonCalcBackOff
                        0x00003ee7   0x58  Code  Gb  RegionCommon.o [1]
RegionCommonChanMaskCopy
                        0x00003bf9   0x22  Code  Gb  RegionCommon.o [1]
RegionCommonChanVerifyDr
                        0x00003b41   0x7a  Code  Gb  RegionCommon.o [1]
RegionCommonComputeRxWindowParameters
                        0x00003e05   0xaa  Code  Gb  RegionCommon.o [1]
RegionCommonComputeSymbolTimeLoRa
                        0x00003dc9   0x2e  Code  Gb  RegionCommon.o [1]
RegionCommonComputeTxPower
                        0x00003ebd   0x2a  Code  Gb  RegionCommon.o [1]
RegionCommonCountChannels
                        0x00003bcb   0x2e  Code  Gb  RegionCommon.o [1]
RegionCommonGetJoinDc   0x00003b27   0x1a  Code  Gb  RegionCommon.o [1]
RegionCommonLinkAdrReqVerifyParams
                        0x00003d23   0xa6  Code  Gb  RegionCommon.o [1]
RegionCommonParseLinkAdrReq
                        0x00003cdb   0x48  Code  Gb  RegionCommon.o [1]
RegionCommonSetBandTxDone
                        0x00003c1b    0xa  Code  Gb  RegionCommon.o [1]
RegionCommonUpdateBandTimeOff
                        0x00003c25   0xb6  Code  Gb  RegionCommon.o [1]
RegionCommonValueInRange
                        0x00003bbb   0x10  Code  Gb  RegionCommon.o [1]
RegionComputeRxWindowParameters
                        0x00002359   0x16  Code  Gb  Region.o [1]
RegionDlChannelReq      0x000023f3   0x12  Code  Gb  Region.o [1]
RegionGetPhyParam       0x000022d1   0x16  Code  Gb  Region.o [1]
RegionInitDefaults      0x000022f7   0x10  Code  Gb  Region.o [1]
RegionIsActive          0x000022c5    0xc  Code  Gb  Region.o [1]
RegionLinkAdrReq        0x0000239d   0x20  Code  Gb  Region.o [1]
RegionNewChannelReq     0x000023cf   0x12  Code  Gb  Region.o [1]
RegionNextChannel       0x00002427   0x1a  Code  Gb  Region.o [1]
RegionRxConfig          0x0000236f   0x16  Code  Gb  Region.o [1]
RegionRxParamSetupReq   0x000023bd   0x12  Code  Gb  Region.o [1]
RegionSetBandTxDone     0x000022e7   0x10  Code  Gb  Region.o [1]
RegionSetContinuousWave
                        0x00002441   0x10  Code  Gb  Region.o [1]
RegionTxConfig          0x00002385   0x18  Code  Gb  Region.o [1]
RegionTxParamSetupReq   0x000023e1   0x12  Code  Gb  Region.o [1]
RegionVerify            0x00002307   0x16  Code  Gb  Region.o [1]
RepeaterSupport         0x1000000f    0x1  Data  Lc  LoRaMac.o [1]
ResetMacParameters      0x00001475   0x82  Code  Lc  LoRaMac.o [1]
RxChainCalibration      0x00005a91   0x8e  Code  Lc  sx1276.o [1]
RxSlot                  0x1000001f    0x1  Data  Lc  LoRaMac.o [1]
RxTimeoutSyncWord       0x10000ad0   0x14  Data  Gb  sx1276.o [1]
RxTimeoutTimer          0x10000abc   0x14  Data  Gb  sx1276.o [1]
RxTxBuffer              0x100009a8  0x100  Data  Lc  sx1276.o [1]
RxWindow1Config         0x10000454   0x14  Data  Lc  LoRaMac.o [1]
RxWindow1Delay          0x10000068    0x4  Data  Lc  LoRaMac.o [1]
RxWindow2Config         0x10000ef8   0x14  Data  Lc  LoRaMac.o [1]
RxWindow2Delay          0x1000006c    0x4  Data  Lc  LoRaMac.o [1]
RxWindowSetup           0x00000e6b   0x16  Code  Lc  LoRaMac.o [1]
RxWindowTimer1          0x1000013c   0x14  Data  Lc  LoRaMac.o [1]
RxWindowTimer2          0x10000150   0x14  Data  Lc  LoRaMac.o [1]
SX1276                  0x10000938   0x6c  Data  Gb  sx1276.o [1]
SX1276CheckRfFrequency  0x00004a09    0x4  Code  Gb  sx1276-board.o [1]
SX1276GetPaSelect       0x000049b9    0xe  Code  Gb  sx1276-board.o [1]
SX1276GetStatus         0x000059c5    0x6  Code  Gb  sx1276.o [1]
SX1276GetTimeOnAir      0x00006139  0x1e4  Code  Gb  sx1276.o [1]
SX1276Init              0x0000591d   0xa8  Code  Gb  sx1276.o [1]
SX1276IoInit            0x00004725  0x140  Code  Gb  sx1276-board.o [1]
SX1276IoIrqInit         0x00004865   0x8a  Code  Gb  sx1276-board.o [1]
SX1276IsChannelFree     0x00005a07   0x48  Code  Gb  sx1276.o [1]
SX1276OnTimeoutIrq      0x00006af1   0xce  Code  Gb  sx1276.o [1]
SX1276Random            0x00005a4f   0x42  Code  Gb  sx1276.o [1]
SX1276Read              0x00006951   0x10  Code  Gb  sx1276.o [1]
SX1276ReadBuffer        0x000069e7   0x8e  Code  Gb  sx1276.o [1]
SX1276ReadFifo          0x00006a83    0xe  Code  Gb  sx1276.o [1]
SX1276ReadRssi          0x0000681d   0x40  Code  Gb  sx1276.o [1]
SX1276Reset             0x00006871   0x28  Code  Gb  sx1276.o [1]
SX1276Send              0x0000631d  0x102  Code  Gb  sx1276.o [1]
SX1276SetAntSwLowPower  0x000049d1   0x1e  Code  Gb  sx1276-board.o [1]
SX1276SetChannel        0x000059cb   0x3c  Code  Gb  sx1276.o [1]
SX1276SetMaxPayloadLength
                        0x00006a91   0x30  Code  Gb  sx1276.o [1]
SX1276SetModem          0x000068c9   0x76  Code  Gb  sx1276.o [1]
SX1276SetOpMode         0x00006899   0x30  Code  Gb  sx1276.o [1]
SX1276SetPublicNetwork  0x00006ac1   0x26  Code  Gb  sx1276.o [1]
SX1276SetRfTxPower      0x00004905   0xaa  Code  Gb  sx1276-board.o [1]
SX1276SetRx             0x00006491  0x230  Code  Gb  sx1276.o [1]
SX1276SetRxConfig       0x00005c0d  0x2e2  Code  Gb  sx1276.o [1]
SX1276SetSleep          0x0000641f   0x24  Code  Gb  sx1276.o [1]
SX1276SetStby           0x00006443   0x24  Code  Gb  sx1276.o [1]
SX1276SetTx             0x000066c1   0xac  Code  Gb  sx1276.o [1]
SX1276SetTxConfig       0x00005f05  0x224  Code  Gb  sx1276.o [1]
SX1276SetTxContinuousWave
                        0x000067a1   0x7c  Code  Gb  sx1276.o [1]
SX1276StartCad          0x0000676d   0x2e  Code  Gb  sx1276.o [1]
SX1276Write             0x00006945    0xc  Code  Gb  sx1276.o [1]
SX1276WriteBuffer       0x00006961   0x86  Code  Gb  sx1276.o [1]
SX1276WriteFifo         0x00006a75    0xe  Code  Gb  sx1276.o [1]
ScheduleTx              0x00001325  0x10e  Code  Lc  LoRaMac.o [1]
Send                    0x000012f1   0x2c  Code  Gb  LoRaMac.o [1]
SendFrame               0x00004c4f   0x64  Code  Lc  main.o [1]
SendFrameOnChannel      0x000017b1   0x86  Code  Gb  LoRaMac.o [1]
SetTxContinuousWave     0x00001841   0x4a  Code  Gb  LoRaMac.o [1]
SetTxContinuousWave1    0x00001891   0x36  Code  Gb  LoRaMac.o [1]
SrvAckRequested         0x10000013    0x1  Data  Lc  LoRaMac.o [1]
SysTick_Config          0x00004b99   0x2a  Code  Lc  main.o [1]
SysTick_Handler         0x00000127   0x38  Code  Gb  timer.o [1]
SystemCoreClock         0x10000f18    0x4  Data  Gb  chip_8xx.o [4]
SystemCoreClockUpdate   0x000050d1   0x10  Code  Gb  chip_8xx.o [4]
SystemInit              0x000058b5    0x8  Code  Gb  sysinit.o [1]
TimerExists             0x00000171   0x18  Code  Lc  timer.o [1]
TimerGetCurrentTime     0x00000199    0x6  Code  Gb  timer.o [1]
TimerInit               0x000000c1   0x10  Code  Gb  timer.o [1]
TimerListHead           0x10000f10    0x4  Data  Lc  timer.o [1]
TimerSetValue           0x00000189   0x10  Code  Gb  timer.o [1]
TimerStart              0x000000d1   0x56  Code  Gb  timer.o [1]
TimerStop               0x0000015f   0x12  Code  Gb  timer.o [1]
TxDelayedTimer          0x10000128   0x14  Data  Lc  LoRaMac.o [1]
TxDutyCycleTime         0x100003e0    0x4  Data  Lc  main.o [1]
TxNextPacketTimer       0x10000404   0x14  Data  Lc  main.o [1]
TxTimeOnAir             0x10000070    0x4  Data  Gb  LoRaMac.o [1]
TxTimeoutTimer          0x10000aa8   0x14  Data  Gb  sx1276.o [1]
UpLinkCounter           0x10000044    0x4  Data  Lc  LoRaMac.o [1]
ValidatePayloadLength   0x00000e81   0x3e  Code  Lc  LoRaMac.o [1]
__Vectors               0x00000000          --   Gb  iar_startup_lpc82x.o [1]
__Vectors_End           0x000000c0         Data  Gb  iar_startup_lpc82x.o [1]
__Vectors_Size {Abs}    0x000000c0          --   Gb  iar_startup_lpc82x.o [1]
__aeabi_cdrcmple        0x000001c3         Code  Gb  DblCmpGe.o [6]
__aeabi_d2iz            0x00004409         Code  Gb  DblToI32.o [6]
__aeabi_d2uiz           0x0000442d         Code  Gb  DblToI32.o [6]
__aeabi_dadd            0x000041fb         Code  Gb  DblAddSub.o [6]
__aeabi_ddiv            0x00003fb5         Code  Gb  DblDiv.o [6]
__aeabi_dmul            0x00004077         Code  Gb  DblMul.o [6]
__aeabi_dsub            0x000042c1         Code  Gb  DblAddSub.o [6]
__aeabi_f2d             0x00004571         Code  Gb  FltToDbl.o [6]
__aeabi_fsub            0x000044c1         Code  Gb  FltAddSub.o [6]
__aeabi_i2d             0x00003f81         Code  Gb  I32ToDbl.o [6]
__aeabi_idiv            0x000027d1         Code  Gb  I32DivModFast.o [7]
__aeabi_idivmod         0x000027d1         Code  Gb  I32DivModFast.o [7]
__aeabi_memclr4         0x00003f7d         Code  Gb  ABImemset.o [7]
__aeabi_memclr8         0x00003f7d         Code  Gb  ABImemset.o [7]
__aeabi_memset4         0x00003f41         Code  Gb  ABImemset.o [7]
__aeabi_memset8         0x00003f41         Code  Gb  ABImemset.o [7]
__aeabi_ui2d            0x00003f95         Code  Gb  I32ToDbl.o [6]
__aeabi_ui2f            0x000001a5         Code  Gb  I32ToFlt.o [6]
__aeabi_uidiv           0x000027d7         Code  Gb  I32DivModFast.o [7]
__aeabi_uidivmod        0x000027d7         Code  Gb  I32DivModFast.o [7]
__cmain                 0x00005861         Code  Gb  cmain.o [7]
__exit                  0x00005715         Code  Gb  XXexit.o [7]
__iar_Dint              0x00004ac9   0x8c  Code  Gb  xdint.o [6]
__iar_Memset4_word      0x00003f4d         Code  Gb  ABImemset.o [7]
__iar_ceil              0x000043b1         Code  Gb  ceil.o [6]
__iar_ceill             0x000043b1         Code  Gb  ceil.o [6]
__iar_d2uiz             0x00004431         Code  Gb  DblToI32.o [6]
__iar_data_init3        0x0000580d   0x28  Code  Gb  data_init.o [7]
__iar_floor             0x000045a5         Code  Gb  floor.o [6]
__iar_floorl            0x000045a5         Code  Gb  floor.o [6]
__iar_packbits_init3    0x00005653   0xb6  Code  Gb  packbits_init.o [7]
__iar_program_start     0x000058a1         Code  Gb  cstartup_M.o [7]
__iar_ui2d              0x00003f99         Code  Gb  I32ToDbl.o [6]
__iar_ui2f              0x000001a9         Code  Gb  I32ToFlt.o [6]
__iar_zero_init3        0x00002885   0x2a  Code  Gb  zero_init3.o [7]
__vector_table          0x00000000         Data  Gb  iar_startup_lpc82x.o [1]
__vector_table_0x1c     0x00000010         Data  Gb  iar_startup_lpc82x.o [1]
_call_main              0x0000586d         Code  Gb  cmain.o [7]
_exit                   0x00005885         Code  Gb  cexit.o [7]
_main                   0x00005877         Code  Gb  cmain.o [7]
aBlock                  0x100002b0   0x10  Data  Lc  LoRaMacCrypto.o [1]
abort                   0x00005709    0xa  Code  Gb  abort.o [5]
add_round_key           0x000034a1    0x8  Code  Lc  aes.o [1]
aes_encrypt             0x000039af   0x52  Code  Gb  aes.o [1]
aes_set_key             0x000038ad  0x102  Code  Gb  aes.o [1]
ceil                    0x000043b1         Code  Gb  ceil.o [6]
ceill                   0x000043b1         Code  Gb  ceil.o [6]
chip_version            0x10000f14    0x4  Data  Gb  sx1276.o [1]
config_tab              0x000052a8  0x354  Data  Lc  irc_8xx.o [4]
config_tab_idx          0x10000ef6    0x2  Data  Lc  irc_8xx.o [4]
copy_and_key            0x0000341b   0x86  Code  Lc  aes.o [1]
copy_block              0x00003341   0x42  Code  Lc  aes.o [1]
copy_block_nn           0x00003383   0x16  Code  Lc  aes.o [1]
exit                    0x0000587b    0x8  Code  Gb  exit.o [5]
floor                   0x000045a5         Code  Gb  floor.o [6]
floorl                  0x000045a5         Code  Gb  floor.o [6]
gfm2_sbox               0x000037ac  0x100  Data  Lc  aes.o [1]
gfm3_sbox               0x000036ac  0x100  Data  Lc  aes.o [1]
main                    0x00004f69  0x132  Code  Gb  main.o [1]
memcpy1                 0x0000272f   0x16  Code  Gb  utilities.o [1]
memcpyr                 0x00002745   0x1a  Code  Gb  utilities.o [1]
memset1                 0x0000275f   0x12  Code  Gb  utilities.o [1]
mix_sub_columns         0x0000350d  0x19a  Code  Lc  aes.o [1]
next                    0x100004b4    0x4  Data  Lc  utilities.o [1]
rand1                   0x000026f9   0x1a  Code  Gb  utilities.o [1]
randr                   0x00002719   0x16  Code  Gb  utilities.o [1]
round                   0x00004a0d   0x48  Code  Gb  round.o [6]
sBlock                  0x100002c0   0x10  Data  Lc  LoRaMacCrypto.o [1]
sbox                    0x00003a00  0x100  Data  Lc  aes.o [1]
shift_sub_rows          0x000034a9   0x64  Code  Lc  aes.o [1]
srand1                  0x00002713    0x6  Code  Gb  utilities.o [1]
systicks                0x10000f0c    0x4  Data  Gb  timer.o [1]
wdtOSCRate              0x000051b4   0x40  Data  Lc  clock_8xx.o [4]
xor_block               0x00003399   0x82  Code  Lc  aes.o [1]


[1] = E:\µêÆÌ×°ÐÞ\Íø¹Ø\nxp_lpcxpresso_824max\lpcxpresso824\prj_xpresso82x\iar\freertos_blinky\ClassA\Obj
[2] = command line
[3] = board_nxp_lpcxpresso_824.a
[4] = chip_8xx_lib.a
[5] = dl6M_tln.a
[6] = m6M_tl.a
[7] = rt6M_tl.a

  28 486 bytes of readonly  code memory
     210 bytes of readonly  data memory
   4 894 bytes of readwrite data memory

Errors: none
Warnings: none
