###############################################################################
#
# IAR ELF Linker V7.30.3.8024/W32 for ARM                 04/Dec/2017  20:11:41
# Copyright 2007-2014 IAR Systems AB.
#
#    Output file  =  
#        E:\LoRaProduct\source
#        code\nxp_lpcxpresso_824max\lpcxpresso824\prj_xpresso82x\iar\freertos_blinky\iflash_nxp_lpcxpresso_812\Exe\freertos_blinky.out.tmp
#    Map file     =  
#        E:\LoRaProduct\source
#        code\nxp_lpcxpresso_824max\lpcxpresso824\prj_xpresso82x\iar\freertos_blinky\iflash_nxp_lpcxpresso_812\List\freertos_blinky.map
#    Command line =  
#        "E:\LoRaProduct\source
#        code\nxp_lpcxpresso_824max\lpcxpresso824\prj_xpresso82x\iar\freertos_blinky\iflash_nxp_lpcxpresso_812\Obj\aes.o"
#        "E:\LoRaProduct\source
#        code\nxp_lpcxpresso_824max\lpcxpresso824\prj_xpresso82x\iar\lib_board_lpcxpresso824\iar_output\Exe\board_nxp_lpcxpresso_824.a"
#        "E:\LoRaProduct\source
#        code\nxp_lpcxpresso_824max\lpcxpresso824\prj_xpresso82x\iar\freertos_blinky\iflash_nxp_lpcxpresso_812\Obj\buffer.o"
#        "E:\LoRaProduct\source
#        code\nxp_lpcxpresso_824max\lpcxpresso824\prj_xpresso82x\iar\lib_chip_8xx\iar_output\Exe\chip_8xx_lib.a"
#        "E:\LoRaProduct\source
#        code\nxp_lpcxpresso_824max\lpcxpresso824\prj_xpresso82x\iar\freertos_blinky\iflash_nxp_lpcxpresso_812\Obj\cmac.o"
#        "E:\LoRaProduct\source
#        code\nxp_lpcxpresso_824max\lpcxpresso824\prj_xpresso82x\iar\freertos_blinky\iflash_nxp_lpcxpresso_812\Obj\debug.o"
#        "E:\LoRaProduct\source
#        code\nxp_lpcxpresso_824max\lpcxpresso824\prj_xpresso82x\iar\freertos_blinky\iflash_nxp_lpcxpresso_812\Obj\frame.o"
#        "E:\LoRaProduct\source
#        code\nxp_lpcxpresso_824max\lpcxpresso824\prj_xpresso82x\iar\freertos_blinky\iflash_nxp_lpcxpresso_812\Obj\hex.o"
#        "E:\LoRaProduct\source
#        code\nxp_lpcxpresso_824max\lpcxpresso824\prj_xpresso82x\iar\freertos_blinky\iflash_nxp_lpcxpresso_812\Obj\iar_startup_lpc82x.o"
#        "E:\LoRaProduct\source
#        code\nxp_lpcxpresso_824max\lpcxpresso824\prj_xpresso82x\iar\freertos_blinky\iflash_nxp_lpcxpresso_812\Obj\LoRaMac.o"
#        "E:\LoRaProduct\source
#        code\nxp_lpcxpresso_824max\lpcxpresso824\prj_xpresso82x\iar\freertos_blinky\iflash_nxp_lpcxpresso_812\Obj\LoRaMacCrypto.o"
#        "E:\LoRaProduct\source
#        code\nxp_lpcxpresso_824max\lpcxpresso824\prj_xpresso82x\iar\freertos_blinky\iflash_nxp_lpcxpresso_812\Obj\main.o"
#        "E:\LoRaProduct\source
#        code\nxp_lpcxpresso_824max\lpcxpresso824\prj_xpresso82x\iar\freertos_blinky\iflash_nxp_lpcxpresso_812\Obj\modem.o"
#        "E:\LoRaProduct\source
#        code\nxp_lpcxpresso_824max\lpcxpresso824\prj_xpresso82x\iar\freertos_blinky\iflash_nxp_lpcxpresso_812\Obj\Region.o"
#        "E:\LoRaProduct\source
#        code\nxp_lpcxpresso_824max\lpcxpresso824\prj_xpresso82x\iar\freertos_blinky\iflash_nxp_lpcxpresso_812\Obj\RegionCN470.o"
#        "E:\LoRaProduct\source
#        code\nxp_lpcxpresso_824max\lpcxpresso824\prj_xpresso82x\iar\freertos_blinky\iflash_nxp_lpcxpresso_812\Obj\RegionCommon.o"
#        "E:\LoRaProduct\source
#        code\nxp_lpcxpresso_824max\lpcxpresso824\prj_xpresso82x\iar\freertos_blinky\iflash_nxp_lpcxpresso_812\Obj\sx1276-board.o"
#        "E:\LoRaProduct\source
#        code\nxp_lpcxpresso_824max\lpcxpresso824\prj_xpresso82x\iar\freertos_blinky\iflash_nxp_lpcxpresso_812\Obj\sx1276.o"
#        "E:\LoRaProduct\source
#        code\nxp_lpcxpresso_824max\lpcxpresso824\prj_xpresso82x\iar\freertos_blinky\iflash_nxp_lpcxpresso_812\Obj\sysinit.o"
#        "E:\LoRaProduct\source
#        code\nxp_lpcxpresso_824max\lpcxpresso824\prj_xpresso82x\iar\freertos_blinky\iflash_nxp_lpcxpresso_812\Obj\timer.o"
#        "E:\LoRaProduct\source
#        code\nxp_lpcxpresso_824max\lpcxpresso824\prj_xpresso82x\iar\freertos_blinky\iflash_nxp_lpcxpresso_812\Obj\usart.o"
#        "E:\LoRaProduct\source
#        code\nxp_lpcxpresso_824max\lpcxpresso824\prj_xpresso82x\iar\freertos_blinky\iflash_nxp_lpcxpresso_812\Obj\utilities.o"
#        -o "E:\LoRaProduct\source
#        code\nxp_lpcxpresso_824max\lpcxpresso824\prj_xpresso82x\iar\freertos_blinky\iflash_nxp_lpcxpresso_812\Exe\freertos_blinky.out.tmp"
#        --map "E:\LoRaProduct\source
#        code\nxp_lpcxpresso_824max\lpcxpresso824\prj_xpresso82x\iar\freertos_blinky\iflash_nxp_lpcxpresso_812\List\freertos_blinky.map"
#        --config "C:\Program Files (x86)\IAR Systems\Embedded Workbench
#        7.0\arm\config\linker\NXP\LPC824M201.icf" --entry __iar_program_start
#        --inline --vfe
#
###############################################################################

*******************************************************************************
*** RUNTIME MODEL ATTRIBUTES
***

CppFlavor       = *
__SystemLibrary = DLib


*******************************************************************************
*** PLACEMENT SUMMARY
***

"A1":  place at 0x00000000 { ro section .intvec };
"P1":  place in [from 0x00000000 to 0x000002fb] |
                [from 0x00000300 to 0x00007fff] { ro };
"P2":  place in [from 0x10000000 to 0x10001fff] { rw, block CSTACK, block HEAP };
"P3":  place in [from 0x000002fc to 0x000002ff] { section .crp };

  Section            Kind        Address    Size  Object
  -------            ----        -------    ----  ------
"A1":                                       0xc0
  .intvec            ro code  0x00000000    0xc0  iar_startup_lpc82x.o [1]
                            - 0x000000c0    0xc0

"P1", part 1 of 2:                         0x228
  .text              ro code  0x000000c0    0xd8  timer.o [1]
  .text              ro code  0x00000198    0x1e  I32ToFlt.o [6]
  .text              ro code  0x000001b6    0x2a  zero_init3.o [7]
  .text              ro code  0x000001e0     0x2  iar_startup_lpc82x.o [1]
  .text              ro code  0x000001e4    0x48  swm_8xx.o [4]
  .text              ro code  0x0000022c    0x12  iocon_8xx.o [4]
  .text              ro code  0x0000023e     0x2  iar_startup_lpc82x.o [1]
  .text              ro code  0x00000240    0x18  gpio_8xx.o [4]
  .text              ro code  0x00000258    0x6a  I64DivMod.o [7]
  .rodata            const    0x000002c2     0x0  zero_init3.o [7]
  .rodata            const    0x000002c2     0x0  packbits_init.o [7]
  .text              ro code  0x000002c4    0x14  sysinit_8xx.o [4]
  .text              ro code  0x000002d8    0x10  iar_startup_lpc82x.o [1]
                            - 0x000002e8   0x228

"P3":                                        0x4
  .crp               ro code  0x000002fc     0x4  iar_startup_lpc82x.o [1]
                            - 0x00000300     0x4

"P1", part 2 of 2:                        0x7c6d
  .text              ro code  0x00000300  0x1d60  LoRaMac.o [1]
  .text              ro code  0x00002060   0x138  debug.o [1]
  .text              ro code  0x00002198   0x654  modem.o [1]
  .text              ro code  0x000027ec   0x1a8  Region.o [1]
  .text              ro code  0x00002994   0x268  LoRaMacCrypto.o [1]
  .text              ro code  0x00002bfc    0xa8  utilities.o [1]
  .text              ro code  0x00002ca4    0xe0  I32DivModFast.o [7]
  .text              ro code  0x00002d84    0x5c  ABImemcpy.o [7]
  .text              ro code  0x00002de0   0x178  uart_8xx.o [4]
  .text              ro code  0x00002f58    0xb4  iap.o [4]
  .text              ro code  0x0000300c   0x255  board.o [3]
  .text              ro code  0x00003262    0x10  strlen.o [7]
  .text              ro code  0x00003272     0x2  iar_startup_lpc82x.o [1]
  .text              ro code  0x00003274    0xc0  buffer.o [1]
  .text              ro code  0x00003334   0x1e8  hex.o [1]
  .text              ro code  0x0000351c    0x54  ABImemset.o [7]
  .text              ro code  0x00003570    0xa8  usart.o [1]
  .text              ro code  0x00003618    0xc8  frame.o [1]
  .text              ro code  0x000036e0   0x7cc  RegionCN470.o [1]
  .text              ro code  0x00003eac   0x22c  cmac.o [1]
  .text              ro code  0x000040d8   0x7b4  aes.o [1]
  .text              ro code  0x0000488c   0x1b4  clock_8xx.o [4]
  .text              ro code  0x00004a40   0x1c6  ring_buffer.o [4]
  .text              ro code  0x00004c08   0x404  RegionCommon.o [1]
  .text              ro code  0x0000500c     0x2  iar_startup_lpc82x.o [1]
  .text              ro code  0x00005010    0x34  I32ToDbl.o [6]
  .text              ro code  0x00005044    0xc2  DblDiv.o [6]
  .text              ro code  0x00005106   0x184  DblMul.o [6]
  .text              ro code  0x0000528a   0x1b4  DblAddSub.o [6]
  .text              ro code  0x00005440    0x58  ceil.o [6]
  .text              ro code  0x00005498    0x52  DblToI32.o [6]
  .text              ro code  0x000054ea   0x116  FltAddSub.o [6]
  .text              ro code  0x00005600    0x32  FltToDbl.o [6]
  .text              ro code  0x00005634    0x58  floor.o [6]
  .text              ro code  0x0000568c   0x358  sx1276-board.o [1]
  .text              ro code  0x000059e4    0x48  round.o [6]
  .text              ro code  0x00005a2c    0x32  DblCmpGe.o [6]
  .text              ro code  0x00005a60    0x44  spim_8xx.o [4]
  .text              ro code  0x00005aa4    0x2c  spi_8xx.o [4]
  .text              ro code  0x00005ad0    0x8c  xdint.o [6]
  .text              ro code  0x00005b5c   0x42c  main.o [1]
  .text              ro code  0x00005f88    0x10  chip_8xx.o [4]
  .text              ro code  0x00005f98   0x408  irc_8xx.o [4]
  .text              ro code  0x000063a0    0x34  syscon_8xx.o [4]
  .rodata            const    0x000063d4   0x100  debug.o [1]
  .text              ro code  0x000064d4    0xd8  packbits_init.o [7]
  .text              ro code  0x000065ac     0xa  abort.o [5]
  .text              ro code  0x000065b8     0xc  XXexit.o [7]
  .rodata            const    0x000065c4    0xb0  modem.o [1]
  .text              ro code  0x00006674    0x7a  board_sysinit.o [3]
  .rodata            const    0x000066f0    0x5c  sx1276-board.o [1]
  .text              ro code  0x0000674c    0x28  data_init.o [7]
  .iar.init_table    const    0x00006774    0x2c  - Linker created -
  .text              ro code  0x000067a0    0x1a  cmain.o [7]
  .text              ro code  0x000067ba     0x8  exit.o [5]
  .text              ro code  0x000067c4     0xa  cexit.o [7]
  .text              ro code  0x000067ce     0xc  cstartup_M.o [7]
  .rodata            const    0x000067dc     0x8  board.o [3]
  .text              ro code  0x000067e4     0x8  sysinit.o [1]
  .text              ro code  0x000067ec     0x4  iar_startup_lpc82x.o [1]
  .text              ro code  0x000067f0  0x16b0  sx1276.o [1]
  Initializer bytes  ro data  0x00007ea0    0xcd  <for P2 s0>
                            - 0x00007f6d  0x7c6d

"P2":                                     0x1aa0
  P2 s0                       0x10000000   0x534  <Init block>
    .data            inited   0x10000000   0x138  LoRaMacCrypto.o [1]
    .data            inited   0x10000138   0x114  LoRaMacCrypto.o [1]
    .data            inited   0x1000024c    0xf8  LoRaMac.o [1]
    .data            inited   0x10000344    0xe4  modem.o [1]
    .data            inited   0x10000428    0x54  debug.o [1]
    .data            inited   0x1000047c    0x54  main.o [1]
    .data            inited   0x100004d0    0x38  LoRaMac.o [1]
    .data            inited   0x10000508    0x28  RegionCN470.o [1]
    .data            inited   0x10000530     0x4  utilities.o [1]
  .bss               zero     0x10000534   0x480  RegionCN470.o [1]
  .bss               zero     0x100009b4   0x40c  buffer.o [1]
  .bss               zero     0x10000dc0   0x1ac  sx1276.o [1]
  .bss               zero     0x10000f6c   0x180  modem.o [1]
  .bss               zero     0x100010ec   0x100  LoRaMac.o [1]
  .bss               zero     0x100011ec   0x100  LoRaMac.o [1]
  .bss               zero     0x100012ec    0xf4  main.o [1]
  .bss               zero     0x100013e0    0xa8  usart.o [1]
  .bss               zero     0x10001488    0x80  LoRaMac.o [1]
  .bss               zero     0x10001508    0x80  LoRaMac.o [1]
  .bss               zero     0x10001588    0x70  LoRaMac.o [1]
  .bss               zero     0x100015f8    0x40  modem.o [1]
  .bss               zero     0x10001638    0x18  LoRaMac.o [1]
  .bss               zero     0x10001650    0x15  LoRaMac.o [1]
  .bss               zero     0x10001666     0x2  irc_8xx.o [4]
  .bss               zero     0x10001668    0x14  LoRaMac.o [1]
  .bss               zero     0x1000167c    0x10  frame.o [1]
  .bss               zero     0x1000168c     0x8  timer.o [1]
  .bss               zero     0x10001694     0x4  sx1276.o [1]
  .bss               zero     0x10001698     0x4  chip_8xx.o [4]
  .bss               zero     0x1000169c     0x1  modem.o [1]
  .bss               zero     0x1000169d     0x1  modem.o [1]
  .bss               zero     0x1000169e     0x1  sx1276-board.o [1]
  .bss               zero     0x1000169f     0x1  utilities.o [1]
  CSTACK                      0x100016a0   0x400  <Block>
    CSTACK           uninit   0x100016a0   0x400  <Block tail>
                            - 0x10001aa0  0x1aa0


*******************************************************************************
*** INIT TABLE
***

          Address     Size
          -------     ----
Zero (__iar_zero_init3)
    1 destination range, total size 0x116c:
          0x10000534  0x116c

Copy/packbits (__iar_packbits_init3)
    1 source range, total size 0xcd (15% of destination):
          0x00007ea0    0xcd
    1 destination range, total size 0x534:
          0x10000000   0x534



*******************************************************************************
*** MODULE SUMMARY
***

    Module                ro code  ro data  rw data
    ------                -------  -------  -------
E:\LoRaProduct\source code\nxp_lpcxpresso_824max\lpcxpresso824\prj_xpresso82x\iar\freertos_blinky\iflash_nxp_lpcxpresso_812\Obj: [1]
    LoRaMac.o               7 520       47    1 249
    LoRaMacCrypto.o           616       90      588
    Region.o                  424
    RegionCN470.o           1 996        6    1 192
    RegionCommon.o          1 028
    aes.o                   1 972
    buffer.o                  192             1 036
    cmac.o                    556
    debug.o                   312      269       84
    frame.o                   200                16
    hex.o                     488
    iar_startup_lpc82x.o      224
    main.o                  1 068       13      328
    modem.o                 1 620      211      678
    sx1276-board.o            856       92        1
    sx1276.o                5 808               432
    sysinit.o                   8
    timer.o                   216                 8
    usart.o                   168               168
    utilities.o               168        1        5
    -----------------------------------------------
    Total:                 25 440      729    5 785

command line: [2]
    -----------------------------------------------
    Total:

board_nxp_lpcxpresso_824.a: [3]
    board.o                   597        8
    board_sysinit.o           122
    -----------------------------------------------
    Total:                    719        8

chip_8xx_lib.a: [4]
    chip_8xx.o                 16                 4
    clock_8xx.o               436
    gpio_8xx.o                 24
    iap.o                     180
    iocon_8xx.o                18
    irc_8xx.o               1 032                 2
    ring_buffer.o             454
    spi_8xx.o                  44
    spim_8xx.o                 68
    swm_8xx.o                  72
    syscon_8xx.o               52
    sysinit_8xx.o              20
    uart_8xx.o                376
    -----------------------------------------------
    Total:                  2 792                 6

dl6M_tln.a: [5]
    abort.o                    10
    exit.o                      8
    -----------------------------------------------
    Total:                     18

m6M_tl.a: [6]
    DblAddSub.o               436
    DblCmpGe.o                 50
    DblDiv.o                  194
    DblMul.o                  388
    DblToI32.o                 82
    FltAddSub.o               278
    FltToDbl.o                 50
    I32ToDbl.o                 52
    I32ToFlt.o                 30
    ceil.o                     88
    floor.o                    88
    round.o                    72
    xdint.o                   140
    -----------------------------------------------
    Total:                  1 948

rt6M_tl.a: [7]
    ABImemcpy.o                92
    ABImemset.o                84
    I32DivModFast.o           224
    I64DivMod.o               106
    XXexit.o                   12
    cexit.o                    10
    cmain.o                    26
    cstartup_M.o               12
    data_init.o                40
    packbits_init.o           216
    strlen.o                   16
    zero_init3.o               42
    -----------------------------------------------
    Total:                    880

    Gaps                       19        4        1
    Linker created                      44    1 024
---------------------------------------------------
    Grand Total:           31 816      785    6 816


*******************************************************************************
*** ENTRY LIST
***

Entry                      Address   Size  Type      Object
-----                      -------   ----  ----      ------
?main                   0x000067a1         Code  Gb  cmain.o [7]
AES_CMAC_Final          0x00003fa1  0x138  Code  Gb  cmac.o [1]
AES_CMAC_Init           0x00003ead   0x22  Code  Gb  cmac.o [1]
AES_CMAC_SetKey         0x00003ecf   0x10  Code  Gb  cmac.o [1]
AES_CMAC_Update         0x00003edf   0xc2  Code  Gb  cmac.o [1]
AckTimeoutRetries       0x10000266    0x1  Data  Lc  LoRaMac.o [1]
AckTimeoutRetriesCounter
                        0x10000267    0x1  Data  Lc  LoRaMac.o [1]
AckTimeoutRetry         0x10000268    0x1  Data  Lc  LoRaMac.o [1]
AckTimeoutTimer         0x10000330   0x14  Data  Lc  LoRaMac.o [1]
AddMacCommand           0x00000e51   0x98  Code  Lc  LoRaMac.o [1]
AdrAckCounter           0x10000298    0x4  Data  Lc  LoRaMac.o [1]
AdrCtrlOn               0x1000025d    0x1  Data  Lc  LoRaMac.o [1]
AesCmacCtx              0x10000020  0x118  Data  Lc  LoRaMacCrypto.o [1]
AesContext              0x10000158   0xf4  Data  Lc  LoRaMacCrypto.o [1]
AggregatedDCycle        0x10000274    0x2  Data  Lc  LoRaMac.o [1]
AggregatedLastTxDoneTime
                        0x1000029c    0x4  Data  Lc  LoRaMac.o [1]
AggregatedTimeOff       0x100002a0    0x4  Data  Lc  LoRaMac.o [1]
AppData                 0x100012ec   0xf4  Data  Lc  main.o [1]
AppDataSize             0x10000491    0x1  Data  Lc  main.o [1]
AppEui                  0x100004a4    0x8  Data  Lc  main.o [1]
AppKey                  0x100004ac   0x10  Data  Lc  main.o [1]
AppLedStateOn           0x10000493    0x1  Data  Lc  main.o [1]
AppPort                 0x10000490    0x1  Data  Lc  main.o [1]
Bands                   0x10000520   0x10  Data  Lc  RegionCN470.o [1]
BandwidthsCN470         0x000039d4   0x18  Data  Lc  RegionCN470.o [1]
BoardDisableIrq         0x00002c71    0xc  Code  Gb  utilities.o [1]
BoardEnableIrq          0x00002c7d   0x10  Code  Gb  utilities.o [1]
BoardGetBatteryLevel    0x00005db5    0x4  Code  Gb  main.o [1]
Board_Debug_Init        0x00003065   0x2c  Code  Gb  board.o [3]
Board_GPIO_Init         0x00003091  0x17a  Code  Gb  board.o [3]
Board_Init              0x0000320d   0x36  Code  Gb  board.o [3]
Board_LED_Set           0x0000304b   0x1a  Code  Gb  board.o [3]
Board_SetupClocking     0x00006687   0x48  Code  Gb  board_sysinit.o [3]
Board_SystemInit        0x000066e1    0xe  Code  Gb  board_sysinit.o [3]
CSTACK$$Base            0x100016a0          --   Gb  - Linker created -
CSTACK$$Limit           0x10001aa0          --   Gb  - Linker created -
Channel                 0x10000264    0x1  Data  Lc  LoRaMac.o [1]
Channels                0x10000534  0x480  Data  Lc  RegionCN470.o [1]
ChannelsDefaultMask     0x10000514    0xc  Data  Lc  RegionCN470.o [1]
ChannelsMask            0x10000508    0xc  Data  Lc  RegionCN470.o [1]
ChannelsNbRepCounter    0x10000263    0x1  Data  Lc  LoRaMac.o [1]
Chip_Clock_DisablePeriphClock
                        0x0000301f   0x12  Code  Lc  board.o [3]
Chip_Clock_EnablePeriphClock
                        0x000056c9   0x12  Code  Lc  sx1276-board.o [1]
Chip_Clock_EnablePeriphClock
                        0x0000300d   0x12  Code  Lc  board.o [3]
Chip_Clock_EnablePeriphClock
                        0x00006675   0x12  Code  Lc  board_sysinit.o [3]
Chip_Clock_GetMainClockRate
                        0x000048fd   0x30  Code  Gb  clock_8xx.o [4]
Chip_Clock_GetSystemClockRate
                        0x0000492d   0x12  Code  Gb  clock_8xx.o [4]
Chip_Clock_GetSystemPLLInClockRate
                        0x000048c3   0x26  Code  Gb  clock_8xx.o [4]
Chip_Clock_GetSystemPLLOutClockRate
                        0x000048e9   0x14  Code  Gb  clock_8xx.o [4]
Chip_Clock_GetUSARTNBaseClockRate
                        0x0000493f   0x36  Code  Gb  clock_8xx.o [4]
Chip_Clock_GetWDTOSCRate
                        0x000048a1   0x22  Code  Gb  clock_8xx.o [4]
Chip_Clock_SetMainClockSource
                        0x00004891    0x2  Code  Gb  clock_8xx.o [4]
Chip_Clock_SetSystemPLLSource
                        0x0000488d    0x4  Code  Gb  clock_8xx.o [4]
Chip_Clock_SetUSARTNBaseClockRate
                        0x00004975   0x5a  Code  Gb  clock_8xx.o [4]
Chip_FMC_SetFLASHAccess
                        0x00005f99    0x8  Code  Lc  irc_8xx.o [4]
Chip_GPIO_Init          0x00000241   0x10  Code  Gb  gpio_8xx.o [4]
Chip_GPIO_SetPinDIR     0x000056fd   0x1c  Code  Lc  sx1276-board.o [1]
Chip_GPIO_SetPinDIRInput
                        0x000056ed   0x10  Code  Lc  sx1276-board.o [1]
Chip_GPIO_SetPinState   0x00003043    0x8  Code  Lc  board.o [3]
Chip_IAP_CopyRamToFlash
                        0x00002f6f   0x1e  Code  Gb  iap.o [4]
Chip_IAP_EraseSector    0x00002f95    0x8  Code  Gb  iap.o [4]
Chip_IAP_PreSectorForReadWrite
                        0x00002f61    0xe  Code  Gb  iap.o [4]
Chip_IAP_ReadPID        0x00002f9d   0x16  Code  Gb  iap.o [4]
Chip_IAP_ReadUID        0x00002fb3   0x2a  Code  Gb  iap.o [4]
Chip_IOCON_PinSetMode   0x0000022d   0x12  Code  Gb  iocon_8xx.o [4]
Chip_IRC_SetFreq        0x00005fa1   0x9c  Code  Gb  irc_8xx.o [4]
Chip_PININT_ClearIntStatus
                        0x000067f1    0x4  Code  Lc  sx1276.o [1]
Chip_PININT_EnableIntHigh
                        0x000056e9    0x4  Code  Lc  sx1276-board.o [1]
Chip_PININT_SetPinModeEdge
                        0x000056db    0xe  Code  Lc  sx1276-board.o [1]
Chip_SPIM_GetClockRate  0x00005a61   0x14  Code  Gb  spim_8xx.o [4]
Chip_SPIM_SetClockRate  0x00005a75   0x2c  Code  Gb  spim_8xx.o [4]
Chip_SPI_ClearStatus    0x000067fd    0x4  Code  Lc  sx1276.o [1]
Chip_SPI_DelayConfig    0x00005aa5   0x2c  Code  Gb  spi_8xx.o [4]
Chip_SPI_GetStatus      0x000067f5    0x8  Code  Lc  sx1276.o [1]
Chip_SPI_ReceiveFrame   0x00006823    0x6  Code  Lc  sx1276.o [1]
Chip_SPI_SendLastFrame  0x00006811   0x12  Code  Lc  sx1276.o [1]
Chip_SPI_SendMidFrame   0x0000680d    0x4  Code  Lc  sx1276.o [1]
Chip_SPI_SetCFGRegBits  0x00005719    0x6  Code  Lc  sx1276-board.o [1]
Chip_SPI_SetControlInfo
                        0x00006801    0xc  Code  Lc  sx1276.o [1]
Chip_SWM_DisableFixedPin
                        0x00003031   0x12  Code  Lc  board.o [3]
Chip_SWM_FixedPinEnable
                        0x00000203   0x20  Code  Gb  swm_8xx.o [4]
Chip_SWM_MovablePinAssign
                        0x000001e5   0x1e  Code  Gb  swm_8xx.o [4]
Chip_SYSCTL_EnablePINTWakeup
                        0x000056b9   0x10  Code  Lc  sx1276-board.o [1]
Chip_SYSCTL_PeriphReset
                        0x0000569b   0x16  Code  Lc  sx1276-board.o [1]
Chip_SYSCTL_PeriphReset
                        0x00002de1   0x1c  Code  Lc  uart_8xx.o [4]
Chip_SYSCTL_PowerDown   0x000063a1   0x14  Code  Gb  syscon_8xx.o [4]
Chip_SYSCTL_PowerUp     0x000063b5   0x14  Code  Gb  syscon_8xx.o [4]
Chip_SYSCTL_SetPinInterrupt
                        0x000056b1    0x8  Code  Lc  sx1276-board.o [1]
Chip_SetupIrcClocking   0x000002c5    0x4  Code  Gb  sysinit_8xx.o [4]
Chip_UART_GetStatus     0x00002e0d    0x8  Code  Lc  uart_8xx.o [4]
Chip_UART_IRQRBHandler  0x00002f27   0x32  Code  Gb  uart_8xx.o [4]
Chip_UART_Init          0x00002e2d   0x34  Code  Gb  uart_8xx.o [4]
Chip_UART_IntDisable    0x00002e09    0x4  Code  Lc  uart_8xx.o [4]
Chip_UART_IntEnable     0x00003571    0x4  Code  Lc  usart.o [1]
Chip_UART_RXIntHandlerRB
                        0x00002e97   0x24  Code  Gb  uart_8xx.o [4]
Chip_UART_ReadByte      0x00002e01    0x8  Code  Lc  uart_8xx.o [4]
Chip_UART_ReadRB        0x00002f19    0xe  Code  Gb  uart_8xx.o [4]
Chip_UART_SendByte      0x00002dfd    0x4  Code  Lc  uart_8xx.o [4]
Chip_UART_SendRB        0x00002ee5   0x34  Code  Gb  uart_8xx.o [4]
Chip_UART_SetBaud       0x00002e81   0x16  Code  Gb  uart_8xx.o [4]
Chip_UART_TXIntHandlerRB
                        0x00002ebb   0x2a  Code  Gb  uart_8xx.o [4]
ComplianceTest          0x1000047c   0x14  Data  Gb  main.o [1]
CountNbOfEnabledChannels
                        0x000036ed   0x8a  Code  Lc  RegionCN470.o [1]
DataratesCN470          0x00003b58    0x8  Data  Lc  RegionCN470.o [1]
DevEui                  0x1000049c    0x8  Data  Lc  main.o [1]
DeviceState             0x10000495    0x1  Data  Lc  main.o [1]
DownLinkCounter         0x10000294    0x4  Data  Lc  LoRaMac.o [1]
DutyCycleOn             0x100004e7    0x1  Data  Lc  LoRaMac.o [1]
ExtRateIn               0x000067e0    0x4  Data  Gb  board.o [3]
FskBandwidths           0x00006a58   0xb0  Data  Gb  sx1276.o [1]
GetFskBandwidthRegValue
                        0x00006a35   0x24  Code  Lc  sx1276.o [1]
InStream_Read           0x000064d5   0x22  Code  Lc  packbits_init.o [7]
IrqNestLevel            0x1000169f    0x1  Data  Lc  utilities.o [1]
IsLoRaMacNetworkJoined  0x1000025c    0x1  Data  Gb  LoRaMac.o [1]
IsRxWindowsEnabled      0x100004e5    0x1  Data  Lc  LoRaMac.o [1]
IsTxConfirmed           0x10000492    0x1  Data  Lc  main.o [1]
IsUpLinkCounterFixed    0x10001664    0x1  Data  Lc  LoRaMac.o [1]
JoinRequestTrials       0x10000269    0x1  Data  Lc  LoRaMac.o [1]
LMIC                    0x10000344   0xa4  Data  Gb  modem.o [1]
LastTxChannel           0x10000265    0x1  Data  Lc  LoRaMac.o [1]
LastTxIsJoinRequest     0x100004e8    0x1  Data  Lc  LoRaMac.o [1]
Led1Timer_OffLine       0x100010d8   0x14  Data  Gb  modem.o [1]
Led1Timer_OnLine        0x100010c4   0x14  Data  Gb  modem.o [1]
Led1Timer_Rx            0x100010b0   0x14  Data  Gb  modem.o [1]
Led1Timer_Tx            0x1000109c   0x14  Data  Gb  modem.o [1]
LedIndication           0x000022f9   0x96  Code  Gb  modem.o [1]
LimitTxPower            0x000036e1    0xc  Code  Lc  RegionCN470.o [1]
LoRaMacAppEui           0x1000027c    0x4  Data  Lc  LoRaMac.o [1]
LoRaMacAppKey           0x10000280    0x4  Data  Lc  LoRaMac.o [1]
LoRaMacAppSKey          0x100002d0   0x10  Data  Lc  LoRaMac.o [1]
LoRaMacBuffer           0x100010ec  0x100  Data  Lc  LoRaMac.o [1]
LoRaMacBufferPktLen     0x10000272    0x2  Data  Lc  LoRaMac.o [1]
LoRaMacCallbacks        0x100002b0    0x4  Data  Lc  LoRaMac.o [1]
LoRaMacComputeMic       0x00002995   0x7e  Code  Gb  LoRaMacCrypto.o [1]
LoRaMacDevAddr          0x10000288    0x4  Data  Lc  LoRaMac.o [1]
LoRaMacDevEui           0x10000278    0x4  Data  Lc  LoRaMac.o [1]
LoRaMacDevNonce         0x10000270    0x2  Data  Lc  LoRaMac.o [1]
LoRaMacDeviceClass      0x10000259    0x1  Data  Lc  LoRaMac.o [1]
LoRaMacFlags            0x1000026c    0x4  Data  Gb  LoRaMac.o [1]
LoRaMacInitialization   0x000017c1  0x1f6  Code  Gb  LoRaMac.o [1]
LoRaMacInitializationTime
                        0x100002a4    0x4  Data  Lc  LoRaMac.o [1]
LoRaMacJoinComputeMic   0x00002adb   0x4e  Code  Gb  LoRaMacCrypto.o [1]
LoRaMacJoinComputeSKeys
                        0x00002b6d   0x86  Code  Gb  LoRaMacCrypto.o [1]
LoRaMacJoinDecrypt      0x00002b29   0x44  Code  Gb  LoRaMacCrypto.o [1]
LoRaMacMaxEirpTable     0x000011d0   0x10  Data  Lc  LoRaMac.o [1]
LoRaMacMcpsRequest      0x00001f2d  0x124  Code  Gb  LoRaMac.o [1]
LoRaMacMibGetRequestConfirm
                        0x00001a91   0xd2  Code  Gb  LoRaMac.o [1]
LoRaMacMibSetRequestConfirm
                        0x00001b95  0x25c  Code  Gb  LoRaMac.o [1]
LoRaMacMlmeRequest      0x00001e05  0x128  Code  Gb  LoRaMac.o [1]
LoRaMacNetID            0x10000284    0x4  Data  Lc  LoRaMac.o [1]
LoRaMacNwkSKey          0x100002c0   0x10  Data  Lc  LoRaMac.o [1]
LoRaMacParams           0x10001588   0x38  Data  Gb  LoRaMac.o [1]
LoRaMacParamsDefaults   0x100015c0   0x38  Data  Gb  LoRaMac.o [1]
LoRaMacPayloadDecrypt   0x00002ac5   0x16  Code  Gb  LoRaMacCrypto.o [1]
LoRaMacPayloadEncrypt   0x00002a13   0xb2  Code  Gb  LoRaMacCrypto.o [1]
LoRaMacPrimitives       0x100002ac    0x4  Data  Lc  LoRaMac.o [1]
LoRaMacQueryTxPossible  0x000019c5   0xc0  Code  Gb  LoRaMac.o [1]
LoRaMacRegion           0x10000258    0x1  Data  Lc  LoRaMac.o [1]
LoRaMacRxPayload        0x100011ec  0x100  Data  Lc  LoRaMac.o [1]
LoRaMacState            0x100002a8    0x4  Data  Gb  LoRaMac.o [1]
LoRaMacTxPayloadLen     0x100004e4    0x1  Data  Lc  LoRaMac.o [1]
MODEM                   0x10000f6c  0x130  Data  Lc  modem.o [1]
MacCommandsBuffer       0x10001488   0x80  Data  Lc  LoRaMac.o [1]
MacCommandsBufferIndex  0x10000261    0x1  Data  Lc  LoRaMac.o [1]
MacCommandsBufferToRepeat
                        0x10001508   0x80  Data  Lc  LoRaMac.o [1]
MacCommandsBufferToRepeatIndex
                        0x10000262    0x1  Data  Lc  LoRaMac.o [1]
MacCommandsInNextTx     0x10000260    0x1  Data  Lc  LoRaMac.o [1]
MacStateCheckTimer      0x100002e0   0x14  Data  Lc  LoRaMac.o [1]
MaxDCycle               0x100004e6    0x1  Data  Lc  LoRaMac.o [1]
MaxJoinRequestTrials    0x1000026a    0x1  Data  Lc  LoRaMac.o [1]
MaxPayloadOfDatarateCN470
                        0x00003aac    0x8  Data  Lc  RegionCN470.o [1]
MaxPayloadOfDatarateRepeaterCN470
                        0x00003aa4    0x8  Data  Lc  RegionCN470.o [1]
McpsConfirm             0x10001650   0x14  Data  Lc  LoRaMac.o [1]
McpsConfirm             0x00005bf3    0x8  Code  Lc  main.o [1]
McpsIndication          0x10001638   0x18  Data  Lc  LoRaMac.o [1]
McpsIndication          0x00005bfd  0x176  Code  Lc  main.o [1]
Mic                     0x10000010   0x10  Data  Lc  LoRaMacCrypto.o [1]
MicBlockB0              0x10000000   0x10  Data  Lc  LoRaMacCrypto.o [1]
MlmeConfirm             0x1000024c    0xc  Data  Lc  LoRaMac.o [1]
MlmeConfirm             0x00005d73   0x3a  Code  Lc  main.o [1]
MulticastChannels       0x1000028c    0x4  Data  Lc  LoRaMac.o [1]
NVIC_EnableIRQ          0x0000568d    0xe  Code  Lc  sx1276-board.o [1]
NextTx                  0x10000494    0x1  Data  Lc  main.o [1]
NodeAckRequested        0x1000025e    0x1  Data  Lc  LoRaMac.o [1]
OnAckTimeoutTimerEvent  0x00000dcd   0x32  Code  Lc  LoRaMac.o [1]
OnLed1TimerEventNetOffline
                        0x00002207   0x9c  Code  Lc  modem.o [1]
OnLed1TimerEventNetOnline
                        0x000022a3   0x56  Code  Lc  modem.o [1]
OnLed1TimerEventRx      0x000021e9    0x6  Code  Lc  modem.o [1]
OnLed1TimerEventTx      0x000021ef    0x4  Code  Lc  modem.o [1]
OnMacStateCheckTimerEvent
                        0x00000a81  0x226  Code  Lc  LoRaMac.o [1]
OnRadioRxDone           0x00000441  0x53e  Code  Lc  LoRaMac.o [1]
OnRadioRxError          0x000009b1   0x50  Code  Lc  LoRaMac.o [1]
OnRadioRxTimeout        0x00000a01   0x74  Code  Lc  LoRaMac.o [1]
OnRadioTxDone           0x00000301   0xf8  Code  Lc  LoRaMac.o [1]
OnRadioTxTimeout        0x0000097f   0x2c  Code  Lc  LoRaMac.o [1]
OnRxWindow1TimerEvent   0x00000d09   0x58  Code  Lc  LoRaMac.o [1]
OnRxWindow2TimerEvent   0x00000d65   0x62  Code  Lc  LoRaMac.o [1]
OnTxDelayedTimerEvent   0x00000ca7   0x5c  Code  Lc  LoRaMac.o [1]
OnTxNextPacketTimerEvent
                        0x00005bc3   0x30  Code  Lc  main.o [1]
OscRateIn               0x000067dc    0x4  Data  Gb  board.o [3]
PININT0_IRQHandler      0x00007a35  0x236  Code  Gb  sx1276.o [1]
PININT1_IRQHandler      0x00007c6b   0xd0  Code  Gb  sx1276.o [1]
PININT2_IRQHandler      0x00007d45   0xd0  Code  Gb  sx1276.o [1]
PININT3_IRQHandler      0x00007e15   0x4e  Code  Gb  sx1276.o [1]
PININT4_IRQHandler      0x00007e63   0x22  Code  Gb  sx1276.o [1]
PININT5_IRQHandler      0x00007e85    0xc  Code  Gb  sx1276.o [1]
PrepareFrame            0x000013c9  0x2e0  Code  Gb  LoRaMac.o [1]
PrepareRxDoneAbort      0x000003f9   0x34  Code  Lc  LoRaMac.o [1]
PrepareTxFrame          0x00005b5d   0x66  Code  Lc  main.o [1]
ProcessMacCommands      0x00000f09  0x2c2  Code  Lc  LoRaMac.o [1]
PublicNetwork           0x1000025a    0x1  Data  Lc  LoRaMac.o [1]
Radio                   0x000066f0   0x5c  Data  Gb  sx1276-board.o [1]
RadioEvents             0x100004ec   0x1c  Data  Lc  LoRaMac.o [1]
RadioEvents             0x10000e2c    0x4  Data  Lc  sx1276.o [1]
RadioIsActive           0x1000169e    0x1  Data  Lc  sx1276-board.o [1]
RadioRegsInit           0x00007a04   0x30  Data  Gb  sx1276.o [1]
Region$$Table$$Base     0x00006774          --   Gb  - Linker created -
Region$$Table$$Limit    0x000067a0          --   Gb  - Linker created -
RegionAdrNext           0x00002867   0x1a  Code  Gb  Region.o [1]
RegionAlternateDr       0x0000292d   0x12  Code  Gb  Region.o [1]
RegionApplyCFList       0x00002845   0x10  Code  Gb  Region.o [1]
RegionApplyDrOffset     0x00002979   0x18  Code  Gb  Region.o [1]
RegionCN470AdrNext      0x000038f9   0x74  Code  Gb  RegionCN470.o [1]
RegionCN470AlternateDr  0x00003d11   0x40  Code  Gb  RegionCN470.o [1]
RegionCN470ApplyDrOffset
                        0x00003ea1    0xc  Code  Gb  RegionCN470.o [1]
RegionCN470CalcBackOff  0x00003d51   0x30  Code  Gb  RegionCN470.o [1]
RegionCN470ChanMaskSet  0x000038cf   0x2a  Code  Gb  RegionCN470.o [1]
RegionCN470ComputeRxWindowParameters
                        0x00003971   0x60  Code  Gb  RegionCN470.o [1]
RegionCN470GetPhyParam  0x00003779   0xa6  Code  Gb  RegionCN470.o [1]
RegionCN470InitDefaults
                        0x00003845   0x46  Code  Gb  RegionCN470.o [1]
RegionCN470LinkAdrReq   0x00003b61  0x140  Code  Gb  RegionCN470.o [1]
RegionCN470NextChannel  0x00003d8d   0xb0  Code  Gb  RegionCN470.o [1]
RegionCN470RxConfig     0x000039ed   0x8c  Code  Gb  RegionCN470.o [1]
RegionCN470RxParamSetupReq
                        0x00003ca9   0x5a  Code  Gb  RegionCN470.o [1]
RegionCN470SetBandTxDone
                        0x00003825   0x20  Code  Gb  RegionCN470.o [1]
RegionCN470SetContinuousWave
                        0x00003e45   0x44  Code  Gb  RegionCN470.o [1]
RegionCN470TxConfig     0x00003ab5   0xa0  Code  Gb  RegionCN470.o [1]
RegionCN470Verify       0x0000388b   0x44  Code  Gb  RegionCN470.o [1]
RegionCalcBackOff       0x0000293f   0x10  Code  Gb  Region.o [1]
RegionChanMaskSet       0x00002855   0x12  Code  Gb  Region.o [1]
RegionCommonCalcBackOff
                        0x00004fb7   0x56  Code  Gb  RegionCommon.o [1]
RegionCommonChanMaskCopy
                        0x00004cdb   0x1e  Code  Gb  RegionCommon.o [1]
RegionCommonChanVerifyDr
                        0x00004c23   0x70  Code  Gb  RegionCommon.o [1]
RegionCommonComputeRxWindowParameters
                        0x00004ed5   0xaa  Code  Gb  RegionCommon.o [1]
RegionCommonComputeSymbolTimeLoRa
                        0x00004e99   0x2e  Code  Gb  RegionCommon.o [1]
RegionCommonComputeTxPower
                        0x00004f8d   0x2a  Code  Gb  RegionCommon.o [1]
RegionCommonCountChannels
                        0x00004ca3   0x38  Code  Gb  RegionCommon.o [1]
RegionCommonGetJoinDc   0x00004c09   0x1a  Code  Gb  RegionCommon.o [1]
RegionCommonLinkAdrReqVerifyParams
                        0x00004df3   0xa6  Code  Gb  RegionCommon.o [1]
RegionCommonParseLinkAdrReq
                        0x00004daf   0x44  Code  Gb  RegionCommon.o [1]
RegionCommonSetBandTxDone
                        0x00004cf9    0xa  Code  Gb  RegionCommon.o [1]
RegionCommonUpdateBandTimeOff
                        0x00004d03   0xac  Code  Gb  RegionCommon.o [1]
RegionCommonValueInRange
                        0x00004c93   0x10  Code  Gb  RegionCommon.o [1]
RegionComputeRxWindowParameters
                        0x00002881   0x16  Code  Gb  Region.o [1]
RegionDlChannelReq      0x0000291b   0x12  Code  Gb  Region.o [1]
RegionGetPhyParam       0x000027f9   0x16  Code  Gb  Region.o [1]
RegionInitDefaults      0x0000281f   0x10  Code  Gb  Region.o [1]
RegionIsActive          0x000027ed    0xc  Code  Gb  Region.o [1]
RegionLinkAdrReq        0x000028c5   0x20  Code  Gb  Region.o [1]
RegionNewChannelReq     0x000028f7   0x12  Code  Gb  Region.o [1]
RegionNextChannel       0x0000294f   0x1a  Code  Gb  Region.o [1]
RegionRxConfig          0x00002897   0x16  Code  Gb  Region.o [1]
RegionRxParamSetupReq   0x000028e5   0x12  Code  Gb  Region.o [1]
RegionSetBandTxDone     0x0000280f   0x10  Code  Gb  Region.o [1]
RegionSetContinuousWave
                        0x00002969   0x10  Code  Gb  Region.o [1]
RegionTxConfig          0x000028ad   0x18  Code  Gb  Region.o [1]
RegionTxParamSetupReq   0x00002909   0x12  Code  Gb  Region.o [1]
RegionVerify            0x0000282f   0x16  Code  Gb  Region.o [1]
RepeaterSupport         0x1000025b    0x1  Data  Lc  LoRaMac.o [1]
ResetMacParameters      0x00001345   0x70  Code  Lc  LoRaMac.o [1]
RingBuffer_GetCount     0x00004a41    0x8  Code  Lc  ring_buffer.o [4]
RingBuffer_Init         0x00004a6f   0x10  Code  Gb  ring_buffer.o [4]
RingBuffer_Insert       0x00004a7f   0x32  Code  Gb  ring_buffer.o [4]
RingBuffer_InsertMult   0x00004ab1   0x96  Code  Gb  ring_buffer.o [4]
RingBuffer_IsEmpty      0x00004a5f   0x10  Code  Lc  ring_buffer.o [4]
RingBuffer_IsFull       0x00004a49   0x16  Code  Lc  ring_buffer.o [4]
RingBuffer_Pop          0x00004b47   0x32  Code  Gb  ring_buffer.o [4]
RingBuffer_PopMult      0x00004b79   0x8e  Code  Gb  ring_buffer.o [4]
RxChainCalibration      0x0000698f   0x8e  Code  Lc  sx1276.o [1]
RxSlot                  0x1000026b    0x1  Data  Lc  LoRaMac.o [1]
RxTimeoutSyncWord       0x10000f58   0x14  Data  Gb  sx1276.o [1]
RxTimeoutTimer          0x10000f44   0x14  Data  Gb  sx1276.o [1]
RxTxBuffer              0x10000e30  0x100  Data  Lc  sx1276.o [1]
RxWindow1Config         0x100004d0   0x14  Data  Lc  LoRaMac.o [1]
RxWindow1Delay          0x100002b4    0x4  Data  Lc  LoRaMac.o [1]
RxWindow2Config         0x10001668   0x14  Data  Lc  LoRaMac.o [1]
RxWindow2Delay          0x100002b8    0x4  Data  Lc  LoRaMac.o [1]
RxWindowSetup           0x00000dff   0x14  Code  Lc  LoRaMac.o [1]
RxWindowTimer1          0x10000308   0x14  Data  Lc  LoRaMac.o [1]
RxWindowTimer2          0x1000031c   0x14  Data  Lc  LoRaMac.o [1]
SX1276                  0x10000dc0   0x6c  Data  Gb  sx1276.o [1]
SX1276CheckRfFrequency  0x000059e1    0x4  Code  Gb  sx1276-board.o [1]
SX1276GetStatus         0x000068cd    0x6  Code  Gb  sx1276.o [1]
SX1276GetTimeOnAir      0x00006ff1  0x1d0  Code  Gb  sx1276.o [1]
SX1276Init              0x00006829   0xa4  Code  Gb  sx1276.o [1]
SX1276IoInit            0x00005727  0x168  Code  Gb  sx1276-board.o [1]
SX1276IoIrqInit         0x0000588f   0x74  Code  Gb  sx1276-board.o [1]
SX1276IsChannelFree     0x00006909   0x48  Code  Gb  sx1276.o [1]
SX1276OnTimeoutIrq      0x00007929   0xc8  Code  Gb  sx1276.o [1]
SX1276Random            0x00006951   0x3e  Code  Gb  sx1276.o [1]
SX1276Read              0x00007799   0x10  Code  Gb  sx1276.o [1]
SX1276ReadBuffer        0x0000782b   0x8a  Code  Gb  sx1276.o [1]
SX1276ReadFifo          0x000078c3    0xe  Code  Gb  sx1276.o [1]
SX1276ReadRssi          0x0000767d   0x3e  Code  Gb  sx1276.o [1]
SX1276Reset             0x000076bb   0x1c  Code  Gb  sx1276.o [1]
SX1276Send              0x000071c1   0xfa  Code  Gb  sx1276.o [1]
SX1276SetAntSwLowPower  0x00005999    0xc  Code  Gb  sx1276-board.o [1]
SX1276SetChannel        0x000068d3   0x36  Code  Gb  sx1276.o [1]
SX1276SetMaxPayloadLength
                        0x000078d1   0x2c  Code  Gb  sx1276.o [1]
SX1276SetModem          0x00007719   0x6a  Code  Gb  sx1276.o [1]
SX1276SetOpMode         0x000076e9   0x30  Code  Gb  sx1276.o [1]
SX1276SetPublicNetwork  0x000078fd   0x20  Code  Gb  sx1276.o [1]
SX1276SetRfTxPower      0x00005903   0x90  Code  Gb  sx1276-board.o [1]
SX1276SetRx             0x0000732d  0x200  Code  Gb  sx1276.o [1]
SX1276SetRxConfig       0x00006b09  0x2b8  Code  Gb  sx1276.o [1]
SX1276SetSleep          0x000072bb   0x1c  Code  Gb  sx1276.o [1]
SX1276SetStby           0x00007309   0x1a  Code  Gb  sx1276.o [1]
SX1276SetTx             0x0000752d   0xa2  Code  Gb  sx1276.o [1]
SX1276SetTxConfig       0x00006dd5  0x20a  Code  Gb  sx1276.o [1]
SX1276SetTxContinuousWave
                        0x00007601   0x7c  Code  Gb  sx1276.o [1]
SX1276StartCad          0x000075cf   0x2e  Code  Gb  sx1276.o [1]
SX1276Write             0x0000778d    0xc  Code  Gb  sx1276.o [1]
SX1276WriteBuffer       0x000077a9   0x82  Code  Gb  sx1276.o [1]
SX1276WriteFifo         0x000078b5    0xe  Code  Gb  sx1276.o [1]
ScheduleTx              0x00001219  0x128  Code  Lc  LoRaMac.o [1]
Send                    0x000011e1   0x2c  Code  Gb  LoRaMac.o [1]
SendFrameOnChannel      0x000016b5   0x80  Code  Gb  LoRaMac.o [1]
SetTxContinuousWave     0x00001739   0x48  Code  Gb  LoRaMac.o [1]
SetTxContinuousWave1    0x00001785   0x34  Code  Gb  LoRaMac.o [1]
SrvAckRequested         0x1000025f    0x1  Data  Lc  LoRaMac.o [1]
SysTick_Handler         0x0000011d   0x38  Code  Gb  timer.o [1]
SystemCoreClock         0x10001698    0x4  Data  Gb  chip_8xx.o [4]
SystemCoreClockUpdate   0x00005f89   0x10  Code  Gb  chip_8xx.o [4]
SystemInit              0x000067e5    0x8  Code  Gb  sysinit.o [1]
TimerGetCurrentTime     0x00000177    0x6  Code  Gb  timer.o [1]
TimerGetElapsedTime     0x0000017d   0x16  Code  Gb  timer.o [1]
TimerInit               0x000000c1    0xe  Code  Gb  timer.o [1]
TimerListHead           0x10001690    0x4  Data  Lc  timer.o [1]
TimerSetValue           0x00000167   0x10  Code  Gb  timer.o [1]
TimerStart              0x000000cf   0x4e  Code  Gb  timer.o [1]
TimerStop               0x00000155   0x12  Code  Gb  timer.o [1]
TxDelayedTimer          0x100002f4   0x14  Data  Lc  LoRaMac.o [1]
TxDutyCycleTime         0x10000498    0x4  Data  Lc  main.o [1]
TxNextPacketTimer       0x100004bc   0x14  Data  Lc  main.o [1]
TxTimeOnAir             0x100002bc    0x4  Data  Gb  LoRaMac.o [1]
TxTimeoutTimer          0x10000f30   0x14  Data  Gb  sx1276.o [1]
UART0_IRQHandler        0x000035ed   0x10  Code  Gb  usart.o [1]
UpLinkCounter           0x10000290    0x4  Data  Lc  LoRaMac.o [1]
ValidatePayloadLength   0x00000e13   0x3e  Code  Lc  LoRaMac.o [1]
__Vectors               0x00000000          --   Gb  iar_startup_lpc82x.o [1]
__Vectors_End           0x000000c0         Data  Gb  iar_startup_lpc82x.o [1]
__Vectors_Size {Abs}    0x000000c0          --   Gb  iar_startup_lpc82x.o [1]
__aeabi_cdrcmple        0x00005a2d         Code  Gb  DblCmpGe.o [6]
__aeabi_d2iz            0x00005499         Code  Gb  DblToI32.o [6]
__aeabi_d2uiz           0x000054bd         Code  Gb  DblToI32.o [6]
__aeabi_dadd            0x0000528b         Code  Gb  DblAddSub.o [6]
__aeabi_ddiv            0x00005045         Code  Gb  DblDiv.o [6]
__aeabi_dmul            0x00005107         Code  Gb  DblMul.o [6]
__aeabi_dsub            0x00005351         Code  Gb  DblAddSub.o [6]
__aeabi_f2d             0x00005601         Code  Gb  FltToDbl.o [6]
__aeabi_fsub            0x00005551         Code  Gb  FltAddSub.o [6]
__aeabi_i2d             0x00005011         Code  Gb  I32ToDbl.o [6]
__aeabi_idiv            0x00002cd1         Code  Gb  I32DivModFast.o [7]
__aeabi_idivmod         0x00002cd1         Code  Gb  I32DivModFast.o [7]
__aeabi_memclr4         0x0000356d         Code  Gb  ABImemset.o [7]
__aeabi_memclr8         0x0000356d         Code  Gb  ABImemset.o [7]
__aeabi_memcpy          0x00002d85         Code  Gb  ABImemcpy.o [7]
__aeabi_memcpy4         0x00002dad         Code  Wk  ABImemcpy.o [7]
__aeabi_memset          0x0000351d         Code  Gb  ABImemset.o [7]
__aeabi_ui2d            0x00005025         Code  Gb  I32ToDbl.o [6]
__aeabi_ui2f            0x00000199         Code  Gb  I32ToFlt.o [6]
__aeabi_uidiv           0x00002cd7         Code  Gb  I32DivModFast.o [7]
__aeabi_uidivmod        0x00002cd7         Code  Gb  I32DivModFast.o [7]
__aeabi_uldivmod        0x00000259         Code  Gb  I64DivMod.o [7]
__cmain                 0x000067a1         Code  Gb  cmain.o [7]
__exit                  0x000065b9         Code  Gb  XXexit.o [7]
__iar_Dint              0x00005ad1   0x8c  Code  Gb  xdint.o [6]
__iar_Memset4_word      0x0000353d         Code  Gb  ABImemset.o [7]
__iar_Memset_word       0x00003529         Code  Gb  ABImemset.o [7]
__iar_ceil              0x00005441         Code  Gb  ceil.o [6]
__iar_ceill             0x00005441         Code  Gb  ceil.o [6]
__iar_d2uiz             0x000054c1         Code  Gb  DblToI32.o [6]
__iar_data_init3        0x0000674d   0x28  Code  Gb  data_init.o [7]
__iar_floor             0x00005635         Code  Gb  floor.o [6]
__iar_floorl            0x00005635         Code  Gb  floor.o [6]
__iar_packbits_init3    0x000064f7   0xb6  Code  Gb  packbits_init.o [7]
__iar_program_start     0x000067cf         Code  Gb  cstartup_M.o [7]
__iar_ui2d              0x00005029         Code  Gb  I32ToDbl.o [6]
__iar_ui2f              0x0000019d         Code  Gb  I32ToFlt.o [6]
__iar_zero_init3        0x000001b7   0x2a  Code  Gb  zero_init3.o [7]
__vector_table          0x00000000         Data  Gb  iar_startup_lpc82x.o [1]
__vector_table_0x1c     0x00000010         Data  Gb  iar_startup_lpc82x.o [1]
_call_main              0x000067ad         Code  Gb  cmain.o [7]
_exit                   0x000067c5         Code  Gb  cexit.o [7]
_main                   0x000067b7         Code  Gb  cmain.o [7]
aBlock                  0x10000138   0x10  Data  Lc  LoRaMacCrypto.o [1]
abort                   0x000065ad    0xa  Code  Gb  abort.o [5]
aes_encrypt             0x00004739   0x52  Code  Gb  aes.o [1]
aes_set_key             0x00004625  0x114  Code  Gb  aes.o [1]
beg                     0x100009b4    0x4  Data  Lc  buffer.o [1]
buffer                  0x100009c0  0x400  Data  Lc  buffer.o [1]
buffer_alloc            0x0000328b   0x4c  Code  Gb  buffer.o [1]
buffer_free             0x000032d7   0x56  Code  Gb  buffer.o [1]
buffer_init             0x00003275   0x16  Code  Gb  buffer.o [1]
ceil                    0x00005441         Code  Gb  ceil.o [6]
ceill                   0x00005441         Code  Gb  ceil.o [6]
chip_version            0x10001694    0x4  Data  Gb  sx1276.o [1]
config_tab              0x0000604c  0x354  Data  Lc  irc_8xx.o [4]
config_tab_idx          0x10001666    0x2  Data  Lc  irc_8xx.o [4]
copy_and_key            0x0000419d   0x84  Code  Lc  aes.o [1]
copy_block              0x000040d9   0x42  Code  Lc  aes.o [1]
cpystr                  0x000033f1   0x18  Code  Gb  hex.o [1]
debug_char              0x00002061   0x10  Code  Gb  debug.o [1]
debug_event             0x0000214d   0x2c  Code  Gb  debug.o [1]
debug_fmt               0x000020c3   0x88  Code  Gb  debug.o [1]
debug_int               0x00002071   0x30  Code  Gb  debug.o [1]
debug_str               0x000020a1   0x14  Code  Gb  debug.o [1]
eeprom_init             0x00002199   0x50  Code  Gb  modem.o [1]
end                     0x100009b8    0x4  Data  Lc  buffer.o [1]
evnames                 0x100003e8   0x40  Data  Lc  modem.o [1]
exit                    0x000067bb    0x8  Code  Gb  exit.o [5]
floor                   0x00005635         Code  Gb  floor.o [6]
floorl                  0x00005635         Code  Gb  floor.o [6]
frame_init              0x00003619    0xe  Code  Gb  frame.o [1]
frame_rx                0x00003627   0xb2  Code  Gb  frame.o [1]
getUARTClockID          0x00002e15   0x18  Code  Lc  uart_8xx.o [4]
gethex                  0x00003335   0x38  Code  Gb  hex.o [1]
gfm2_sbox               0x00004524  0x100  Data  Lc  aes.o [1]
gfm3_sbox               0x00004424  0x100  Data  Lc  aes.o [1]
hex2int                 0x00003399   0x2e  Code  Gb  hex.o [1]
hexval                  0x0000341c  0x100  Data  Lc  hex.o [1]
iap_entry               0x00002f59    0x8  Code  Lc  iap.o [4]
joincfg                 0x0000254c   0x20  Data  Lc  modem.o [1]
ledBits                 0x00003260    0x1  Data  Lc  board.o [3]
main                    0x00005db9  0x18e  Code  Gb  main.o [1]
max                     0x100009bc    0x4  Data  Lc  buffer.o [1]
memcpy1                 0x00002c33   0x14  Code  Gb  utilities.o [1]
memcpyr                 0x00002c47   0x16  Code  Gb  utilities.o [1]
memset1                 0x00002c5d   0x14  Code  Gb  utilities.o [1]
mix_sub_columns         0x00004285  0x19a  Code  Lc  aes.o [1]
modem_init              0x00002595   0x54  Code  Gb  modem.o [1]
modem_rxdone            0x000025fd  0x18c  Code  Gb  modem.o [1]
next                    0x10000530    0x4  Data  Lc  utilities.o [1]
onEvent                 0x0000239d  0x14c  Code  Gb  modem.o [1]
os_crc16                0x000024f5   0x32  Code  Gb  modem.o [1]
persist_init            0x00002535   0x18  Code  Lc  modem.o [1]
puthex                  0x0000336d   0x2c  Code  Gb  hex.o [1]
rand1                   0x00002bfd   0x1a  Code  Gb  utilities.o [1]
randr                   0x00002c1d   0x16  Code  Gb  utilities.o [1]
reverse                 0x000033c7   0x1c  Code  Gb  hex.o [1]
round                   0x000059e5   0x48  Code  Gb  round.o [6]
rxbuff                  0x10001408   0x40  Data  Lc  usart.o [1]
rxframe                 0x1000167c   0x10  Data  Gb  frame.o [1]
rxring                  0x100013f4   0x14  Data  Gb  usart.o [1]
sBlock                  0x10000148   0x10  Data  Lc  LoRaMacCrypto.o [1]
sbox                    0x0000478c  0x100  Data  Lc  aes.o [1]
sesscfg                 0x0000256c   0x28  Data  Lc  modem.o [1]
shift_sub_rows          0x00004221   0x64  Code  Lc  aes.o [1]
srand1                  0x00002c17    0x6  Code  Gb  utilities.o [1]
src_iap_array_data      0x100015f8   0x40  Data  Lc  modem.o [1]
strlen                  0x00003263   0x10  Code  Gb  strlen.o [7]
systicks                0x1000168c    0x4  Data  Gb  timer.o [1]
tolower                 0x000033e3    0xe  Code  Gb  hex.o [1]
txbuff                  0x10001448   0x40  Data  Lc  usart.o [1]
txring                  0x100013e0   0x14  Data  Gb  usart.o [1]
usart_init              0x00003575   0x78  Code  Gb  usart.o [1]
wdtOSCRate              0x00004a00   0x40  Data  Lc  clock_8xx.o [4]
xor_block               0x0000411b   0x82  Code  Lc  aes.o [1]


[1] = E:\LoRaProduct\source code\nxp_lpcxpresso_824max\lpcxpresso824\prj_xpresso82x\iar\freertos_blinky\iflash_nxp_lpcxpresso_812\Obj
[2] = command line
[3] = board_nxp_lpcxpresso_824.a
[4] = chip_8xx_lib.a
[5] = dl6M_tln.a
[6] = m6M_tl.a
[7] = rt6M_tl.a

  31 816 bytes of readonly  code memory
     785 bytes of readonly  data memory
   6 816 bytes of readwrite data memory

Errors: none
Warnings: none
