###############################################################################
#
# IAR ELF Linker V7.30.3.8024/W32 for ARM                 02/Dec/2017  22:48:31
# Copyright 2007-2014 IAR Systems AB.
#
#    Output file  =  
#        E:\LoRaProduct\source
#        code\nxp_lpcxpresso_824max\lpcxpresso824\prj_xpresso82x\iar\freertos_blinky\iflash_nxp_lpcxpresso_812\Exe\freertos_blinky.out.tmp
#    Map file     =  
#        E:\LoRaProduct\source
#        code\nxp_lpcxpresso_824max\lpcxpresso824\prj_xpresso82x\iar\freertos_blinky\iflash_nxp_lpcxpresso_812\List\freertos_blinky.map
#    Command line =  
#        "E:\LoRaProduct\source
#        code\nxp_lpcxpresso_824max\lpcxpresso824\prj_xpresso82x\iar\freertos_blinky\iflash_nxp_lpcxpresso_812\Obj\aes.o"
#        "E:\LoRaProduct\source
#        code\nxp_lpcxpresso_824max\lpcxpresso824\prj_xpresso82x\iar\lib_board_lpcxpresso824\iar_output\Exe\board_nxp_lpcxpresso_824.a"
#        "E:\LoRaProduct\source
#        code\nxp_lpcxpresso_824max\lpcxpresso824\prj_xpresso82x\iar\freertos_blinky\iflash_nxp_lpcxpresso_812\Obj\buffer.o"
#        "E:\LoRaProduct\source
#        code\nxp_lpcxpresso_824max\lpcxpresso824\prj_xpresso82x\iar\lib_chip_8xx\iar_output\Exe\chip_8xx_lib.a"
#        "E:\LoRaProduct\source
#        code\nxp_lpcxpresso_824max\lpcxpresso824\prj_xpresso82x\iar\freertos_blinky\iflash_nxp_lpcxpresso_812\Obj\cmac.o"
#        "E:\LoRaProduct\source
#        code\nxp_lpcxpresso_824max\lpcxpresso824\prj_xpresso82x\iar\freertos_blinky\iflash_nxp_lpcxpresso_812\Obj\debug.o"
#        "E:\LoRaProduct\source
#        code\nxp_lpcxpresso_824max\lpcxpresso824\prj_xpresso82x\iar\freertos_blinky\iflash_nxp_lpcxpresso_812\Obj\frame.o"
#        "E:\LoRaProduct\source
#        code\nxp_lpcxpresso_824max\lpcxpresso824\prj_xpresso82x\iar\freertos_blinky\iflash_nxp_lpcxpresso_812\Obj\hex.o"
#        "E:\LoRaProduct\source
#        code\nxp_lpcxpresso_824max\lpcxpresso824\prj_xpresso82x\iar\freertos_blinky\iflash_nxp_lpcxpresso_812\Obj\iar_startup_lpc82x.o"
#        "E:\LoRaProduct\source
#        code\nxp_lpcxpresso_824max\lpcxpresso824\prj_xpresso82x\iar\freertos_blinky\iflash_nxp_lpcxpresso_812\Obj\LoRaMac.o"
#        "E:\LoRaProduct\source
#        code\nxp_lpcxpresso_824max\lpcxpresso824\prj_xpresso82x\iar\freertos_blinky\iflash_nxp_lpcxpresso_812\Obj\LoRaMacCrypto.o"
#        "E:\LoRaProduct\source
#        code\nxp_lpcxpresso_824max\lpcxpresso824\prj_xpresso82x\iar\freertos_blinky\iflash_nxp_lpcxpresso_812\Obj\main.o"
#        "E:\LoRaProduct\source
#        code\nxp_lpcxpresso_824max\lpcxpresso824\prj_xpresso82x\iar\freertos_blinky\iflash_nxp_lpcxpresso_812\Obj\modem.o"
#        "E:\LoRaProduct\source
#        code\nxp_lpcxpresso_824max\lpcxpresso824\prj_xpresso82x\iar\freertos_blinky\iflash_nxp_lpcxpresso_812\Obj\queue_IBM.o"
#        "E:\LoRaProduct\source
#        code\nxp_lpcxpresso_824max\lpcxpresso824\prj_xpresso82x\iar\freertos_blinky\iflash_nxp_lpcxpresso_812\Obj\Region.o"
#        "E:\LoRaProduct\source
#        code\nxp_lpcxpresso_824max\lpcxpresso824\prj_xpresso82x\iar\freertos_blinky\iflash_nxp_lpcxpresso_812\Obj\RegionCN470.o"
#        "E:\LoRaProduct\source
#        code\nxp_lpcxpresso_824max\lpcxpresso824\prj_xpresso82x\iar\freertos_blinky\iflash_nxp_lpcxpresso_812\Obj\RegionCommon.o"
#        "E:\LoRaProduct\source
#        code\nxp_lpcxpresso_824max\lpcxpresso824\prj_xpresso82x\iar\freertos_blinky\iflash_nxp_lpcxpresso_812\Obj\sx1276-board.o"
#        "E:\LoRaProduct\source
#        code\nxp_lpcxpresso_824max\lpcxpresso824\prj_xpresso82x\iar\freertos_blinky\iflash_nxp_lpcxpresso_812\Obj\sx1276.o"
#        "E:\LoRaProduct\source
#        code\nxp_lpcxpresso_824max\lpcxpresso824\prj_xpresso82x\iar\freertos_blinky\iflash_nxp_lpcxpresso_812\Obj\sysinit.o"
#        "E:\LoRaProduct\source
#        code\nxp_lpcxpresso_824max\lpcxpresso824\prj_xpresso82x\iar\freertos_blinky\iflash_nxp_lpcxpresso_812\Obj\timer.o"
#        "E:\LoRaProduct\source
#        code\nxp_lpcxpresso_824max\lpcxpresso824\prj_xpresso82x\iar\freertos_blinky\iflash_nxp_lpcxpresso_812\Obj\usart.o"
#        "E:\LoRaProduct\source
#        code\nxp_lpcxpresso_824max\lpcxpresso824\prj_xpresso82x\iar\freertos_blinky\iflash_nxp_lpcxpresso_812\Obj\utilities.o"
#        -o "E:\LoRaProduct\source
#        code\nxp_lpcxpresso_824max\lpcxpresso824\prj_xpresso82x\iar\freertos_blinky\iflash_nxp_lpcxpresso_812\Exe\freertos_blinky.out.tmp"
#        --map "E:\LoRaProduct\source
#        code\nxp_lpcxpresso_824max\lpcxpresso824\prj_xpresso82x\iar\freertos_blinky\iflash_nxp_lpcxpresso_812\List\freertos_blinky.map"
#        --config "C:\Program Files (x86)\IAR Systems\Embedded Workbench
#        7.0\arm\config\linker\NXP\LPC824M201.icf" --entry __iar_program_start
#        --inline --vfe
#
###############################################################################

*******************************************************************************
*** RUNTIME MODEL ATTRIBUTES
***

CppFlavor       = *
__SystemLibrary = DLib


*******************************************************************************
*** PLACEMENT SUMMARY
***

"A1":  place at 0x00000000 { ro section .intvec };
"P1":  place in [from 0x00000000 to 0x000002fb] |
                [from 0x00000300 to 0x00007fff] { ro };
"P2":  place in [from 0x10000000 to 0x10001fff] { rw, block CSTACK, block HEAP };
"P3":  place in [from 0x000002fc to 0x000002ff] { section .crp };

  Section            Kind        Address    Size  Object
  -------            ----        -------    ----  ------
"A1":                                       0xc0
  .intvec            ro code  0x00000000    0xc0  iar_startup_lpc82x.o [1]
                            - 0x000000c0    0xc0

"P1", part 1 of 2:                         0x236
  .text              ro code  0x000000c0    0xd8  timer.o [1]
  .text              ro code  0x00000198    0x1e  I32ToFlt.o [6]
  .text              ro code  0x000001b6    0x2a  zero_init3.o [7]
  .text              ro code  0x000001e0    0x10  chip_8xx.o [4]
  .text              ro code  0x000001f0    0xc8  frame.o [1]
  .rodata            const    0x000002b8     0x0  zero_init3.o [7]
  .rodata            const    0x000002b8     0x0  packbits_init.o [7]
  Initializer bytes  ro data  0x000002b8    0x3e  <for P2 s0>
                            - 0x000002f6   0x236

"P3":                                        0x4
  .crp               ro code  0x000002fc     0x4  iar_startup_lpc82x.o [1]
                            - 0x00000300     0x4

"P1", part 2 of 2:                        0x742c
  .text              ro code  0x00000300  0x1cac  LoRaMac.o [1]
  .text              ro code  0x00001fac   0x1a8  Region.o [1]
  .text              ro code  0x00002154   0x268  LoRaMacCrypto.o [1]
  .text              ro code  0x000023bc    0xa8  utilities.o [1]
  .text              ro code  0x00002464    0xe0  I32DivModFast.o [7]
  .text              ro code  0x00002544    0x5c  ABImemcpy.o [7]
  .text              ro code  0x000025a0   0x7cc  RegionCN470.o [1]
  .text              ro code  0x00002d6c   0x22c  cmac.o [1]
  .text              ro code  0x00002f98   0x7b4  aes.o [1]
  .text              ro code  0x0000374c    0x54  ABImemset.o [7]
  .text              ro code  0x000037a0   0x404  RegionCommon.o [1]
  .text              ro code  0x00003ba4    0x34  I32ToDbl.o [6]
  .text              ro code  0x00003bd8    0xc2  DblDiv.o [6]
  .text              ro code  0x00003c9a   0x184  DblMul.o [6]
  .text              ro code  0x00003e1e   0x1b4  DblAddSub.o [6]
  .text              ro code  0x00003fd2     0x2  iar_startup_lpc82x.o [1]
  .text              ro code  0x00003fd4    0x58  ceil.o [6]
  .text              ro code  0x0000402c    0x52  DblToI32.o [6]
  .text              ro code  0x0000407e   0x116  FltAddSub.o [6]
  .text              ro code  0x00004194    0x32  FltToDbl.o [6]
  .text              ro code  0x000041c6     0x2  iar_startup_lpc82x.o [1]
  .text              ro code  0x000041c8    0x58  floor.o [6]
  .text              ro code  0x00004220   0x358  sx1276-board.o [1]
  .text              ro code  0x00004578    0x48  round.o [6]
  .text              ro code  0x000045c0    0x32  DblCmpGe.o [6]
  .text              ro code  0x000045f2     0x2  iar_startup_lpc82x.o [1]
  .text              ro code  0x000045f4    0x12  iocon_8xx.o [4]
  .text              ro code  0x00004606     0x2  iar_startup_lpc82x.o [1]
  .text              ro code  0x00004608    0x48  swm_8xx.o [4]
  .text              ro code  0x00004650    0x44  spim_8xx.o [4]
  .text              ro code  0x00004694    0x2c  spi_8xx.o [4]
  .text              ro code  0x000046c0    0x8c  xdint.o [6]
  .text              ro code  0x0000474c   0x1b4  clock_8xx.o [4]
  .text              ro code  0x00004900    0x6a  I64DivMod.o [7]
  .text              ro code  0x0000496c   0x4f0  main.o [1]
  .text              ro code  0x00004e5c   0x25a  board.o [3]
  .text              ro code  0x000050b8   0x2bc  modem.o [1]
  .text              ro code  0x00005374   0x178  uart_8xx.o [4]
  .text              ro code  0x000054ec    0x18  gpio_8xx.o [4]
  .text              ro code  0x00005504    0x1c  buffer.o [1]
  .text              ro code  0x00005520    0x18  queue_IBM.o [1]
  .text              ro code  0x00005538    0xa8  usart.o [1]
  .text              ro code  0x000055e0   0x208  hex.o [1]
  .text              ro code  0x000057e8   0x1c6  ring_buffer.o [4]
  .text              ro code  0x000059b0   0x408  irc_8xx.o [4]
  .text              ro code  0x00005db8    0x34  syscon_8xx.o [4]
  .text              ro code  0x00005dec    0xd8  packbits_init.o [7]
  .text              ro code  0x00005ec4     0xa  abort.o [5]
  .text              ro code  0x00005ed0     0xc  XXexit.o [7]
  .text              ro code  0x00005edc    0x7a  board_sysinit.o [3]
  .text              ro code  0x00005f58    0x14  sysinit_8xx.o [4]
  .rodata            const    0x00005f6c    0x5c  sx1276-board.o [1]
  .text              ro code  0x00005fc8    0x28  data_init.o [7]
  .iar.init_table    const    0x00005ff0    0x2c  - Linker created -
  .text              ro code  0x0000601c    0x1a  cmain.o [7]
  .text              ro code  0x00006036     0x8  exit.o [5]
  .text              ro code  0x00006040     0xa  cexit.o [7]
  .text              ro code  0x0000604c    0x10  iar_startup_lpc82x.o [1]
  .text              ro code  0x0000605c     0xc  cstartup_M.o [7]
  .rodata            const    0x00006068     0x8  board.o [3]
  .text              ro code  0x00006070     0x8  sysinit.o [1]
  .text              ro code  0x00006078     0x4  iar_startup_lpc82x.o [1]
  .text              ro code  0x0000607c  0x16b0  sx1276.o [1]
                            - 0x0000772c  0x742c

"P2":                                     0x1940
  P2 s0                       0x10000000   0x438  <Init block>
    .data            inited   0x10000000   0x138  LoRaMacCrypto.o [1]
    .data            inited   0x10000138   0x114  LoRaMacCrypto.o [1]
    .data            inited   0x1000024c    0xf8  LoRaMac.o [1]
    .data            inited   0x10000344    0x90  main.o [1]
    .data            inited   0x100003d4    0x38  LoRaMac.o [1]
    .data            inited   0x1000040c    0x28  RegionCN470.o [1]
    .data            inited   0x10000434     0x4  utilities.o [1]
  .bss               zero     0x10000438   0x480  RegionCN470.o [1]
  .bss               zero     0x100008b8   0x40c  buffer.o [1]
  .bss               zero     0x10000cc4   0x1ac  sx1276.o [1]
  .bss               zero     0x10000e70   0x130  modem.o [1]
  .bss               zero     0x10000fa0   0x100  LoRaMac.o [1]
  .bss               zero     0x100010a0   0x100  LoRaMac.o [1]
  .bss               zero     0x100011a0    0xf4  main.o [1]
  .bss               zero     0x10001294    0xa8  usart.o [1]
  .bss               zero     0x1000133c    0x80  LoRaMac.o [1]
  .bss               zero     0x100013bc    0x80  LoRaMac.o [1]
  .bss               zero     0x1000143c    0x70  LoRaMac.o [1]
  .bss               zero     0x100014ac    0x2c  queue_IBM.o [1]
  .bss               zero     0x100014d8    0x18  LoRaMac.o [1]
  .bss               zero     0x100014f0    0x15  LoRaMac.o [1]
  .bss               zero     0x10001506     0x2  irc_8xx.o [4]
  .bss               zero     0x10001508    0x14  LoRaMac.o [1]
  .bss               zero     0x1000151c    0x10  frame.o [1]
  .bss               zero     0x1000152c     0x8  timer.o [1]
  .bss               zero     0x10001534     0x4  sx1276.o [1]
  .bss               zero     0x10001538     0x4  chip_8xx.o [4]
  .bss               zero     0x1000153c     0x1  sx1276-board.o [1]
  .bss               zero     0x1000153d     0x1  utilities.o [1]
  CSTACK                      0x10001540   0x400  <Block>
    CSTACK           uninit   0x10001540   0x400  <Block tail>
                            - 0x10001940  0x1940


*******************************************************************************
*** INIT TABLE
***

          Address     Size
          -------     ----
Zero (__iar_zero_init3)
    1 destination range, total size 0x1106:
          0x10000438  0x1106

Copy/packbits (__iar_packbits_init3)
    1 source range, total size 0x3e (5% of destination):
          0x000002b8    0x3e
    1 destination range, total size 0x438:
          0x10000000   0x438



*******************************************************************************
*** MODULE SUMMARY
***

    Module                ro code  ro data  rw data
    ------                -------  -------  -------
E:\LoRaProduct\source code\nxp_lpcxpresso_824max\lpcxpresso824\prj_xpresso82x\iar\freertos_blinky\iflash_nxp_lpcxpresso_812\Obj: [1]
    LoRaMac.o               7 340       17    1 249
    LoRaMacCrypto.o           616       33      588
    Region.o                  424
    RegionCN470.o           1 996        2    1 192
    RegionCommon.o          1 028
    aes.o                   1 972
    buffer.o                   28             1 036
    cmac.o                    556
    frame.o                   200                16
    hex.o                     520
    iar_startup_lpc82x.o      224
    main.o                  1 264        9      388
    modem.o                   700               304
    queue_IBM.o                24                44
    sx1276-board.o            856       92        1
    sx1276.o                5 808               432
    sysinit.o                   8
    timer.o                   216                 8
    usart.o                   168               168
    utilities.o               168        1        5
    -----------------------------------------------
    Total:                 24 116      154    5 431

command line: [2]
    -----------------------------------------------
    Total:

board_nxp_lpcxpresso_824.a: [3]
    board.o                   602        8
    board_sysinit.o           122
    -----------------------------------------------
    Total:                    724        8

chip_8xx_lib.a: [4]
    chip_8xx.o                 16                 4
    clock_8xx.o               436
    gpio_8xx.o                 24
    iocon_8xx.o                18
    irc_8xx.o               1 032                 2
    ring_buffer.o             454
    spi_8xx.o                  44
    spim_8xx.o                 68
    swm_8xx.o                  72
    syscon_8xx.o               52
    sysinit_8xx.o              20
    uart_8xx.o                376
    -----------------------------------------------
    Total:                  2 612                 6

dl6M_tln.a: [5]
    abort.o                    10
    exit.o                      8
    -----------------------------------------------
    Total:                     18

m6M_tl.a: [6]
    DblAddSub.o               436
    DblCmpGe.o                 50
    DblDiv.o                  194
    DblMul.o                  388
    DblToI32.o                 82
    FltAddSub.o               278
    FltToDbl.o                 50
    I32ToDbl.o                 52
    I32ToFlt.o                 30
    ceil.o                     88
    floor.o                    88
    round.o                    72
    xdint.o                   140
    -----------------------------------------------
    Total:                  1 948

rt6M_tl.a: [7]
    ABImemcpy.o                92
    ABImemset.o                84
    I32DivModFast.o           224
    I64DivMod.o               106
    XXexit.o                   12
    cexit.o                    10
    cmain.o                    26
    cstartup_M.o               12
    data_init.o                40
    packbits_init.o           216
    zero_init3.o               42
    -----------------------------------------------
    Total:                    864

    Gaps                       14                 1
    Linker created                      44    1 024
---------------------------------------------------
    Grand Total:           30 296      206    6 462


*******************************************************************************
*** ENTRY LIST
***

Entry                      Address   Size  Type      Object
-----                      -------   ----  ----      ------
?main                   0x0000601d         Code  Gb  cmain.o [7]
AES_CMAC_Final          0x00002e61  0x138  Code  Gb  cmac.o [1]
AES_CMAC_Init           0x00002d6d   0x22  Code  Gb  cmac.o [1]
AES_CMAC_SetKey         0x00002d8f   0x10  Code  Gb  cmac.o [1]
AES_CMAC_Update         0x00002d9f   0xc2  Code  Gb  cmac.o [1]
AckTimeoutRetries       0x10000266    0x1  Data  Lc  LoRaMac.o [1]
AckTimeoutRetriesCounter
                        0x10000267    0x1  Data  Lc  LoRaMac.o [1]
AckTimeoutRetry         0x10000268    0x1  Data  Lc  LoRaMac.o [1]
AckTimeoutTimer         0x10000330   0x14  Data  Lc  LoRaMac.o [1]
AddMacCommand           0x00000db5   0x98  Code  Lc  LoRaMac.o [1]
AdrAckCounter           0x10000298    0x4  Data  Lc  LoRaMac.o [1]
AdrCtrlOn               0x1000025d    0x1  Data  Lc  LoRaMac.o [1]
AesCmacCtx              0x10000020  0x118  Data  Lc  LoRaMacCrypto.o [1]
AesContext              0x10000158   0xf4  Data  Lc  LoRaMacCrypto.o [1]
AggregatedDCycle        0x10000274    0x2  Data  Lc  LoRaMac.o [1]
AggregatedLastTxDoneTime
                        0x1000029c    0x4  Data  Lc  LoRaMac.o [1]
AggregatedTimeOff       0x100002a0    0x4  Data  Lc  LoRaMac.o [1]
AppData                 0x100011a0   0xf4  Data  Lc  main.o [1]
AppDataSize             0x10000359    0x1  Data  Lc  main.o [1]
AppEui                  0x1000036c    0x8  Data  Lc  main.o [1]
AppKey                  0x10000374   0x10  Data  Lc  main.o [1]
AppLedStateOn           0x1000035b    0x1  Data  Lc  main.o [1]
AppPort                 0x10000358    0x1  Data  Lc  main.o [1]
Bands                   0x10000424   0x10  Data  Lc  RegionCN470.o [1]
BandwidthsCN470         0x00002894   0x18  Data  Lc  RegionCN470.o [1]
BoardDisableIrq         0x00002431    0xc  Code  Gb  utilities.o [1]
BoardEnableIrq          0x0000243d   0x10  Code  Gb  utilities.o [1]
BoardGetBatteryLevel    0x00004c25    0x4  Code  Gb  main.o [1]
Board_Debug_Init        0x00004eb9   0x2c  Code  Gb  board.o [3]
Board_GPIO_Init         0x00004ee5  0x17a  Code  Gb  board.o [3]
Board_Init              0x00005061   0x36  Code  Gb  board.o [3]
Board_LED_Set           0x00004e9d   0x1c  Code  Gb  board.o [3]
Board_SetupClocking     0x00005eef   0x48  Code  Gb  board_sysinit.o [3]
Board_SystemInit        0x00005f49    0xe  Code  Gb  board_sysinit.o [3]
CSTACK$$Base            0x10001540          --   Gb  - Linker created -
CSTACK$$Limit           0x10001940          --   Gb  - Linker created -
Channel                 0x10000264    0x1  Data  Lc  LoRaMac.o [1]
Channels                0x10000438  0x480  Data  Lc  RegionCN470.o [1]
ChannelsDefaultMask     0x10000418    0xc  Data  Lc  RegionCN470.o [1]
ChannelsMask            0x1000040c    0xc  Data  Lc  RegionCN470.o [1]
ChannelsNbRepCounter    0x10000263    0x1  Data  Lc  LoRaMac.o [1]
Chip_Clock_DisablePeriphClock
                        0x00004e6f   0x12  Code  Lc  board.o [3]
Chip_Clock_EnablePeriphClock
                        0x0000425d   0x12  Code  Lc  sx1276-board.o [1]
Chip_Clock_EnablePeriphClock
                        0x00004e5d   0x12  Code  Lc  board.o [3]
Chip_Clock_EnablePeriphClock
                        0x00005edd   0x12  Code  Lc  board_sysinit.o [3]
Chip_Clock_GetMainClockRate
                        0x000047bd   0x30  Code  Gb  clock_8xx.o [4]
Chip_Clock_GetSystemClockRate
                        0x000047ed   0x12  Code  Gb  clock_8xx.o [4]
Chip_Clock_GetSystemPLLInClockRate
                        0x00004783   0x26  Code  Gb  clock_8xx.o [4]
Chip_Clock_GetSystemPLLOutClockRate
                        0x000047a9   0x14  Code  Gb  clock_8xx.o [4]
Chip_Clock_GetUSARTNBaseClockRate
                        0x000047ff   0x36  Code  Gb  clock_8xx.o [4]
Chip_Clock_GetWDTOSCRate
                        0x00004761   0x22  Code  Gb  clock_8xx.o [4]
Chip_Clock_SetMainClockSource
                        0x00004751    0x2  Code  Gb  clock_8xx.o [4]
Chip_Clock_SetSystemPLLSource
                        0x0000474d    0x4  Code  Gb  clock_8xx.o [4]
Chip_Clock_SetUSARTNBaseClockRate
                        0x00004835   0x5a  Code  Gb  clock_8xx.o [4]
Chip_FMC_SetFLASHAccess
                        0x000059b1    0x8  Code  Lc  irc_8xx.o [4]
Chip_GPIO_Init          0x000054ed   0x10  Code  Gb  gpio_8xx.o [4]
Chip_GPIO_SetPinDIR     0x00004291   0x1c  Code  Lc  sx1276-board.o [1]
Chip_GPIO_SetPinDIRInput
                        0x00004281   0x10  Code  Lc  sx1276-board.o [1]
Chip_GPIO_SetPinState   0x00004e93    0x8  Code  Lc  board.o [3]
Chip_IOCON_PinSetMode   0x000045f5   0x12  Code  Gb  iocon_8xx.o [4]
Chip_IRC_SetFreq        0x000059b9   0x9c  Code  Gb  irc_8xx.o [4]
Chip_PININT_ClearIntStatus
                        0x0000607d    0x4  Code  Lc  sx1276.o [1]
Chip_PININT_EnableIntHigh
                        0x0000427d    0x4  Code  Lc  sx1276-board.o [1]
Chip_PININT_SetPinModeEdge
                        0x0000426f    0xe  Code  Lc  sx1276-board.o [1]
Chip_SPIM_GetClockRate  0x00004651   0x14  Code  Gb  spim_8xx.o [4]
Chip_SPIM_SetClockRate  0x00004665   0x2c  Code  Gb  spim_8xx.o [4]
Chip_SPI_ClearStatus    0x00006089    0x4  Code  Lc  sx1276.o [1]
Chip_SPI_DelayConfig    0x00004695   0x2c  Code  Gb  spi_8xx.o [4]
Chip_SPI_GetStatus      0x00006081    0x8  Code  Lc  sx1276.o [1]
Chip_SPI_ReceiveFrame   0x000060af    0x6  Code  Lc  sx1276.o [1]
Chip_SPI_SendLastFrame  0x0000609d   0x12  Code  Lc  sx1276.o [1]
Chip_SPI_SendMidFrame   0x00006099    0x4  Code  Lc  sx1276.o [1]
Chip_SPI_SetCFGRegBits  0x000042ad    0x6  Code  Lc  sx1276-board.o [1]
Chip_SPI_SetControlInfo
                        0x0000608d    0xc  Code  Lc  sx1276.o [1]
Chip_SWM_DisableFixedPin
                        0x00004e81   0x12  Code  Lc  board.o [3]
Chip_SWM_FixedPinEnable
                        0x00004627   0x20  Code  Gb  swm_8xx.o [4]
Chip_SWM_MovablePinAssign
                        0x00004609   0x1e  Code  Gb  swm_8xx.o [4]
Chip_SYSCTL_EnablePINTWakeup
                        0x0000424d   0x10  Code  Lc  sx1276-board.o [1]
Chip_SYSCTL_PeriphReset
                        0x0000422f   0x16  Code  Lc  sx1276-board.o [1]
Chip_SYSCTL_PeriphReset
                        0x00005375   0x1c  Code  Lc  uart_8xx.o [4]
Chip_SYSCTL_PowerDown   0x00005db9   0x14  Code  Gb  syscon_8xx.o [4]
Chip_SYSCTL_PowerUp     0x00005dcd   0x14  Code  Gb  syscon_8xx.o [4]
Chip_SYSCTL_SetPinInterrupt
                        0x00004245    0x8  Code  Lc  sx1276-board.o [1]
Chip_SetupIrcClocking   0x00005f59    0x4  Code  Gb  sysinit_8xx.o [4]
Chip_UART_GetStatus     0x000053a1    0x8  Code  Lc  uart_8xx.o [4]
Chip_UART_IRQRBHandler  0x000054bb   0x32  Code  Gb  uart_8xx.o [4]
Chip_UART_Init          0x000053c1   0x34  Code  Gb  uart_8xx.o [4]
Chip_UART_IntDisable    0x0000539d    0x4  Code  Lc  uart_8xx.o [4]
Chip_UART_IntEnable     0x00005539    0x4  Code  Lc  usart.o [1]
Chip_UART_RXIntHandlerRB
                        0x0000542b   0x24  Code  Gb  uart_8xx.o [4]
Chip_UART_ReadByte      0x00005395    0x8  Code  Lc  uart_8xx.o [4]
Chip_UART_ReadRB        0x000054ad    0xe  Code  Gb  uart_8xx.o [4]
Chip_UART_SendByte      0x00005391    0x4  Code  Lc  uart_8xx.o [4]
Chip_UART_SendRB        0x00005479   0x34  Code  Gb  uart_8xx.o [4]
Chip_UART_SetBaud       0x00005415   0x16  Code  Gb  uart_8xx.o [4]
Chip_UART_TXIntHandlerRB
                        0x0000544f   0x2a  Code  Gb  uart_8xx.o [4]
ComplianceTest          0x10000344   0x14  Data  Gb  main.o [1]
CountNbOfEnabledChannels
                        0x000025ad   0x8a  Code  Lc  RegionCN470.o [1]
DataratesCN470          0x00002a18    0x8  Data  Lc  RegionCN470.o [1]
DevEui                  0x10000364    0x8  Data  Lc  main.o [1]
DeviceState             0x1000035d    0x1  Data  Lc  main.o [1]
DownLinkCounter         0x10000294    0x4  Data  Lc  LoRaMac.o [1]
DutyCycleOn             0x100003eb    0x1  Data  Lc  LoRaMac.o [1]
ExtRateIn               0x0000606c    0x4  Data  Gb  board.o [3]
FskBandwidths           0x000062e4   0xb0  Data  Gb  sx1276.o [1]
GetFskBandwidthRegValue
                        0x000062c1   0x24  Code  Lc  sx1276.o [1]
InStream_Read           0x00005ded   0x22  Code  Lc  packbits_init.o [7]
IrqNestLevel            0x1000153d    0x1  Data  Lc  utilities.o [1]
IsLoRaMacNetworkJoined  0x1000025c    0x1  Data  Lc  LoRaMac.o [1]
IsRxWindowsEnabled      0x100003e9    0x1  Data  Lc  LoRaMac.o [1]
IsTxConfirmed           0x1000035a    0x1  Data  Lc  main.o [1]
IsUpLinkCounterFixed    0x10001504    0x1  Data  Lc  LoRaMac.o [1]
JoinRequestTrials       0x10000269    0x1  Data  Lc  LoRaMac.o [1]
LastTxChannel           0x10000265    0x1  Data  Lc  LoRaMac.o [1]
LastTxIsJoinRequest     0x100003ec    0x1  Data  Lc  LoRaMac.o [1]
Led1Timer               0x10000398   0x14  Data  Lc  main.o [1]
Led2Timer               0x100003ac   0x14  Data  Lc  main.o [1]
Led4Timer               0x100003c0   0x14  Data  Lc  main.o [1]
LimitTxPower            0x000025a1    0xc  Code  Lc  RegionCN470.o [1]
LoRaMacAppEui           0x1000027c    0x4  Data  Lc  LoRaMac.o [1]
LoRaMacAppKey           0x10000280    0x4  Data  Lc  LoRaMac.o [1]
LoRaMacAppSKey          0x100002d0   0x10  Data  Lc  LoRaMac.o [1]
LoRaMacBuffer           0x10000fa0  0x100  Data  Lc  LoRaMac.o [1]
LoRaMacBufferPktLen     0x10000272    0x2  Data  Lc  LoRaMac.o [1]
LoRaMacCallbacks        0x100002b0    0x4  Data  Lc  LoRaMac.o [1]
LoRaMacComputeMic       0x00002155   0x7e  Code  Gb  LoRaMacCrypto.o [1]
LoRaMacDevAddr          0x10000288    0x4  Data  Lc  LoRaMac.o [1]
LoRaMacDevEui           0x10000278    0x4  Data  Lc  LoRaMac.o [1]
LoRaMacDevNonce         0x10000270    0x2  Data  Lc  LoRaMac.o [1]
LoRaMacDeviceClass      0x10000259    0x1  Data  Lc  LoRaMac.o [1]
LoRaMacFlags            0x1000026c    0x4  Data  Gb  LoRaMac.o [1]
LoRaMacInitialization   0x00001715  0x1f6  Code  Gb  LoRaMac.o [1]
LoRaMacInitializationTime
                        0x100002a4    0x4  Data  Lc  LoRaMac.o [1]
LoRaMacJoinComputeMic   0x0000229b   0x4e  Code  Gb  LoRaMacCrypto.o [1]
LoRaMacJoinComputeSKeys
                        0x0000232d   0x86  Code  Gb  LoRaMacCrypto.o [1]
LoRaMacJoinDecrypt      0x000022e9   0x44  Code  Gb  LoRaMacCrypto.o [1]
LoRaMacMaxEirpTable     0x00001128   0x10  Data  Lc  LoRaMac.o [1]
LoRaMacMcpsRequest      0x00001e79  0x124  Code  Gb  LoRaMac.o [1]
LoRaMacMibGetRequestConfirm
                        0x000019e5   0xd2  Code  Gb  LoRaMac.o [1]
LoRaMacMibSetRequestConfirm
                        0x00001ae9  0x25c  Code  Gb  LoRaMac.o [1]
LoRaMacMlmeRequest      0x00001d59  0x120  Code  Gb  LoRaMac.o [1]
LoRaMacNetID            0x10000284    0x4  Data  Lc  LoRaMac.o [1]
LoRaMacNwkSKey          0x100002c0   0x10  Data  Lc  LoRaMac.o [1]
LoRaMacParams           0x1000143c   0x38  Data  Gb  LoRaMac.o [1]
LoRaMacParamsDefaults   0x10001474   0x38  Data  Gb  LoRaMac.o [1]
LoRaMacPayloadDecrypt   0x00002285   0x16  Code  Gb  LoRaMacCrypto.o [1]
LoRaMacPayloadEncrypt   0x000021d3   0xb2  Code  Gb  LoRaMacCrypto.o [1]
LoRaMacPrimitives       0x100002ac    0x4  Data  Lc  LoRaMac.o [1]
LoRaMacQueryTxPossible  0x00001919   0xc0  Code  Gb  LoRaMac.o [1]
LoRaMacRegion           0x10000258    0x1  Data  Lc  LoRaMac.o [1]
LoRaMacRxPayload        0x100010a0  0x100  Data  Lc  LoRaMac.o [1]
LoRaMacState            0x100002a8    0x4  Data  Gb  LoRaMac.o [1]
LoRaMacTxPayloadLen     0x100003e8    0x1  Data  Lc  LoRaMac.o [1]
MODEM                   0x10000e70  0x130  Data  Lc  modem.o [1]
MacCommandsBuffer       0x1000133c   0x80  Data  Lc  LoRaMac.o [1]
MacCommandsBufferIndex  0x10000261    0x1  Data  Lc  LoRaMac.o [1]
MacCommandsBufferToRepeat
                        0x100013bc   0x80  Data  Lc  LoRaMac.o [1]
MacCommandsBufferToRepeatIndex
                        0x10000262    0x1  Data  Lc  LoRaMac.o [1]
MacCommandsInNextTx     0x10000260    0x1  Data  Lc  LoRaMac.o [1]
MacStateCheckTimer      0x100002e0   0x14  Data  Lc  LoRaMac.o [1]
MaxDCycle               0x100003ea    0x1  Data  Lc  LoRaMac.o [1]
MaxJoinRequestTrials    0x1000026a    0x1  Data  Lc  LoRaMac.o [1]
MaxPayloadOfDatarateCN470
                        0x0000296c    0x8  Data  Lc  RegionCN470.o [1]
MaxPayloadOfDatarateRepeaterCN470
                        0x00002964    0x8  Data  Lc  RegionCN470.o [1]
McpsConfirm             0x100014f0   0x14  Data  Lc  LoRaMac.o [1]
McpsConfirm             0x00004a31   0x1e  Code  Lc  main.o [1]
McpsIndication          0x100014d8   0x18  Data  Lc  LoRaMac.o [1]
McpsIndication          0x00004a51  0x186  Code  Lc  main.o [1]
Mic                     0x10000010   0x10  Data  Lc  LoRaMacCrypto.o [1]
MicBlockB0              0x10000000   0x10  Data  Lc  LoRaMacCrypto.o [1]
MlmeConfirm             0x1000024c    0xc  Data  Lc  LoRaMac.o [1]
MlmeConfirm             0x00004bd7   0x3a  Code  Lc  main.o [1]
MulticastChannels       0x1000028c    0x4  Data  Lc  LoRaMac.o [1]
NVIC_EnableIRQ          0x00004221    0xe  Code  Lc  sx1276-board.o [1]
NextTx                  0x1000035c    0x1  Data  Lc  main.o [1]
NodeAckRequested        0x1000025e    0x1  Data  Lc  LoRaMac.o [1]
OnAckTimeoutTimerEvent  0x00000d31   0x32  Code  Lc  LoRaMac.o [1]
OnLed1TimerEvent        0x00004a03   0x12  Code  Lc  main.o [1]
OnLed2TimerEvent        0x00004a15   0x12  Code  Lc  main.o [1]
OnLed4TimerEvent        0x00004a27    0xa  Code  Lc  main.o [1]
OnMacStateCheckTimerEvent
                        0x00000a05  0x226  Code  Lc  LoRaMac.o [1]
OnRadioRxDone           0x0000042d  0x4fa  Code  Lc  LoRaMac.o [1]
OnRadioRxError          0x00000953   0x50  Code  Lc  LoRaMac.o [1]
OnRadioRxTimeout        0x000009a3   0x56  Code  Lc  LoRaMac.o [1]
OnRadioTxDone           0x00000301   0xe8  Code  Lc  LoRaMac.o [1]
OnRadioTxTimeout        0x00000927   0x2c  Code  Lc  LoRaMac.o [1]
OnRxWindow1TimerEvent   0x00000c87   0x4c  Code  Lc  LoRaMac.o [1]
OnRxWindow2TimerEvent   0x00000cd9   0x50  Code  Lc  LoRaMac.o [1]
OnTxDelayedTimerEvent   0x00000c2b   0x5c  Code  Lc  LoRaMac.o [1]
OnTxNextPacketTimerEvent
                        0x000049d3   0x30  Code  Lc  main.o [1]
OscRateIn               0x00006068    0x4  Data  Gb  board.o [3]
PININT0_IRQHandler      0x000072c1  0x236  Code  Gb  sx1276.o [1]
PININT1_IRQHandler      0x000074f7   0xd0  Code  Gb  sx1276.o [1]
PININT2_IRQHandler      0x000075d1   0xd0  Code  Gb  sx1276.o [1]
PININT3_IRQHandler      0x000076a1   0x4e  Code  Gb  sx1276.o [1]
PININT4_IRQHandler      0x000076ef   0x22  Code  Gb  sx1276.o [1]
PININT5_IRQHandler      0x00007711    0xc  Code  Gb  sx1276.o [1]
PrepareFrame            0x0000131d  0x2e0  Code  Gb  LoRaMac.o [1]
PrepareRxDoneAbort      0x000003e9   0x34  Code  Lc  LoRaMac.o [1]
PrepareTxFrame          0x0000496d   0x66  Code  Lc  main.o [1]
ProcessMacCommands      0x00000e69  0x2ba  Code  Lc  LoRaMac.o [1]
PublicNetwork           0x1000025a    0x1  Data  Lc  LoRaMac.o [1]
Radio                   0x00005f6c   0x5c  Data  Gb  sx1276-board.o [1]
RadioEvents             0x100003f0   0x1c  Data  Lc  LoRaMac.o [1]
RadioEvents             0x10000d30    0x4  Data  Lc  sx1276.o [1]
RadioIsActive           0x1000153c    0x1  Data  Lc  sx1276-board.o [1]
RadioRegsInit           0x00007290   0x30  Data  Gb  sx1276.o [1]
Region$$Table$$Base     0x00005ff0          --   Gb  - Linker created -
Region$$Table$$Limit    0x0000601c          --   Gb  - Linker created -
RegionAdrNext           0x00002027   0x1a  Code  Gb  Region.o [1]
RegionAlternateDr       0x000020ed   0x12  Code  Gb  Region.o [1]
RegionApplyCFList       0x00002005   0x10  Code  Gb  Region.o [1]
RegionApplyDrOffset     0x00002139   0x18  Code  Gb  Region.o [1]
RegionCN470AdrNext      0x000027b9   0x74  Code  Gb  RegionCN470.o [1]
RegionCN470AlternateDr  0x00002bd1   0x40  Code  Gb  RegionCN470.o [1]
RegionCN470ApplyDrOffset
                        0x00002d61    0xc  Code  Gb  RegionCN470.o [1]
RegionCN470CalcBackOff  0x00002c11   0x30  Code  Gb  RegionCN470.o [1]
RegionCN470ChanMaskSet  0x0000278f   0x2a  Code  Gb  RegionCN470.o [1]
RegionCN470ComputeRxWindowParameters
                        0x00002831   0x60  Code  Gb  RegionCN470.o [1]
RegionCN470GetPhyParam  0x00002639   0xa6  Code  Gb  RegionCN470.o [1]
RegionCN470InitDefaults
                        0x00002705   0x46  Code  Gb  RegionCN470.o [1]
RegionCN470LinkAdrReq   0x00002a21  0x140  Code  Gb  RegionCN470.o [1]
RegionCN470NextChannel  0x00002c4d   0xb0  Code  Gb  RegionCN470.o [1]
RegionCN470RxConfig     0x000028ad   0x8c  Code  Gb  RegionCN470.o [1]
RegionCN470RxParamSetupReq
                        0x00002b69   0x5a  Code  Gb  RegionCN470.o [1]
RegionCN470SetBandTxDone
                        0x000026e5   0x20  Code  Gb  RegionCN470.o [1]
RegionCN470SetContinuousWave
                        0x00002d05   0x44  Code  Gb  RegionCN470.o [1]
RegionCN470TxConfig     0x00002975   0xa0  Code  Gb  RegionCN470.o [1]
RegionCN470Verify       0x0000274b   0x44  Code  Gb  RegionCN470.o [1]
RegionCalcBackOff       0x000020ff   0x10  Code  Gb  Region.o [1]
RegionChanMaskSet       0x00002015   0x12  Code  Gb  Region.o [1]
RegionCommonCalcBackOff
                        0x00003b4f   0x56  Code  Gb  RegionCommon.o [1]
RegionCommonChanMaskCopy
                        0x00003873   0x1e  Code  Gb  RegionCommon.o [1]
RegionCommonChanVerifyDr
                        0x000037bb   0x70  Code  Gb  RegionCommon.o [1]
RegionCommonComputeRxWindowParameters
                        0x00003a6d   0xaa  Code  Gb  RegionCommon.o [1]
RegionCommonComputeSymbolTimeLoRa
                        0x00003a31   0x2e  Code  Gb  RegionCommon.o [1]
RegionCommonComputeTxPower
                        0x00003b25   0x2a  Code  Gb  RegionCommon.o [1]
RegionCommonCountChannels
                        0x0000383b   0x38  Code  Gb  RegionCommon.o [1]
RegionCommonGetJoinDc   0x000037a1   0x1a  Code  Gb  RegionCommon.o [1]
RegionCommonLinkAdrReqVerifyParams
                        0x0000398b   0xa6  Code  Gb  RegionCommon.o [1]
RegionCommonParseLinkAdrReq
                        0x00003947   0x44  Code  Gb  RegionCommon.o [1]
RegionCommonSetBandTxDone
                        0x00003891    0xa  Code  Gb  RegionCommon.o [1]
RegionCommonUpdateBandTimeOff
                        0x0000389b   0xac  Code  Gb  RegionCommon.o [1]
RegionCommonValueInRange
                        0x0000382b   0x10  Code  Gb  RegionCommon.o [1]
RegionComputeRxWindowParameters
                        0x00002041   0x16  Code  Gb  Region.o [1]
RegionDlChannelReq      0x000020db   0x12  Code  Gb  Region.o [1]
RegionGetPhyParam       0x00001fb9   0x16  Code  Gb  Region.o [1]
RegionInitDefaults      0x00001fdf   0x10  Code  Gb  Region.o [1]
RegionIsActive          0x00001fad    0xc  Code  Gb  Region.o [1]
RegionLinkAdrReq        0x00002085   0x20  Code  Gb  Region.o [1]
RegionNewChannelReq     0x000020b7   0x12  Code  Gb  Region.o [1]
RegionNextChannel       0x0000210f   0x1a  Code  Gb  Region.o [1]
RegionRxConfig          0x00002057   0x16  Code  Gb  Region.o [1]
RegionRxParamSetupReq   0x000020a5   0x12  Code  Gb  Region.o [1]
RegionSetBandTxDone     0x00001fcf   0x10  Code  Gb  Region.o [1]
RegionSetContinuousWave
                        0x00002129   0x10  Code  Gb  Region.o [1]
RegionTxConfig          0x0000206d   0x18  Code  Gb  Region.o [1]
RegionTxParamSetupReq   0x000020c9   0x12  Code  Gb  Region.o [1]
RegionVerify            0x00001fef   0x16  Code  Gb  Region.o [1]
RepeaterSupport         0x1000025b    0x1  Data  Lc  LoRaMac.o [1]
ResetMacParameters      0x00001299   0x70  Code  Lc  LoRaMac.o [1]
RingBuffer_GetCount     0x000057e9    0x8  Code  Lc  ring_buffer.o [4]
RingBuffer_Init         0x00005817   0x10  Code  Gb  ring_buffer.o [4]
RingBuffer_Insert       0x00005827   0x32  Code  Gb  ring_buffer.o [4]
RingBuffer_InsertMult   0x00005859   0x96  Code  Gb  ring_buffer.o [4]
RingBuffer_IsEmpty      0x00005807   0x10  Code  Lc  ring_buffer.o [4]
RingBuffer_IsFull       0x000057f1   0x16  Code  Lc  ring_buffer.o [4]
RingBuffer_Pop          0x000058ef   0x32  Code  Gb  ring_buffer.o [4]
RingBuffer_PopMult      0x00005921   0x8e  Code  Gb  ring_buffer.o [4]
RxChainCalibration      0x0000621b   0x8e  Code  Lc  sx1276.o [1]
RxSlot                  0x1000026b    0x1  Data  Lc  LoRaMac.o [1]
RxTimeoutSyncWord       0x10000e5c   0x14  Data  Gb  sx1276.o [1]
RxTimeoutTimer          0x10000e48   0x14  Data  Gb  sx1276.o [1]
RxTxBuffer              0x10000d34  0x100  Data  Lc  sx1276.o [1]
RxWindow1Config         0x100003d4   0x14  Data  Lc  LoRaMac.o [1]
RxWindow1Delay          0x100002b4    0x4  Data  Lc  LoRaMac.o [1]
RxWindow2Config         0x10001508   0x14  Data  Lc  LoRaMac.o [1]
RxWindow2Delay          0x100002b8    0x4  Data  Lc  LoRaMac.o [1]
RxWindowSetup           0x00000d63   0x14  Code  Lc  LoRaMac.o [1]
RxWindowTimer1          0x10000308   0x14  Data  Lc  LoRaMac.o [1]
RxWindowTimer2          0x1000031c   0x14  Data  Lc  LoRaMac.o [1]
SX1276                  0x10000cc4   0x6c  Data  Gb  sx1276.o [1]
SX1276CheckRfFrequency  0x00004575    0x4  Code  Gb  sx1276-board.o [1]
SX1276GetStatus         0x00006159    0x6  Code  Gb  sx1276.o [1]
SX1276GetTimeOnAir      0x0000687d  0x1d0  Code  Gb  sx1276.o [1]
SX1276Init              0x000060b5   0xa4  Code  Gb  sx1276.o [1]
SX1276IoInit            0x000042bb  0x168  Code  Gb  sx1276-board.o [1]
SX1276IoIrqInit         0x00004423   0x74  Code  Gb  sx1276-board.o [1]
SX1276IsChannelFree     0x00006195   0x48  Code  Gb  sx1276.o [1]
SX1276OnTimeoutIrq      0x000071b5   0xc8  Code  Gb  sx1276.o [1]
SX1276Random            0x000061dd   0x3e  Code  Gb  sx1276.o [1]
SX1276Read              0x00007025   0x10  Code  Gb  sx1276.o [1]
SX1276ReadBuffer        0x000070b7   0x8a  Code  Gb  sx1276.o [1]
SX1276ReadFifo          0x0000714f    0xe  Code  Gb  sx1276.o [1]
SX1276ReadRssi          0x00006f09   0x3e  Code  Gb  sx1276.o [1]
SX1276Reset             0x00006f47   0x1c  Code  Gb  sx1276.o [1]
SX1276Send              0x00006a4d   0xfa  Code  Gb  sx1276.o [1]
SX1276SetAntSwLowPower  0x0000452d    0xc  Code  Gb  sx1276-board.o [1]
SX1276SetChannel        0x0000615f   0x36  Code  Gb  sx1276.o [1]
SX1276SetMaxPayloadLength
                        0x0000715d   0x2c  Code  Gb  sx1276.o [1]
SX1276SetModem          0x00006fa5   0x6a  Code  Gb  sx1276.o [1]
SX1276SetOpMode         0x00006f75   0x30  Code  Gb  sx1276.o [1]
SX1276SetPublicNetwork  0x00007189   0x20  Code  Gb  sx1276.o [1]
SX1276SetRfTxPower      0x00004497   0x90  Code  Gb  sx1276-board.o [1]
SX1276SetRx             0x00006bb9  0x200  Code  Gb  sx1276.o [1]
SX1276SetRxConfig       0x00006395  0x2b8  Code  Gb  sx1276.o [1]
SX1276SetSleep          0x00006b47   0x1c  Code  Gb  sx1276.o [1]
SX1276SetStby           0x00006b95   0x1a  Code  Gb  sx1276.o [1]
SX1276SetTx             0x00006db9   0xa2  Code  Gb  sx1276.o [1]
SX1276SetTxConfig       0x00006661  0x20a  Code  Gb  sx1276.o [1]
SX1276SetTxContinuousWave
                        0x00006e8d   0x7c  Code  Gb  sx1276.o [1]
SX1276StartCad          0x00006e5b   0x2e  Code  Gb  sx1276.o [1]
SX1276Write             0x00007019    0xc  Code  Gb  sx1276.o [1]
SX1276WriteBuffer       0x00007035   0x82  Code  Gb  sx1276.o [1]
SX1276WriteFifo         0x00007141    0xe  Code  Gb  sx1276.o [1]
ScheduleTx              0x0000116d  0x128  Code  Lc  LoRaMac.o [1]
Send                    0x00001139   0x2c  Code  Gb  LoRaMac.o [1]
SendFrameOnChannel      0x00001609   0x80  Code  Gb  LoRaMac.o [1]
SetTxContinuousWave     0x0000168d   0x48  Code  Gb  LoRaMac.o [1]
SetTxContinuousWave1    0x000016d9   0x34  Code  Gb  LoRaMac.o [1]
SrvAckRequested         0x1000025f    0x1  Data  Lc  LoRaMac.o [1]
SysTick_Handler         0x0000011d   0x38  Code  Gb  timer.o [1]
SystemCoreClock         0x10001538    0x4  Data  Gb  chip_8xx.o [4]
SystemCoreClockUpdate   0x000001e1   0x10  Code  Gb  chip_8xx.o [4]
SystemInit              0x00006071    0x8  Code  Gb  sysinit.o [1]
TimerGetCurrentTime     0x00000177    0x6  Code  Gb  timer.o [1]
TimerGetElapsedTime     0x0000017d   0x16  Code  Gb  timer.o [1]
TimerInit               0x000000c1    0xe  Code  Gb  timer.o [1]
TimerListHead           0x10001530    0x4  Data  Lc  timer.o [1]
TimerSetValue           0x00000167   0x10  Code  Gb  timer.o [1]
TimerStart              0x000000cf   0x4e  Code  Gb  timer.o [1]
TimerStop               0x00000155   0x12  Code  Gb  timer.o [1]
TxDelayedTimer          0x100002f4   0x14  Data  Lc  LoRaMac.o [1]
TxDutyCycleTime         0x10000360    0x4  Data  Lc  main.o [1]
TxNextPacketTimer       0x10000384   0x14  Data  Lc  main.o [1]
TxTimeOnAir             0x100002bc    0x4  Data  Gb  LoRaMac.o [1]
TxTimeoutTimer          0x10000e34   0x14  Data  Gb  sx1276.o [1]
UART0_IRQHandler        0x000055b5   0x10  Code  Gb  usart.o [1]
UpLinkCounter           0x10000290    0x4  Data  Lc  LoRaMac.o [1]
ValidatePayloadLength   0x00000d77   0x3e  Code  Lc  LoRaMac.o [1]
__Vectors               0x00000000          --   Gb  iar_startup_lpc82x.o [1]
__Vectors_End           0x000000c0         Data  Gb  iar_startup_lpc82x.o [1]
__Vectors_Size {Abs}    0x000000c0          --   Gb  iar_startup_lpc82x.o [1]
__aeabi_cdrcmple        0x000045c1         Code  Gb  DblCmpGe.o [6]
__aeabi_d2iz            0x0000402d         Code  Gb  DblToI32.o [6]
__aeabi_d2uiz           0x00004051         Code  Gb  DblToI32.o [6]
__aeabi_dadd            0x00003e1f         Code  Gb  DblAddSub.o [6]
__aeabi_ddiv            0x00003bd9         Code  Gb  DblDiv.o [6]
__aeabi_dmul            0x00003c9b         Code  Gb  DblMul.o [6]
__aeabi_dsub            0x00003ee5         Code  Gb  DblAddSub.o [6]
__aeabi_f2d             0x00004195         Code  Gb  FltToDbl.o [6]
__aeabi_fsub            0x000040e5         Code  Gb  FltAddSub.o [6]
__aeabi_i2d             0x00003ba5         Code  Gb  I32ToDbl.o [6]
__aeabi_idiv            0x00002491         Code  Gb  I32DivModFast.o [7]
__aeabi_idivmod         0x00002491         Code  Gb  I32DivModFast.o [7]
__aeabi_memclr4         0x0000379d         Code  Gb  ABImemset.o [7]
__aeabi_memclr8         0x0000379d         Code  Gb  ABImemset.o [7]
__aeabi_memcpy          0x00002545         Code  Gb  ABImemcpy.o [7]
__aeabi_memcpy4         0x0000256d         Code  Wk  ABImemcpy.o [7]
__aeabi_memset          0x0000374d         Code  Gb  ABImemset.o [7]
__aeabi_ui2d            0x00003bb9         Code  Gb  I32ToDbl.o [6]
__aeabi_ui2f            0x00000199         Code  Gb  I32ToFlt.o [6]
__aeabi_uidiv           0x00002497         Code  Gb  I32DivModFast.o [7]
__aeabi_uidivmod        0x00002497         Code  Gb  I32DivModFast.o [7]
__aeabi_uldivmod        0x00004901         Code  Gb  I64DivMod.o [7]
__cmain                 0x0000601d         Code  Gb  cmain.o [7]
__exit                  0x00005ed1         Code  Gb  XXexit.o [7]
__iar_Dint              0x000046c1   0x8c  Code  Gb  xdint.o [6]
__iar_Memset4_word      0x0000376d         Code  Gb  ABImemset.o [7]
__iar_Memset_word       0x00003759         Code  Gb  ABImemset.o [7]
__iar_ceil              0x00003fd5         Code  Gb  ceil.o [6]
__iar_ceill             0x00003fd5         Code  Gb  ceil.o [6]
__iar_d2uiz             0x00004055         Code  Gb  DblToI32.o [6]
__iar_data_init3        0x00005fc9   0x28  Code  Gb  data_init.o [7]
__iar_floor             0x000041c9         Code  Gb  floor.o [6]
__iar_floorl            0x000041c9         Code  Gb  floor.o [6]
__iar_packbits_init3    0x00005e0f   0xb6  Code  Gb  packbits_init.o [7]
__iar_program_start     0x0000605d         Code  Gb  cstartup_M.o [7]
__iar_ui2d              0x00003bbd         Code  Gb  I32ToDbl.o [6]
__iar_ui2f              0x0000019d         Code  Gb  I32ToFlt.o [6]
__iar_zero_init3        0x000001b7   0x2a  Code  Gb  zero_init3.o [7]
__vector_table          0x00000000         Data  Gb  iar_startup_lpc82x.o [1]
__vector_table_0x1c     0x00000010         Data  Gb  iar_startup_lpc82x.o [1]
_call_main              0x00006029         Code  Gb  cmain.o [7]
_exit                   0x00006041         Code  Gb  cexit.o [7]
_main                   0x00006033         Code  Gb  cmain.o [7]
aBlock                  0x10000138   0x10  Data  Lc  LoRaMacCrypto.o [1]
abort                   0x00005ec5    0xa  Code  Gb  abort.o [5]
aes_encrypt             0x000035f9   0x52  Code  Gb  aes.o [1]
aes_set_key             0x000034e5  0x114  Code  Gb  aes.o [1]
beg                     0x100008b8    0x4  Data  Lc  buffer.o [1]
buffer                  0x100008c4  0x400  Data  Lc  buffer.o [1]
buffer_init             0x00005505   0x16  Code  Gb  buffer.o [1]
ceil                    0x00003fd5         Code  Gb  ceil.o [6]
ceill                   0x00003fd5         Code  Gb  ceil.o [6]
chip_version            0x10001534    0x4  Data  Gb  sx1276.o [1]
config_tab              0x00005a64  0x354  Data  Lc  irc_8xx.o [4]
config_tab_idx          0x10001506    0x2  Data  Lc  irc_8xx.o [4]
copy_and_key            0x0000305d   0x84  Code  Lc  aes.o [1]
copy_block              0x00002f99   0x42  Code  Lc  aes.o [1]
cpystr                  0x000056bd   0x18  Code  Gb  hex.o [1]
end                     0x100008bc    0x4  Data  Lc  buffer.o [1]
exit                    0x00006037    0x8  Code  Gb  exit.o [5]
floor                   0x000041c9         Code  Gb  floor.o [6]
floorl                  0x000041c9         Code  Gb  floor.o [6]
frame_init              0x000001f1    0xe  Code  Gb  frame.o [1]
frame_rx                0x000001ff   0xb2  Code  Gb  frame.o [1]
getUARTClockID          0x000053a9   0x18  Code  Lc  uart_8xx.o [4]
gethex                  0x000055e1   0x38  Code  Gb  hex.o [1]
gfm2_sbox               0x000033e4  0x100  Data  Lc  aes.o [1]
gfm3_sbox               0x000032e4  0x100  Data  Lc  aes.o [1]
hex2int                 0x00005665   0x2e  Code  Gb  hex.o [1]
hexval                  0x000056e8  0x100  Data  Lc  hex.o [1]
int2hex                 0x00005645   0x1e  Code  Gb  hex.o [1]
ledBits                 0x000050b4    0x2  Data  Lc  board.o [3]
main                    0x00004c29  0x1d8  Code  Gb  main.o [1]
max                     0x100008c0    0x4  Data  Lc  buffer.o [1]
memcpy1                 0x000023f3   0x14  Code  Gb  utilities.o [1]
memcpyr                 0x00002407   0x16  Code  Gb  utilities.o [1]
memset1                 0x0000241d   0x14  Code  Gb  utilities.o [1]
mix_sub_columns         0x00003145  0x19a  Code  Lc  aes.o [1]
modem_init              0x000050b9   0x28  Code  Gb  modem.o [1]
modem_rxdone            0x000050e5  0x23e  Code  Gb  modem.o [1]
next                    0x10000434    0x4  Data  Lc  utilities.o [1]
puthex                  0x00005619   0x2c  Code  Gb  hex.o [1]
qhead                   0x100014ac    0x1  Data  Lc  queue_IBM.o [1]
queue                   0x100014b0   0x28  Data  Lc  queue_IBM.o [1]
queue_init              0x00005521   0x12  Code  Gb  queue_IBM.o [1]
rand1                   0x000023bd   0x1a  Code  Gb  utilities.o [1]
randr                   0x000023dd   0x16  Code  Gb  utilities.o [1]
reverse                 0x00005693   0x1c  Code  Gb  hex.o [1]
round                   0x00004579   0x48  Code  Gb  round.o [6]
rxbuff                  0x100012bc   0x40  Data  Lc  usart.o [1]
rxframe                 0x1000151c   0x10  Data  Gb  frame.o [1]
rxring                  0x100012a8   0x14  Data  Gb  usart.o [1]
sBlock                  0x10000148   0x10  Data  Lc  LoRaMacCrypto.o [1]
sbox                    0x0000364c  0x100  Data  Lc  aes.o [1]
shift_sub_rows          0x000030e1   0x64  Code  Lc  aes.o [1]
srand1                  0x000023d7    0x6  Code  Gb  utilities.o [1]
systicks                0x1000152c    0x4  Data  Gb  timer.o [1]
tolower                 0x000056af    0xe  Code  Gb  hex.o [1]
txbuff                  0x100012fc   0x40  Data  Lc  usart.o [1]
txring                  0x10001294   0x14  Data  Gb  usart.o [1]
usart_init              0x0000553d   0x78  Code  Gb  usart.o [1]
wdtOSCRate              0x000048c0   0x40  Data  Lc  clock_8xx.o [4]
xor_block               0x00002fdb   0x82  Code  Lc  aes.o [1]


[1] = E:\LoRaProduct\source code\nxp_lpcxpresso_824max\lpcxpresso824\prj_xpresso82x\iar\freertos_blinky\iflash_nxp_lpcxpresso_812\Obj
[2] = command line
[3] = board_nxp_lpcxpresso_824.a
[4] = chip_8xx_lib.a
[5] = dl6M_tln.a
[6] = m6M_tl.a
[7] = rt6M_tl.a

  30 296 bytes of readonly  code memory
     206 bytes of readonly  data memory
   6 462 bytes of readwrite data memory

Errors: none
Warnings: none
