###############################################################################
#
# IAR ELF Linker V7.30.3.8024/W32 for ARM                 17/Jan/2018  18:59:50
# Copyright 2007-2014 IAR Systems AB.
#
#    Output file  =  
#        E:\LoRaProduct\source
#        code\nxp_lpcxpresso_824max\lpcxpresso824\prj_xpresso82x\iar\freertos_blinky\iflash_nxp_lpcxpresso_812\Exe\freertos_blinky.out.tmp
#    Map file     =  
#        E:\LoRaProduct\source
#        code\nxp_lpcxpresso_824max\lpcxpresso824\prj_xpresso82x\iar\freertos_blinky\iflash_nxp_lpcxpresso_812\List\freertos_blinky.map
#    Command line =  
#        "E:\LoRaProduct\source
#        code\nxp_lpcxpresso_824max\lpcxpresso824\prj_xpresso82x\iar\freertos_blinky\iflash_nxp_lpcxpresso_812\Obj\aes.o"
#        "E:\LoRaProduct\source
#        code\nxp_lpcxpresso_824max\lpcxpresso824\prj_xpresso82x\iar\lib_board_lpcxpresso824\iar_output\Exe\board_nxp_lpcxpresso_824.a"
#        "E:\LoRaProduct\source
#        code\nxp_lpcxpresso_824max\lpcxpresso824\prj_xpresso82x\iar\lib_chip_8xx\iar_output\Exe\chip_8xx_lib.a"
#        "E:\LoRaProduct\source
#        code\nxp_lpcxpresso_824max\lpcxpresso824\prj_xpresso82x\iar\freertos_blinky\iflash_nxp_lpcxpresso_812\Obj\cmac.o"
#        "E:\LoRaProduct\source
#        code\nxp_lpcxpresso_824max\lpcxpresso824\prj_xpresso82x\iar\freertos_blinky\iflash_nxp_lpcxpresso_812\Obj\eeprom.o"
#        "E:\LoRaProduct\source
#        code\nxp_lpcxpresso_824max\lpcxpresso824\prj_xpresso82x\iar\freertos_blinky\iflash_nxp_lpcxpresso_812\Obj\frame.o"
#        "E:\LoRaProduct\source
#        code\nxp_lpcxpresso_824max\lpcxpresso824\prj_xpresso82x\iar\freertos_blinky\iflash_nxp_lpcxpresso_812\Obj\hex.o"
#        "E:\LoRaProduct\source
#        code\nxp_lpcxpresso_824max\lpcxpresso824\prj_xpresso82x\iar\freertos_blinky\iflash_nxp_lpcxpresso_812\Obj\iar_startup_lpc82x.o"
#        "E:\LoRaProduct\source
#        code\nxp_lpcxpresso_824max\lpcxpresso824\prj_xpresso82x\iar\freertos_blinky\iflash_nxp_lpcxpresso_812\Obj\LoRaMac.o"
#        "E:\LoRaProduct\source
#        code\nxp_lpcxpresso_824max\lpcxpresso824\prj_xpresso82x\iar\freertos_blinky\iflash_nxp_lpcxpresso_812\Obj\LoRaMacCrypto.o"
#        "E:\LoRaProduct\source
#        code\nxp_lpcxpresso_824max\lpcxpresso824\prj_xpresso82x\iar\freertos_blinky\iflash_nxp_lpcxpresso_812\Obj\main.o"
#        "E:\LoRaProduct\source
#        code\nxp_lpcxpresso_824max\lpcxpresso824\prj_xpresso82x\iar\freertos_blinky\iflash_nxp_lpcxpresso_812\Obj\modem.o"
#        "E:\LoRaProduct\source
#        code\nxp_lpcxpresso_824max\lpcxpresso824\prj_xpresso82x\iar\freertos_blinky\iflash_nxp_lpcxpresso_812\Obj\Region.o"
#        "E:\LoRaProduct\source
#        code\nxp_lpcxpresso_824max\lpcxpresso824\prj_xpresso82x\iar\freertos_blinky\iflash_nxp_lpcxpresso_812\Obj\RegionCN470.o"
#        "E:\LoRaProduct\source
#        code\nxp_lpcxpresso_824max\lpcxpresso824\prj_xpresso82x\iar\freertos_blinky\iflash_nxp_lpcxpresso_812\Obj\RegionCommon.o"
#        "E:\LoRaProduct\source
#        code\nxp_lpcxpresso_824max\lpcxpresso824\prj_xpresso82x\iar\freertos_blinky\iflash_nxp_lpcxpresso_812\Obj\sx1276-board.o"
#        "E:\LoRaProduct\source
#        code\nxp_lpcxpresso_824max\lpcxpresso824\prj_xpresso82x\iar\freertos_blinky\iflash_nxp_lpcxpresso_812\Obj\sx1276.o"
#        "E:\LoRaProduct\source
#        code\nxp_lpcxpresso_824max\lpcxpresso824\prj_xpresso82x\iar\freertos_blinky\iflash_nxp_lpcxpresso_812\Obj\sysinit.o"
#        "E:\LoRaProduct\source
#        code\nxp_lpcxpresso_824max\lpcxpresso824\prj_xpresso82x\iar\freertos_blinky\iflash_nxp_lpcxpresso_812\Obj\timer.o"
#        "E:\LoRaProduct\source
#        code\nxp_lpcxpresso_824max\lpcxpresso824\prj_xpresso82x\iar\freertos_blinky\iflash_nxp_lpcxpresso_812\Obj\usart.o"
#        "E:\LoRaProduct\source
#        code\nxp_lpcxpresso_824max\lpcxpresso824\prj_xpresso82x\iar\freertos_blinky\iflash_nxp_lpcxpresso_812\Obj\utilities.o"
#        -o "E:\LoRaProduct\source
#        code\nxp_lpcxpresso_824max\lpcxpresso824\prj_xpresso82x\iar\freertos_blinky\iflash_nxp_lpcxpresso_812\Exe\freertos_blinky.out.tmp"
#        --map "E:\LoRaProduct\source
#        code\nxp_lpcxpresso_824max\lpcxpresso824\prj_xpresso82x\iar\freertos_blinky\iflash_nxp_lpcxpresso_812\List\freertos_blinky.map"
#        --config "C:\Program Files (x86)\IAR Systems\Embedded Workbench
#        7.0\arm\config\linker\NXP\LPC824M201.icf" --entry __iar_program_start
#        --inline --vfe
#
###############################################################################

*******************************************************************************
*** RUNTIME MODEL ATTRIBUTES
***

CppFlavor       = *
__SystemLibrary = DLib


*******************************************************************************
*** PLACEMENT SUMMARY
***

"A1":  place at 0x00000000 { ro section .intvec };
"P1":  place in [from 0x00000000 to 0x000002fb] |
                [from 0x00000300 to 0x00007fff] { ro };
"P2":  place in [from 0x10000000 to 0x10001fff] { rw, block CSTACK, block HEAP };
"P3":  place in [from 0x000002fc to 0x000002ff] { section .crp };

  Section            Kind        Address    Size  Object
  -------            ----        -------    ----  ------
"A1":                                       0xc0
  .intvec            ro code  0x00000000    0xc0  iar_startup_lpc82x.o [1]
                            - 0x000000c0    0xc0

"P1", part 1 of 2:                         0x1e2
  .text              ro code  0x000000c0    0xfc  timer.o [1]
  .text              ro code  0x000001bc     0x2  iar_startup_lpc82x.o [1]
  .text              ro code  0x000001c0    0x12  iocon_8xx.o [4]
  .text              ro code  0x000001d2     0x2  iar_startup_lpc82x.o [1]
  .text              ro code  0x000001d4    0x18  gpio_8xx.o [4]
  .text              ro code  0x000001ec     0x2  iar_startup_lpc82x.o [1]
  .text              ro code  0x000001f0    0x48  swm_8xx.o [4]
  .text              ro code  0x00000238    0x6a  I64DivMod.o [7]
  .rodata            const    0x000002a2     0x0  zero_init3.o [7]
  .rodata            const    0x000002a2     0x0  packbits_init.o [7]
                            - 0x000002a2   0x1e2

"P3":                                        0x4
  .crp               ro code  0x000002fc     0x4  iar_startup_lpc82x.o [1]
                            - 0x00000300     0x4

"P1", part 2 of 2:                        0x780b
  .text              ro code  0x00000300  0x1f28  LoRaMac.o [1]
  .text              ro code  0x00002228   0x858  modem.o [1]
  .text              ro code  0x00002a80   0x19c  Region.o [1]
  .text              ro code  0x00002c1c   0x288  LoRaMacCrypto.o [1]
  .text              ro code  0x00002ea4    0xc8  utilities.o [1]
  .text              ro code  0x00002f6c    0xe0  I32DivModFast.o [7]
  .text              ro code  0x0000304c    0x1e  I32ToFlt.o [6]
  .text              ro code  0x0000306a    0x2a  zero_init3.o [7]
  .text              ro code  0x00003094   0x221  board.o [3]
  .text              ro code  0x000032b6    0x10  strlen.o [7]
  .text              ro code  0x000032c6     0x2  iar_startup_lpc82x.o [1]
  .text              ro code  0x000032c8    0x5c  ABImemcpy.o [7]
  .text              ro code  0x00003324   0x228  hex.o [1]
  .text              ro code  0x0000354c   0x178  uart_8xx.o [4]
  .text              ro code  0x000036c4    0xa0  eeprom.o [1]
  .text              ro code  0x00003764    0xb4  iap.o [4]
  .text              ro code  0x00003818    0x40  ABImemset.o [7]
  .text              ro code  0x00003858   0x14c  usart.o [1]
  .text              ro code  0x000039a4    0xf0  frame.o [1]
  .text              ro code  0x00003a94   0x7f4  RegionCN470.o [1]
  .text              ro code  0x00004288   0x24a  cmac.o [1]
  .text              ro code  0x000044d4   0x7c0  aes.o [1]
  .text              ro code  0x00004c94   0x1b4  clock_8xx.o [4]
  .text              ro code  0x00004e48   0x1c6  ring_buffer.o [4]
  .text              ro code  0x00005010   0x43e  RegionCommon.o [1]
  .text              ro code  0x00005450    0x34  I32ToDbl.o [6]
  .text              ro code  0x00005484    0xc2  DblDiv.o [6]
  .text              ro code  0x00005546   0x184  DblMul.o [6]
  .text              ro code  0x000056ca   0x1b4  DblAddSub.o [6]
  .text              ro code  0x00005880    0x58  ceil.o [6]
  .text              ro code  0x000058d8    0x52  DblToI32.o [6]
  .text              ro code  0x0000592a   0x116  FltAddSub.o [6]
  .text              ro code  0x00005a40    0x32  FltToDbl.o [6]
  .text              ro code  0x00005a74    0x58  floor.o [6]
  .text              ro code  0x00005acc   0x40c  sx1276-board.o [1]
  .text              ro code  0x00005ed8    0x32  DblCmpGe.o [6]
  .text              ro code  0x00005f0c    0x44  spim_8xx.o [4]
  .text              ro code  0x00005f50    0x2c  spi_8xx.o [4]
  .text              ro code  0x00005f7c   0x408  irc_8xx.o [4]
  .text              ro code  0x00006384    0x34  syscon_8xx.o [4]
  .text              ro code  0x000063b8   0x394  main.o [1]
  .text              ro code  0x0000674c    0x10  chip_8xx.o [4]
  .text              ro code  0x0000675c    0xd8  packbits_init.o [7]
  .text              ro code  0x00006834     0xa  abort.o [5]
  .text              ro code  0x00006840     0xc  XXexit.o [7]
  .rodata            const    0x0000684c    0xd4  modem.o [1]
  .text              ro code  0x00006920    0x7a  board_sysinit.o [3]
  .text              ro code  0x0000699c    0x14  sysinit_8xx.o [4]
  .rodata            const    0x000069b0    0x5c  sx1276-board.o [1]
  .text              ro code  0x00006a0c    0x28  data_init.o [7]
  .iar.init_table    const    0x00006a34    0x2c  - Linker created -
  .text              ro code  0x00006a60    0x1a  cmain.o [7]
  .text              ro code  0x00006a7a     0x8  exit.o [5]
  .text              ro code  0x00006a84     0xa  cexit.o [7]
  .text              ro code  0x00006a90    0x10  iar_startup_lpc82x.o [1]
  .text              ro code  0x00006aa0     0xc  cstartup_M.o [7]
  .rodata            const    0x00006aac     0x8  board.o [3]
  .text              ro code  0x00006ab4     0x8  sysinit.o [1]
  .text              ro code  0x00006abc     0x4  iar_startup_lpc82x.o [1]
  .text              ro code  0x00006ac0   0xfbc  sx1276.o [1]
  Initializer bytes  ro data  0x00007a7c    0x8f  <for P2 s0>
                            - 0x00007b0b  0x780b

"P2":                                     0x1748
  P2 s0                       0x10000000   0x5f0  <Init block>
    .data            inited   0x10000000   0x178  LoRaMac.o [1]
    .data            inited   0x10000178   0x148  main.o [1]
    .data            inited   0x100002c0   0x138  LoRaMacCrypto.o [1]
    .data            inited   0x100003f8   0x114  LoRaMacCrypto.o [1]
    .data            inited   0x1000050c    0x80  modem.o [1]
    .data            inited   0x1000058c    0x38  LoRaMac.o [1]
    .data            inited   0x100005c4    0x28  RegionCN470.o [1]
    .data            inited   0x100005ec     0x4  utilities.o [1]
  .bss               zero     0x100005f0   0x480  RegionCN470.o [1]
  .bss               zero     0x10000a70   0x1d4  modem.o [1]
  .bss               zero     0x10000c44   0x198  sx1276.o [1]
  .bss               zero     0x10000ddc   0x100  LoRaMac.o [1]
  .bss               zero     0x10000edc   0x100  LoRaMac.o [1]
  .bss               zero     0x10000fdc    0xa8  usart.o [1]
  .bss               zero     0x10001084    0x80  eeprom.o [1]
  .bss               zero     0x10001104    0x80  LoRaMac.o [1]
  .bss               zero     0x10001184    0x78  modem.o [1]
  .bss               zero     0x100011fc    0x70  LoRaMac.o [1]
  .bss               zero     0x1000126c    0x5c  modem.o [1]
  .bss               zero     0x100012c8    0x18  LoRaMac.o [1]
  .bss               zero     0x100012e0    0x18  sx1276.o [1]
  .bss               zero     0x100012f8    0x15  LoRaMac.o [1]
  .bss               zero     0x1000130e     0x2  irc_8xx.o [4]
  .bss               zero     0x10001310    0x14  LoRaMac.o [1]
  .bss               zero     0x10001324    0x10  frame.o [1]
  .bss               zero     0x10001334     0x8  timer.o [1]
  .bss               zero     0x1000133c     0x4  chip_8xx.o [4]
  .bss               zero     0x10001340     0x1  sx1276-board.o [1]
  .bss               zero     0x10001341     0x1  utilities.o [1]
  CSTACK                      0x10001348   0x400  <Block>
    CSTACK           uninit   0x10001348   0x400  <Block tail>
                            - 0x10001748  0x1748


*******************************************************************************
*** INIT TABLE
***

          Address     Size
          -------     ----
Zero (__iar_zero_init3)
    1 destination range, total size 0xd52:
          0x100005f0  0xd52

Copy/packbits (__iar_packbits_init3)
    1 source range, total size 0x8f (9% of destination):
          0x00007a7c   0x8f
    1 destination range, total size 0x5f0:
          0x10000000  0x5f0



*******************************************************************************
*** MODULE SUMMARY
***

    Module                ro code  ro data  rw data
    ------                -------  -------  -------
E:\LoRaProduct\source code\nxp_lpcxpresso_824max\lpcxpresso824\prj_xpresso82x\iar\freertos_blinky\iflash_nxp_lpcxpresso_812\Obj: [1]
    LoRaMac.o               7 976       40    1 249
    LoRaMacCrypto.o           648       55      588
    Region.o                  412
    RegionCN470.o           2 036        4    1 192
    RegionCommon.o          1 086
    aes.o                   1 984
    cmac.o                    586
    eeprom.o                  160               128
    frame.o                   240                16
    hex.o                     552
    iar_startup_lpc82x.o      224
    main.o                    916       31      328
    modem.o                 2 136      224      808
    sx1276-board.o          1 036       92        1
    sx1276.o                4 028               432
    sysinit.o                   8
    timer.o                   252                 8
    usart.o                   332               168
    utilities.o               200        1        5
    -----------------------------------------------
    Total:                 24 812      447    4 923

command line: [2]
    -----------------------------------------------
    Total:

board_nxp_lpcxpresso_824.a: [3]
    board.o                   545        8
    board_sysinit.o           122
    -----------------------------------------------
    Total:                    667        8

chip_8xx_lib.a: [4]
    chip_8xx.o                 16                 4
    clock_8xx.o               436
    gpio_8xx.o                 24
    iap.o                     180
    iocon_8xx.o                18
    irc_8xx.o               1 032                 2
    ring_buffer.o             454
    spi_8xx.o                  44
    spim_8xx.o                 68
    swm_8xx.o                  72
    syscon_8xx.o               52
    sysinit_8xx.o              20
    uart_8xx.o                376
    -----------------------------------------------
    Total:                  2 792                 6

dl6M_tln.a: [5]
    abort.o                    10
    exit.o                      8
    -----------------------------------------------
    Total:                     18

m6M_tl.a: [6]
    DblAddSub.o               436
    DblCmpGe.o                 50
    DblDiv.o                  194
    DblMul.o                  388
    DblToI32.o                 82
    FltAddSub.o               278
    FltToDbl.o                 50
    I32ToDbl.o                 52
    I32ToFlt.o                 30
    ceil.o                     88
    floor.o                    88
    -----------------------------------------------
    Total:                  1 736

rt6M_tl.a: [7]
    ABImemcpy.o                92
    ABImemset.o                64
    I32DivModFast.o           224
    I64DivMod.o               106
    XXexit.o                   12
    cexit.o                    10
    cmain.o                    26
    cstartup_M.o               12
    data_init.o                40
    packbits_init.o           216
    strlen.o                   16
    zero_init3.o               42
    -----------------------------------------------
    Total:                    860

    Gaps                       25                 1
    Linker created                      44    1 024
---------------------------------------------------
    Grand Total:           30 910      499    5 954


*******************************************************************************
*** ENTRY LIST
***

Entry                      Address   Size  Type      Object
-----                      -------   ----  ----      ------
?main                   0x00006a61         Code  Gb  cmain.o [7]
AES_CMAC_Final          0x00004385  0x14e  Code  Gb  cmac.o [1]
AES_CMAC_Init           0x00004289   0x22  Code  Gb  cmac.o [1]
AES_CMAC_SetKey         0x000042ab   0x10  Code  Gb  cmac.o [1]
AES_CMAC_Update         0x000042bb   0xca  Code  Gb  cmac.o [1]
AckTimeoutRetries       0x1000001a    0x1  Data  Lc  LoRaMac.o [1]
AckTimeoutRetriesCounter
                        0x1000001b    0x1  Data  Lc  LoRaMac.o [1]
AckTimeoutRetry         0x1000001c    0x1  Data  Lc  LoRaMac.o [1]
AckTimeoutTimer         0x10000164   0x14  Data  Lc  LoRaMac.o [1]
AddMacCommand           0x00000ee9   0x9c  Code  Lc  LoRaMac.o [1]
AdrAckCounter           0x1000004c    0x4  Data  Lc  LoRaMac.o [1]
AdrCtrlOn               0x10000011    0x1  Data  Lc  LoRaMac.o [1]
AesCmacCtx              0x100002e0  0x118  Data  Lc  LoRaMacCrypto.o [1]
AesContext              0x10000418   0xf4  Data  Lc  LoRaMacCrypto.o [1]
AggregatedDCycle        0x10000028    0x2  Data  Lc  LoRaMac.o [1]
AggregatedLastTxDoneTime
                        0x10000050    0x4  Data  Lc  LoRaMac.o [1]
AggregatedTimeOff       0x10000054    0x4  Data  Lc  LoRaMac.o [1]
AppData                 0x100001b8   0xf4  Data  Lc  main.o [1]
AppDataSize             0x1000018d    0x1  Data  Lc  main.o [1]
AppEui                  0x100001a0    0x8  Data  Gb  main.o [1]
AppKey                  0x100001a8   0x10  Data  Gb  main.o [1]
AppPort                 0x1000018c    0x1  Data  Lc  main.o [1]
Bands                   0x100005dc   0x10  Data  Lc  RegionCN470.o [1]
BandwidthsCN470         0x00003e20   0x18  Data  Lc  RegionCN470.o [1]
BoardDisableIrq         0x00002f39    0xc  Code  Gb  utilities.o [1]
BoardEnableIrq          0x00002f45   0x12  Code  Gb  utilities.o [1]
BoardGetBatteryLevel    0x000065d5    0x4  Code  Gb  main.o [1]
Board_GPIO_Init         0x000030ed  0x17a  Code  Gb  board.o [3]
Board_Init              0x00003269   0x32  Code  Gb  board.o [3]
Board_LED_Set           0x000030d3   0x1a  Code  Gb  board.o [3]
Board_SetupClocking     0x00006933   0x48  Code  Gb  board_sysinit.o [3]
Board_SystemInit        0x0000698d    0xe  Code  Gb  board_sysinit.o [3]
CSTACK$$Base            0x10001348          --   Gb  - Linker created -
CSTACK$$Limit           0x10001748          --   Gb  - Linker created -
CalculateBackOff        0x00001459   0x3c  Code  Lc  LoRaMac.o [1]
Channel                 0x10000018    0x1  Data  Lc  LoRaMac.o [1]
Channels                0x100005f0  0x480  Data  Lc  RegionCN470.o [1]
ChannelsDefaultMask     0x100005d0    0xc  Data  Lc  RegionCN470.o [1]
ChannelsMask            0x100005c4    0xc  Data  Lc  RegionCN470.o [1]
ChannelsNbRepCounter    0x10000017    0x1  Data  Lc  LoRaMac.o [1]
Chip_Clock_DisablePeriphClock
                        0x00005b39   0x12  Code  Lc  sx1276-board.o [1]
Chip_Clock_DisablePeriphClock
                        0x00003879   0x12  Code  Lc  usart.o [1]
Chip_Clock_DisablePeriphClock
                        0x000030a7   0x12  Code  Lc  board.o [3]
Chip_Clock_EnablePeriphClock
                        0x00006427   0x12  Code  Lc  main.o [1]
Chip_Clock_EnablePeriphClock
                        0x00005b27   0x12  Code  Lc  sx1276-board.o [1]
Chip_Clock_EnablePeriphClock
                        0x00003867   0x12  Code  Lc  usart.o [1]
Chip_Clock_EnablePeriphClock
                        0x00003095   0x12  Code  Lc  board.o [3]
Chip_Clock_EnablePeriphClock
                        0x00006921   0x12  Code  Lc  board_sysinit.o [3]
Chip_Clock_GetMainClockRate
                        0x00004d05   0x30  Code  Gb  clock_8xx.o [4]
Chip_Clock_GetSystemClockRate
                        0x00004d35   0x12  Code  Gb  clock_8xx.o [4]
Chip_Clock_GetSystemPLLInClockRate
                        0x00004ccb   0x26  Code  Gb  clock_8xx.o [4]
Chip_Clock_GetSystemPLLOutClockRate
                        0x00004cf1   0x14  Code  Gb  clock_8xx.o [4]
Chip_Clock_GetUSARTNBaseClockRate
                        0x00004d47   0x36  Code  Gb  clock_8xx.o [4]
Chip_Clock_GetWDTOSCRate
                        0x00004ca9   0x22  Code  Gb  clock_8xx.o [4]
Chip_Clock_SetMainClockSource
                        0x00004c99    0x2  Code  Gb  clock_8xx.o [4]
Chip_Clock_SetSystemPLLSource
                        0x00004c95    0x4  Code  Gb  clock_8xx.o [4]
Chip_Clock_SetUARTClockDiv
                        0x0000388b    0x6  Code  Lc  usart.o [1]
Chip_Clock_SetUSARTNBaseClockRate
                        0x00004d7d   0x5a  Code  Gb  clock_8xx.o [4]
Chip_FMC_ComputeSignature
                        0x000036c5   0x14  Code  Lc  eeprom.o [1]
Chip_FMC_ComputeSignatureBlocks
                        0x000036d9    0xc  Code  Lc  eeprom.o [1]
Chip_FMC_IsSignatureBusy
                        0x000036e5    0x8  Code  Lc  eeprom.o [1]
Chip_FMC_SetFLASHAccess
                        0x00005f7d    0x8  Code  Lc  irc_8xx.o [4]
Chip_GPIO_Init          0x000001d5   0x10  Code  Gb  gpio_8xx.o [4]
Chip_GPIO_SetPinDIR     0x00005b7d   0x12  Code  Lc  sx1276-board.o [1]
Chip_GPIO_SetPinDIRInput
                        0x00005b6d   0x10  Code  Lc  sx1276-board.o [1]
Chip_GPIO_SetPinDIROutput
                        0x00005b5d   0x10  Code  Lc  sx1276-board.o [1]
Chip_GPIO_SetPinOutHigh
                        0x00006ac5   0x10  Code  Lc  sx1276.o [1]
Chip_GPIO_SetPinOutLow  0x00006ad5   0x10  Code  Lc  sx1276.o [1]
Chip_GPIO_SetPinState   0x000030cb    0x8  Code  Lc  board.o [3]
Chip_IAP_CopyRamToFlash
                        0x0000377b   0x1e  Code  Gb  iap.o [4]
Chip_IAP_ErasePage      0x000037e5    0x8  Code  Gb  iap.o [4]
Chip_IAP_PreSectorForReadWrite
                        0x0000376d    0xe  Code  Gb  iap.o [4]
Chip_IAP_ReadPID        0x000037a1   0x16  Code  Gb  iap.o [4]
Chip_IAP_ReadUID        0x000037b7   0x2a  Code  Gb  iap.o [4]
Chip_IOCON_PinSetMode   0x000001c1   0x12  Code  Gb  iocon_8xx.o [4]
Chip_IRC_SetFreq        0x00005f85   0x9c  Code  Gb  irc_8xx.o [4]
Chip_PININT_ClearIntStatus
                        0x00006ac1    0x4  Code  Lc  sx1276.o [1]
Chip_PININT_EnableIntHigh
                        0x00005b59    0x4  Code  Lc  sx1276-board.o [1]
Chip_PININT_SetPinModeEdge
                        0x00005b4b    0xe  Code  Lc  sx1276-board.o [1]
Chip_SPIM_GetClockRate  0x00005f0d   0x14  Code  Gb  spim_8xx.o [4]
Chip_SPIM_SetClockRate  0x00005f21   0x2c  Code  Gb  spim_8xx.o [4]
Chip_SPI_ClearCFGRegBits
                        0x00005b9d    0xe  Code  Lc  sx1276-board.o [1]
Chip_SPI_ClearStatus    0x00006aed    0x4  Code  Lc  sx1276.o [1]
Chip_SPI_ConfigureSPI   0x00005bd9   0x1c  Code  Lc  sx1276-board.o [1]
Chip_SPI_DelayConfig    0x00005f51   0x2c  Code  Gb  spi_8xx.o [4]
Chip_SPI_Enable         0x00005bcf    0xa  Code  Lc  sx1276-board.o [1]
Chip_SPI_GetStatus      0x00006ae5    0x8  Code  Lc  sx1276.o [1]
Chip_SPI_Init           0x00005bab   0x24  Code  Lc  sx1276-board.o [1]
Chip_SPI_ReceiveFrame   0x00006b17    0x6  Code  Lc  sx1276.o [1]
Chip_SPI_SendLastFrame  0x00006b03   0x14  Code  Lc  sx1276.o [1]
Chip_SPI_SendMidFrame   0x00006aff    0x4  Code  Lc  sx1276.o [1]
Chip_SPI_SetCFGRegBits  0x00005b8f    0xe  Code  Lc  sx1276-board.o [1]
Chip_SPI_SetControlInfo
                        0x00006af1    0xe  Code  Lc  sx1276.o [1]
Chip_SWM_DisableFixedPin
                        0x00003891   0x12  Code  Lc  usart.o [1]
Chip_SWM_DisableFixedPin
                        0x000030b9   0x12  Code  Lc  board.o [3]
Chip_SWM_FixedPinEnable
                        0x0000020f   0x20  Code  Gb  swm_8xx.o [4]
Chip_SWM_MovablePinAssign
                        0x000001f1   0x1e  Code  Gb  swm_8xx.o [4]
Chip_SYSCTL_AssertPeriphReset
                        0x00005adb   0x12  Code  Lc  sx1276-board.o [1]
Chip_SYSCTL_DeassertPeriphReset
                        0x00005aed   0x12  Code  Lc  sx1276-board.o [1]
Chip_SYSCTL_EnablePINTWakeup
                        0x00005b17   0x10  Code  Lc  sx1276-board.o [1]
Chip_SYSCTL_PeriphReset
                        0x00005aff   0x10  Code  Lc  sx1276-board.o [1]
Chip_SYSCTL_PeriphReset
                        0x0000354d   0x1c  Code  Lc  uart_8xx.o [4]
Chip_SYSCTL_PowerDown   0x00006385   0x14  Code  Gb  syscon_8xx.o [4]
Chip_SYSCTL_PowerUp     0x00006399   0x14  Code  Gb  syscon_8xx.o [4]
Chip_SYSCTL_SetPinInterrupt
                        0x00005b0f    0x8  Code  Lc  sx1276-board.o [1]
Chip_SetupIrcClocking   0x0000699d    0x4  Code  Gb  sysinit_8xx.o [4]
Chip_UART_ConfigData    0x000038c3    0xc  Code  Lc  usart.o [1]
Chip_UART_Enable        0x000038a3    0xe  Code  Lc  usart.o [1]
Chip_UART_GetStatus     0x00003579    0x8  Code  Lc  uart_8xx.o [4]
Chip_UART_IRQRBHandler  0x00003693   0x32  Code  Gb  uart_8xx.o [4]
Chip_UART_Init          0x00003599   0x34  Code  Gb  uart_8xx.o [4]
Chip_UART_IntDisable    0x000038bf    0x4  Code  Lc  usart.o [1]
Chip_UART_IntDisable    0x00003575    0x4  Code  Lc  uart_8xx.o [4]
Chip_UART_IntEnable     0x000038bb    0x4  Code  Lc  usart.o [1]
Chip_UART_RXIntHandlerRB
                        0x00003603   0x24  Code  Gb  uart_8xx.o [4]
Chip_UART_ReadByte      0x0000356d    0x8  Code  Lc  uart_8xx.o [4]
Chip_UART_ReadRB        0x00003685    0xe  Code  Gb  uart_8xx.o [4]
Chip_UART_SendByte      0x00003569    0x4  Code  Lc  uart_8xx.o [4]
Chip_UART_SendRB        0x00003651   0x34  Code  Gb  uart_8xx.o [4]
Chip_UART_SetBaud       0x000035ed   0x16  Code  Gb  uart_8xx.o [4]
Chip_UART_TXEnable      0x000038b1    0xa  Code  Lc  usart.o [1]
Chip_UART_TXIntHandlerRB
                        0x00003627   0x2a  Code  Gb  uart_8xx.o [4]
Chip_WWDT_Feed          0x00006439    0xa  Code  Lc  main.o [1]
ComplianceTest          0x10000178   0x14  Data  Gb  main.o [1]
CountChannels           0x00005011   0x26  Code  Lc  RegionCommon.o [1]
CountNbOfEnabledChannels
                        0x00003ad1   0x9a  Code  Lc  RegionCN470.o [1]
DataratesCN470          0x00003f98    0x8  Data  Lc  RegionCN470.o [1]
DelayMs                 0x00002f1d   0x1c  Code  Gb  utilities.o [1]
DevEui                  0x10000198    0x8  Data  Gb  main.o [1]
DeviceState             0x10000190    0x1  Data  Lc  main.o [1]
DownLinkCounter         0x10000048    0x4  Data  Lc  LoRaMac.o [1]
DutyCycleOn             0x100005a3    0x1  Data  Lc  LoRaMac.o [1]
ExtRateIn               0x00006ab0    0x4  Data  Gb  board.o [3]
GetBandwidth            0x00003aa9   0x1e  Code  Lc  RegionCN470.o [1]
GetNextLowerTxDr        0x00003a95   0x14  Code  Lc  RegionCN470.o [1]
InStream_Read           0x0000675d   0x22  Code  Lc  packbits_init.o [7]
IrqNestLevel            0x10001341    0x1  Data  Lc  utilities.o [1]
IsLoRaMacNetworkJoined  0x10000010    0x1  Data  Gb  LoRaMac.o [1]
IsRxWindowsEnabled      0x100005a1    0x1  Data  Lc  LoRaMac.o [1]
IsTxConfirmed           0x1000018e    0x1  Data  Lc  main.o [1]
IsUpLinkCounterFixed    0x1000130c    0x1  Data  Lc  LoRaMac.o [1]
JoinRequestTrials       0x1000001d    0x1  Data  Lc  LoRaMac.o [1]
LMIC                    0x10000ba0   0xa4  Data  Gb  modem.o [1]
LastTxChannel           0x10000019    0x1  Data  Lc  LoRaMac.o [1]
LastTxIsJoinRequest     0x100005a4    0x1  Data  Lc  LoRaMac.o [1]
Led1Timer_OffLine       0x100011e8   0x14  Data  Gb  modem.o [1]
Led1Timer_OnLine        0x100011d4   0x14  Data  Gb  modem.o [1]
Led1Timer_Rx            0x100011c0   0x14  Data  Gb  modem.o [1]
Led1Timer_Tx            0x100011ac   0x14  Data  Gb  modem.o [1]
LedIndication           0x00002381   0xa2  Code  Gb  modem.o [1]
LimitTxPower            0x00003ac7    0xa  Code  Lc  RegionCN470.o [1]
LoRaMacAppEui           0x10000030    0x4  Data  Lc  LoRaMac.o [1]
LoRaMacAppKey           0x10000034    0x4  Data  Lc  LoRaMac.o [1]
LoRaMacAppSKey          0x10000084   0x10  Data  Lc  LoRaMac.o [1]
LoRaMacBuffer           0x10000ddc  0x100  Data  Lc  LoRaMac.o [1]
LoRaMacBufferPktLen     0x10000026    0x2  Data  Lc  LoRaMac.o [1]
LoRaMacCallbacks        0x10000064    0x4  Data  Lc  LoRaMac.o [1]
LoRaMacComputeMic       0x00002c1d   0x8a  Code  Gb  LoRaMacCrypto.o [1]
LoRaMacDevAddr          0x1000003c    0x4  Data  Lc  LoRaMac.o [1]
LoRaMacDevEui           0x1000002c    0x4  Data  Lc  LoRaMac.o [1]
LoRaMacDevNonce         0x10000024    0x2  Data  Lc  LoRaMac.o [1]
LoRaMacDeviceClass      0x1000000d    0x1  Data  Lc  LoRaMac.o [1]
LoRaMacFlags            0x10000020    0x4  Data  Gb  LoRaMac.o [1]
LoRaMacInitialization   0x0000186d  0x208  Code  Gb  LoRaMac.o [1]
LoRaMacInitializationTime
                        0x10000058    0x4  Data  Lc  LoRaMac.o [1]
LoRaMacJoinComputeMic   0x00002d7b   0x4e  Code  Gb  LoRaMacCrypto.o [1]
LoRaMacJoinComputeSKeys
                        0x00002e0d   0x8e  Code  Gb  LoRaMacCrypto.o [1]
LoRaMacJoinDecrypt      0x00002dc9   0x44  Code  Gb  LoRaMacCrypto.o [1]
LoRaMacMaxEirpTable     0x00001300   0x10  Data  Lc  LoRaMac.o [1]
LoRaMacMcpsRequest      0x000020d1  0x146  Code  Gb  LoRaMac.o [1]
LoRaMacMibGetRequestConfirm
                        0x00001b4d  0x154  Code  Gb  LoRaMac.o [1]
LoRaMacMibSetRequestConfirm
                        0x00001ce9  0x2ae  Code  Gb  LoRaMac.o [1]
LoRaMacMlmeRequest      0x00001fbd  0x104  Code  Gb  LoRaMac.o [1]
LoRaMacNetID            0x10000038    0x4  Data  Lc  LoRaMac.o [1]
LoRaMacNwkSKey          0x10000074   0x10  Data  Lc  LoRaMac.o [1]
LoRaMacParams           0x100011fc   0x38  Data  Gb  LoRaMac.o [1]
LoRaMacParamsDefaults   0x10001234   0x38  Data  Gb  LoRaMac.o [1]
LoRaMacPayloadDecrypt   0x00002d65   0x16  Code  Gb  LoRaMacCrypto.o [1]
LoRaMacPayloadEncrypt   0x00002ca7   0xbe  Code  Gb  LoRaMacCrypto.o [1]
LoRaMacPrimitives       0x10000060    0x4  Data  Lc  LoRaMac.o [1]
LoRaMacQueryTxPossible  0x00001a7d   0xc4  Code  Gb  LoRaMac.o [1]
LoRaMacRegion           0x1000000c    0x1  Data  Lc  LoRaMac.o [1]
LoRaMacRxPayload        0x10000edc  0x100  Data  Lc  LoRaMac.o [1]
LoRaMacState            0x1000005c    0x4  Data  Gb  LoRaMac.o [1]
LoRaMacTxPayloadLen     0x100005a0    0x1  Data  Lc  LoRaMac.o [1]
MODEM                   0x10000a70  0x130  Data  Lc  modem.o [1]
MacCommandsBuffer       0x10001104   0x80  Data  Lc  LoRaMac.o [1]
MacCommandsBufferIndex  0x10000015    0x1  Data  Lc  LoRaMac.o [1]
MacCommandsBufferToRepeat
                        0x10000094   0x80  Data  Lc  LoRaMac.o [1]
MacCommandsBufferToRepeatIndex
                        0x10000016    0x1  Data  Lc  LoRaMac.o [1]
MacCommandsInNextTx     0x10000014    0x1  Data  Lc  LoRaMac.o [1]
MacStateCheckTimer      0x10000114   0x14  Data  Lc  LoRaMac.o [1]
MaxDCycle               0x100005a2    0x1  Data  Lc  LoRaMac.o [1]
MaxJoinRequestTrials    0x1000001e    0x1  Data  Lc  LoRaMac.o [1]
MaxPayloadOfDatarateCN470
                        0x00003eec    0x8  Data  Lc  RegionCN470.o [1]
MaxPayloadOfDatarateRepeaterCN470
                        0x00003ee4    0x8  Data  Lc  RegionCN470.o [1]
McpsConfirm             0x100012f8   0x14  Data  Gb  LoRaMac.o [1]
McpsIndication          0x100012c8   0x18  Data  Lc  LoRaMac.o [1]
McpsIndication          0x00006501   0x78  Code  Lc  main.o [1]
Mic                     0x100002d0   0x10  Data  Lc  LoRaMacCrypto.o [1]
MicBlockB0              0x100002c0   0x10  Data  Lc  LoRaMacCrypto.o [1]
MlmeConfirm             0x10000000    0xc  Data  Lc  LoRaMac.o [1]
MlmeConfirm             0x00006579   0x4a  Code  Lc  main.o [1]
MulticastChannels       0x10000040    0x4  Data  Lc  LoRaMac.o [1]
NVIC_EnableIRQ          0x00005acd    0xe  Code  Lc  sx1276-board.o [1]
NVIC_EnableIRQ          0x00003859    0xe  Code  Lc  usart.o [1]
NVIC_SetPriority        0x000063b9   0x44  Code  Lc  main.o [1]
NextTx                  0x1000018f    0x1  Data  Lc  main.o [1]
NodeAckRequested        0x10000012    0x1  Data  Lc  LoRaMac.o [1]
OnAckTimeoutTimerEvent  0x00000e57   0x34  Code  Lc  LoRaMac.o [1]
OnLed1TimerEventNetOffline
                        0x0000225b   0xbe  Code  Lc  modem.o [1]
OnLed1TimerEventNetOnline
                        0x00002319   0x68  Code  Lc  modem.o [1]
OnLed1TimerEventRx      0x0000222b   0x18  Code  Lc  modem.o [1]
OnLed1TimerEventTx      0x00002243   0x18  Code  Lc  modem.o [1]
OnMacStateCheckTimerEvent
                        0x00000ac5  0x282  Code  Lc  LoRaMac.o [1]
OnRadioRxDone           0x00000435  0x582  Code  Lc  LoRaMac.o [1]
OnRadioRxError          0x000009e5   0x5e  Code  Lc  LoRaMac.o [1]
OnRadioRxTimeout        0x00000a43   0x72  Code  Lc  LoRaMac.o [1]
OnRadioTxDone           0x00000301   0xee  Code  Lc  LoRaMac.o [1]
OnRadioTxTimeout        0x000009b7   0x2e  Code  Lc  LoRaMac.o [1]
OnRxWindow1TimerEvent   0x00000dad   0x4e  Code  Lc  LoRaMac.o [1]
OnRxWindow2TimerEvent   0x00000e01   0x56  Code  Lc  LoRaMac.o [1]
OnTxDelayedTimerEvent   0x00000d47   0x5e  Code  Lc  LoRaMac.o [1]
OnTxNextPacketTimerEvent
                        0x000064c7   0x32  Code  Lc  main.o [1]
OscRateIn               0x00006aac    0x4  Data  Gb  board.o [3]
PATTERN_JOINCFG_CRC     0x10001186    0x2  Data  Gb  modem.o [1]
PATTERN_SESSCFG_CRC     0x10001188    0x2  Data  Gb  modem.o [1]
PININT0_IRQHandler      0x000077ed  0x152  Code  Gb  sx1276.o [1]
PININT1_IRQHandler      0x0000793f   0x3e  Code  Gb  sx1276.o [1]
PININT2_IRQHandler      0x0000797d   0x84  Code  Gb  sx1276.o [1]
PININT3_IRQHandler      0x00007a09   0x50  Code  Gb  sx1276.o [1]
PININT4_IRQHandler      0x00007a59    0xc  Code  Gb  sx1276.o [1]
PININT5_IRQHandler      0x00007a65    0xc  Code  Gb  sx1276.o [1]
ParseMacCommandsToRepeat
                        0x00000fa5   0x5e  Code  Lc  LoRaMac.o [1]
PrepareFrame            0x00001529  0x2a2  Code  Gb  LoRaMac.o [1]
PrepareRxDoneAbort      0x000003ef   0x36  Code  Lc  LoRaMac.o [1]
PrepareTxFrame          0x00006443   0x1a  Code  Lc  main.o [1]
ProcessMacCommands      0x00001005  0x2fc  Code  Lc  LoRaMac.o [1]
PublicNetwork           0x1000000e    0x1  Data  Lc  LoRaMac.o [1]
Radio                   0x000069b0   0x5c  Data  Gb  sx1276-board.o [1]
RadioEvents             0x100005a8   0x1c  Data  Lc  LoRaMac.o [1]
RadioEvents             0x10000cb0    0x4  Data  Lc  sx1276.o [1]
RadioIsActive           0x10001340    0x1  Data  Lc  sx1276-board.o [1]
RadioRegsInit           0x000077bc   0x30  Data  Gb  sx1276.o [1]
Region$$Table$$Base     0x00006a34          --   Gb  - Linker created -
Region$$Table$$Limit    0x00006a60          --   Gb  - Linker created -
RegionAdrNext           0x00002afb   0x1a  Code  Gb  Region.o [1]
RegionAlternateDr       0x00002bc1   0x12  Code  Gb  Region.o [1]
RegionApplyCFList       0x00002ad9   0x10  Code  Gb  Region.o [1]
RegionApplyDrOffset     0x00002bfd   0x1a  Code  Gb  Region.o [1]
RegionCN470AdrNext      0x00003d49   0x74  Code  Gb  RegionCN470.o [1]
RegionCN470AlternateDr  0x00004119   0x42  Code  Gb  RegionCN470.o [1]
RegionCN470ApplyDrOffset
                        0x00004279   0x10  Code  Gb  RegionCN470.o [1]
RegionCN470CalcBackOff  0x0000415b   0x30  Code  Gb  RegionCN470.o [1]
RegionCN470ChanMaskSet  0x00003d13   0x2c  Code  Gb  RegionCN470.o [1]
RegionCN470ComputeRxWindowParameters
                        0x00003dd9   0x48  Code  Gb  RegionCN470.o [1]
RegionCN470GetPhyParam  0x00003b6d   0xae  Code  Gb  RegionCN470.o [1]
RegionCN470InitDefaults
                        0x00003c43   0x5c  Code  Gb  RegionCN470.o [1]
RegionCN470LinkAdrReq   0x00003fa1  0x114  Code  Gb  RegionCN470.o [1]
RegionCN470NextChannel  0x00004199   0xc0  Code  Gb  RegionCN470.o [1]
RegionCN470RxConfig     0x00003e39   0x90  Code  Gb  RegionCN470.o [1]
RegionCN470RxParamSetupReq
                        0x000040b9   0x5a  Code  Gb  RegionCN470.o [1]
RegionCN470SetBandTxDone
                        0x00003c21   0x22  Code  Gb  RegionCN470.o [1]
RegionCN470TxConfig     0x00003ef5   0xa4  Code  Gb  RegionCN470.o [1]
RegionCN470Verify       0x00003c9f   0x74  Code  Gb  RegionCN470.o [1]
RegionCalcBackOff       0x00002bd3   0x10  Code  Gb  Region.o [1]
RegionChanMaskSet       0x00002ae9   0x12  Code  Gb  Region.o [1]
RegionCommonCalcBackOff
                        0x000053f7   0x58  Code  Gb  RegionCommon.o [1]
RegionCommonChanMaskCopy
                        0x00005109   0x22  Code  Gb  RegionCommon.o [1]
RegionCommonChanVerifyDr
                        0x00005051   0x7a  Code  Gb  RegionCommon.o [1]
RegionCommonComputeRxWindowParameters
                        0x00005315   0xaa  Code  Gb  RegionCommon.o [1]
RegionCommonComputeSymbolTimeLoRa
                        0x000052d9   0x2e  Code  Gb  RegionCommon.o [1]
RegionCommonComputeTxPower
                        0x000053cd   0x2a  Code  Gb  RegionCommon.o [1]
RegionCommonCountChannels
                        0x000050db   0x2e  Code  Gb  RegionCommon.o [1]
RegionCommonGetJoinDc   0x00005037   0x1a  Code  Gb  RegionCommon.o [1]
RegionCommonLinkAdrReqVerifyParams
                        0x00005233   0xa6  Code  Gb  RegionCommon.o [1]
RegionCommonParseLinkAdrReq
                        0x000051eb   0x48  Code  Gb  RegionCommon.o [1]
RegionCommonSetBandTxDone
                        0x0000512b    0xa  Code  Gb  RegionCommon.o [1]
RegionCommonUpdateBandTimeOff
                        0x00005135   0xb6  Code  Gb  RegionCommon.o [1]
RegionCommonValueInRange
                        0x000050cb   0x10  Code  Gb  RegionCommon.o [1]
RegionComputeRxWindowParameters
                        0x00002b15   0x16  Code  Gb  Region.o [1]
RegionDlChannelReq      0x00002baf   0x12  Code  Gb  Region.o [1]
RegionGetPhyParam       0x00002a8d   0x16  Code  Gb  Region.o [1]
RegionInitDefaults      0x00002ab3   0x10  Code  Gb  Region.o [1]
RegionIsActive          0x00002a81    0xc  Code  Gb  Region.o [1]
RegionLinkAdrReq        0x00002b59   0x20  Code  Gb  Region.o [1]
RegionNewChannelReq     0x00002b8b   0x12  Code  Gb  Region.o [1]
RegionNextChannel       0x00002be3   0x1a  Code  Gb  Region.o [1]
RegionRxConfig          0x00002b2b   0x16  Code  Gb  Region.o [1]
RegionRxParamSetupReq   0x00002b79   0x12  Code  Gb  Region.o [1]
RegionSetBandTxDone     0x00002aa3   0x10  Code  Gb  Region.o [1]
RegionTxConfig          0x00002b41   0x18  Code  Gb  Region.o [1]
RegionTxParamSetupReq   0x00002b9d   0x12  Code  Gb  Region.o [1]
RegionVerify            0x00002ac3   0x16  Code  Gb  Region.o [1]
RepeaterSupport         0x1000000f    0x1  Data  Lc  LoRaMac.o [1]
ResetMacParameters      0x00001495   0x82  Code  Lc  LoRaMac.o [1]
RingBuffer_GetCount     0x00004e49    0x8  Code  Lc  ring_buffer.o [4]
RingBuffer_Init         0x00004e77   0x10  Code  Gb  ring_buffer.o [4]
RingBuffer_Insert       0x00004e87   0x32  Code  Gb  ring_buffer.o [4]
RingBuffer_InsertMult   0x00004eb9   0x96  Code  Gb  ring_buffer.o [4]
RingBuffer_IsEmpty      0x00004e67   0x10  Code  Lc  ring_buffer.o [4]
RingBuffer_IsFull       0x00004e51   0x16  Code  Lc  ring_buffer.o [4]
RingBuffer_Pop          0x00004f4f   0x32  Code  Gb  ring_buffer.o [4]
RingBuffer_PopMult      0x00004f81   0x8e  Code  Gb  ring_buffer.o [4]
RxChainCalibration      0x00006c8f   0x8e  Code  Lc  sx1276.o [1]
RxSlot                  0x1000001f    0x1  Data  Lc  LoRaMac.o [1]
RxTimeoutSyncWord       0x100012e4   0x14  Data  Gb  sx1276.o [1]
RxTimeoutTimer          0x10000dc8   0x14  Data  Gb  sx1276.o [1]
RxTxBuffer              0x10000cb4  0x100  Data  Lc  sx1276.o [1]
RxWindow1Config         0x1000058c   0x14  Data  Lc  LoRaMac.o [1]
RxWindow1Delay          0x10000068    0x4  Data  Lc  LoRaMac.o [1]
RxWindow2Config         0x10001310   0x14  Data  Lc  LoRaMac.o [1]
RxWindow2Delay          0x1000006c    0x4  Data  Lc  LoRaMac.o [1]
RxWindowSetup           0x00000e8b   0x16  Code  Lc  LoRaMac.o [1]
RxWindowTimer1          0x1000013c   0x14  Data  Lc  LoRaMac.o [1]
RxWindowTimer2          0x10000150   0x14  Data  Lc  LoRaMac.o [1]
SX1276                  0x10000c44   0x6c  Data  Gb  sx1276.o [1]
SX1276CheckRfFrequency  0x00005ed5    0x4  Code  Gb  sx1276-board.o [1]
SX1276GetPaSelect       0x00005e81    0xe  Code  Gb  sx1276-board.o [1]
SX1276GetStatus         0x00006bc3    0x6  Code  Gb  sx1276.o [1]
SX1276GetTimeOnAir      0x00007031  0x128  Code  Gb  sx1276.o [1]
SX1276Init              0x00006b1d   0xa6  Code  Gb  sx1276.o [1]
SX1276IoInit            0x00005bf5  0x14e  Code  Gb  sx1276-board.o [1]
SX1276IoIrqInit         0x00005d43   0x74  Code  Gb  sx1276-board.o [1]
SX1276IsChannelFree     0x00006c05   0x48  Code  Gb  sx1276.o [1]
SX1276OnTimeoutIrq      0x0000773d   0x76  Code  Gb  sx1276.o [1]
SX1276Random            0x00006c4d   0x42  Code  Gb  sx1276.o [1]
SX1276Read              0x000075ad   0x10  Code  Gb  sx1276.o [1]
SX1276ReadBuffer        0x00007655   0x8e  Code  Gb  sx1276.o [1]
SX1276ReadFifo          0x000076f1    0xe  Code  Gb  sx1276.o [1]
SX1276ReadRssi          0x000074b7   0x32  Code  Gb  sx1276.o [1]
SX1276Reset             0x000074ed   0x28  Code  Gb  sx1276.o [1]
SX1276Send              0x0000715d   0x8e  Code  Gb  sx1276.o [1]
SX1276SetAntSwLowPower  0x00005e99   0x1e  Code  Gb  sx1276-board.o [1]
SX1276SetChannel        0x00006bc9   0x3c  Code  Gb  sx1276.o [1]
SX1276SetMaxPayloadLength
                        0x000076ff   0x18  Code  Gb  sx1276.o [1]
SX1276SetModem          0x00007545   0x50  Code  Gb  sx1276.o [1]
SX1276SetOpMode         0x00007515   0x30  Code  Gb  sx1276.o [1]
SX1276SetPublicNetwork  0x00007717   0x26  Code  Gb  sx1276.o [1]
SX1276SetRfTxPower      0x00005dcd   0xaa  Code  Gb  sx1276-board.o [1]
SX1276SetRx             0x00007251  0x1ac  Code  Gb  sx1276.o [1]
SX1276SetRxConfig       0x00006d29  0x1b2  Code  Gb  sx1276.o [1]
SX1276SetSleep          0x000071eb   0x24  Code  Gb  sx1276.o [1]
SX1276SetStby           0x0000720f   0x24  Code  Gb  sx1276.o [1]
SX1276SetTx             0x00007401   0x72  Code  Gb  sx1276.o [1]
SX1276SetTxConfig       0x00006ee5  0x144  Code  Gb  sx1276.o [1]
SX1276SetTxContinuousWave
                        0x000074b5    0x2  Code  Gb  sx1276.o [1]
SX1276StartCad          0x00007481   0x2e  Code  Gb  sx1276.o [1]
SX1276Write             0x000075a1    0xc  Code  Gb  sx1276.o [1]
SX1276WriteBuffer       0x000075bd   0x86  Code  Gb  sx1276.o [1]
SX1276WriteFifo         0x000076e3    0xe  Code  Gb  sx1276.o [1]
ScheduleTx              0x00001345  0x10e  Code  Lc  LoRaMac.o [1]
Send                    0x00001311   0x2c  Code  Gb  LoRaMac.o [1]
SendFrame               0x0000645d   0x6a  Code  Lc  main.o [1]
SendFrameOnChannel      0x000017d1   0x86  Code  Gb  LoRaMac.o [1]
SrvAckRequested         0x10000013    0x1  Data  Lc  LoRaMac.o [1]
SysTick_Config          0x000063fd   0x2a  Code  Lc  main.o [1]
SysTick_Handler         0x0000012b   0x38  Code  Gb  timer.o [1]
SystemCoreClock         0x1000133c    0x4  Data  Gb  chip_8xx.o [4]
SystemCoreClockUpdate   0x0000674d   0x10  Code  Gb  chip_8xx.o [4]
SystemInit              0x00006ab5    0x8  Code  Gb  sysinit.o [1]
TimerExists             0x00000175   0x18  Code  Lc  timer.o [1]
TimerGetCurrentTime     0x0000019d    0x6  Code  Gb  timer.o [1]
TimerGetElapsedTime     0x000001a3   0x16  Code  Gb  timer.o [1]
TimerInit               0x000000c1   0x10  Code  Gb  timer.o [1]
TimerListHead           0x10001338    0x4  Data  Lc  timer.o [1]
TimerSetValue           0x0000018d   0x10  Code  Gb  timer.o [1]
TimerStart              0x000000d1   0x5a  Code  Gb  timer.o [1]
TimerStop               0x00000163   0x12  Code  Gb  timer.o [1]
TxDelayedTimer          0x10000128   0x14  Data  Lc  LoRaMac.o [1]
TxDutyCycleTime         0x10000194    0x4  Data  Lc  main.o [1]
TxNextPacketTimer       0x100002ac   0x14  Data  Lc  main.o [1]
TxTimeOnAir             0x10000070    0x4  Data  Gb  LoRaMac.o [1]
TxTimeoutTimer          0x10000db4   0x14  Data  Gb  sx1276.o [1]
UART0_IRQHandler        0x00003969   0x10  Code  Gb  usart.o [1]
UpLinkCounter           0x10000044    0x4  Data  Lc  LoRaMac.o [1]
ValidatePayloadLength   0x00000ea1   0x3e  Code  Lc  LoRaMac.o [1]
WDT_IRQHandler          0x00002229    0x2  Code  Gb  modem.o [1]
__Vectors               0x00000000          --   Gb  iar_startup_lpc82x.o [1]
__Vectors_End           0x000000c0         Data  Gb  iar_startup_lpc82x.o [1]
__Vectors_Size {Abs}    0x000000c0          --   Gb  iar_startup_lpc82x.o [1]
__aeabi_cdrcmple        0x00005ed9         Code  Gb  DblCmpGe.o [6]
__aeabi_d2iz            0x000058d9         Code  Gb  DblToI32.o [6]
__aeabi_d2uiz           0x000058fd         Code  Gb  DblToI32.o [6]
__aeabi_dadd            0x000056cb         Code  Gb  DblAddSub.o [6]
__aeabi_ddiv            0x00005485         Code  Gb  DblDiv.o [6]
__aeabi_dmul            0x00005547         Code  Gb  DblMul.o [6]
__aeabi_dsub            0x00005791         Code  Gb  DblAddSub.o [6]
__aeabi_f2d             0x00005a41         Code  Gb  FltToDbl.o [6]
__aeabi_fsub            0x00005991         Code  Gb  FltAddSub.o [6]
__aeabi_i2d             0x00005451         Code  Gb  I32ToDbl.o [6]
__aeabi_idiv            0x00002f99         Code  Gb  I32DivModFast.o [7]
__aeabi_idivmod         0x00002f99         Code  Gb  I32DivModFast.o [7]
__aeabi_memclr4         0x00003855         Code  Gb  ABImemset.o [7]
__aeabi_memclr8         0x00003855         Code  Gb  ABImemset.o [7]
__aeabi_memcpy          0x000032c9         Code  Gb  ABImemcpy.o [7]
__aeabi_memcpy4         0x000032f1         Code  Wk  ABImemcpy.o [7]
__aeabi_memset4         0x00003819         Code  Gb  ABImemset.o [7]
__aeabi_memset8         0x00003819         Code  Gb  ABImemset.o [7]
__aeabi_ui2d            0x00005465         Code  Gb  I32ToDbl.o [6]
__aeabi_ui2f            0x0000304d         Code  Gb  I32ToFlt.o [6]
__aeabi_uidiv           0x00002f9f         Code  Gb  I32DivModFast.o [7]
__aeabi_uidivmod        0x00002f9f         Code  Gb  I32DivModFast.o [7]
__aeabi_uldivmod        0x00000239         Code  Gb  I64DivMod.o [7]
__cmain                 0x00006a61         Code  Gb  cmain.o [7]
__exit                  0x00006841         Code  Gb  XXexit.o [7]
__iar_Memset4_word      0x00003825         Code  Gb  ABImemset.o [7]
__iar_ceil              0x00005881         Code  Gb  ceil.o [6]
__iar_ceill             0x00005881         Code  Gb  ceil.o [6]
__iar_d2uiz             0x00005901         Code  Gb  DblToI32.o [6]
__iar_data_init3        0x00006a0d   0x28  Code  Gb  data_init.o [7]
__iar_floor             0x00005a75         Code  Gb  floor.o [6]
__iar_floorl            0x00005a75         Code  Gb  floor.o [6]
__iar_packbits_init3    0x0000677f   0xb6  Code  Gb  packbits_init.o [7]
__iar_program_start     0x00006aa1         Code  Gb  cstartup_M.o [7]
__iar_ui2d              0x00005469         Code  Gb  I32ToDbl.o [6]
__iar_ui2f              0x00003051         Code  Gb  I32ToFlt.o [6]
__iar_zero_init3        0x0000306b   0x2a  Code  Gb  zero_init3.o [7]
__vector_table          0x00000000         Data  Gb  iar_startup_lpc82x.o [1]
__vector_table_0x1c     0x00000010         Data  Gb  iar_startup_lpc82x.o [1]
_call_main              0x00006a6d         Code  Gb  cmain.o [7]
_exit                   0x00006a85         Code  Gb  cexit.o [7]
_main                   0x00006a77         Code  Gb  cmain.o [7]
aBlock                  0x100003f8   0x10  Data  Lc  LoRaMacCrypto.o [1]
abort                   0x00006835    0xa  Code  Gb  abort.o [5]
add_round_key           0x00004635    0x8  Code  Lc  aes.o [1]
aes_encrypt             0x00004b43   0x52  Code  Gb  aes.o [1]
aes_set_key             0x00004a41  0x102  Code  Gb  aes.o [1]
ceil                    0x00005881         Code  Gb  ceil.o [6]
ceill                   0x00005881         Code  Gb  ceil.o [6]
chip_version            0x100012e0    0x4  Data  Gb  sx1276.o [1]
config_tab              0x00006030  0x354  Data  Lc  irc_8xx.o [4]
config_tab_idx          0x1000130e    0x2  Data  Lc  irc_8xx.o [4]
copy_and_key            0x000045af   0x86  Code  Lc  aes.o [1]
copy_block              0x000044d5   0x42  Code  Lc  aes.o [1]
copy_block_nn           0x00004517   0x16  Code  Lc  aes.o [1]
cpystr                  0x0000341f   0x18  Code  Gb  hex.o [1]
eeprom_write            0x000036ed   0x62  Code  Gb  eeprom.o [1]
evnames                 0x1000054c   0x40  Data  Lc  modem.o [1]
exit                    0x00006a7b    0x8  Code  Gb  exit.o [5]
floor                   0x00005a75         Code  Gb  floor.o [6]
floorl                  0x00005a75         Code  Gb  floor.o [6]
frame_init              0x000039a5   0x14  Code  Gb  frame.o [1]
frame_rx                0x000039b9   0xd8  Code  Gb  frame.o [1]
funMcpsConfirm          0x000064f9    0x8  Code  Lc  main.o [1]
getUARTClockID          0x00003581   0x18  Code  Lc  uart_8xx.o [4]
gethex                  0x00003325   0x3e  Code  Gb  hex.o [1]
gfm2_sbox               0x00004940  0x100  Data  Lc  aes.o [1]
gfm3_sbox               0x00004840  0x100  Data  Lc  aes.o [1]
hex2int                 0x000033bd   0x32  Code  Gb  hex.o [1]
hexval                  0x0000344c  0x100  Data  Lc  hex.o [1]
iap_entry               0x00003765    0x8  Code  Lc  iap.o [4]
int2hex                 0x00003399   0x24  Code  Gb  hex.o [1]
joincfg                 0x1000118c   0x20  Data  Lc  modem.o [1]
ledBits                 0x000032b4    0x1  Data  Lc  board.o [3]
main                    0x000065e5  0x126  Code  Gb  main.o [1]
memcpy1                 0x00002edb   0x16  Code  Gb  utilities.o [1]
memcpyr                 0x00002ef1   0x1a  Code  Gb  utilities.o [1]
memset1                 0x00002f0b   0x12  Code  Gb  utilities.o [1]
mix_sub_columns         0x000046a1  0x19a  Code  Lc  aes.o [1]
modem_init              0x00002601   0xd4  Code  Gb  modem.o [1]
modem_reset             0x00002561    0x2  Code  Lc  modem.o [1]
modem_rxdone            0x00002755  0x2f2  Code  Gb  modem.o [1]
next                    0x100005ec    0x4  Data  Lc  utilities.o [1]
onEvent                 0x00002423  0x12e  Code  Gb  modem.o [1]
os_crc16                0x00002563   0x38  Code  Gb  modem.o [1]
persist                 0x1000126c   0x5c  Data  Gb  modem.o [1]
persist_init            0x0000259d   0x60  Code  Lc  modem.o [1]
prvSetupHardware        0x000065d9    0xc  Code  Lc  main.o [1]
puthex                  0x00003365   0x34  Code  Gb  hex.o [1]
rand1                   0x00002ea5   0x1a  Code  Gb  utilities.o [1]
randr                   0x00002ec5   0x16  Code  Gb  utilities.o [1]
reverse                 0x000033ef   0x22  Code  Gb  hex.o [1]
rxbuff                  0x10001004   0x40  Data  Lc  usart.o [1]
rxframe                 0x10001324   0x10  Data  Gb  frame.o [1]
rxring                  0x10000ff0   0x14  Data  Gb  usart.o [1]
sBlock                  0x10000408   0x10  Data  Lc  LoRaMacCrypto.o [1]
sbox                    0x00004b94  0x100  Data  Lc  aes.o [1]
sesscfg                 0x0000272c   0x28  Data  Lc  modem.o [1]
shift_sub_rows          0x0000463d   0x64  Code  Lc  aes.o [1]
srand1                  0x00002ebf    0x6  Code  Gb  utilities.o [1]
src_iap_array_data      0x10001084   0x80  Data  Gb  eeprom.o [1]
strlen                  0x000032b7   0x10  Code  Gb  strlen.o [7]
systicks                0x10001334    0x4  Data  Gb  timer.o [1]
tolower                 0x00003411    0xe  Code  Gb  hex.o [1]
txbuff                  0x10001044   0x40  Data  Lc  usart.o [1]
txring                  0x10000fdc   0x14  Data  Gb  usart.o [1]
usart_init              0x000038cf   0x9a  Code  Gb  usart.o [1]
wdtOSCRate              0x00004e08   0x40  Data  Lc  clock_8xx.o [4]
xor_block               0x0000452d   0x82  Code  Lc  aes.o [1]


[1] = E:\LoRaProduct\source code\nxp_lpcxpresso_824max\lpcxpresso824\prj_xpresso82x\iar\freertos_blinky\iflash_nxp_lpcxpresso_812\Obj
[2] = command line
[3] = board_nxp_lpcxpresso_824.a
[4] = chip_8xx_lib.a
[5] = dl6M_tln.a
[6] = m6M_tl.a
[7] = rt6M_tl.a

  30 910 bytes of readonly  code memory
     499 bytes of readonly  data memory
   5 954 bytes of readwrite data memory

Errors: none
Warnings: none
