###############################################################################
#
# IAR ELF Linker V7.30.3.8024/W32 for ARM                 04/Dec/2017  00:35:38
# Copyright 2007-2014 IAR Systems AB.
#
#    Output file  =  
#        E:\LoRaProduct\source
#        code\nxp_lpcxpresso_824max\lpcxpresso824\prj_xpresso82x\iar\freertos_blinky\iflash_nxp_lpcxpresso_812\Exe\freertos_blinky.out.tmp
#    Map file     =  
#        E:\LoRaProduct\source
#        code\nxp_lpcxpresso_824max\lpcxpresso824\prj_xpresso82x\iar\freertos_blinky\iflash_nxp_lpcxpresso_812\List\freertos_blinky.map
#    Command line =  
#        "E:\LoRaProduct\source
#        code\nxp_lpcxpresso_824max\lpcxpresso824\prj_xpresso82x\iar\freertos_blinky\iflash_nxp_lpcxpresso_812\Obj\aes.o"
#        "E:\LoRaProduct\source
#        code\nxp_lpcxpresso_824max\lpcxpresso824\prj_xpresso82x\iar\lib_board_lpcxpresso824\iar_output\Exe\board_nxp_lpcxpresso_824.a"
#        "E:\LoRaProduct\source
#        code\nxp_lpcxpresso_824max\lpcxpresso824\prj_xpresso82x\iar\freertos_blinky\iflash_nxp_lpcxpresso_812\Obj\buffer.o"
#        "E:\LoRaProduct\source
#        code\nxp_lpcxpresso_824max\lpcxpresso824\prj_xpresso82x\iar\lib_chip_8xx\iar_output\Exe\chip_8xx_lib.a"
#        "E:\LoRaProduct\source
#        code\nxp_lpcxpresso_824max\lpcxpresso824\prj_xpresso82x\iar\freertos_blinky\iflash_nxp_lpcxpresso_812\Obj\cmac.o"
#        "E:\LoRaProduct\source
#        code\nxp_lpcxpresso_824max\lpcxpresso824\prj_xpresso82x\iar\freertos_blinky\iflash_nxp_lpcxpresso_812\Obj\debug.o"
#        "E:\LoRaProduct\source
#        code\nxp_lpcxpresso_824max\lpcxpresso824\prj_xpresso82x\iar\freertos_blinky\iflash_nxp_lpcxpresso_812\Obj\frame.o"
#        "E:\LoRaProduct\source
#        code\nxp_lpcxpresso_824max\lpcxpresso824\prj_xpresso82x\iar\freertos_blinky\iflash_nxp_lpcxpresso_812\Obj\hex.o"
#        "E:\LoRaProduct\source
#        code\nxp_lpcxpresso_824max\lpcxpresso824\prj_xpresso82x\iar\freertos_blinky\iflash_nxp_lpcxpresso_812\Obj\iar_startup_lpc82x.o"
#        "E:\LoRaProduct\source
#        code\nxp_lpcxpresso_824max\lpcxpresso824\prj_xpresso82x\iar\freertos_blinky\iflash_nxp_lpcxpresso_812\Obj\main.o"
#        "E:\LoRaProduct\source
#        code\nxp_lpcxpresso_824max\lpcxpresso824\prj_xpresso82x\iar\freertos_blinky\iflash_nxp_lpcxpresso_812\Obj\modem.o"
#        "E:\LoRaProduct\source
#        code\nxp_lpcxpresso_824max\lpcxpresso824\prj_xpresso82x\iar\freertos_blinky\iflash_nxp_lpcxpresso_812\Obj\sx1276-board.o"
#        "E:\LoRaProduct\source
#        code\nxp_lpcxpresso_824max\lpcxpresso824\prj_xpresso82x\iar\freertos_blinky\iflash_nxp_lpcxpresso_812\Obj\sx1276.o"
#        "E:\LoRaProduct\source
#        code\nxp_lpcxpresso_824max\lpcxpresso824\prj_xpresso82x\iar\freertos_blinky\iflash_nxp_lpcxpresso_812\Obj\sysinit.o"
#        "E:\LoRaProduct\source
#        code\nxp_lpcxpresso_824max\lpcxpresso824\prj_xpresso82x\iar\freertos_blinky\iflash_nxp_lpcxpresso_812\Obj\timer.o"
#        "E:\LoRaProduct\source
#        code\nxp_lpcxpresso_824max\lpcxpresso824\prj_xpresso82x\iar\freertos_blinky\iflash_nxp_lpcxpresso_812\Obj\usart.o"
#        "E:\LoRaProduct\source
#        code\nxp_lpcxpresso_824max\lpcxpresso824\prj_xpresso82x\iar\freertos_blinky\iflash_nxp_lpcxpresso_812\Obj\utilities.o"
#        -o "E:\LoRaProduct\source
#        code\nxp_lpcxpresso_824max\lpcxpresso824\prj_xpresso82x\iar\freertos_blinky\iflash_nxp_lpcxpresso_812\Exe\freertos_blinky.out.tmp"
#        --map "E:\LoRaProduct\source
#        code\nxp_lpcxpresso_824max\lpcxpresso824\prj_xpresso82x\iar\freertos_blinky\iflash_nxp_lpcxpresso_812\List\freertos_blinky.map"
#        --config "C:\Program Files (x86)\IAR Systems\Embedded Workbench
#        7.0\arm\config\linker\NXP\LPC824M201.icf" --entry __iar_program_start
#        --inline --vfe
#
###############################################################################

*******************************************************************************
*** RUNTIME MODEL ATTRIBUTES
***

CppFlavor       = *
__SystemLibrary = DLib


*******************************************************************************
*** PLACEMENT SUMMARY
***

"A1":  place at 0x00000000 { ro section .intvec };
"P1":  place in [from 0x00000000 to 0x000002fb] |
                [from 0x00000300 to 0x00007fff] { ro };
"P2":  place in [from 0x10000000 to 0x10001fff] { rw, block CSTACK, block HEAP };
"P3":  place in [from 0x000002fc to 0x000002ff] { section .crp };

  Section            Kind        Address    Size  Object
  -------            ----        -------    ----  ------
"A1":                                       0xc0
  .intvec            ro code  0x00000000    0xc0  iar_startup_lpc82x.o [1]
                            - 0x000000c0    0xc0

"P1", part 1 of 2:                          0x24
  .rodata            const    0x000000c0     0x0  zero_init3.o [7]
  .rodata            const    0x000000c0     0x0  copy_init3.o [7]
  Initializer bytes  ro data  0x000000c0    0x24  <for P2 s0>
                            - 0x000000e4    0x24

"P3":                                        0x4
  .crp               ro code  0x000002fc     0x4  iar_startup_lpc82x.o [1]
                            - 0x00000300     0x4

"P1", part 2 of 2:                        0x3d78
  .text              ro code  0x00000300  0x16b0  sx1276.o [1]
  .text              ro code  0x000019b0    0xd8  timer.o [1]
  .text              ro code  0x00001a88   0x358  sx1276-board.o [1]
  .text              ro code  0x00001de0    0x34  I32ToDbl.o [6]
  .text              ro code  0x00001e14    0xc2  DblDiv.o [6]
  .text              ro code  0x00001ed6    0x2a  zero_init3.o [7]
  .text              ro code  0x00001f00    0x52  DblToI32.o [6]
  .text              ro code  0x00001f52   0x184  DblMul.o [6]
  .text              ro code  0x000020d6   0x1a8  DblAddSub.o [6]
  .text              ro code  0x0000227e     0x2  iar_startup_lpc82x.o [1]
  .text              ro code  0x00002280    0x48  round.o [6]
  .text              ro code  0x000022c8    0x58  ceil.o [6]
  .text              ro code  0x00002320    0x32  DblCmpGe.o [6]
  .text              ro code  0x00002352     0x2  iar_startup_lpc82x.o [1]
  .text              ro code  0x00002354    0x58  floor.o [6]
  .text              ro code  0x000023ac    0x38  utilities.o [1]
  .text              ro code  0x000023e4    0x34  ABImemset.o [7]
  .text              ro code  0x00002418    0x12  iocon_8xx.o [4]
  .text              ro code  0x0000242a     0x2  iar_startup_lpc82x.o [1]
  .text              ro code  0x0000242c    0x48  swm_8xx.o [4]
  .text              ro code  0x00002474    0x44  spim_8xx.o [4]
  .text              ro code  0x000024b8    0x2c  spi_8xx.o [4]
  .text              ro code  0x000024e4    0x8c  xdint.o [6]
  .text              ro code  0x00002570   0x1b4  clock_8xx.o [4]
  .text              ro code  0x00002724    0xae  I32DivModFast.o [7]
  .text              ro code  0x000027d2    0x6a  I64DivMod.o [7]
  .text              ro code  0x0000283c   0x4ec  modem.o [1]
  .text              ro code  0x00002d28    0xb4  iap.o [4]
  .text              ro code  0x00002ddc   0x255  board.o [3]
  .text              ro code  0x00003032     0x2  iar_startup_lpc82x.o [1]
  .text              ro code  0x00003034    0x1c  buffer.o [1]
  .text              ro code  0x00003050    0x9c  usart.o [1]
  .text              ro code  0x000030ec    0xc8  frame.o [1]
  .text              ro code  0x000031b4   0x208  hex.o [1]
  .text              ro code  0x000033bc     0xc  cstartup_M.o [7]
  .text              ro code  0x000033c8   0x178  uart_8xx.o [4]
  .text              ro code  0x00003540    0x5c  ABImemcpy.o [7]
  .text              ro code  0x0000359c    0x18  gpio_8xx.o [4]
  .text              ro code  0x000035b4   0x1c6  ring_buffer.o [4]
  .text              ro code  0x0000377c    0x1a  cmain.o [7]
  .text              ro code  0x00003798    0x28  data_init.o [7]
  .text              ro code  0x000037c0   0x2bc  main.o [1]
  .text              ro code  0x00003a7c     0x8  exit.o [5]
  .text              ro code  0x00003a84    0x10  chip_8xx.o [4]
  .text              ro code  0x00003a94    0x2c  strncmp.o [5]
  .text              ro code  0x00003ac0     0xa  cexit.o [7]
  .text              ro code  0x00003acc     0xc  XXexit.o [7]
  .text              ro code  0x00003ad8   0x408  irc_8xx.o [4]
  .text              ro code  0x00003ee0    0x34  syscon_8xx.o [4]
  .text              ro code  0x00003f14    0x7a  board_sysinit.o [3]
  .text              ro code  0x00003f90    0x14  sysinit_8xx.o [4]
  .rodata            const    0x00003fa4    0x5c  sx1276-board.o [1]
  .text              ro code  0x00004000    0x30  copy_init3.o [7]
  .iar.init_table    const    0x00004030    0x24  - Linker created -
  .text              ro code  0x00004054    0x10  iar_startup_lpc82x.o [1]
  .rodata            const    0x00004064     0x8  board.o [3]
  .text              ro code  0x0000406c     0x8  sysinit.o [1]
  .text              ro code  0x00004074     0x4  iar_startup_lpc82x.o [1]
                            - 0x00004078  0x3d78

"P2":                                      0xcb0
  P2 s0                       0x10000000    0x24  <Init block>
    .data            inited   0x10000000    0x24  main.o [1]
  .bss               zero     0x10000024   0x40c  buffer.o [1]
  .bss               zero     0x10000430   0x1c0  modem.o [1]
  .bss               zero     0x100005f0   0x1ac  sx1276.o [1]
  .bss               zero     0x1000079c    0xa8  usart.o [1]
  .bss               zero     0x10000844    0x40  main.o [1]
  .bss               zero     0x10000884    0x10  frame.o [1]
  .bss               zero     0x10000894     0x8  timer.o [1]
  .bss               zero     0x1000089c     0x4  sx1276.o [1]
  .bss               zero     0x100008a0     0x4  chip_8xx.o [4]
  .bss               zero     0x100008a4     0x2  irc_8xx.o [4]
  .bss               zero     0x100008a6     0x1  modem.o [1]
  .bss               zero     0x100008a7     0x1  modem.o [1]
  .bss               zero     0x100008a8     0x1  sx1276-board.o [1]
  .bss               zero     0x100008a9     0x1  utilities.o [1]
  CSTACK                      0x100008b0   0x400  <Block>
    CSTACK           uninit   0x100008b0   0x400  <Block tail>
                            - 0x10000cb0   0xcb0


*******************************************************************************
*** INIT TABLE
***

          Address     Size
          -------     ----
Zero (__iar_zero_init3)
    1 destination range, total size 0x886:
          0x10000024  0x886

Copy (__iar_copy_init3)
    1 source range, total size 0x24:
          0x000000c0   0x24
    1 destination range, total size 0x24:
          0x10000000   0x24



*******************************************************************************
*** MODULE SUMMARY
***

    Module                ro code  ro data  rw data
    ------                -------  -------  -------
E:\LoRaProduct\source code\nxp_lpcxpresso_824max\lpcxpresso824\prj_xpresso82x\iar\freertos_blinky\iflash_nxp_lpcxpresso_812\Obj: [1]
    buffer.o                   28             1 036
    frame.o                   200                16
    hex.o                     520
    iar_startup_lpc82x.o      224
    main.o                    700       36      100
    modem.o                 1 260               450
    sx1276-board.o            856       92        1
    sx1276.o                5 808               432
    sysinit.o                   8
    timer.o                   216                 8
    usart.o                   156               168
    utilities.o                56                 1
    -----------------------------------------------
    Total:                 10 032      128    2 212

command line: [2]
    -----------------------------------------------
    Total:

board_nxp_lpcxpresso_824.a: [3]
    board.o                   597        8
    board_sysinit.o           122
    -----------------------------------------------
    Total:                    719        8

chip_8xx_lib.a: [4]
    chip_8xx.o                 16                 4
    clock_8xx.o               436
    gpio_8xx.o                 24
    iap.o                     180
    iocon_8xx.o                18
    irc_8xx.o               1 032                 2
    ring_buffer.o             454
    spi_8xx.o                  44
    spim_8xx.o                 68
    swm_8xx.o                  72
    syscon_8xx.o               52
    sysinit_8xx.o              20
    uart_8xx.o                376
    -----------------------------------------------
    Total:                  2 792                 6

dl6M_tln.a: [5]
    exit.o                      8
    strncmp.o                  44
    -----------------------------------------------
    Total:                     52

m6M_tl.a: [6]
    DblAddSub.o               424
    DblCmpGe.o                 50
    DblDiv.o                  194
    DblMul.o                  388
    DblToI32.o                 82
    I32ToDbl.o                 52
    ceil.o                     88
    floor.o                    88
    round.o                    72
    xdint.o                   140
    -----------------------------------------------
    Total:                  1 578

rt6M_tl.a: [7]
    ABImemcpy.o                92
    ABImemset.o                52
    I32DivModFast.o           174
    I64DivMod.o               106
    XXexit.o                   12
    cexit.o                    10
    cmain.o                    26
    copy_init3.o               48
    cstartup_M.o               12
    data_init.o                40
    zero_init3.o               42
    -----------------------------------------------
    Total:                    614

    Gaps                        9
    Linker created                      36    1 024
---------------------------------------------------
    Grand Total:           15 796      172    3 242


*******************************************************************************
*** ENTRY LIST
***

Entry                      Address   Size  Type      Object
-----                      -------   ----  ----      ------
?main                   0x0000377d         Code  Gb  cmain.o [7]
BoardDisableIrq         0x000023c1    0xc  Code  Gb  utilities.o [1]
BoardEnableIrq          0x000023cd   0x10  Code  Gb  utilities.o [1]
Board_Debug_Init        0x00002e35   0x2c  Code  Gb  board.o [3]
Board_GPIO_Init         0x00002e61  0x17a  Code  Gb  board.o [3]
Board_Init              0x00002fdd   0x36  Code  Gb  board.o [3]
Board_LED_Set           0x00002e1b   0x1a  Code  Gb  board.o [3]
Board_SetupClocking     0x00003f27   0x48  Code  Gb  board_sysinit.o [3]
Board_SystemInit        0x00003f81    0xe  Code  Gb  board_sysinit.o [3]
Buffer                  0x10000844   0x40  Data  Gb  main.o [1]
BufferSize              0x10000004    0x2  Data  Gb  main.o [1]
CSTACK$$Base            0x100008b0          --   Gb  - Linker created -
CSTACK$$Limit           0x10000cb0          --   Gb  - Linker created -
Chip_Clock_DisablePeriphClock
                        0x00002def   0x12  Code  Lc  board.o [3]
Chip_Clock_EnablePeriphClock
                        0x00001ac5   0x12  Code  Lc  sx1276-board.o [1]
Chip_Clock_EnablePeriphClock
                        0x00002ddd   0x12  Code  Lc  board.o [3]
Chip_Clock_EnablePeriphClock
                        0x00003f15   0x12  Code  Lc  board_sysinit.o [3]
Chip_Clock_GetMainClockRate
                        0x000025e1   0x30  Code  Gb  clock_8xx.o [4]
Chip_Clock_GetSystemClockRate
                        0x00002611   0x12  Code  Gb  clock_8xx.o [4]
Chip_Clock_GetSystemPLLInClockRate
                        0x000025a7   0x26  Code  Gb  clock_8xx.o [4]
Chip_Clock_GetSystemPLLOutClockRate
                        0x000025cd   0x14  Code  Gb  clock_8xx.o [4]
Chip_Clock_GetUSARTNBaseClockRate
                        0x00002623   0x36  Code  Gb  clock_8xx.o [4]
Chip_Clock_GetWDTOSCRate
                        0x00002585   0x22  Code  Gb  clock_8xx.o [4]
Chip_Clock_SetMainClockSource
                        0x00002575    0x2  Code  Gb  clock_8xx.o [4]
Chip_Clock_SetSystemPLLSource
                        0x00002571    0x4  Code  Gb  clock_8xx.o [4]
Chip_Clock_SetUSARTNBaseClockRate
                        0x00002659   0x5a  Code  Gb  clock_8xx.o [4]
Chip_FMC_SetFLASHAccess
                        0x00003ad9    0x8  Code  Lc  irc_8xx.o [4]
Chip_GPIO_Init          0x0000359d   0x10  Code  Gb  gpio_8xx.o [4]
Chip_GPIO_SetPinDIR     0x00001af9   0x1c  Code  Lc  sx1276-board.o [1]
Chip_GPIO_SetPinDIRInput
                        0x00001ae9   0x10  Code  Lc  sx1276-board.o [1]
Chip_GPIO_SetPinState   0x00002e13    0x8  Code  Lc  board.o [3]
Chip_IAP_CopyRamToFlash
                        0x00002d3f   0x1e  Code  Gb  iap.o [4]
Chip_IAP_EraseSector    0x00002d65    0x8  Code  Gb  iap.o [4]
Chip_IAP_PreSectorForReadWrite
                        0x00002d31    0xe  Code  Gb  iap.o [4]
Chip_IAP_ReadPID        0x00002d6d   0x16  Code  Gb  iap.o [4]
Chip_IAP_ReadUID        0x00002d83   0x2a  Code  Gb  iap.o [4]
Chip_IOCON_PinSetMode   0x00002419   0x12  Code  Gb  iocon_8xx.o [4]
Chip_IRC_SetFreq        0x00003ae1   0x9c  Code  Gb  irc_8xx.o [4]
Chip_PININT_ClearIntStatus
                        0x00000301    0x4  Code  Lc  sx1276.o [1]
Chip_PININT_EnableIntHigh
                        0x00001ae5    0x4  Code  Lc  sx1276-board.o [1]
Chip_PININT_SetPinModeEdge
                        0x00001ad7    0xe  Code  Lc  sx1276-board.o [1]
Chip_SPIM_GetClockRate  0x00002475   0x14  Code  Gb  spim_8xx.o [4]
Chip_SPIM_SetClockRate  0x00002489   0x2c  Code  Gb  spim_8xx.o [4]
Chip_SPI_ClearStatus    0x0000030d    0x4  Code  Lc  sx1276.o [1]
Chip_SPI_DelayConfig    0x000024b9   0x2c  Code  Gb  spi_8xx.o [4]
Chip_SPI_GetStatus      0x00000305    0x8  Code  Lc  sx1276.o [1]
Chip_SPI_ReceiveFrame   0x00000333    0x6  Code  Lc  sx1276.o [1]
Chip_SPI_SendLastFrame  0x00000321   0x12  Code  Lc  sx1276.o [1]
Chip_SPI_SendMidFrame   0x0000031d    0x4  Code  Lc  sx1276.o [1]
Chip_SPI_SetCFGRegBits  0x00001b15    0x6  Code  Lc  sx1276-board.o [1]
Chip_SPI_SetControlInfo
                        0x00000311    0xc  Code  Lc  sx1276.o [1]
Chip_SWM_DisableFixedPin
                        0x00002e01   0x12  Code  Lc  board.o [3]
Chip_SWM_FixedPinEnable
                        0x0000244b   0x20  Code  Gb  swm_8xx.o [4]
Chip_SWM_MovablePinAssign
                        0x0000242d   0x1e  Code  Gb  swm_8xx.o [4]
Chip_SYSCTL_EnablePINTWakeup
                        0x00001ab5   0x10  Code  Lc  sx1276-board.o [1]
Chip_SYSCTL_PeriphReset
                        0x00001a97   0x16  Code  Lc  sx1276-board.o [1]
Chip_SYSCTL_PeriphReset
                        0x000033c9   0x1c  Code  Lc  uart_8xx.o [4]
Chip_SYSCTL_PowerDown   0x00003ee1   0x14  Code  Gb  syscon_8xx.o [4]
Chip_SYSCTL_PowerUp     0x00003ef5   0x14  Code  Gb  syscon_8xx.o [4]
Chip_SYSCTL_SetPinInterrupt
                        0x00001aad    0x8  Code  Lc  sx1276-board.o [1]
Chip_SetupIrcClocking   0x00003f91    0x4  Code  Gb  sysinit_8xx.o [4]
Chip_UART_GetStatus     0x000033f5    0x8  Code  Lc  uart_8xx.o [4]
Chip_UART_IRQRBHandler  0x0000350f   0x32  Code  Gb  uart_8xx.o [4]
Chip_UART_Init          0x00003415   0x34  Code  Gb  uart_8xx.o [4]
Chip_UART_IntDisable    0x000033f1    0x4  Code  Lc  uart_8xx.o [4]
Chip_UART_RXIntHandlerRB
                        0x0000347f   0x24  Code  Gb  uart_8xx.o [4]
Chip_UART_ReadByte      0x000033e9    0x8  Code  Lc  uart_8xx.o [4]
Chip_UART_ReadRB        0x00003501    0xe  Code  Gb  uart_8xx.o [4]
Chip_UART_SendByte      0x000033e5    0x4  Code  Lc  uart_8xx.o [4]
Chip_UART_SendRB        0x000034cd   0x34  Code  Gb  uart_8xx.o [4]
Chip_UART_SetBaud       0x00003469   0x16  Code  Gb  uart_8xx.o [4]
Chip_UART_TXIntHandlerRB
                        0x000034a3   0x2a  Code  Gb  uart_8xx.o [4]
ExtRateIn               0x00004068    0x4  Data  Gb  board.o [3]
FskBandwidths           0x00000568   0xb0  Data  Gb  sx1276.o [1]
GetFskBandwidthRegValue
                        0x00000545   0x24  Code  Lc  sx1276.o [1]
IrqNestLevel            0x100008a9    0x1  Data  Lc  utilities.o [1]
Led1Timer_OffLine       0x1000059c   0x14  Data  Gb  modem.o [1]
Led1Timer_OnLine        0x10000588   0x14  Data  Gb  modem.o [1]
Led1Timer_Rx            0x10000574   0x14  Data  Gb  modem.o [1]
Led1Timer_Tx            0x10000560   0x14  Data  Gb  modem.o [1]
LedIndication           0x00002997   0x94  Code  Gb  modem.o [1]
MODEM                   0x10000430  0x130  Data  Lc  modem.o [1]
NVIC_EnableIRQ          0x00001a89    0xe  Code  Lc  sx1276-board.o [1]
OnLed1TimerEventNetOffline
                        0x000028a5   0x9c  Code  Lc  modem.o [1]
OnLed1TimerEventNetOnline
                        0x00002941   0x56  Code  Lc  modem.o [1]
OnLed1TimerEventRx      0x0000288d    0x6  Code  Lc  modem.o [1]
OnLed1TimerEventTx      0x00002893    0x4  Code  Lc  modem.o [1]
OnRxDone                0x000039c3   0x2c  Code  Gb  main.o [1]
OnRxError               0x00003a0f   0x10  Code  Gb  main.o [1]
OnRxTimeout             0x000039ff   0x10  Code  Gb  main.o [1]
OnTxDone                0x000039ad   0x16  Code  Gb  main.o [1]
OnTxTimeout             0x000039ef   0x10  Code  Gb  main.o [1]
OscRateIn               0x00004064    0x4  Data  Gb  board.o [3]
PININT0_IRQHandler      0x00001545  0x236  Code  Gb  sx1276.o [1]
PININT1_IRQHandler      0x0000177b   0xd0  Code  Gb  sx1276.o [1]
PININT2_IRQHandler      0x00001855   0xd0  Code  Gb  sx1276.o [1]
PININT3_IRQHandler      0x00001925   0x4e  Code  Gb  sx1276.o [1]
PININT4_IRQHandler      0x00001973   0x22  Code  Gb  sx1276.o [1]
PININT5_IRQHandler      0x00001995    0xc  Code  Gb  sx1276.o [1]
PingMsg                 0x00003a6c    0x8  Data  Gb  main.o [1]
PongMsg                 0x00003a74    0x8  Data  Gb  main.o [1]
Radio                   0x00003fa4   0x5c  Data  Gb  sx1276-board.o [1]
RadioEvents             0x10000008   0x1c  Data  Lc  main.o [1]
RadioEvents             0x1000065c    0x4  Data  Lc  sx1276.o [1]
RadioIsActive           0x100008a8    0x1  Data  Lc  sx1276-board.o [1]
RadioRegsInit           0x00001514   0x30  Data  Gb  sx1276.o [1]
Region$$Table$$Base     0x00004030          --   Gb  - Linker created -
Region$$Table$$Limit    0x00004054          --   Gb  - Linker created -
RingBuffer_GetCount     0x000035b5    0x8  Code  Lc  ring_buffer.o [4]
RingBuffer_Init         0x000035e3   0x10  Code  Gb  ring_buffer.o [4]
RingBuffer_Insert       0x000035f3   0x32  Code  Gb  ring_buffer.o [4]
RingBuffer_InsertMult   0x00003625   0x96  Code  Gb  ring_buffer.o [4]
RingBuffer_IsEmpty      0x000035d3   0x10  Code  Lc  ring_buffer.o [4]
RingBuffer_IsFull       0x000035bd   0x16  Code  Lc  ring_buffer.o [4]
RingBuffer_Pop          0x000036bb   0x32  Code  Gb  ring_buffer.o [4]
RingBuffer_PopMult      0x000036ed   0x8e  Code  Gb  ring_buffer.o [4]
RssiValue               0x10000001    0x1  Data  Gb  main.o [1]
RxChainCalibration      0x0000049f   0x8e  Code  Lc  sx1276.o [1]
RxTimeoutSyncWord       0x10000788   0x14  Data  Gb  sx1276.o [1]
RxTimeoutTimer          0x10000774   0x14  Data  Gb  sx1276.o [1]
RxTxBuffer              0x10000660  0x100  Data  Lc  sx1276.o [1]
SX1276                  0x100005f0   0x6c  Data  Gb  sx1276.o [1]
SX1276CheckRfFrequency  0x00001ddd    0x4  Code  Gb  sx1276-board.o [1]
SX1276GetStatus         0x000003dd    0x6  Code  Gb  sx1276.o [1]
SX1276GetTimeOnAir      0x00000b01  0x1d0  Code  Gb  sx1276.o [1]
SX1276Init              0x00000339   0xa4  Code  Gb  sx1276.o [1]
SX1276IoInit            0x00001b23  0x168  Code  Gb  sx1276-board.o [1]
SX1276IoIrqInit         0x00001c8b   0x74  Code  Gb  sx1276-board.o [1]
SX1276IsChannelFree     0x00000419   0x48  Code  Gb  sx1276.o [1]
SX1276OnTimeoutIrq      0x00001439   0xc8  Code  Gb  sx1276.o [1]
SX1276Random            0x00000461   0x3e  Code  Gb  sx1276.o [1]
SX1276Read              0x000012a9   0x10  Code  Gb  sx1276.o [1]
SX1276ReadBuffer        0x0000133b   0x8a  Code  Gb  sx1276.o [1]
SX1276ReadFifo          0x000013d3    0xe  Code  Gb  sx1276.o [1]
SX1276ReadRssi          0x0000118d   0x3e  Code  Gb  sx1276.o [1]
SX1276Reset             0x000011cb   0x1c  Code  Gb  sx1276.o [1]
SX1276Send              0x00000cd1   0xfa  Code  Gb  sx1276.o [1]
SX1276SetAntSwLowPower  0x00001d95    0xc  Code  Gb  sx1276-board.o [1]
SX1276SetChannel        0x000003e3   0x36  Code  Gb  sx1276.o [1]
SX1276SetMaxPayloadLength
                        0x000013e1   0x2c  Code  Gb  sx1276.o [1]
SX1276SetModem          0x00001229   0x6a  Code  Gb  sx1276.o [1]
SX1276SetOpMode         0x000011f9   0x30  Code  Gb  sx1276.o [1]
SX1276SetPublicNetwork  0x0000140d   0x20  Code  Gb  sx1276.o [1]
SX1276SetRfTxPower      0x00001cff   0x90  Code  Gb  sx1276-board.o [1]
SX1276SetRx             0x00000e3d  0x200  Code  Gb  sx1276.o [1]
SX1276SetRxConfig       0x00000619  0x2b8  Code  Gb  sx1276.o [1]
SX1276SetSleep          0x00000dcb   0x1c  Code  Gb  sx1276.o [1]
SX1276SetStby           0x00000e19   0x1a  Code  Gb  sx1276.o [1]
SX1276SetTx             0x0000103d   0xa2  Code  Gb  sx1276.o [1]
SX1276SetTxConfig       0x000008e5  0x20a  Code  Gb  sx1276.o [1]
SX1276SetTxContinuousWave
                        0x00001111   0x7c  Code  Gb  sx1276.o [1]
SX1276StartCad          0x000010df   0x2e  Code  Gb  sx1276.o [1]
SX1276Write             0x0000129d    0xc  Code  Gb  sx1276.o [1]
SX1276WriteBuffer       0x000012b9   0x82  Code  Gb  sx1276.o [1]
SX1276WriteFifo         0x000013c5    0xe  Code  Gb  sx1276.o [1]
SnrValue                0x10000002    0x1  Data  Gb  main.o [1]
State                   0x10000000    0x1  Data  Gb  main.o [1]
SysTick_Handler         0x00001a0d   0x38  Code  Gb  timer.o [1]
SystemCoreClock         0x100008a0    0x4  Data  Gb  chip_8xx.o [4]
SystemCoreClockUpdate   0x00003a85   0x10  Code  Gb  chip_8xx.o [4]
SystemInit              0x0000406d    0x8  Code  Gb  sysinit.o [1]
TimerGetCurrentTime     0x00001a67    0x6  Code  Gb  timer.o [1]
TimerGetElapsedTime     0x00001a6d   0x16  Code  Gb  timer.o [1]
TimerInit               0x000019b1    0xe  Code  Gb  timer.o [1]
TimerListHead           0x10000898    0x4  Data  Lc  timer.o [1]
TimerSetValue           0x00001a57   0x10  Code  Gb  timer.o [1]
TimerStart              0x000019bf   0x4e  Code  Gb  timer.o [1]
TimerStop               0x00001a45   0x12  Code  Gb  timer.o [1]
TxTimeoutTimer          0x10000760   0x14  Data  Gb  sx1276.o [1]
UART0_IRQHandler        0x000030c3   0x10  Code  Gb  usart.o [1]
__Vectors               0x00000000          --   Gb  iar_startup_lpc82x.o [1]
__Vectors_End           0x000000c0         Data  Gb  iar_startup_lpc82x.o [1]
__Vectors_Size {Abs}    0x000000c0          --   Gb  iar_startup_lpc82x.o [1]
__aeabi_cdrcmple        0x00002321         Code  Gb  DblCmpGe.o [6]
__aeabi_d2iz            0x00001f01         Code  Gb  DblToI32.o [6]
__aeabi_d2uiz           0x00001f25         Code  Gb  DblToI32.o [6]
__aeabi_dadd            0x000020d7         Code  Gb  DblAddSub.o [6]
__aeabi_ddiv            0x00001e15         Code  Gb  DblDiv.o [6]
__aeabi_dmul            0x00001f53         Code  Gb  DblMul.o [6]
__aeabi_i2d             0x00001de1         Code  Gb  I32ToDbl.o [6]
__aeabi_memclr4         0x00002415         Code  Gb  ABImemset.o [7]
__aeabi_memclr8         0x00002415         Code  Gb  ABImemset.o [7]
__aeabi_memcpy          0x00003541         Code  Gb  ABImemcpy.o [7]
__aeabi_memcpy4         0x00003569         Code  Wk  ABImemcpy.o [7]
__aeabi_ui2d            0x00001df5         Code  Gb  I32ToDbl.o [6]
__aeabi_uidiv           0x00002725         Code  Gb  I32DivModFast.o [7]
__aeabi_uidivmod        0x00002725         Code  Gb  I32DivModFast.o [7]
__aeabi_uldivmod        0x000027d3         Code  Gb  I64DivMod.o [7]
__cmain                 0x0000377d         Code  Gb  cmain.o [7]
__exit                  0x00003acd         Code  Gb  XXexit.o [7]
__iar_Dint              0x000024e5   0x8c  Code  Gb  xdint.o [6]
__iar_Memset4_word      0x000023e5         Code  Gb  ABImemset.o [7]
__iar_ceil              0x000022c9         Code  Gb  ceil.o [6]
__iar_ceill             0x000022c9         Code  Gb  ceil.o [6]
__iar_copy_init3        0x00004001   0x30  Code  Gb  copy_init3.o [7]
__iar_d2uiz             0x00001f29         Code  Gb  DblToI32.o [6]
__iar_data_init3        0x00003799   0x28  Code  Gb  data_init.o [7]
__iar_floor             0x00002355         Code  Gb  floor.o [6]
__iar_floorl            0x00002355         Code  Gb  floor.o [6]
__iar_program_start     0x000033bd         Code  Gb  cstartup_M.o [7]
__iar_ui2d              0x00001df9         Code  Gb  I32ToDbl.o [6]
__iar_zero_init3        0x00001ed7   0x2a  Code  Gb  zero_init3.o [7]
__vector_table          0x00000000         Data  Gb  iar_startup_lpc82x.o [1]
__vector_table_0x1c     0x00000010         Data  Gb  iar_startup_lpc82x.o [1]
_call_main              0x00003789         Code  Gb  cmain.o [7]
_exit                   0x00003ac1         Code  Gb  cexit.o [7]
_main                   0x00003793         Code  Gb  cmain.o [7]
beg                     0x10000024    0x4  Data  Lc  buffer.o [1]
buffer                  0x10000030  0x400  Data  Lc  buffer.o [1]
buffer_init             0x00003035   0x16  Code  Gb  buffer.o [1]
ceil                    0x000022c9         Code  Gb  ceil.o [6]
ceill                   0x000022c9         Code  Gb  ceil.o [6]
chip_version            0x1000089c    0x4  Data  Gb  sx1276.o [1]
config_tab              0x00003b8c  0x354  Data  Lc  irc_8xx.o [4]
config_tab_idx          0x100008a4    0x2  Data  Lc  irc_8xx.o [4]
cpystr                  0x00003291   0x18  Code  Gb  hex.o [1]
eeprom_copy             0x0000283d   0x50  Code  Gb  modem.o [1]
end                     0x10000028    0x4  Data  Lc  buffer.o [1]
exit                    0x00003a7d    0x8  Code  Gb  exit.o [5]
floor                   0x00002355         Code  Gb  floor.o [6]
floorl                  0x00002355         Code  Gb  floor.o [6]
frame_init              0x000030ed    0xe  Code  Gb  frame.o [1]
frame_rx                0x000030fb   0xb2  Code  Gb  frame.o [1]
getUARTClockID          0x000033fd   0x18  Code  Lc  uart_8xx.o [4]
gethex                  0x000031b5   0x38  Code  Gb  hex.o [1]
hex2int                 0x00003239   0x2e  Code  Gb  hex.o [1]
hexval                  0x000032bc  0x100  Data  Lc  hex.o [1]
iap_entry               0x00002d29    0x8  Code  Lc  iap.o [4]
int2hex                 0x00003219   0x1e  Code  Gb  hex.o [1]
ledBits                 0x00003030    0x1  Data  Lc  board.o [3]
main                    0x000037c1  0x1ec  Code  Gb  main.o [1]
max                     0x1000002c    0x4  Data  Lc  buffer.o [1]
memcpy1                 0x000023ad   0x14  Code  Gb  utilities.o [1]
modem_init              0x00002a49   0x54  Code  Gb  modem.o [1]
modem_rxdone            0x00002aa9  0x216  Code  Gb  modem.o [1]
puthex                  0x000031ed   0x2c  Code  Gb  hex.o [1]
reverse                 0x00003267   0x1c  Code  Gb  hex.o [1]
round                   0x00002281   0x48  Code  Gb  round.o [6]
rxbuff                  0x100007c4   0x40  Data  Lc  usart.o [1]
rxframe                 0x10000884   0x10  Data  Gb  frame.o [1]
rxring                  0x100007b0   0x14  Data  Gb  usart.o [1]
src_iap_array_data      0x100005b0   0x40  Data  Lc  modem.o [1]
strncmp                 0x00003a95   0x2c  Code  Gb  strncmp.o [5]
systicks                0x10000894    0x4  Data  Gb  timer.o [1]
tolower                 0x00003283    0xe  Code  Gb  hex.o [1]
txbuff                  0x10000804   0x40  Data  Lc  usart.o [1]
txring                  0x1000079c   0x14  Data  Gb  usart.o [1]
usart_init              0x00003051   0x72  Code  Gb  usart.o [1]
wdtOSCRate              0x000026e4   0x40  Data  Lc  clock_8xx.o [4]


[1] = E:\LoRaProduct\source code\nxp_lpcxpresso_824max\lpcxpresso824\prj_xpresso82x\iar\freertos_blinky\iflash_nxp_lpcxpresso_812\Obj
[2] = command line
[3] = board_nxp_lpcxpresso_824.a
[4] = chip_8xx_lib.a
[5] = dl6M_tln.a
[6] = m6M_tl.a
[7] = rt6M_tl.a

  15 796 bytes of readonly  code memory
     172 bytes of readonly  data memory
   3 242 bytes of readwrite data memory

Errors: none
Warnings: none
