###############################################################################
#
# IAR ELF Linker V7.30.3.8024/W32 for ARM                 22/Jan/2018  15:32:14
# Copyright 2007-2014 IAR Systems AB.
#
#    Output file  =  
#        E:\LoRaProduct\source
#        code\nxp_lpcxpresso_824max\lpcxpresso824\prj_xpresso82x\iar\freertos_blinky\iflash_nxp_lpcxpresso_812\Exe\freertos_blinky.out.tmp
#    Map file     =  
#        E:\LoRaProduct\source
#        code\nxp_lpcxpresso_824max\lpcxpresso824\prj_xpresso82x\iar\freertos_blinky\iflash_nxp_lpcxpresso_812\List\freertos_blinky.map
#    Command line =  
#        "E:\LoRaProduct\source
#        code\nxp_lpcxpresso_824max\lpcxpresso824\prj_xpresso82x\iar\freertos_blinky\iflash_nxp_lpcxpresso_812\Obj\aes.o"
#        "E:\LoRaProduct\source
#        code\nxp_lpcxpresso_824max\lpcxpresso824\prj_xpresso82x\iar\lib_board_lpcxpresso824\iar_output\Exe\board_nxp_lpcxpresso_824.a"
#        "E:\LoRaProduct\source
#        code\nxp_lpcxpresso_824max\lpcxpresso824\prj_xpresso82x\iar\lib_chip_8xx\iar_output\Exe\chip_8xx_lib.a"
#        "E:\LoRaProduct\source
#        code\nxp_lpcxpresso_824max\lpcxpresso824\prj_xpresso82x\iar\freertos_blinky\iflash_nxp_lpcxpresso_812\Obj\cmac.o"
#        "E:\LoRaProduct\source
#        code\nxp_lpcxpresso_824max\lpcxpresso824\prj_xpresso82x\iar\freertos_blinky\iflash_nxp_lpcxpresso_812\Obj\eeprom.o"
#        "E:\LoRaProduct\source
#        code\nxp_lpcxpresso_824max\lpcxpresso824\prj_xpresso82x\iar\freertos_blinky\iflash_nxp_lpcxpresso_812\Obj\frame.o"
#        "E:\LoRaProduct\source
#        code\nxp_lpcxpresso_824max\lpcxpresso824\prj_xpresso82x\iar\freertos_blinky\iflash_nxp_lpcxpresso_812\Obj\hex.o"
#        "E:\LoRaProduct\source
#        code\nxp_lpcxpresso_824max\lpcxpresso824\prj_xpresso82x\iar\freertos_blinky\iflash_nxp_lpcxpresso_812\Obj\iar_startup_lpc82x.o"
#        "E:\LoRaProduct\source
#        code\nxp_lpcxpresso_824max\lpcxpresso824\prj_xpresso82x\iar\freertos_blinky\iflash_nxp_lpcxpresso_812\Obj\LoRaMac.o"
#        "E:\LoRaProduct\source
#        code\nxp_lpcxpresso_824max\lpcxpresso824\prj_xpresso82x\iar\freertos_blinky\iflash_nxp_lpcxpresso_812\Obj\LoRaMacCrypto.o"
#        "E:\LoRaProduct\source
#        code\nxp_lpcxpresso_824max\lpcxpresso824\prj_xpresso82x\iar\freertos_blinky\iflash_nxp_lpcxpresso_812\Obj\main.o"
#        "E:\LoRaProduct\source
#        code\nxp_lpcxpresso_824max\lpcxpresso824\prj_xpresso82x\iar\freertos_blinky\iflash_nxp_lpcxpresso_812\Obj\modem.o"
#        "E:\LoRaProduct\source
#        code\nxp_lpcxpresso_824max\lpcxpresso824\prj_xpresso82x\iar\freertos_blinky\iflash_nxp_lpcxpresso_812\Obj\Region.o"
#        "E:\LoRaProduct\source
#        code\nxp_lpcxpresso_824max\lpcxpresso824\prj_xpresso82x\iar\freertos_blinky\iflash_nxp_lpcxpresso_812\Obj\RegionCN470.o"
#        "E:\LoRaProduct\source
#        code\nxp_lpcxpresso_824max\lpcxpresso824\prj_xpresso82x\iar\freertos_blinky\iflash_nxp_lpcxpresso_812\Obj\RegionCommon.o"
#        "E:\LoRaProduct\source
#        code\nxp_lpcxpresso_824max\lpcxpresso824\prj_xpresso82x\iar\freertos_blinky\iflash_nxp_lpcxpresso_812\Obj\sx1276-board.o"
#        "E:\LoRaProduct\source
#        code\nxp_lpcxpresso_824max\lpcxpresso824\prj_xpresso82x\iar\freertos_blinky\iflash_nxp_lpcxpresso_812\Obj\sx1276.o"
#        "E:\LoRaProduct\source
#        code\nxp_lpcxpresso_824max\lpcxpresso824\prj_xpresso82x\iar\freertos_blinky\iflash_nxp_lpcxpresso_812\Obj\sysinit.o"
#        "E:\LoRaProduct\source
#        code\nxp_lpcxpresso_824max\lpcxpresso824\prj_xpresso82x\iar\freertos_blinky\iflash_nxp_lpcxpresso_812\Obj\timer.o"
#        "E:\LoRaProduct\source
#        code\nxp_lpcxpresso_824max\lpcxpresso824\prj_xpresso82x\iar\freertos_blinky\iflash_nxp_lpcxpresso_812\Obj\usart.o"
#        "E:\LoRaProduct\source
#        code\nxp_lpcxpresso_824max\lpcxpresso824\prj_xpresso82x\iar\freertos_blinky\iflash_nxp_lpcxpresso_812\Obj\utilities.o"
#        -o "E:\LoRaProduct\source
#        code\nxp_lpcxpresso_824max\lpcxpresso824\prj_xpresso82x\iar\freertos_blinky\iflash_nxp_lpcxpresso_812\Exe\freertos_blinky.out.tmp"
#        --map "E:\LoRaProduct\source
#        code\nxp_lpcxpresso_824max\lpcxpresso824\prj_xpresso82x\iar\freertos_blinky\iflash_nxp_lpcxpresso_812\List\freertos_blinky.map"
#        --config "C:\Program Files (x86)\IAR Systems\Embedded Workbench
#        7.0\arm\config\linker\NXP\LPC824M201.icf" --entry __iar_program_start
#        --inline --vfe
#
###############################################################################

*******************************************************************************
*** RUNTIME MODEL ATTRIBUTES
***

CppFlavor       = *
__SystemLibrary = DLib


*******************************************************************************
*** PLACEMENT SUMMARY
***

"A1":  place at 0x00000000 { ro section .intvec };
"P1":  place in [from 0x00000000 to 0x000002fb] |
                [from 0x00000300 to 0x00007fff] { ro };
"P2":  place in [from 0x10000000 to 0x10001fff] { rw, block CSTACK, block HEAP };
"P3":  place in [from 0x000002fc to 0x000002ff] { section .crp };

  Section            Kind        Address    Size  Object
  -------            ----        -------    ----  ------
"A1":                                       0xc0
  .intvec            ro code  0x00000000    0xc0  iar_startup_lpc82x.o [1]
                            - 0x000000c0    0xc0

"P1", part 1 of 2:                         0x1dc
  .text              ro code  0x000000c0    0xfc  timer.o [1]
  .text              ro code  0x000001bc     0x2  iar_startup_lpc82x.o [1]
  .text              ro code  0x000001c0    0x10  chip_8xx.o [4]
  .text              ro code  0x000001d0    0x12  iocon_8xx.o [4]
  .text              ro code  0x000001e2     0x2  iar_startup_lpc82x.o [1]
  .text              ro code  0x000001e4    0x18  gpio_8xx.o [4]
  .text              ro code  0x000001fc    0x6a  I64DivMod.o [7]
  .text              ro code  0x00000268    0x34  I32ToDbl.o [6]
  .rodata            const    0x0000029c     0x0  zero_init3.o [7]
  .rodata            const    0x0000029c     0x0  packbits_init.o [7]
                            - 0x0000029c   0x1dc

"P3":                                        0x4
  .crp               ro code  0x000002fc     0x4  iar_startup_lpc82x.o [1]
                            - 0x00000300     0x4

"P1", part 2 of 2:                        0x7c4d
  .text              ro code  0x00000300  0x1de0  LoRaMac.o [1]
  .text              ro code  0x000020e0   0xc18  modem.o [1]
  .text              ro code  0x00002cf8   0x19c  Region.o [1]
  .text              ro code  0x00002e94   0x288  LoRaMacCrypto.o [1]
  .text              ro code  0x0000311c    0xc8  utilities.o [1]
  .text              ro code  0x000031e4    0xe0  I32DivModFast.o [7]
  .text              ro code  0x000032c4    0x1e  I32ToFlt.o [6]
  .text              ro code  0x000032e2    0x2a  zero_init3.o [7]
  .text              ro code  0x0000330c    0x48  swm_8xx.o [4]
  .text              ro code  0x00003354    0x5c  syscon_8xx.o [4]
  .text              ro code  0x000033b0   0x39c  main.o [1]
  .text              ro code  0x0000374c    0x2c  wkt_8xx.o [4]
  .text              ro code  0x00003778    0x7e  pmu_8xx.o [4]
  .text              ro code  0x000037f6     0x2  iar_startup_lpc82x.o [1]
  .text              ro code  0x000037f8   0x221  board.o [3]
  .text              ro code  0x00003a1a    0x10  strlen.o [7]
  .text              ro code  0x00003a2a     0x2  iar_startup_lpc82x.o [1]
  .text              ro code  0x00003a2c    0x5c  ABImemcpy.o [7]
  .text              ro code  0x00003a88   0x228  hex.o [1]
  .text              ro code  0x00003cb0   0x178  uart_8xx.o [4]
  .text              ro code  0x00003e28    0xa0  eeprom.o [1]
  .text              ro code  0x00003ec8    0xb4  iap.o [4]
  .text              ro code  0x00003f7c    0x40  ABImemset.o [7]
  .text              ro code  0x00003fbc   0x14c  usart.o [1]
  .text              ro code  0x00004108   0x114  frame.o [1]
  .text              ro code  0x0000421c   0x984  RegionCN470.o [1]
  .text              ro code  0x00004ba0   0x24a  cmac.o [1]
  .text              ro code  0x00004dec   0x7c0  aes.o [1]
  .text              ro code  0x000055ac   0x1b4  clock_8xx.o [4]
  .text              ro code  0x00005760   0x1c6  ring_buffer.o [4]
  .text              ro code  0x00005928   0x43e  RegionCommon.o [1]
  .text              ro code  0x00005d66    0xc2  DblDiv.o [6]
  .text              ro code  0x00005e28   0x184  DblMul.o [6]
  .text              ro code  0x00005fac   0x1b4  DblAddSub.o [6]
  .text              ro code  0x00006160    0x58  ceil.o [6]
  .text              ro code  0x000061b8    0x52  DblToI32.o [6]
  .text              ro code  0x0000620a   0x116  FltAddSub.o [6]
  .text              ro code  0x00006320    0x32  FltToDbl.o [6]
  .text              ro code  0x00006354    0x58  floor.o [6]
  .text              ro code  0x000063ac   0x3e0  sx1276-board.o [1]
  .text              ro code  0x0000678c    0x32  DblCmpGe.o [6]
  .text              ro code  0x000067c0    0x44  spim_8xx.o [4]
  .text              ro code  0x00006804    0x2c  spi_8xx.o [4]
  .text              ro code  0x00006830   0x408  irc_8xx.o [4]
  .text              ro code  0x00006c38    0xd8  packbits_init.o [7]
  .text              ro code  0x00006d10     0xa  abort.o [5]
  .text              ro code  0x00006d1c     0xc  XXexit.o [7]
  .rodata            const    0x00006d28    0xd4  modem.o [1]
  .text              ro code  0x00006dfc    0x7a  board_sysinit.o [3]
  .text              ro code  0x00006e78    0x14  sysinit_8xx.o [4]
  .rodata            const    0x00006e8c    0x5c  sx1276-board.o [1]
  .text              ro code  0x00006ee8    0x28  data_init.o [7]
  .iar.init_table    const    0x00006f10    0x2c  - Linker created -
  .text              ro code  0x00006f3c    0x1a  cmain.o [7]
  .text              ro code  0x00006f56     0x8  exit.o [5]
  .text              ro code  0x00006f60     0xa  cexit.o [7]
  .text              ro code  0x00006f6c    0x10  iar_startup_lpc82x.o [1]
  .text              ro code  0x00006f7c     0xc  cstartup_M.o [7]
  .rodata            const    0x00006f88     0x8  board.o [3]
  .text              ro code  0x00006f90     0x8  sysinit.o [1]
  .text              ro code  0x00006f98     0x4  iar_startup_lpc82x.o [1]
  .text              ro code  0x00006f9c   0xf20  sx1276.o [1]
  Initializer bytes  ro data  0x00007ebc    0x91  <for P2 s0>
                            - 0x00007f4d  0x7c4d

"P2":                                     0x1778
  P2 s0                       0x10000000   0x5dc  <Init block>
    .data            inited   0x10000000   0x178  LoRaMac.o [1]
    .data            inited   0x10000178   0x138  LoRaMacCrypto.o [1]
    .data            inited   0x100002b0   0x114  LoRaMacCrypto.o [1]
    .data            inited   0x100003c4    0xf8  main.o [1]
    .data            inited   0x100004bc    0x80  modem.o [1]
    .data            inited   0x1000053c    0x3c  main.o [1]
    .data            inited   0x10000578    0x38  LoRaMac.o [1]
    .data            inited   0x100005b0    0x28  RegionCN470.o [1]
    .data            inited   0x100005d8     0x4  utilities.o [1]
  .bss               zero     0x100005dc   0x480  RegionCN470.o [1]
  .bss               zero     0x10000a5c   0x208  modem.o [1]
  .bss               zero     0x10000c64   0x198  sx1276.o [1]
  .bss               zero     0x10000dfc   0x100  LoRaMac.o [1]
  .bss               zero     0x10000efc   0x100  LoRaMac.o [1]
  .bss               zero     0x10000ffc    0xa8  usart.o [1]
  .bss               zero     0x100010a4    0x80  eeprom.o [1]
  .bss               zero     0x10001124    0x80  LoRaMac.o [1]
  .bss               zero     0x100011a4    0x7c  modem.o [1]
  .bss               zero     0x10001220    0x70  LoRaMac.o [1]
  .bss               zero     0x10001290    0x64  modem.o [1]
  .bss               zero     0x100012f4    0x18  LoRaMac.o [1]
  .bss               zero     0x1000130c    0x18  sx1276.o [1]
  .bss               zero     0x10001324    0x15  LoRaMac.o [1]
  .bss               zero     0x10001339     0x2  modem.o [1]
  .bss               zero     0x1000133b     0x1  modem.o [1]
  .bss               zero     0x1000133c    0x14  LoRaMac.o [1]
  .bss               zero     0x10001350    0x10  frame.o [1]
  .bss               zero     0x10001360     0x8  timer.o [1]
  .bss               zero     0x10001368     0x4  chip_8xx.o [4]
  .bss               zero     0x1000136c     0x2  irc_8xx.o [4]
  .bss               zero     0x1000136e     0x1  modem.o [1]
  .bss               zero     0x1000136f     0x1  sx1276-board.o [1]
  .bss               zero     0x10001370     0x1  utilities.o [1]
  CSTACK                      0x10001378   0x400  <Block>
    CSTACK           uninit   0x10001378   0x400  <Block tail>
                            - 0x10001778  0x1778


*******************************************************************************
*** INIT TABLE
***

          Address     Size
          -------     ----
Zero (__iar_zero_init3)
    1 destination range, total size 0xd95:
          0x100005dc  0xd95

Copy/packbits (__iar_packbits_init3)
    1 source range, total size 0x91 (9% of destination):
          0x00007ebc   0x91
    1 destination range, total size 0x5dc:
          0x10000000  0x5dc



*******************************************************************************
*** MODULE SUMMARY
***

    Module                ro code  ro data  rw data
    ------                -------  -------  -------
E:\LoRaProduct\source code\nxp_lpcxpresso_824max\lpcxpresso824\prj_xpresso82x\iar\freertos_blinky\iflash_nxp_lpcxpresso_812\Obj: [1]
    LoRaMac.o               7 648       41    1 249
    LoRaMacCrypto.o           648       57      588
    Region.o                  412
    RegionCN470.o           2 436        4    1 192
    RegionCommon.o          1 086
    aes.o                   1 984
    cmac.o                    586
    eeprom.o                  160               128
    frame.o                   276                16
    hex.o                     552
    iar_startup_lpc82x.o      224
    main.o                    924       30      308
    modem.o                 3 096      224      876
    sx1276-board.o            992       92        1
    sx1276.o                3 872               432
    sysinit.o                   8
    timer.o                   252                 8
    usart.o                   332               168
    utilities.o               200        1        5
    -----------------------------------------------
    Total:                 25 688      449    4 971

command line: [2]
    -----------------------------------------------
    Total:

board_nxp_lpcxpresso_824.a: [3]
    board.o                   545        8
    board_sysinit.o           122
    -----------------------------------------------
    Total:                    667        8

chip_8xx_lib.a: [4]
    chip_8xx.o                 16                 4
    clock_8xx.o               436
    gpio_8xx.o                 24
    iap.o                     180
    iocon_8xx.o                18
    irc_8xx.o               1 032                 2
    pmu_8xx.o                 126
    ring_buffer.o             454
    spi_8xx.o                  44
    spim_8xx.o                 68
    swm_8xx.o                  72
    syscon_8xx.o               92
    sysinit_8xx.o              20
    uart_8xx.o                376
    wkt_8xx.o                  44
    -----------------------------------------------
    Total:                  3 002                 6

dl6M_tln.a: [5]
    abort.o                    10
    exit.o                      8
    -----------------------------------------------
    Total:                     18

m6M_tl.a: [6]
    DblAddSub.o               436
    DblCmpGe.o                 50
    DblDiv.o                  194
    DblMul.o                  388
    DblToI32.o                 82
    FltAddSub.o               278
    FltToDbl.o                 50
    I32ToDbl.o                 52
    I32ToFlt.o                 30
    ceil.o                     88
    floor.o                    88
    -----------------------------------------------
    Total:                  1 736

rt6M_tl.a: [7]
    ABImemcpy.o                92
    ABImemset.o                64
    I32DivModFast.o           224
    I64DivMod.o               106
    XXexit.o                   12
    cexit.o                    10
    cmain.o                    26
    cstartup_M.o               12
    data_init.o                40
    packbits_init.o           216
    strlen.o                   16
    zero_init3.o               42
    -----------------------------------------------
    Total:                    860

    Gaps                       21
    Linker created                      44    1 024
---------------------------------------------------
    Grand Total:           31 992      501    6 001


*******************************************************************************
*** ENTRY LIST
***

Entry                      Address   Size  Type      Object
-----                      -------   ----  ----      ------
?main                   0x00006f3d         Code  Gb  cmain.o [7]
AES_CMAC_Final          0x00004c9d  0x14e  Code  Gb  cmac.o [1]
AES_CMAC_Init           0x00004ba1   0x22  Code  Gb  cmac.o [1]
AES_CMAC_SetKey         0x00004bc3   0x10  Code  Gb  cmac.o [1]
AES_CMAC_Update         0x00004bd3   0xca  Code  Gb  cmac.o [1]
AckTimeoutRetries       0x1000001a    0x1  Data  Lc  LoRaMac.o [1]
AckTimeoutRetriesCounter
                        0x1000001b    0x1  Data  Lc  LoRaMac.o [1]
AckTimeoutRetry         0x1000001c    0x1  Data  Lc  LoRaMac.o [1]
AckTimeoutTimer         0x10000164   0x14  Data  Lc  LoRaMac.o [1]
AddMacCommand           0x00000f11   0x9c  Code  Lc  LoRaMac.o [1]
AdrAckCounter           0x1000004c    0x4  Data  Lc  LoRaMac.o [1]
AdrCtrlOn               0x10000011    0x1  Data  Lc  LoRaMac.o [1]
AesCmacCtx              0x10000198  0x118  Data  Lc  LoRaMacCrypto.o [1]
AesContext              0x100002d0   0xf4  Data  Lc  LoRaMacCrypto.o [1]
AggregatedDCycle        0x10000028    0x2  Data  Lc  LoRaMac.o [1]
AggregatedLastTxDoneTime
                        0x10000050    0x4  Data  Lc  LoRaMac.o [1]
AggregatedTimeOff       0x10000054    0x4  Data  Lc  LoRaMac.o [1]
AlarmEnd                0x00002695   0x18  Code  Gb  modem.o [1]
AlarmStart              0x00002689    0xc  Code  Gb  modem.o [1]
AppData                 0x100003c8   0xf4  Data  Lc  main.o [1]
AppDataSize             0x100003c5    0x1  Data  Lc  main.o [1]
AppEui                  0x10000560    0x8  Data  Gb  main.o [1]
AppKey                  0x10000568   0x10  Data  Gb  main.o [1]
AppPort                 0x100003c4    0x1  Data  Lc  main.o [1]
Bands                   0x100005c8   0x10  Data  Lc  RegionCN470.o [1]
BandwidthsCN470         0x00004668   0x18  Data  Lc  RegionCN470.o [1]
BoardDisableIrq         0x000031b1    0xc  Code  Gb  utilities.o [1]
BoardEnableIrq          0x000031bd   0x12  Code  Gb  utilities.o [1]
BoardGetBatteryLevel    0x000035bf    0x4  Code  Gb  main.o [1]
Board_GPIO_Init         0x00003851  0x17a  Code  Gb  board.o [3]
Board_Init              0x000039cd   0x32  Code  Gb  board.o [3]
Board_LED_Set           0x00003837   0x1a  Code  Gb  board.o [3]
Board_SetupClocking     0x00006e0f   0x48  Code  Gb  board_sysinit.o [3]
Board_SystemInit        0x00006e69    0xe  Code  Gb  board_sysinit.o [3]
CSTACK$$Base            0x10001378          --   Gb  - Linker created -
CSTACK$$Limit           0x10001778          --   Gb  - Linker created -
CalculateBackOff        0x00001481   0x3c  Code  Lc  LoRaMac.o [1]
Channel                 0x10000018    0x1  Data  Lc  LoRaMac.o [1]
Channels                0x100005dc  0x480  Data  Lc  RegionCN470.o [1]
ChannelsDefaultMask     0x100005bc    0xc  Data  Lc  RegionCN470.o [1]
ChannelsMask            0x100005b0    0xc  Data  Lc  RegionCN470.o [1]
ChannelsNbRepCounter    0x10000017    0x1  Data  Lc  LoRaMac.o [1]
Chip_Clock_DisablePeriphClock
                        0x00002159   0x12  Code  Lc  modem.o [1]
Chip_Clock_DisablePeriphClock
                        0x00006419   0x12  Code  Lc  sx1276-board.o [1]
Chip_Clock_DisablePeriphClock
                        0x00003fdd   0x12  Code  Lc  usart.o [1]
Chip_Clock_DisablePeriphClock
                        0x0000380b   0x12  Code  Lc  board.o [3]
Chip_Clock_EnablePeriphClock
                        0x0000341f   0x12  Code  Lc  main.o [1]
Chip_Clock_EnablePeriphClock
                        0x00002147   0x12  Code  Lc  modem.o [1]
Chip_Clock_EnablePeriphClock
                        0x00006407   0x12  Code  Lc  sx1276-board.o [1]
Chip_Clock_EnablePeriphClock
                        0x00003fcb   0x12  Code  Lc  usart.o [1]
Chip_Clock_EnablePeriphClock
                        0x000037f9   0x12  Code  Lc  board.o [3]
Chip_Clock_EnablePeriphClock
                        0x00006dfd   0x12  Code  Lc  board_sysinit.o [3]
Chip_Clock_GetMainClockRate
                        0x0000561d   0x30  Code  Gb  clock_8xx.o [4]
Chip_Clock_GetSystemClockRate
                        0x0000564d   0x12  Code  Gb  clock_8xx.o [4]
Chip_Clock_GetSystemPLLInClockRate
                        0x000055e3   0x26  Code  Gb  clock_8xx.o [4]
Chip_Clock_GetSystemPLLOutClockRate
                        0x00005609   0x14  Code  Gb  clock_8xx.o [4]
Chip_Clock_GetUSARTNBaseClockRate
                        0x0000565f   0x36  Code  Gb  clock_8xx.o [4]
Chip_Clock_GetWDTOSCRate
                        0x000055c1   0x22  Code  Gb  clock_8xx.o [4]
Chip_Clock_SetMainClockSource
                        0x000055b1    0x2  Code  Gb  clock_8xx.o [4]
Chip_Clock_SetSystemPLLSource
                        0x000055ad    0x4  Code  Gb  clock_8xx.o [4]
Chip_Clock_SetUARTClockDiv
                        0x00003fef    0x6  Code  Lc  usart.o [1]
Chip_Clock_SetUSARTNBaseClockRate
                        0x00005695   0x5a  Code  Gb  clock_8xx.o [4]
Chip_FMC_ComputeSignature
                        0x00003e29   0x14  Code  Lc  eeprom.o [1]
Chip_FMC_ComputeSignatureBlocks
                        0x00003e3d    0xc  Code  Lc  eeprom.o [1]
Chip_FMC_IsSignatureBusy
                        0x00003e49    0x8  Code  Lc  eeprom.o [1]
Chip_FMC_SetFLASHAccess
                        0x00006831    0x8  Code  Lc  irc_8xx.o [4]
Chip_GPIO_Init          0x000001e5   0x10  Code  Gb  gpio_8xx.o [4]
Chip_GPIO_SetPinDIR     0x0000645d   0x12  Code  Lc  sx1276-board.o [1]
Chip_GPIO_SetPinDIRInput
                        0x000021ad   0x10  Code  Lc  modem.o [1]
Chip_GPIO_SetPinDIRInput
                        0x0000644d   0x10  Code  Lc  sx1276-board.o [1]
Chip_GPIO_SetPinDIROutput
                        0x0000643d   0x10  Code  Lc  sx1276-board.o [1]
Chip_GPIO_SetPinOutHigh
                        0x00006fa1   0x10  Code  Lc  sx1276.o [1]
Chip_GPIO_SetPinOutLow  0x00006fb1   0x10  Code  Lc  sx1276.o [1]
Chip_GPIO_SetPinState   0x0000382f    0x8  Code  Lc  board.o [3]
Chip_IAP_CopyRamToFlash
                        0x00003edf   0x1e  Code  Gb  iap.o [4]
Chip_IAP_ErasePage      0x00003f49    0x8  Code  Gb  iap.o [4]
Chip_IAP_PreSectorForReadWrite
                        0x00003ed1    0xe  Code  Gb  iap.o [4]
Chip_IAP_ReadPID        0x00003f05   0x16  Code  Gb  iap.o [4]
Chip_IAP_ReadUID        0x00003f1b   0x2a  Code  Gb  iap.o [4]
Chip_IOCON_PinSetMode   0x000001d1   0x12  Code  Gb  iocon_8xx.o [4]
Chip_IRC_SetFreq        0x00006839   0x9c  Code  Gb  irc_8xx.o [4]
Chip_PININT_ClearIntStatus
                        0x0000218f    0x4  Code  Lc  modem.o [1]
Chip_PININT_ClearIntStatus
                        0x00006f9d    0x4  Code  Lc  sx1276.o [1]
Chip_PININT_EnableIntHigh
                        0x00006439    0x4  Code  Lc  sx1276-board.o [1]
Chip_PININT_EnableIntLow
                        0x0000218b    0x4  Code  Lc  modem.o [1]
Chip_PININT_SetPinModeEdge
                        0x0000217d    0xe  Code  Lc  modem.o [1]
Chip_PININT_SetPinModeEdge
                        0x0000642b    0xe  Code  Lc  sx1276-board.o [1]
Chip_PMU_ClearPowerDownControl
                        0x0000219f    0xe  Code  Lc  modem.o [1]
Chip_PMU_DeepPowerDownState
                        0x000037b7   0x16  Code  Gb  pmu_8xx.o [4]
Chip_PMU_DeepSleepState
                        0x0000378b   0x16  Code  Gb  pmu_8xx.o [4]
Chip_PMU_PowerDownState
                        0x000037a1   0x16  Code  Gb  pmu_8xx.o [4]
Chip_PMU_SetPowerDownControl
                        0x00002193    0xc  Code  Lc  modem.o [1]
Chip_PMU_Sleep          0x000037d1   0x26  Code  Gb  pmu_8xx.o [4]
Chip_PMU_SleepState     0x00003779   0x12  Code  Gb  pmu_8xx.o [4]
Chip_SPIM_GetClockRate  0x000067c1   0x14  Code  Gb  spim_8xx.o [4]
Chip_SPIM_SetClockRate  0x000067d5   0x2c  Code  Gb  spim_8xx.o [4]
Chip_SPI_ClearCFGRegBits
                        0x0000647d    0xe  Code  Lc  sx1276-board.o [1]
Chip_SPI_ClearStatus    0x00006fc9    0x4  Code  Lc  sx1276.o [1]
Chip_SPI_ConfigureSPI   0x000064b9   0x1c  Code  Lc  sx1276-board.o [1]
Chip_SPI_DelayConfig    0x00006805   0x2c  Code  Gb  spi_8xx.o [4]
Chip_SPI_Enable         0x000064af    0xa  Code  Lc  sx1276-board.o [1]
Chip_SPI_GetStatus      0x00006fc1    0x8  Code  Lc  sx1276.o [1]
Chip_SPI_Init           0x0000648b   0x24  Code  Lc  sx1276-board.o [1]
Chip_SPI_ReceiveFrame   0x00006ff3    0x6  Code  Lc  sx1276.o [1]
Chip_SPI_SendLastFrame  0x00006fdf   0x14  Code  Lc  sx1276.o [1]
Chip_SPI_SendMidFrame   0x00006fdb    0x4  Code  Lc  sx1276.o [1]
Chip_SPI_SetCFGRegBits  0x0000646f    0xe  Code  Lc  sx1276-board.o [1]
Chip_SPI_SetControlInfo
                        0x00006fcd    0xe  Code  Lc  sx1276.o [1]
Chip_SWM_DisableFixedPin
                        0x0000216b   0x12  Code  Lc  modem.o [1]
Chip_SWM_DisableFixedPin
                        0x00003ff5   0x12  Code  Lc  usart.o [1]
Chip_SWM_DisableFixedPin
                        0x0000381d   0x12  Code  Lc  board.o [3]
Chip_SWM_FixedPinEnable
                        0x0000332b   0x20  Code  Gb  swm_8xx.o [4]
Chip_SWM_MovablePinAssign
                        0x0000330d   0x1e  Code  Gb  swm_8xx.o [4]
Chip_SYSCTL_AssertPeriphReset
                        0x000020ef   0x12  Code  Lc  modem.o [1]
Chip_SYSCTL_AssertPeriphReset
                        0x000063bb   0x12  Code  Lc  sx1276-board.o [1]
Chip_SYSCTL_DeassertPeriphReset
                        0x00002101   0x12  Code  Lc  modem.o [1]
Chip_SYSCTL_DeassertPeriphReset
                        0x000063cd   0x12  Code  Lc  sx1276-board.o [1]
Chip_SYSCTL_EnablePINTWakeup
                        0x0000212b   0x10  Code  Lc  modem.o [1]
Chip_SYSCTL_EnablePINTWakeup
                        0x000063f7   0x10  Code  Lc  sx1276-board.o [1]
Chip_SYSCTL_EnablePeriphWakeup
                        0x0000213b    0xc  Code  Lc  modem.o [1]
Chip_SYSCTL_PeriphReset
                        0x00002113   0x10  Code  Lc  modem.o [1]
Chip_SYSCTL_PeriphReset
                        0x000063df   0x10  Code  Lc  sx1276-board.o [1]
Chip_SYSCTL_PeriphReset
                        0x00003cb1   0x1c  Code  Lc  uart_8xx.o [4]
Chip_SYSCTL_PowerDown   0x00003373   0x14  Code  Gb  syscon_8xx.o [4]
Chip_SYSCTL_PowerUp     0x00003387   0x14  Code  Gb  syscon_8xx.o [4]
Chip_SYSCTL_SetDeepSleepPD
                        0x00003355    0xe  Code  Gb  syscon_8xx.o [4]
Chip_SYSCTL_SetPinInterrupt
                        0x00002123    0x8  Code  Lc  modem.o [1]
Chip_SYSCTL_SetPinInterrupt
                        0x000063ef    0x8  Code  Lc  sx1276-board.o [1]
Chip_SYSCTL_SetWakeup   0x00003363   0x10  Code  Gb  syscon_8xx.o [4]
Chip_SetupIrcClocking   0x00006e79    0x4  Code  Gb  sysinit_8xx.o [4]
Chip_UART_ConfigData    0x00004027    0xc  Code  Lc  usart.o [1]
Chip_UART_Enable        0x00004007    0xe  Code  Lc  usart.o [1]
Chip_UART_GetStatus     0x00003cdd    0x8  Code  Lc  uart_8xx.o [4]
Chip_UART_IRQRBHandler  0x00003df7   0x32  Code  Gb  uart_8xx.o [4]
Chip_UART_Init          0x00003cfd   0x34  Code  Gb  uart_8xx.o [4]
Chip_UART_IntDisable    0x00004023    0x4  Code  Lc  usart.o [1]
Chip_UART_IntDisable    0x00003cd9    0x4  Code  Lc  uart_8xx.o [4]
Chip_UART_IntEnable     0x0000401f    0x4  Code  Lc  usart.o [1]
Chip_UART_RXIntHandlerRB
                        0x00003d67   0x24  Code  Gb  uart_8xx.o [4]
Chip_UART_ReadByte      0x00003cd1    0x8  Code  Lc  uart_8xx.o [4]
Chip_UART_ReadRB        0x00003de9    0xe  Code  Gb  uart_8xx.o [4]
Chip_UART_SendByte      0x00003ccd    0x4  Code  Lc  uart_8xx.o [4]
Chip_UART_SendRB        0x00003db5   0x34  Code  Gb  uart_8xx.o [4]
Chip_UART_SetBaud       0x00003d51   0x16  Code  Gb  uart_8xx.o [4]
Chip_UART_TXEnable      0x00004015    0xa  Code  Lc  usart.o [1]
Chip_UART_TXIntHandlerRB
                        0x00003d8b   0x2a  Code  Gb  uart_8xx.o [4]
Chip_WKT_ClearIntStatus
                        0x000021bd    0xe  Code  Lc  modem.o [1]
Chip_WKT_GetClockRate   0x00003763    0xe  Code  Gb  wkt_8xx.o [4]
Chip_WKT_LoadCount      0x000021d9    0x4  Code  Lc  modem.o [1]
Chip_WKT_SetClockSource
                        0x0000374d   0x16  Code  Gb  wkt_8xx.o [4]
Chip_WKT_Stop           0x000021cb    0xe  Code  Lc  modem.o [1]
Chip_WWDT_Feed          0x00003441    0xa  Code  Lc  main.o [1]
ComplianceTest          0x1000053c   0x14  Data  Gb  main.o [1]
CountChannels           0x00005929   0x26  Code  Lc  RegionCommon.o [1]
CountNbOfEnabledChannels
                        0x000042f7   0x9a  Code  Lc  RegionCN470.o [1]
DataratesCN470          0x000047dc    0x8  Data  Lc  RegionCN470.o [1]
DelayMs                 0x00003195   0x1c  Code  Gb  utilities.o [1]
DevEui                  0x10000558    0x8  Data  Gb  main.o [1]
DeviceState             0x10000551    0x1  Data  Lc  main.o [1]
DownLinkCounter         0x10000048    0x4  Data  Lc  LoRaMac.o [1]
DutyCycleOn             0x1000058f    0x1  Data  Lc  LoRaMac.o [1]
ExtRateIn               0x00006f8c    0x4  Data  Gb  board.o [3]
GetBandwidth            0x000042cf   0x1e  Code  Lc  RegionCN470.o [1]
GetNextLowerTxDr        0x0000421d   0xb2  Code  Lc  RegionCN470.o [1]
InStream_Read           0x00006c39   0x22  Code  Lc  packbits_init.o [7]
IrqNestLevel            0x10001370    0x1  Data  Lc  utilities.o [1]
IsLoRaMacNetworkJoined  0x10000010    0x1  Data  Gb  LoRaMac.o [1]
IsRxWindowsEnabled      0x1000058d    0x1  Data  Lc  LoRaMac.o [1]
IsTxConfirmed           0x100003c6    0x1  Data  Gb  main.o [1]
IsUpLinkCounterFixed    0x10001338    0x1  Data  Lc  LoRaMac.o [1]
JoinRequestTrials       0x1000001d    0x1  Data  Gb  LoRaMac.o [1]
LMIC                    0x10000b8c   0xd8  Data  Gb  modem.o [1]
LastTxChannel           0x10000019    0x1  Data  Lc  LoRaMac.o [1]
LastTxIsJoinRequest     0x10000590    0x1  Data  Lc  LoRaMac.o [1]
Led1Timer_OffLine       0x1000120c   0x14  Data  Gb  modem.o [1]
Led1Timer_OnLine        0x100011f8   0x14  Data  Gb  modem.o [1]
Led1Timer_Rx            0x100011e4   0x14  Data  Gb  modem.o [1]
Led1Timer_Tx            0x100011d0   0x14  Data  Gb  modem.o [1]
LedIndication           0x000024a5   0xa2  Code  Gb  modem.o [1]
LimitTxPower            0x000042ed    0xa  Code  Lc  RegionCN470.o [1]
LoRaMacAppEui           0x10000030    0x4  Data  Lc  LoRaMac.o [1]
LoRaMacAppKey           0x10000034    0x4  Data  Lc  LoRaMac.o [1]
LoRaMacAppSKey          0x10000084   0x10  Data  Lc  LoRaMac.o [1]
LoRaMacBuffer           0x10000dfc  0x100  Data  Lc  LoRaMac.o [1]
LoRaMacBufferPktLen     0x10000026    0x2  Data  Lc  LoRaMac.o [1]
LoRaMacCallbacks        0x10000064    0x4  Data  Lc  LoRaMac.o [1]
LoRaMacComputeMic       0x00002e95   0x8a  Code  Gb  LoRaMacCrypto.o [1]
LoRaMacDevAddr          0x1000003c    0x4  Data  Lc  LoRaMac.o [1]
LoRaMacDevEui           0x1000002c    0x4  Data  Lc  LoRaMac.o [1]
LoRaMacDevNonce         0x10000024    0x2  Data  Lc  LoRaMac.o [1]
LoRaMacDeviceClass      0x1000000d    0x1  Data  Lc  LoRaMac.o [1]
LoRaMacFlags            0x10000020    0x4  Data  Gb  LoRaMac.o [1]
LoRaMacInitialization   0x00001895  0x208  Code  Gb  LoRaMac.o [1]
LoRaMacInitializationTime
                        0x10000058    0x4  Data  Lc  LoRaMac.o [1]
LoRaMacJoinComputeMic   0x00002ff3   0x4e  Code  Gb  LoRaMacCrypto.o [1]
LoRaMacJoinComputeSKeys
                        0x00003085   0x8e  Code  Gb  LoRaMacCrypto.o [1]
LoRaMacJoinDecrypt      0x00003041   0x44  Code  Gb  LoRaMacCrypto.o [1]
LoRaMacMaxEirpTable     0x00001328   0x10  Data  Lc  LoRaMac.o [1]
LoRaMacMcpsRequest      0x00001f89  0x146  Code  Gb  LoRaMac.o [1]
LoRaMacMibSetRequestConfirm
                        0x00001ba1  0x2ae  Code  Gb  LoRaMac.o [1]
LoRaMacMlmeRequest      0x00001e75  0x104  Code  Gb  LoRaMac.o [1]
LoRaMacNetID            0x10000038    0x4  Data  Lc  LoRaMac.o [1]
LoRaMacNwkSKey          0x10000074   0x10  Data  Lc  LoRaMac.o [1]
LoRaMacParams           0x10001220   0x38  Data  Gb  LoRaMac.o [1]
LoRaMacParamsDefaults   0x10001258   0x38  Data  Gb  LoRaMac.o [1]
LoRaMacPayloadDecrypt   0x00002fdd   0x16  Code  Gb  LoRaMacCrypto.o [1]
LoRaMacPayloadEncrypt   0x00002f1f   0xbe  Code  Gb  LoRaMacCrypto.o [1]
LoRaMacPrimitives       0x10000060    0x4  Data  Lc  LoRaMac.o [1]
LoRaMacQueryTxPossible  0x00001aa5   0xc4  Code  Gb  LoRaMac.o [1]
LoRaMacRegion           0x1000000c    0x1  Data  Lc  LoRaMac.o [1]
LoRaMacRxPayload        0x10000efc  0x100  Data  Lc  LoRaMac.o [1]
LoRaMacState            0x1000005c    0x4  Data  Gb  LoRaMac.o [1]
LoRaMacTxPayloadLen     0x1000058c    0x1  Data  Lc  LoRaMac.o [1]
MODEM                   0x10000a5c  0x130  Data  Lc  modem.o [1]
MacCommandsBuffer       0x10001124   0x80  Data  Lc  LoRaMac.o [1]
MacCommandsBufferIndex  0x10000015    0x1  Data  Lc  LoRaMac.o [1]
MacCommandsBufferToRepeat
                        0x10000094   0x80  Data  Lc  LoRaMac.o [1]
MacCommandsBufferToRepeatIndex
                        0x10000016    0x1  Data  Lc  LoRaMac.o [1]
MacCommandsInNextTx     0x10000014    0x1  Data  Lc  LoRaMac.o [1]
MacStateCheckTimer      0x10000114   0x14  Data  Lc  LoRaMac.o [1]
MaxDCycle               0x1000058e    0x1  Data  Lc  LoRaMac.o [1]
MaxJoinRequestTrials    0x1000001e    0x1  Data  Lc  LoRaMac.o [1]
MaxPayloadOfDatarateCN470
                        0x00004730    0x8  Data  Lc  RegionCN470.o [1]
MaxPayloadOfDatarateRepeaterCN470
                        0x00004728    0x8  Data  Lc  RegionCN470.o [1]
McpsConfirm             0x10001324   0x14  Data  Gb  LoRaMac.o [1]
McpsIndication          0x100012f4   0x18  Data  Lc  LoRaMac.o [1]
McpsIndication          0x000034fd   0x78  Code  Lc  main.o [1]
Mic                     0x10000188   0x10  Data  Lc  LoRaMacCrypto.o [1]
MicBlockB0              0x10000178   0x10  Data  Lc  LoRaMacCrypto.o [1]
MlmeConfirm             0x10000000    0xc  Data  Lc  LoRaMac.o [1]
MlmeConfirm             0x00003575   0x4a  Code  Lc  main.o [1]
MulticastChannels       0x10000040    0x4  Data  Lc  LoRaMac.o [1]
NVIC_EnableIRQ          0x000020e1    0xe  Code  Lc  modem.o [1]
NVIC_EnableIRQ          0x000063ad    0xe  Code  Lc  sx1276-board.o [1]
NVIC_EnableIRQ          0x00003fbd    0xe  Code  Lc  usart.o [1]
NVIC_SetPriority        0x000033b1   0x44  Code  Lc  main.o [1]
NextTx                  0x10000550    0x1  Data  Lc  main.o [1]
NodeAckRequested        0x10000012    0x1  Data  Lc  LoRaMac.o [1]
OnAckTimeoutTimerEvent  0x00000e7f   0x34  Code  Lc  LoRaMac.o [1]
OnLed1TimerEventNetOffline
                        0x00002361   0xc6  Code  Lc  modem.o [1]
OnLed1TimerEventNetOnline
                        0x00002427   0x6c  Code  Lc  modem.o [1]
OnLed1TimerEventRx      0x00002307   0x18  Code  Lc  modem.o [1]
OnLed1TimerEventTx      0x00002325   0x18  Code  Lc  modem.o [1]
OnMacStateCheckTimerEvent
                        0x00000add  0x290  Code  Lc  LoRaMac.o [1]
OnRadioRxDone           0x00000435  0x582  Code  Lc  LoRaMac.o [1]
OnRadioRxError          0x000009e5   0x5e  Code  Lc  LoRaMac.o [1]
OnRadioRxTimeout        0x00000a43   0x8a  Code  Lc  LoRaMac.o [1]
OnRadioTxDone           0x00000301   0xee  Code  Lc  LoRaMac.o [1]
OnRadioTxTimeout        0x000009b7   0x2e  Code  Lc  LoRaMac.o [1]
OnRxWindow1TimerEvent   0x00000dd5   0x4e  Code  Lc  LoRaMac.o [1]
OnRxWindow2TimerEvent   0x00000e29   0x56  Code  Lc  LoRaMac.o [1]
OnTxDelayedTimerEvent   0x00000d6d   0x5e  Code  Lc  LoRaMac.o [1]
OscRateIn               0x00006f88    0x4  Data  Gb  board.o [3]
PATTERN_JOINCFG_CRC     0x100011cc    0x2  Data  Gb  modem.o [1]
PATTERN_SESSCFG_CRC     0x100011ce    0x2  Data  Gb  modem.o [1]
PININT0_IRQHandler      0x00007c69  0x152  Code  Gb  sx1276.o [1]
PININT1_IRQHandler      0x00007dbb   0x3e  Code  Gb  sx1276.o [1]
PININT2_IRQHandler      0x00007df9   0x84  Code  Gb  sx1276.o [1]
PININT7_IRQHandler      0x00002277    0xc  Code  Gb  modem.o [1]
ParseMacCommandsToRepeat
                        0x00000fcd   0x5e  Code  Lc  LoRaMac.o [1]
PrepareFrame            0x00001551  0x2a2  Code  Gb  LoRaMac.o [1]
PrepareRxDoneAbort      0x000003ef   0x36  Code  Lc  LoRaMac.o [1]
PrepareTxFrame          0x0000344b   0x1e  Code  Gb  main.o [1]
ProcessMacCommands      0x0000102d  0x2fc  Code  Lc  LoRaMac.o [1]
PublicNetwork           0x1000000e    0x1  Data  Gb  LoRaMac.o [1]
Radio                   0x00006e8c   0x5c  Data  Gb  sx1276-board.o [1]
RadioEvents             0x10000594   0x1c  Data  Lc  LoRaMac.o [1]
RadioEvents             0x10000cd0    0x4  Data  Lc  sx1276.o [1]
RadioIsActive           0x1000136f    0x1  Data  Lc  sx1276-board.o [1]
RadioRegsInit           0x00007e8c   0x30  Data  Gb  sx1276.o [1]
Region$$Table$$Base     0x00006f10          --   Gb  - Linker created -
Region$$Table$$Limit    0x00006f3c          --   Gb  - Linker created -
RegionAdrNext           0x00002d73   0x1a  Code  Gb  Region.o [1]
RegionAlternateDr       0x00002e39   0x12  Code  Gb  Region.o [1]
RegionApplyCFList       0x00002d51   0x10  Code  Gb  Region.o [1]
RegionApplyDrOffset     0x00002e75   0x1a  Code  Gb  Region.o [1]
RegionCN470AdrNext      0x00004585   0x74  Code  Gb  RegionCN470.o [1]
RegionCN470AlternateDr  0x0000495d   0xd0  Code  Gb  RegionCN470.o [1]
RegionCN470ApplyDrOffset
                        0x00004b91   0x10  Code  Gb  RegionCN470.o [1]
RegionCN470CalcBackOff  0x00004a39   0x30  Code  Gb  RegionCN470.o [1]
RegionCN470ChanMaskSet  0x00004551   0x2c  Code  Gb  RegionCN470.o [1]
RegionCN470ComputeRxWindowParameters
                        0x00004621   0x48  Code  Gb  RegionCN470.o [1]
RegionCN470GetPhyParam  0x00004391   0xae  Code  Gb  RegionCN470.o [1]
RegionCN470InitDefaults
                        0x0000446d   0x68  Code  Gb  RegionCN470.o [1]
RegionCN470LinkAdrReq   0x000047e5  0x114  Code  Gb  RegionCN470.o [1]
RegionCN470NextChannel  0x00004a71   0xfe  Code  Gb  RegionCN470.o [1]
RegionCN470RxConfig     0x00004681   0x90  Code  Gb  RegionCN470.o [1]
RegionCN470RxParamSetupReq
                        0x000048f9   0x5a  Code  Gb  RegionCN470.o [1]
RegionCN470SetBandTxDone
                        0x00004445   0x22  Code  Gb  RegionCN470.o [1]
RegionCN470TxConfig     0x00004739   0xa4  Code  Gb  RegionCN470.o [1]
RegionCN470Verify       0x000044dd   0x74  Code  Gb  RegionCN470.o [1]
RegionCalcBackOff       0x00002e4b   0x10  Code  Gb  Region.o [1]
RegionChanMaskSet       0x00002d61   0x12  Code  Gb  Region.o [1]
RegionCommonCalcBackOff
                        0x00005d0f   0x58  Code  Gb  RegionCommon.o [1]
RegionCommonChanMaskCopy
                        0x00005a21   0x22  Code  Gb  RegionCommon.o [1]
RegionCommonChanVerifyDr
                        0x00005969   0x7a  Code  Gb  RegionCommon.o [1]
RegionCommonComputeRxWindowParameters
                        0x00005c2d   0xaa  Code  Gb  RegionCommon.o [1]
RegionCommonComputeSymbolTimeLoRa
                        0x00005bf1   0x2e  Code  Gb  RegionCommon.o [1]
RegionCommonComputeTxPower
                        0x00005ce5   0x2a  Code  Gb  RegionCommon.o [1]
RegionCommonCountChannels
                        0x000059f3   0x2e  Code  Gb  RegionCommon.o [1]
RegionCommonGetJoinDc   0x0000594f   0x1a  Code  Gb  RegionCommon.o [1]
RegionCommonLinkAdrReqVerifyParams
                        0x00005b4b   0xa6  Code  Gb  RegionCommon.o [1]
RegionCommonParseLinkAdrReq
                        0x00005b03   0x48  Code  Gb  RegionCommon.o [1]
RegionCommonSetBandTxDone
                        0x00005a43    0xa  Code  Gb  RegionCommon.o [1]
RegionCommonUpdateBandTimeOff
                        0x00005a4d   0xb6  Code  Gb  RegionCommon.o [1]
RegionCommonValueInRange
                        0x000059e3   0x10  Code  Gb  RegionCommon.o [1]
RegionComputeRxWindowParameters
                        0x00002d8d   0x16  Code  Gb  Region.o [1]
RegionDlChannelReq      0x00002e27   0x12  Code  Gb  Region.o [1]
RegionGetPhyParam       0x00002d05   0x16  Code  Gb  Region.o [1]
RegionInitDefaults      0x00002d2b   0x10  Code  Gb  Region.o [1]
RegionIsActive          0x00002cf9    0xc  Code  Gb  Region.o [1]
RegionLinkAdrReq        0x00002dd1   0x20  Code  Gb  Region.o [1]
RegionNewChannelReq     0x00002e03   0x12  Code  Gb  Region.o [1]
RegionNextChannel       0x00002e5b   0x1a  Code  Gb  Region.o [1]
RegionRxConfig          0x00002da3   0x16  Code  Gb  Region.o [1]
RegionRxParamSetupReq   0x00002df1   0x12  Code  Gb  Region.o [1]
RegionSetBandTxDone     0x00002d1b   0x10  Code  Gb  Region.o [1]
RegionTxConfig          0x00002db9   0x18  Code  Gb  Region.o [1]
RegionTxParamSetupReq   0x00002e15   0x12  Code  Gb  Region.o [1]
RegionVerify            0x00002d3b   0x16  Code  Gb  Region.o [1]
RepeaterSupport         0x1000000f    0x1  Data  Lc  LoRaMac.o [1]
ResetMacParameters      0x000014bd   0x82  Code  Lc  LoRaMac.o [1]
RingBuffer_GetCount     0x00005761    0x8  Code  Lc  ring_buffer.o [4]
RingBuffer_Init         0x0000578f   0x10  Code  Gb  ring_buffer.o [4]
RingBuffer_Insert       0x0000579f   0x32  Code  Gb  ring_buffer.o [4]
RingBuffer_InsertMult   0x000057d1   0x96  Code  Gb  ring_buffer.o [4]
RingBuffer_IsEmpty      0x00003431   0x10  Code  Lc  main.o [1]
RingBuffer_IsEmpty      0x0000577f   0x10  Code  Lc  ring_buffer.o [4]
RingBuffer_IsFull       0x00005769   0x16  Code  Lc  ring_buffer.o [4]
RingBuffer_Pop          0x00005867   0x32  Code  Gb  ring_buffer.o [4]
RingBuffer_PopMult      0x00005899   0x8e  Code  Gb  ring_buffer.o [4]
RxChainCalibration      0x0000716b   0x8e  Code  Lc  sx1276.o [1]
RxSlot                  0x1000001f    0x1  Data  Lc  LoRaMac.o [1]
RxTimeoutSyncWord       0x10001310   0x14  Data  Gb  sx1276.o [1]
RxTimeoutTimer          0x10000de8   0x14  Data  Gb  sx1276.o [1]
RxTxBuffer              0x10000cd4  0x100  Data  Lc  sx1276.o [1]
RxWindow1Config         0x10000578   0x14  Data  Lc  LoRaMac.o [1]
RxWindow1Delay          0x10000068    0x4  Data  Lc  LoRaMac.o [1]
RxWindow2Config         0x1000133c   0x14  Data  Lc  LoRaMac.o [1]
RxWindow2Delay          0x1000006c    0x4  Data  Lc  LoRaMac.o [1]
RxWindowSetup           0x00000eb3   0x16  Code  Lc  LoRaMac.o [1]
RxWindowTimer1          0x1000013c   0x14  Data  Lc  LoRaMac.o [1]
RxWindowTimer2          0x10000150   0x14  Data  Lc  LoRaMac.o [1]
SX1276                  0x10000c64   0x6c  Data  Gb  sx1276.o [1]
SX1276CheckRfFrequency  0x00006789    0x4  Code  Gb  sx1276-board.o [1]
SX1276GetPaSelect       0x00006729    0xe  Code  Gb  sx1276-board.o [1]
SX1276GetStatus         0x0000709f    0x6  Code  Gb  sx1276.o [1]
SX1276GetTimeOnAir      0x0000750d  0x128  Code  Gb  sx1276.o [1]
SX1276Init              0x00006ff9   0xa6  Code  Gb  sx1276.o [1]
SX1276IoInit            0x000064d5  0x14e  Code  Gb  sx1276-board.o [1]
SX1276IoIrqInit         0x00006623   0x48  Code  Gb  sx1276-board.o [1]
SX1276IsChannelFree     0x000070e1   0x48  Code  Gb  sx1276.o [1]
SX1276OnTimeoutIrq      0x00007be9   0x76  Code  Gb  sx1276.o [1]
SX1276Random            0x00007129   0x42  Code  Gb  sx1276.o [1]
SX1276Read              0x00007a51   0x10  Code  Gb  sx1276.o [1]
SX1276ReadBuffer        0x00007b01   0x8e  Code  Gb  sx1276.o [1]
SX1276ReadFifo          0x00007b9d    0xe  Code  Gb  sx1276.o [1]
SX1276ReadRssi          0x00007961   0x32  Code  Gb  sx1276.o [1]
SX1276Reset             0x00007999   0x28  Code  Gb  sx1276.o [1]
SX1276Send              0x00007639   0x8e  Code  Gb  sx1276.o [1]
SX1276SetAntSwLowPower  0x00006745   0x1e  Code  Gb  sx1276-board.o [1]
SX1276SetChannel        0x000070a5   0x3c  Code  Gb  sx1276.o [1]
SX1276SetMaxPayloadLength
                        0x00007bab   0x18  Code  Gb  sx1276.o [1]
SX1276SetModem          0x000079f1   0x50  Code  Gb  sx1276.o [1]
SX1276SetOpMode         0x000079c1   0x30  Code  Gb  sx1276.o [1]
SX1276SetPublicNetwork  0x00007bc3   0x26  Code  Gb  sx1276.o [1]
SX1276SetRfTxPower      0x00006679   0xaa  Code  Gb  sx1276-board.o [1]
SX1276SetRx             0x0000772d  0x1ac  Code  Gb  sx1276.o [1]
SX1276SetRxConfig       0x00007205  0x1b2  Code  Gb  sx1276.o [1]
SX1276SetSleep          0x000076c7   0x24  Code  Gb  sx1276.o [1]
SX1276SetStby           0x000076eb   0x24  Code  Gb  sx1276.o [1]
SX1276SetTx             0x000078dd   0x72  Code  Gb  sx1276.o [1]
SX1276SetTxConfig       0x000073c1  0x144  Code  Gb  sx1276.o [1]
SX1276SetTxContinuousWave
                        0x0000795f    0x2  Code  Gb  sx1276.o [1]
SX1276StartCad          0x0000795d    0x2  Code  Gb  sx1276.o [1]
SX1276Write             0x00007a45    0xc  Code  Gb  sx1276.o [1]
SX1276WriteBuffer       0x00007a61   0x86  Code  Gb  sx1276.o [1]
SX1276WriteFifo         0x00007b8f    0xe  Code  Gb  sx1276.o [1]
ScheduleTx              0x0000136d  0x10e  Code  Lc  LoRaMac.o [1]
Send                    0x00001339   0x2c  Code  Gb  LoRaMac.o [1]
SendFrame               0x00003469   0x92  Code  Gb  main.o [1]
SendFrameOnChannel      0x000017f9   0x86  Code  Gb  LoRaMac.o [1]
SrvAckRequested         0x10000013    0x1  Data  Lc  LoRaMac.o [1]
SysTick_Config          0x000033f5   0x2a  Code  Lc  main.o [1]
SysTick_Handler         0x0000012b   0x38  Code  Gb  timer.o [1]
SystemCoreClock         0x10001368    0x4  Data  Gb  chip_8xx.o [4]
SystemCoreClockUpdate   0x000001c1   0x10  Code  Gb  chip_8xx.o [4]
SystemInit              0x00006f91    0x8  Code  Gb  sysinit.o [1]
TimerExists             0x00000175   0x18  Code  Lc  timer.o [1]
TimerGetCurrentTime     0x0000019d    0x6  Code  Gb  timer.o [1]
TimerGetElapsedTime     0x000001a3   0x16  Code  Gb  timer.o [1]
TimerInit               0x000000c1   0x10  Code  Gb  timer.o [1]
TimerListHead           0x10001364    0x4  Data  Lc  timer.o [1]
TimerSetValue           0x0000018d   0x10  Code  Gb  timer.o [1]
TimerStart              0x000000d1   0x5a  Code  Gb  timer.o [1]
TimerStop               0x00000163   0x12  Code  Gb  timer.o [1]
TxDelayedTimer          0x10000128   0x14  Data  Lc  LoRaMac.o [1]
TxTimeOnAir             0x10000070    0x4  Data  Gb  LoRaMac.o [1]
TxTimeoutTimer          0x10000dd4   0x14  Data  Gb  sx1276.o [1]
UART0_IRQHandler        0x000040cd   0x10  Code  Gb  usart.o [1]
UpLinkCounter           0x10000044    0x4  Data  Lc  LoRaMac.o [1]
ValidatePayloadLength   0x00000ec9   0x3e  Code  Lc  LoRaMac.o [1]
WDT_IRQHandler          0x00002305    0x2  Code  Gb  modem.o [1]
WKT_IRQHandler          0x00002269    0xe  Code  Gb  modem.o [1]
WakeupTest              0x00002283   0x44  Code  Gb  modem.o [1]
__Vectors               0x00000000          --   Gb  iar_startup_lpc82x.o [1]
__Vectors_End           0x000000c0         Data  Gb  iar_startup_lpc82x.o [1]
__Vectors_Size {Abs}    0x000000c0          --   Gb  iar_startup_lpc82x.o [1]
__aeabi_cdrcmple        0x0000678d         Code  Gb  DblCmpGe.o [6]
__aeabi_d2iz            0x000061b9         Code  Gb  DblToI32.o [6]
__aeabi_d2uiz           0x000061dd         Code  Gb  DblToI32.o [6]
__aeabi_dadd            0x00005fad         Code  Gb  DblAddSub.o [6]
__aeabi_ddiv            0x00005d67         Code  Gb  DblDiv.o [6]
__aeabi_dmul            0x00005e29         Code  Gb  DblMul.o [6]
__aeabi_dsub            0x00006073         Code  Gb  DblAddSub.o [6]
__aeabi_f2d             0x00006321         Code  Gb  FltToDbl.o [6]
__aeabi_fsub            0x00006271         Code  Gb  FltAddSub.o [6]
__aeabi_i2d             0x00000269         Code  Gb  I32ToDbl.o [6]
__aeabi_idiv            0x00003211         Code  Gb  I32DivModFast.o [7]
__aeabi_idivmod         0x00003211         Code  Gb  I32DivModFast.o [7]
__aeabi_memclr4         0x00003fb9         Code  Gb  ABImemset.o [7]
__aeabi_memclr8         0x00003fb9         Code  Gb  ABImemset.o [7]
__aeabi_memcpy          0x00003a2d         Code  Gb  ABImemcpy.o [7]
__aeabi_memcpy4         0x00003a55         Code  Wk  ABImemcpy.o [7]
__aeabi_memset4         0x00003f7d         Code  Gb  ABImemset.o [7]
__aeabi_memset8         0x00003f7d         Code  Gb  ABImemset.o [7]
__aeabi_ui2d            0x0000027d         Code  Gb  I32ToDbl.o [6]
__aeabi_ui2f            0x000032c5         Code  Gb  I32ToFlt.o [6]
__aeabi_uidiv           0x00003217         Code  Gb  I32DivModFast.o [7]
__aeabi_uidivmod        0x00003217         Code  Gb  I32DivModFast.o [7]
__aeabi_uldivmod        0x000001fd         Code  Gb  I64DivMod.o [7]
__cmain                 0x00006f3d         Code  Gb  cmain.o [7]
__exit                  0x00006d1d         Code  Gb  XXexit.o [7]
__iar_Memset4_word      0x00003f89         Code  Gb  ABImemset.o [7]
__iar_ceil              0x00006161         Code  Gb  ceil.o [6]
__iar_ceill             0x00006161         Code  Gb  ceil.o [6]
__iar_d2uiz             0x000061e1         Code  Gb  DblToI32.o [6]
__iar_data_init3        0x00006ee9   0x28  Code  Gb  data_init.o [7]
__iar_floor             0x00006355         Code  Gb  floor.o [6]
__iar_floorl            0x00006355         Code  Gb  floor.o [6]
__iar_packbits_init3    0x00006c5b   0xb6  Code  Gb  packbits_init.o [7]
__iar_program_start     0x00006f7d         Code  Gb  cstartup_M.o [7]
__iar_ui2d              0x00000281         Code  Gb  I32ToDbl.o [6]
__iar_ui2f              0x000032c9         Code  Gb  I32ToFlt.o [6]
__iar_zero_init3        0x000032e3   0x2a  Code  Gb  zero_init3.o [7]
__vector_table          0x00000000         Data  Gb  iar_startup_lpc82x.o [1]
__vector_table_0x1c     0x00000010         Data  Gb  iar_startup_lpc82x.o [1]
_call_main              0x00006f49         Code  Gb  cmain.o [7]
_exit                   0x00006f61         Code  Gb  cexit.o [7]
_main                   0x00006f53         Code  Gb  cmain.o [7]
aBlock                  0x100002b0   0x10  Data  Lc  LoRaMacCrypto.o [1]
abort                   0x00006d11    0xa  Code  Gb  abort.o [5]
add_round_key           0x00004f4d    0x8  Code  Lc  aes.o [1]
aes_encrypt             0x0000545b   0x52  Code  Gb  aes.o [1]
aes_set_key             0x00005359  0x102  Code  Gb  aes.o [1]
ceil                    0x00006161         Code  Gb  ceil.o [6]
ceill                   0x00006161         Code  Gb  ceil.o [6]
chip_version            0x1000130c    0x4  Data  Gb  sx1276.o [1]
config_tab              0x000068e4  0x354  Data  Lc  irc_8xx.o [4]
config_tab_idx          0x1000136c    0x2  Data  Lc  irc_8xx.o [4]
copy_and_key            0x00004ec7   0x86  Code  Lc  aes.o [1]
copy_block              0x00004ded   0x42  Code  Lc  aes.o [1]
copy_block_nn           0x00004e2f   0x16  Code  Lc  aes.o [1]
cpystr                  0x00003b83   0x18  Code  Gb  hex.o [1]
eeprom_write            0x00003e51   0x62  Code  Gb  eeprom.o [1]
enablePio4IntToWakeup   0x000021dd   0x58  Code  Gb  modem.o [1]
enableUart              0x000035cf   0x10  Code  Gb  main.o [1]
evnames                 0x100004fc   0x40  Data  Lc  modem.o [1]
exit                    0x00006f57    0x8  Code  Gb  exit.o [5]
floor                   0x00006355         Code  Gb  floor.o [6]
floorl                  0x00006355         Code  Gb  floor.o [6]
frame_init              0x00004109   0x14  Code  Gb  frame.o [1]
frame_rx                0x0000411d   0xfc  Code  Gb  frame.o [1]
funMcpsConfirm          0x000034fb    0x2  Code  Lc  main.o [1]
funWktAlarm             0x00002235   0x2c  Code  Lc  modem.o [1]
getUARTClockID          0x00003ce5   0x18  Code  Lc  uart_8xx.o [4]
gethex                  0x00003a89   0x3e  Code  Gb  hex.o [1]
gfm2_sbox               0x00005258  0x100  Data  Lc  aes.o [1]
gfm3_sbox               0x00005158  0x100  Data  Lc  aes.o [1]
hex2int                 0x00003b21   0x32  Code  Gb  hex.o [1]
hexval                  0x00003bb0  0x100  Data  Lc  hex.o [1]
iap_entry               0x00003ec9    0x8  Code  Lc  iap.o [4]
int2hex                 0x00003afd   0x24  Code  Gb  hex.o [1]
isAlarm                 0x1000133a    0x1  Data  Lc  modem.o [1]
isAlarmDuty             0x000026b9    0x6  Code  Gb  modem.o [1]
joincfg                 0x100011a4   0x28  Data  Lc  modem.o [1]
ledBits                 0x00003a18    0x1  Data  Lc  board.o [3]
main                    0x000035f1  0x118  Code  Gb  main.o [1]
memcpy1                 0x00003153   0x16  Code  Gb  utilities.o [1]
memcpyr                 0x00003169   0x1a  Code  Gb  utilities.o [1]
memset1                 0x00003183   0x12  Code  Gb  utilities.o [1]
mix_sub_columns         0x00004fb9  0x19a  Code  Lc  aes.o [1]
modem_init              0x00002779   0xe6  Code  Gb  modem.o [1]
modem_reset             0x000026c5    0x2  Code  Lc  modem.o [1]
modem_rxdone            0x000028d5  0x400  Code  Gb  modem.o [1]
modem_wkt_init          0x000022c7   0x3e  Code  Gb  modem.o [1]
next                    0x100005d8    0x4  Data  Lc  utilities.o [1]
onEvent                 0x00002555  0x12e  Code  Gb  modem.o [1]
os_crc16                0x000026c7   0x38  Code  Gb  modem.o [1]
persist                 0x10001290   0x64  Data  Gb  modem.o [1]
persist_init            0x00002705   0x5c  Code  Lc  modem.o [1]
prvSetupHardware        0x000035c3    0xc  Code  Lc  main.o [1]
puthex                  0x00003ac9   0x34  Code  Gb  hex.o [1]
rand1                   0x0000311d   0x1a  Code  Gb  utilities.o [1]
randr                   0x0000313d   0x16  Code  Gb  utilities.o [1]
reverse                 0x00003b53   0x22  Code  Gb  hex.o [1]
rxbuff                  0x10001024   0x40  Data  Lc  usart.o [1]
rxframe                 0x10001350   0x10  Data  Gb  frame.o [1]
rxring                  0x10001010   0x14  Data  Gb  usart.o [1]
sBlock                  0x100002c0   0x10  Data  Lc  LoRaMacCrypto.o [1]
sbox                    0x000054ac  0x100  Data  Lc  aes.o [1]
sesscfg                 0x000028ac   0x28  Data  Lc  modem.o [1]
shift_sub_rows          0x00004f55   0x64  Code  Lc  aes.o [1]
srand1                  0x00003137    0x6  Code  Gb  utilities.o [1]
src_iap_array_data      0x100010a4   0x80  Data  Gb  eeprom.o [1]
strlen                  0x00003a1b   0x10  Code  Gb  strlen.o [7]
systicks                0x10001360    0x4  Data  Gb  timer.o [1]
tolower                 0x00003b75    0xe  Code  Gb  hex.o [1]
txbuff                  0x10001064   0x40  Data  Lc  usart.o [1]
txring                  0x10000ffc   0x14  Data  Gb  usart.o [1]
uartflashtimer          0x10000554    0x4  Data  Lc  main.o [1]
usart_init              0x00004033   0x9a  Code  Gb  usart.o [1]
wdtOSCRate              0x00005720   0x40  Data  Lc  clock_8xx.o [4]
wktType                 0x10001339    0x1  Data  Gb  modem.o [1]
xor_block               0x00004e45   0x82  Code  Lc  aes.o [1]


[1] = E:\LoRaProduct\source code\nxp_lpcxpresso_824max\lpcxpresso824\prj_xpresso82x\iar\freertos_blinky\iflash_nxp_lpcxpresso_812\Obj
[2] = command line
[3] = board_nxp_lpcxpresso_824.a
[4] = chip_8xx_lib.a
[5] = dl6M_tln.a
[6] = m6M_tl.a
[7] = rt6M_tl.a

  31 992 bytes of readonly  code memory
     501 bytes of readonly  data memory
   6 001 bytes of readwrite data memory

Errors: none
Warnings: none
