###############################################################################
#
# IAR ELF Linker V7.30.3.8024/W32 for ARM                 27/Feb/2018  19:21:30
# Copyright 2007-2014 IAR Systems AB.
#
#    Output file  =  
#        F:\LoRaProduct\source
#        code\nxp_lpcxpresso_824max\lpcxpresso824\prj_xpresso82x\iar\freertos_blinky\iflash_nxp_lpcxpresso_812\Exe\freertos_blinky.out.tmp
#    Map file     =  
#        F:\LoRaProduct\source
#        code\nxp_lpcxpresso_824max\lpcxpresso824\prj_xpresso82x\iar\freertos_blinky\iflash_nxp_lpcxpresso_812\List\freertos_blinky.map
#    Command line =  
#        "F:\LoRaProduct\source
#        code\nxp_lpcxpresso_824max\lpcxpresso824\prj_xpresso82x\iar\freertos_blinky\iflash_nxp_lpcxpresso_812\Obj\aes.o"
#        "F:\LoRaProduct\source
#        code\nxp_lpcxpresso_824max\lpcxpresso824\prj_xpresso82x\iar\lib_board_lpcxpresso824\iar_output\Exe\board_nxp_lpcxpresso_824.a"
#        "F:\LoRaProduct\source
#        code\nxp_lpcxpresso_824max\lpcxpresso824\prj_xpresso82x\iar\lib_chip_8xx\iar_output\Exe\chip_8xx_lib.a"
#        "F:\LoRaProduct\source
#        code\nxp_lpcxpresso_824max\lpcxpresso824\prj_xpresso82x\iar\freertos_blinky\iflash_nxp_lpcxpresso_812\Obj\cmac.o"
#        "F:\LoRaProduct\source
#        code\nxp_lpcxpresso_824max\lpcxpresso824\prj_xpresso82x\iar\freertos_blinky\iflash_nxp_lpcxpresso_812\Obj\eeprom.o"
#        "F:\LoRaProduct\source
#        code\nxp_lpcxpresso_824max\lpcxpresso824\prj_xpresso82x\iar\freertos_blinky\iflash_nxp_lpcxpresso_812\Obj\frame.o"
#        "F:\LoRaProduct\source
#        code\nxp_lpcxpresso_824max\lpcxpresso824\prj_xpresso82x\iar\freertos_blinky\iflash_nxp_lpcxpresso_812\Obj\hex.o"
#        "F:\LoRaProduct\source
#        code\nxp_lpcxpresso_824max\lpcxpresso824\prj_xpresso82x\iar\freertos_blinky\iflash_nxp_lpcxpresso_812\Obj\iar_startup_lpc82x.o"
#        "F:\LoRaProduct\source
#        code\nxp_lpcxpresso_824max\lpcxpresso824\prj_xpresso82x\iar\freertos_blinky\iflash_nxp_lpcxpresso_812\Obj\LoRaMac.o"
#        "F:\LoRaProduct\source
#        code\nxp_lpcxpresso_824max\lpcxpresso824\prj_xpresso82x\iar\freertos_blinky\iflash_nxp_lpcxpresso_812\Obj\LoRaMacCrypto.o"
#        "F:\LoRaProduct\source
#        code\nxp_lpcxpresso_824max\lpcxpresso824\prj_xpresso82x\iar\freertos_blinky\iflash_nxp_lpcxpresso_812\Obj\main.o"
#        "F:\LoRaProduct\source
#        code\nxp_lpcxpresso_824max\lpcxpresso824\prj_xpresso82x\iar\freertos_blinky\iflash_nxp_lpcxpresso_812\Obj\modem.o"
#        "F:\LoRaProduct\source
#        code\nxp_lpcxpresso_824max\lpcxpresso824\prj_xpresso82x\iar\freertos_blinky\iflash_nxp_lpcxpresso_812\Obj\Region.o"
#        "F:\LoRaProduct\source
#        code\nxp_lpcxpresso_824max\lpcxpresso824\prj_xpresso82x\iar\freertos_blinky\iflash_nxp_lpcxpresso_812\Obj\RegionCN470.o"
#        "F:\LoRaProduct\source
#        code\nxp_lpcxpresso_824max\lpcxpresso824\prj_xpresso82x\iar\freertos_blinky\iflash_nxp_lpcxpresso_812\Obj\RegionCommon.o"
#        "F:\LoRaProduct\source
#        code\nxp_lpcxpresso_824max\lpcxpresso824\prj_xpresso82x\iar\freertos_blinky\iflash_nxp_lpcxpresso_812\Obj\sx1276-board.o"
#        "F:\LoRaProduct\source
#        code\nxp_lpcxpresso_824max\lpcxpresso824\prj_xpresso82x\iar\freertos_blinky\iflash_nxp_lpcxpresso_812\Obj\sx1276.o"
#        "F:\LoRaProduct\source
#        code\nxp_lpcxpresso_824max\lpcxpresso824\prj_xpresso82x\iar\freertos_blinky\iflash_nxp_lpcxpresso_812\Obj\sysinit.o"
#        "F:\LoRaProduct\source
#        code\nxp_lpcxpresso_824max\lpcxpresso824\prj_xpresso82x\iar\freertos_blinky\iflash_nxp_lpcxpresso_812\Obj\timer.o"
#        "F:\LoRaProduct\source
#        code\nxp_lpcxpresso_824max\lpcxpresso824\prj_xpresso82x\iar\freertos_blinky\iflash_nxp_lpcxpresso_812\Obj\usart.o"
#        "F:\LoRaProduct\source
#        code\nxp_lpcxpresso_824max\lpcxpresso824\prj_xpresso82x\iar\freertos_blinky\iflash_nxp_lpcxpresso_812\Obj\utilities.o"
#        -o "F:\LoRaProduct\source
#        code\nxp_lpcxpresso_824max\lpcxpresso824\prj_xpresso82x\iar\freertos_blinky\iflash_nxp_lpcxpresso_812\Exe\freertos_blinky.out.tmp"
#        --map "F:\LoRaProduct\source
#        code\nxp_lpcxpresso_824max\lpcxpresso824\prj_xpresso82x\iar\freertos_blinky\iflash_nxp_lpcxpresso_812\List\freertos_blinky.map"
#        --config "C:\Program Files (x86)\IAR Systems\Embedded Workbench
#        7.0\arm\config\linker\NXP\LPC824M201.icf" --entry __iar_program_start
#        --inline --vfe
#
###############################################################################

*******************************************************************************
*** RUNTIME MODEL ATTRIBUTES
***

CppFlavor       = *
__SystemLibrary = DLib


*******************************************************************************
*** PLACEMENT SUMMARY
***

"A1":  place at 0x00000000 { ro section .intvec };
"P1":  place in [from 0x00000000 to 0x000002fb] |
                [from 0x00000300 to 0x00007fff] { ro };
"P2":  place in [from 0x10000000 to 0x10001fff] { rw, block CSTACK, block HEAP };
"P3":  place in [from 0x000002fc to 0x000002ff] { section .crp };

  Section            Kind        Address    Size  Object
  -------            ----        -------    ----  ------
"A1":                                       0xc0
  .intvec            ro code  0x00000000    0xc0  iar_startup_lpc82x.o [1]
                            - 0x000000c0    0xc0

"P1", part 1 of 2:                         0x1f8
  .text              ro code  0x000000c0    0xfc  timer.o [1]
  .text              ro code  0x000001bc    0x52  wwdt_8xx.o [4]
  .text              ro code  0x0000020e     0x2  iar_startup_lpc82x.o [1]
  .text              ro code  0x00000210    0x10  strlen.o [7]
  .text              ro code  0x00000220     0x2  iar_startup_lpc82x.o [1]
  .text              ro code  0x00000222    0x6a  I64DivMod.o [7]
  .text              ro code  0x0000028c    0x12  iocon_8xx.o [4]
  .text              ro code  0x0000029e     0x2  iar_startup_lpc82x.o [1]
  .text              ro code  0x000002a0    0x18  gpio_8xx.o [4]
  .rodata            const    0x000002b8     0x0  zero_init3.o [7]
  .rodata            const    0x000002b8     0x0  packbits_init.o [7]
                            - 0x000002b8   0x1f8

"P3":                                        0x4
  .crp               ro code  0x000002fc     0x4  iar_startup_lpc82x.o [1]
                            - 0x00000300     0x4

"P1", part 2 of 2:                        0x7641
  .text              ro code  0x00000300  0x1b80  LoRaMac.o [1]
  .text              ro code  0x00001e80   0x134  Region.o [1]
  .text              ro code  0x00001fb4    0xc0  eeprom.o [1]
  .text              ro code  0x00002074   0x288  LoRaMacCrypto.o [1]
  .text              ro code  0x000022fc    0x5c  ABImemcpy.o [7]
  .text              ro code  0x00002358    0xc8  utilities.o [1]
  .text              ro code  0x00002420   0xb0c  modem.o [1]
  .text              ro code  0x00002f2c   0x828  RegionCN470.o [1]
  .text              ro code  0x00003754    0x40  ABImemset.o [7]
  .text              ro code  0x00003794    0xb4  iap.o [4]
  .text              ro code  0x00003848   0x24a  cmac.o [1]
  .text              ro code  0x00003a92    0x2a  zero_init3.o [7]
  .text              ro code  0x00003abc   0x7c0  aes.o [1]
  .text              ro code  0x0000427c    0xe0  I32DivModFast.o [7]
  .text              ro code  0x0000435c    0x2c  wkt_8xx.o [4]
  .text              ro code  0x00004388    0x5c  syscon_8xx.o [4]
  .text              ro code  0x000043e4    0x7e  pmu_8xx.o [4]
  .text              ro code  0x00004462     0x2  iar_startup_lpc82x.o [1]
  .text              ro code  0x00004464   0x1b4  clock_8xx.o [4]
  .text              ro code  0x00004618   0x341  board.o [3]
  .text              ro code  0x0000495c   0x228  hex.o [1]
  .text              ro code  0x00004b84   0x178  uart_8xx.o [4]
  .text              ro code  0x00004cfc   0x14c  usart.o [1]
  .text              ro code  0x00004e48   0x114  frame.o [1]
  .text              ro code  0x00004f5c   0x3ec  main.o [1]
  .text              ro code  0x00005348   0x2d6  RegionCommon.o [1]
  .text              ro code  0x0000561e   0x1c6  ring_buffer.o [4]
  .text              ro code  0x000057e4    0x24  swm_8xx.o [4]
  .text              ro code  0x00005808    0x10  chip_8xx.o [4]
  .text              ro code  0x00005818    0x34  I32ToDbl.o [6]
  .text              ro code  0x0000584c    0xc2  DblDiv.o [6]
  .text              ro code  0x0000590e   0x184  DblMul.o [6]
  .text              ro code  0x00005a92   0x1b4  DblAddSub.o [6]
  .text              ro code  0x00005c48    0x58  ceil.o [6]
  .text              ro code  0x00005ca0    0x52  DblToI32.o [6]
  .text              ro code  0x00005cf4    0x1e  I32ToFlt.o [6]
  .text              ro code  0x00005d12   0x116  FltAddSub.o [6]
  .text              ro code  0x00005e28    0x32  FltToDbl.o [6]
  .text              ro code  0x00005e5c    0x58  floor.o [6]
  .text              ro code  0x00005eb4   0x3bc  sx1276-board.o [1]
  .text              ro code  0x00006270    0x32  DblCmpGe.o [6]
  .text              ro code  0x000062a4    0x44  spim_8xx.o [4]
  .text              ro code  0x000062e8    0x2c  spi_8xx.o [4]
  .text              ro code  0x00006314   0x408  irc_8xx.o [4]
  .text              ro code  0x0000671c    0xd8  packbits_init.o [7]
  .text              ro code  0x000067f4     0xa  abort.o [5]
  .text              ro code  0x00006800     0xc  XXexit.o [7]
  .rodata            const    0x0000680c    0xd4  modem.o [1]
  .rodata            const    0x000068e0    0x5c  sx1276-board.o [1]
  .text              ro code  0x0000693c    0x2c  board_sysinit.o [3]
  .text              ro code  0x00006968    0x14  sysinit_8xx.o [4]
  .text              ro code  0x0000697c    0x28  data_init.o [7]
  .iar.init_table    const    0x000069a4    0x2c  - Linker created -
  .text              ro code  0x000069d0    0x1a  cmain.o [7]
  .text              ro code  0x000069ea     0x8  exit.o [5]
  .text              ro code  0x000069f4     0xa  cexit.o [7]
  .text              ro code  0x00006a00    0x10  iar_startup_lpc82x.o [1]
  .text              ro code  0x00006a10     0xc  cstartup_M.o [7]
  .rodata            const    0x00006a1c     0x8  board.o [3]
  .text              ro code  0x00006a24     0x8  sysinit.o [1]
  .text              ro code  0x00006a2c     0x4  iar_startup_lpc82x.o [1]
  .text              ro code  0x00006a30   0xe74  sx1276.o [1]
  Initializer bytes  ro data  0x000078a4    0x9d  <for P2 s0>
                            - 0x00007941  0x7641

"P2":                                     0x1770
  P2 s0                       0x10000000   0x700  <Init block>
    .data            inited   0x10000000   0x174  LoRaMac.o [1]
    .data            inited   0x10000174   0x138  LoRaMacCrypto.o [1]
    .data            inited   0x100002ac   0x114  LoRaMacCrypto.o [1]
    .data            inited   0x100003c0   0x108  LoRaMac.o [1]
    .data            inited   0x100004c8    0xf8  main.o [1]
    .data            inited   0x100005c0    0x98  modem.o [1]
    .data            inited   0x10000658    0x3c  LoRaMac.o [1]
    .data            inited   0x10000694    0x3c  main.o [1]
    .data            inited   0x100006d0    0x2c  RegionCN470.o [1]
    .data            inited   0x100006fc     0x4  utilities.o [1]
  .bss               zero     0x10000700   0x480  RegionCN470.o [1]
  .bss               zero     0x10000b80   0x270  modem.o [1]
  .bss               zero     0x10000df0   0x1ac  sx1276.o [1]
  .bss               zero     0x10000f9c   0x100  LoRaMac.o [1]
  .bss               zero     0x1000109c    0xa8  usart.o [1]
  .bss               zero     0x10001144    0x80  eeprom.o [1]
  .bss               zero     0x100011c4    0x80  LoRaMac.o [1]
  .bss               zero     0x10001244    0x70  LoRaMac.o [1]
  .bss               zero     0x100012b4    0x54  modem.o [1]
  .bss               zero     0x10001308    0x18  LoRaMac.o [1]
  .bss               zero     0x10001320    0x15  LoRaMac.o [1]
  .bss               zero     0x10001335     0x2  modem.o [1]
  .bss               zero     0x10001337     0x1  sx1276-board.o [1]
  .bss               zero     0x10001338    0x14  LoRaMac.o [1]
  .bss               zero     0x1000134c    0x10  frame.o [1]
  .bss               zero     0x1000135c     0x8  timer.o [1]
  .bss               zero     0x10001364     0x4  chip_8xx.o [4]
  .bss               zero     0x10001368     0x2  irc_8xx.o [4]
  .bss               zero     0x1000136a     0x1  utilities.o [1]
  CSTACK                      0x10001370   0x400  <Block>
    CSTACK           uninit   0x10001370   0x400  <Block tail>
                            - 0x10001770  0x1770


*******************************************************************************
*** INIT TABLE
***

          Address     Size
          -------     ----
Zero (__iar_zero_init3)
    1 destination range, total size 0xc6b:
          0x10000700  0xc6b

Copy/packbits (__iar_packbits_init3)
    1 source range, total size 0x9d (8% of destination):
          0x000078a4   0x9d
    1 destination range, total size 0x700:
          0x10000000  0x700



*******************************************************************************
*** MODULE SUMMARY
***

    Module                ro code  ro data  rw data
    ------                -------  -------  -------
F:\LoRaProduct\source code\nxp_lpcxpresso_824max\lpcxpresso824\prj_xpresso82x\iar\freertos_blinky\iflash_nxp_lpcxpresso_812\Obj: [1]
    LoRaMac.o               7 040       60    1 257
    LoRaMacCrypto.o           648       52      588
    Region.o                  308
    RegionCN470.o           2 088        4    1 196
    RegionCommon.o            726
    aes.o                   1 984
    cmac.o                    586
    eeprom.o                  192               128
    frame.o                   276                16
    hex.o                     552
    iar_startup_lpc82x.o      224
    main.o                  1 004       26      308
    modem.o                 2 828      226      862
    sx1276-board.o            956       92        1
    sx1276.o                3 700               428
    sysinit.o                   8
    timer.o                   252                 8
    usart.o                   332               168
    utilities.o               200        1        5
    -----------------------------------------------
    Total:                 23 904      461    4 965

command line: [2]
    -----------------------------------------------
    Total:

board_nxp_lpcxpresso_824.a: [3]
    board.o                   833        8
    board_sysinit.o            44
    -----------------------------------------------
    Total:                    877        8

chip_8xx_lib.a: [4]
    chip_8xx.o                 16                 4
    clock_8xx.o               436
    gpio_8xx.o                 24
    iap.o                     180
    iocon_8xx.o                18
    irc_8xx.o               1 032                 2
    pmu_8xx.o                 126
    ring_buffer.o             454
    spi_8xx.o                  44
    spim_8xx.o                 68
    swm_8xx.o                  36
    syscon_8xx.o               92
    sysinit_8xx.o              20
    uart_8xx.o                376
    wkt_8xx.o                  44
    wwdt_8xx.o                 82
    -----------------------------------------------
    Total:                  3 048                 6

dl6M_tln.a: [5]
    abort.o                    10
    exit.o                      8
    -----------------------------------------------
    Total:                     18

m6M_tl.a: [6]
    DblAddSub.o               436
    DblCmpGe.o                 50
    DblDiv.o                  194
    DblMul.o                  388
    DblToI32.o                 82
    FltAddSub.o               278
    FltToDbl.o                 50
    I32ToDbl.o                 52
    I32ToFlt.o                 30
    ceil.o                     88
    floor.o                    88
    -----------------------------------------------
    Total:                  1 736

rt6M_tl.a: [7]
    ABImemcpy.o                92
    ABImemset.o                64
    I32DivModFast.o           224
    I64DivMod.o               106
    XXexit.o                   12
    cexit.o                    10
    cmain.o                    26
    cstartup_M.o               12
    data_init.o                40
    packbits_init.o           216
    strlen.o                   16
    zero_init3.o               42
    -----------------------------------------------
    Total:                    860

    Gaps                       17
    Linker created                      44    1 024
---------------------------------------------------
    Grand Total:           30 460      513    5 995


*******************************************************************************
*** ENTRY LIST
***

Entry                      Address   Size  Type      Object
-----                      -------   ----  ----      ------
?main                   0x000069d1         Code  Gb  cmain.o [7]
AES_CMAC_Final          0x00003945  0x14e  Code  Gb  cmac.o [1]
AES_CMAC_Init           0x00003849   0x22  Code  Gb  cmac.o [1]
AES_CMAC_SetKey         0x0000386b   0x10  Code  Gb  cmac.o [1]
AES_CMAC_Update         0x0000387b   0xca  Code  Gb  cmac.o [1]
AckTimeoutRetries       0x1000001a    0x1  Data  Lc  LoRaMac.o [1]
AckTimeoutRetriesCounter
                        0x1000001b    0x1  Data  Lc  LoRaMac.o [1]
AckTimeoutRetry         0x1000001c    0x1  Data  Lc  LoRaMac.o [1]
AckTimeoutTimer         0x10000160   0x14  Data  Lc  LoRaMac.o [1]
AddMacCommand           0x00000fc5   0x9c  Code  Lc  LoRaMac.o [1]
AdrAckCounter           0x1000004c    0x4  Data  Lc  LoRaMac.o [1]
AdrCtrlOn               0x10000011    0x1  Data  Lc  LoRaMac.o [1]
AesCmacCtx              0x10000194  0x118  Data  Lc  LoRaMacCrypto.o [1]
AesContext              0x100002cc   0xf4  Data  Lc  LoRaMacCrypto.o [1]
AggregatedDCycle        0x10000028    0x2  Data  Lc  LoRaMac.o [1]
AggregatedLastTxDoneTime
                        0x10000050    0x4  Data  Lc  LoRaMac.o [1]
AggregatedTimeOff       0x10000054    0x4  Data  Lc  LoRaMac.o [1]
AlarmEnd                0x0000284d   0x18  Code  Gb  modem.o [1]
AppData                 0x100004cc   0xf4  Data  Lc  main.o [1]
AppDataSize             0x100004c9    0x1  Data  Lc  main.o [1]
AppEui                  0x100006b8    0x8  Data  Gb  main.o [1]
AppKey                  0x100006c0   0x10  Data  Gb  main.o [1]
AppPort                 0x100004c8    0x1  Data  Lc  main.o [1]
Bands                   0x100006ec   0x10  Data  Lc  RegionCN470.o [1]
BandwidthsCN470         0x00003388   0x18  Data  Lc  RegionCN470.o [1]
BoardDisableIrq         0x000023ed    0xc  Code  Gb  utilities.o [1]
BoardEnableIrq          0x000023f9   0x12  Code  Gb  utilities.o [1]
BoardGetBatteryLevel    0x00005183    0x4  Code  Gb  main.o [1]
Board_GPIO_Init         0x00004691  0x282  Code  Gb  board.o [3]
Board_Init              0x00004915   0x32  Code  Gb  board.o [3]
Board_LED_Set           0x00004667   0x1a  Code  Gb  board.o [3]
Board_SetupMuxing       0x0000693d   0x12  Code  Gb  board_sysinit.o [3]
Board_SystemInit        0x00006959    0x6  Code  Gb  board_sysinit.o [3]
CSTACK$$Base            0x10001370          --   Gb  - Linker created -
CSTACK$$Limit           0x10001770          --   Gb  - Linker created -
CalculateBackOff        0x00001213   0x3c  Code  Lc  LoRaMac.o [1]
Channel                 0x10000018    0x1  Data  Lc  LoRaMac.o [1]
Channels                0x10000700  0x480  Data  Lc  RegionCN470.o [1]
ChannelsDefaultMask     0x100006e0    0xc  Data  Lc  RegionCN470.o [1]
ChannelsMask            0x100006d4    0xc  Data  Lc  RegionCN470.o [1]
ChannelsNbRepCounter    0x10000017    0x1  Data  Lc  LoRaMac.o [1]
Chip_Clock_DisablePeriphClock
                        0x00005f21   0x12  Code  Lc  sx1276-board.o [1]
Chip_Clock_DisablePeriphClock
                        0x00004d1d   0x12  Code  Lc  usart.o [1]
Chip_Clock_DisablePeriphClock
                        0x0000462b   0x12  Code  Lc  board.o [3]
Chip_Clock_EnablePeriphClock
                        0x00004fcb   0x12  Code  Lc  main.o [1]
Chip_Clock_EnablePeriphClock
                        0x0000248b   0x12  Code  Lc  modem.o [1]
Chip_Clock_EnablePeriphClock
                        0x00005f0f   0x12  Code  Lc  sx1276-board.o [1]
Chip_Clock_EnablePeriphClock
                        0x00004d0b   0x12  Code  Lc  usart.o [1]
Chip_Clock_EnablePeriphClock
                        0x00004619   0x12  Code  Lc  board.o [3]
Chip_Clock_GetMainClockRate
                        0x000044d5   0x30  Code  Gb  clock_8xx.o [4]
Chip_Clock_GetSystemClockRate
                        0x00004505   0x12  Code  Gb  clock_8xx.o [4]
Chip_Clock_GetSystemPLLInClockRate
                        0x0000449b   0x26  Code  Gb  clock_8xx.o [4]
Chip_Clock_GetSystemPLLOutClockRate
                        0x000044c1   0x14  Code  Gb  clock_8xx.o [4]
Chip_Clock_GetUSARTNBaseClockRate
                        0x00004517   0x36  Code  Gb  clock_8xx.o [4]
Chip_Clock_GetWDTOSCRate
                        0x00004479   0x22  Code  Gb  clock_8xx.o [4]
Chip_Clock_SetMainClockSource
                        0x00004469    0x2  Code  Gb  clock_8xx.o [4]
Chip_Clock_SetSystemPLLSource
                        0x00004465    0x4  Code  Gb  clock_8xx.o [4]
Chip_Clock_SetUARTClockDiv
                        0x00004d2f    0x6  Code  Lc  usart.o [1]
Chip_Clock_SetUSARTNBaseClockRate
                        0x0000454d   0x5a  Code  Gb  clock_8xx.o [4]
Chip_Clock_SetWDTOSC    0x0000247d    0xe  Code  Lc  modem.o [1]
Chip_FMC_ComputeSignature
                        0x00001fb5   0x14  Code  Lc  eeprom.o [1]
Chip_FMC_ComputeSignatureBlocks
                        0x00001fc9    0xc  Code  Lc  eeprom.o [1]
Chip_FMC_IsSignatureBusy
                        0x00001fd5    0x8  Code  Lc  eeprom.o [1]
Chip_FMC_SetFLASHAccess
                        0x00006315    0x8  Code  Lc  irc_8xx.o [4]
Chip_GPIO_Init          0x000002a1   0x10  Code  Gb  gpio_8xx.o [4]
Chip_GPIO_SetPinDIR     0x00005f73   0x12  Code  Lc  sx1276-board.o [1]
Chip_GPIO_SetPinDIRInput
                        0x00005f63   0x10  Code  Lc  sx1276-board.o [1]
Chip_GPIO_SetPinDIROutput
                        0x00005f53   0x10  Code  Lc  sx1276-board.o [1]
Chip_GPIO_SetPinOutHigh
                        0x00005f85   0x10  Code  Lc  sx1276-board.o [1]
Chip_GPIO_SetPinOutHigh
                        0x00006a35   0x10  Code  Lc  sx1276.o [1]
Chip_GPIO_SetPinOutLow  0x00005f95   0x10  Code  Lc  sx1276-board.o [1]
Chip_GPIO_SetPinOutLow  0x00006a45   0x10  Code  Lc  sx1276.o [1]
Chip_GPIO_SetPinState   0x0000465f    0x8  Code  Lc  board.o [3]
Chip_IAP_CopyRamToFlash
                        0x000037ab   0x1e  Code  Gb  iap.o [4]
Chip_IAP_ErasePage      0x00003815    0x8  Code  Gb  iap.o [4]
Chip_IAP_PreSectorForReadWrite
                        0x0000379d    0xe  Code  Gb  iap.o [4]
Chip_IAP_ReadPID        0x000037d1   0x16  Code  Gb  iap.o [4]
Chip_IAP_ReadUID        0x000037e7   0x2a  Code  Gb  iap.o [4]
Chip_IOCON_PinDisableOpenDrainMode
                        0x00005f33    0xe  Code  Lc  sx1276-board.o [1]
Chip_IOCON_PinEnableOpenDrainMode
                        0x0000463d   0x10  Code  Lc  board.o [3]
Chip_IOCON_PinSetMode   0x0000028d   0x12  Code  Gb  iocon_8xx.o [4]
Chip_IRC_SetFreq        0x0000631d   0x9c  Code  Gb  irc_8xx.o [4]
Chip_PININT_ClearIntStatus
                        0x00006a31    0x4  Code  Lc  sx1276.o [1]
Chip_PININT_EnableIntHigh
                        0x00005f4f    0x4  Code  Lc  sx1276-board.o [1]
Chip_PININT_SetPinModeEdge
                        0x00005f41    0xe  Code  Lc  sx1276-board.o [1]
Chip_PMU_ClearPowerDownControl
                        0x000024a9    0xe  Code  Lc  modem.o [1]
Chip_PMU_DeepPowerDownState
                        0x00004423   0x16  Code  Gb  pmu_8xx.o [4]
Chip_PMU_DeepSleepState
                        0x000043f7   0x16  Code  Gb  pmu_8xx.o [4]
Chip_PMU_PowerDownState
                        0x0000440d   0x16  Code  Gb  pmu_8xx.o [4]
Chip_PMU_SetPowerDownControl
                        0x0000249d    0xc  Code  Lc  modem.o [1]
Chip_PMU_Sleep          0x0000443d   0x26  Code  Gb  pmu_8xx.o [4]
Chip_PMU_SleepState     0x000043e5   0x12  Code  Gb  pmu_8xx.o [4]
Chip_SPIM_GetClockRate  0x000062a5   0x14  Code  Gb  spim_8xx.o [4]
Chip_SPIM_SetClockRate  0x000062b9   0x2c  Code  Gb  spim_8xx.o [4]
Chip_SPI_ClearCFGRegBits
                        0x00005fb3    0xe  Code  Lc  sx1276-board.o [1]
Chip_SPI_ClearStatus    0x00006a5d    0x4  Code  Lc  sx1276.o [1]
Chip_SPI_ConfigureSPI   0x00005fef   0x1c  Code  Lc  sx1276-board.o [1]
Chip_SPI_DelayConfig    0x000062e9   0x2c  Code  Gb  spi_8xx.o [4]
Chip_SPI_Enable         0x00005fe5    0xa  Code  Lc  sx1276-board.o [1]
Chip_SPI_GetStatus      0x00006a55    0x8  Code  Lc  sx1276.o [1]
Chip_SPI_Init           0x00005fc1   0x24  Code  Lc  sx1276-board.o [1]
Chip_SPI_ReceiveFrame   0x00006a87    0x6  Code  Lc  sx1276.o [1]
Chip_SPI_SendLastFrame  0x00006a73   0x14  Code  Lc  sx1276.o [1]
Chip_SPI_SendMidFrame   0x00006a6f    0x4  Code  Lc  sx1276.o [1]
Chip_SPI_SetCFGRegBits  0x00005fa5    0xe  Code  Lc  sx1276-board.o [1]
Chip_SPI_SetControlInfo
                        0x00006a61    0xe  Code  Lc  sx1276.o [1]
Chip_SWM_DisableFixedPin
                        0x00004d35   0x12  Code  Lc  usart.o [1]
Chip_SWM_DisableFixedPin
                        0x0000464d   0x12  Code  Lc  board.o [3]
Chip_SWM_MovablePinAssign
                        0x000057e5   0x1e  Code  Gb  swm_8xx.o [4]
Chip_SYSCTL_AssertPeriphReset
                        0x0000243d   0x12  Code  Lc  modem.o [1]
Chip_SYSCTL_AssertPeriphReset
                        0x00005ec3   0x12  Code  Lc  sx1276-board.o [1]
Chip_SYSCTL_DeassertPeriphReset
                        0x0000244f   0x12  Code  Lc  modem.o [1]
Chip_SYSCTL_DeassertPeriphReset
                        0x00005ed5   0x12  Code  Lc  sx1276-board.o [1]
Chip_SYSCTL_EnablePINTWakeup
                        0x00005eff   0x10  Code  Lc  sx1276-board.o [1]
Chip_SYSCTL_EnablePeriphWakeup
                        0x00002471    0xc  Code  Lc  modem.o [1]
Chip_SYSCTL_PeriphReset
                        0x00002461   0x10  Code  Lc  modem.o [1]
Chip_SYSCTL_PeriphReset
                        0x00005ee7   0x10  Code  Lc  sx1276-board.o [1]
Chip_SYSCTL_PeriphReset
                        0x00004b85   0x1c  Code  Lc  uart_8xx.o [4]
Chip_SYSCTL_PowerDown   0x000043a7   0x14  Code  Gb  syscon_8xx.o [4]
Chip_SYSCTL_PowerUp     0x000043bb   0x14  Code  Gb  syscon_8xx.o [4]
Chip_SYSCTL_SetDeepSleepPD
                        0x00004389    0xe  Code  Gb  syscon_8xx.o [4]
Chip_SYSCTL_SetPinInterrupt
                        0x00005ef7    0x8  Code  Lc  sx1276-board.o [1]
Chip_SYSCTL_SetWakeup   0x00004397   0x10  Code  Gb  syscon_8xx.o [4]
Chip_SetupIrcClocking   0x00006969    0x4  Code  Gb  sysinit_8xx.o [4]
Chip_UART_ConfigData    0x00004d67    0xc  Code  Lc  usart.o [1]
Chip_UART_Enable        0x00004d47    0xe  Code  Lc  usart.o [1]
Chip_UART_GetStatus     0x00004bb1    0x8  Code  Lc  uart_8xx.o [4]
Chip_UART_IRQRBHandler  0x00004ccb   0x32  Code  Gb  uart_8xx.o [4]
Chip_UART_Init          0x00004bd1   0x34  Code  Gb  uart_8xx.o [4]
Chip_UART_IntDisable    0x00004d63    0x4  Code  Lc  usart.o [1]
Chip_UART_IntDisable    0x00004bad    0x4  Code  Lc  uart_8xx.o [4]
Chip_UART_IntEnable     0x00004d5f    0x4  Code  Lc  usart.o [1]
Chip_UART_RXIntHandlerRB
                        0x00004c3b   0x24  Code  Gb  uart_8xx.o [4]
Chip_UART_ReadByte      0x00004ba5    0x8  Code  Lc  uart_8xx.o [4]
Chip_UART_ReadRB        0x00004cbd    0xe  Code  Gb  uart_8xx.o [4]
Chip_UART_SendByte      0x00004ba1    0x4  Code  Lc  uart_8xx.o [4]
Chip_UART_SendRB        0x00004c89   0x34  Code  Gb  uart_8xx.o [4]
Chip_UART_SetBaud       0x00004c25   0x16  Code  Gb  uart_8xx.o [4]
Chip_UART_TXEnable      0x00004d55    0xa  Code  Lc  usart.o [1]
Chip_UART_TXIntHandlerRB
                        0x00004c5f   0x2a  Code  Gb  uart_8xx.o [4]
Chip_WKT_ClearIntStatus
                        0x000024b7    0xe  Code  Lc  modem.o [1]
Chip_WKT_GetClockRate   0x00004373    0xe  Code  Gb  wkt_8xx.o [4]
Chip_WKT_LoadCount      0x000024d3    0x4  Code  Lc  modem.o [1]
Chip_WKT_SetClockSource
                        0x0000435d   0x16  Code  Gb  wkt_8xx.o [4]
Chip_WKT_Stop           0x000024c5    0xe  Code  Lc  modem.o [1]
Chip_WWDT_ClearStatusFlag
                        0x000001f1   0x1e  Code  Gb  wwdt_8xx.o [4]
Chip_WWDT_Feed          0x00004fed    0xa  Code  Lc  main.o [1]
Chip_WWDT_Feed          0x000024db    0xa  Code  Lc  modem.o [1]
Chip_WWDT_Init          0x000001bd   0x22  Code  Gb  wwdt_8xx.o [4]
Chip_WWDT_SetOption     0x000024ed    0xc  Code  Lc  modem.o [1]
Chip_WWDT_SetTimeOut    0x000024d7    0x4  Code  Lc  modem.o [1]
Chip_WWDT_SetWarning    0x000024e5    0x4  Code  Lc  modem.o [1]
Chip_WWDT_SetWindow     0x000024e9    0x4  Code  Lc  modem.o [1]
Chip_WWDT_Start         0x000024f9   0x12  Code  Lc  modem.o [1]
ComplianceTest          0x10000694   0x14  Data  Gb  main.o [1]
CountChannels           0x00005349   0x26  Code  Lc  RegionCommon.o [1]
CountNbOfEnabledChannels
                        0x00003009   0x9a  Code  Lc  RegionCN470.o [1]
DataratesCN470          0x00003500    0x8  Data  Lc  RegionCN470.o [1]
DelayMs                 0x000023d1   0x1c  Code  Gb  utilities.o [1]
DevEui                  0x100006b0    0x8  Data  Gb  main.o [1]
DeviceState             0x100006a9    0x1  Data  Lc  main.o [1]
DownLinkCounter         0x10000048    0x4  Data  Lc  LoRaMac.o [1]
DutyCycleOn             0x1000066f    0x1  Data  Lc  LoRaMac.o [1]
ExtRateIn               0x00006a20    0x4  Data  Gb  board.o [3]
GetBandwidth            0x00002fe1   0x1e  Code  Lc  RegionCN470.o [1]
GetNextLowerTxDr        0x00002f2d   0xb4  Code  Lc  RegionCN470.o [1]
InStream_Read           0x0000671d   0x22  Code  Lc  packbits_init.o [7]
IrqNestLevel            0x1000136a    0x1  Data  Lc  utilities.o [1]
IsLoRaMacNetworkJoined  0x10000010    0x1  Data  Gb  LoRaMac.o [1]
IsRxWindowsEnabled      0x1000066d    0x1  Data  Lc  LoRaMac.o [1]
IsTxConfirmed           0x100004ca    0x1  Data  Gb  main.o [1]
IsUpLinkCounterFixed    0x10001334    0x1  Data  Lc  LoRaMac.o [1]
JoinRequestTrials       0x1000001d    0x1  Data  Gb  LoRaMac.o [1]
LMIC                    0x10000cb0   0xd8  Data  Gb  modem.o [1]
LastTxChannel           0x10000019    0x1  Data  Lc  LoRaMac.o [1]
LastTxIsJoinRequest     0x10000670    0x1  Data  Lc  LoRaMac.o [1]
Led1Timer_OffLine       0x10000644   0x14  Data  Gb  modem.o [1]
LimitTxPower            0x00002fff    0xa  Code  Lc  RegionCN470.o [1]
LoRaMacAppEui           0x10000030    0x4  Data  Lc  LoRaMac.o [1]
LoRaMacAppKey           0x10000034    0x4  Data  Lc  LoRaMac.o [1]
LoRaMacAppSKey          0x10000080   0x10  Data  Lc  LoRaMac.o [1]
LoRaMacBuffer           0x10000f9c  0x100  Data  Lc  LoRaMac.o [1]
LoRaMacBufferPktLen     0x10000026    0x2  Data  Lc  LoRaMac.o [1]
LoRaMacCallbacks        0x10000690    0x4  Data  Lc  LoRaMac.o [1]
LoRaMacComputeMic       0x00002075   0x8a  Code  Gb  LoRaMacCrypto.o [1]
LoRaMacDevAddr          0x1000003c    0x4  Data  Lc  LoRaMac.o [1]
LoRaMacDevEui           0x1000002c    0x4  Data  Lc  LoRaMac.o [1]
LoRaMacDevNonce         0x10000024    0x2  Data  Lc  LoRaMac.o [1]
LoRaMacDeviceClass      0x1000000d    0x1  Data  Lc  LoRaMac.o [1]
LoRaMacFlags            0x10000020    0x4  Data  Gb  LoRaMac.o [1]
LoRaMacInitialization   0x00001635  0x208  Code  Gb  LoRaMac.o [1]
LoRaMacInitializationTime
                        0x10000058    0x4  Data  Lc  LoRaMac.o [1]
LoRaMacJoinComputeMic   0x000021d3   0x4e  Code  Gb  LoRaMacCrypto.o [1]
LoRaMacJoinComputeSKeys
                        0x00002265   0x8e  Code  Gb  LoRaMacCrypto.o [1]
LoRaMacJoinDecrypt      0x00002221   0x44  Code  Gb  LoRaMacCrypto.o [1]
LoRaMacMcpsRequest      0x00001d29  0x146  Code  Gb  LoRaMac.o [1]
LoRaMacMibSetRequestConfirm
                        0x00001941  0x2ae  Code  Gb  LoRaMac.o [1]
LoRaMacMlmeRequest      0x00001c15  0x104  Code  Gb  LoRaMac.o [1]
LoRaMacNetID            0x10000038    0x4  Data  Lc  LoRaMac.o [1]
LoRaMacNwkSKey          0x10000070   0x10  Data  Lc  LoRaMac.o [1]
LoRaMacParams           0x10001244   0x38  Data  Gb  LoRaMac.o [1]
LoRaMacParamsDefaults   0x1000127c   0x38  Data  Gb  LoRaMac.o [1]
LoRaMacPayloadDecrypt   0x000021bd   0x16  Code  Gb  LoRaMacCrypto.o [1]
LoRaMacPayloadEncrypt   0x000020ff   0xbe  Code  Gb  LoRaMacCrypto.o [1]
LoRaMacPrimitives       0x10000060    0x4  Data  Lc  LoRaMac.o [1]
LoRaMacQueryTxPossible  0x00001845   0xc4  Code  Gb  LoRaMac.o [1]
LoRaMacRegion           0x1000000c    0x1  Data  Lc  LoRaMac.o [1]
LoRaMacRxPayload        0x100003c0  0x100  Data  Lc  LoRaMac.o [1]
LoRaMacState            0x1000005c    0x4  Data  Gb  LoRaMac.o [1]
LoRaMacTxPayloadLen     0x1000066c    0x1  Data  Lc  LoRaMac.o [1]
MODEM                   0x10000b80  0x130  Data  Lc  modem.o [1]
MacCommandsBuffer       0x100011c4   0x80  Data  Lc  LoRaMac.o [1]
MacCommandsBufferIndex  0x10000015    0x1  Data  Lc  LoRaMac.o [1]
MacCommandsBufferToRepeat
                        0x10000090   0x80  Data  Lc  LoRaMac.o [1]
MacCommandsBufferToRepeatIndex
                        0x10000016    0x1  Data  Lc  LoRaMac.o [1]
MacCommandsInNextTx     0x10000014    0x1  Data  Lc  LoRaMac.o [1]
MacStateCheckTimer      0x10000110   0x14  Data  Lc  LoRaMac.o [1]
MaxDCycle               0x1000066e    0x1  Data  Lc  LoRaMac.o [1]
MaxJoinRequestTrials    0x1000001e    0x1  Data  Lc  LoRaMac.o [1]
MaxPayloadOfDatarateCN470
                        0x00003450    0x8  Data  Lc  RegionCN470.o [1]
MaxPayloadOfDatarateRepeaterCN470
                        0x00003448    0x8  Data  Lc  RegionCN470.o [1]
McpsConfirm             0x10001320   0x14  Data  Gb  LoRaMac.o [1]
McpsIndication          0x10001308   0x18  Data  Lc  LoRaMac.o [1]
McpsIndication          0x000050a9   0x88  Code  Lc  main.o [1]
Mic                     0x10000184   0x10  Data  Lc  LoRaMacCrypto.o [1]
MicBlockB0              0x10000174   0x10  Data  Lc  LoRaMacCrypto.o [1]
MlmeConfirm             0x10000000    0xc  Data  Lc  LoRaMac.o [1]
MlmeConfirm             0x00005131   0x52  Code  Lc  main.o [1]
MulticastChannels       0x10000040    0x4  Data  Lc  LoRaMac.o [1]
NVIC_ClearPendingIRQ    0x0000242f    0xe  Code  Lc  modem.o [1]
NVIC_EnableIRQ          0x00002421    0xe  Code  Lc  modem.o [1]
NVIC_EnableIRQ          0x00005eb5    0xe  Code  Lc  sx1276-board.o [1]
NVIC_EnableIRQ          0x00004cfd    0xe  Code  Lc  usart.o [1]
NVIC_SetPriority        0x00004f5d   0x44  Code  Lc  main.o [1]
NextTx                  0x100006a8    0x1  Data  Lc  main.o [1]
NodeAckRequested        0x10000012    0x1  Data  Lc  LoRaMac.o [1]
OnAckTimeoutTimerEvent  0x00000f29   0x34  Code  Lc  LoRaMac.o [1]
OnLed1TimerEventNetOffline
                        0x00002605   0xb6  Code  Lc  modem.o [1]
OnMacStateCheckTimerEvent
                        0x00000b5d  0x2ba  Code  Lc  LoRaMac.o [1]
OnRadioRxDone           0x00000431  0x5fe  Code  Lc  LoRaMac.o [1]
OnRadioRxError          0x00000a5d   0x5e  Code  Lc  LoRaMac.o [1]
OnRadioRxTimeout        0x00000ac1   0x8a  Code  Lc  LoRaMac.o [1]
OnRadioTxDone           0x00000301   0xe8  Code  Lc  LoRaMac.o [1]
OnRadioTxTimeout        0x00000a2f   0x2e  Code  Lc  LoRaMac.o [1]
OnRxWindow1TimerEvent   0x00000e85   0x4e  Code  Lc  LoRaMac.o [1]
OnRxWindow2TimerEvent   0x00000ed3   0x56  Code  Lc  LoRaMac.o [1]
OnTxDelayedTimerEvent   0x00000e1d   0x5e  Code  Lc  LoRaMac.o [1]
OscRateIn               0x00006a1c    0x4  Data  Gb  board.o [3]
PININT0_IRQHandler      0x000076d5  0x152  Code  Gb  sx1276.o [1]
PININT1_IRQHandler      0x00007827   0x3e  Code  Gb  sx1276.o [1]
PRIVATE_NET_DR_MAX      0x100006d0    0x1  Data  Gb  RegionCN470.o [1]
PRIVATE_NET_DR_MIN      0x100006d1    0x1  Data  Gb  RegionCN470.o [1]
ParseMacCommandsToRepeat
                        0x00001061   0x5e  Code  Lc  LoRaMac.o [1]
PrepareFrame            0x000012f1  0x2a2  Code  Gb  LoRaMac.o [1]
PrepareRxDoneAbort      0x000003e9   0x36  Code  Lc  LoRaMac.o [1]
PrepareTxFrame          0x00004ff7   0x1e  Code  Gb  main.o [1]
ProcessMacCommands      0x000010bf    0x2  Code  Lc  LoRaMac.o [1]
PublicNetwork           0x1000000e    0x1  Data  Gb  LoRaMac.o [1]
Radio                   0x000068e0   0x5c  Data  Gb  sx1276-board.o [1]
RadioEvents             0x10000674   0x1c  Data  Lc  LoRaMac.o [1]
RadioEvents             0x10000e5c    0x4  Data  Lc  sx1276.o [1]
RadioIsActive           0x10001337    0x1  Data  Lc  sx1276-board.o [1]
RadioRegsInit           0x00007874   0x30  Data  Gb  sx1276.o [1]
Region$$Table$$Base     0x000069a4          --   Gb  - Linker created -
Region$$Table$$Limit    0x000069d0          --   Gb  - Linker created -
RegionAdrNext           0x00001efb   0x1a  Code  Gb  Region.o [1]
RegionAlternateDr       0x00001f59   0x12  Code  Gb  Region.o [1]
RegionApplyCFList       0x00001ed9   0x10  Code  Gb  Region.o [1]
RegionApplyDrOffset     0x00001f95   0x1a  Code  Gb  Region.o [1]
RegionCN470AdrNext      0x000032a1   0x74  Code  Gb  RegionCN470.o [1]
RegionCN470AlternateDr  0x00003515   0xdc  Code  Gb  RegionCN470.o [1]
RegionCN470ApplyDrOffset
                        0x00003745   0x10  Code  Gb  RegionCN470.o [1]
RegionCN470CalcBackOff  0x000035f9   0x30  Code  Gb  RegionCN470.o [1]
RegionCN470ChanMaskSet  0x0000326d   0x2c  Code  Gb  RegionCN470.o [1]
RegionCN470ComputeRxWindowParameters
                        0x00003341   0x48  Code  Gb  RegionCN470.o [1]
RegionCN470GetPhyParam  0x000030a5   0xae  Code  Gb  RegionCN470.o [1]
RegionCN470InitDefaults
                        0x00003181   0x6e  Code  Gb  RegionCN470.o [1]
RegionCN470NextChannel  0x0000362d  0x102  Code  Gb  RegionCN470.o [1]
RegionCN470RxConfig     0x000033a1   0x90  Code  Gb  RegionCN470.o [1]
RegionCN470SetBandTxDone
                        0x00003159   0x22  Code  Gb  RegionCN470.o [1]
RegionCN470TxConfig     0x00003459   0xa8  Code  Gb  RegionCN470.o [1]
RegionCN470Verify       0x000031f9   0x74  Code  Gb  RegionCN470.o [1]
RegionCalcBackOff       0x00001f6b   0x10  Code  Gb  Region.o [1]
RegionChanMaskSet       0x00001ee9   0x12  Code  Gb  Region.o [1]
RegionCommonCalcBackOff
                        0x000055c7   0x58  Code  Gb  RegionCommon.o [1]
RegionCommonChanMaskCopy
                        0x000053c7   0x22  Code  Gb  RegionCommon.o [1]
RegionCommonComputeRxWindowParameters
                        0x000054e5   0xaa  Code  Gb  RegionCommon.o [1]
RegionCommonComputeSymbolTimeLoRa
                        0x000054a9   0x2e  Code  Gb  RegionCommon.o [1]
RegionCommonComputeTxPower
                        0x0000559d   0x2a  Code  Gb  RegionCommon.o [1]
RegionCommonCountChannels
                        0x00005399   0x2e  Code  Gb  RegionCommon.o [1]
RegionCommonGetJoinDc   0x0000536f   0x1a  Code  Gb  RegionCommon.o [1]
RegionCommonSetBandTxDone
                        0x000053e9    0xa  Code  Gb  RegionCommon.o [1]
RegionCommonUpdateBandTimeOff
                        0x000053f3   0xb6  Code  Gb  RegionCommon.o [1]
RegionCommonValueInRange
                        0x00005389   0x10  Code  Gb  RegionCommon.o [1]
RegionComputeRxWindowParameters
                        0x00001f15   0x16  Code  Gb  Region.o [1]
RegionGetPhyParam       0x00001e8d   0x16  Code  Gb  Region.o [1]
RegionInitDefaults      0x00001eb3   0x10  Code  Gb  Region.o [1]
RegionIsActive          0x00001e81    0xc  Code  Gb  Region.o [1]
RegionNextChannel       0x00001f7b   0x1a  Code  Gb  Region.o [1]
RegionRxConfig          0x00001f2b   0x16  Code  Gb  Region.o [1]
RegionSetBandTxDone     0x00001ea3   0x10  Code  Gb  Region.o [1]
RegionTxConfig          0x00001f41   0x18  Code  Gb  Region.o [1]
RegionVerify            0x00001ec3   0x16  Code  Gb  Region.o [1]
RepeaterSupport         0x1000000f    0x1  Data  Lc  LoRaMac.o [1]
ResetMacParameters      0x00001255   0x82  Code  Lc  LoRaMac.o [1]
RingBuffer_GetCount     0x0000561f    0x8  Code  Lc  ring_buffer.o [4]
RingBuffer_Init         0x0000564d   0x10  Code  Gb  ring_buffer.o [4]
RingBuffer_Insert       0x0000565d   0x32  Code  Gb  ring_buffer.o [4]
RingBuffer_InsertMult   0x0000568f   0x96  Code  Gb  ring_buffer.o [4]
RingBuffer_IsEmpty      0x00004fdd   0x10  Code  Lc  main.o [1]
RingBuffer_IsEmpty      0x0000563d   0x10  Code  Lc  ring_buffer.o [4]
RingBuffer_IsFull       0x00005627   0x16  Code  Lc  ring_buffer.o [4]
RingBuffer_Pop          0x00005725   0x32  Code  Gb  ring_buffer.o [4]
RingBuffer_PopMult      0x00005757   0x8e  Code  Gb  ring_buffer.o [4]
RxChainCalibration      0x00006bc7   0x8e  Code  Lc  sx1276.o [1]
RxSlot                  0x1000001f    0x1  Data  Lc  LoRaMac.o [1]
RxTimeoutSyncWord       0x10000f88   0x14  Data  Gb  sx1276.o [1]
RxTimeoutTimer          0x10000f74   0x14  Data  Gb  sx1276.o [1]
RxTxBuffer              0x10000e60  0x100  Data  Lc  sx1276.o [1]
RxWindow1Config         0x10000658   0x14  Data  Lc  LoRaMac.o [1]
RxWindow1Delay          0x10000064    0x4  Data  Lc  LoRaMac.o [1]
RxWindow2Config         0x10001338   0x14  Data  Lc  LoRaMac.o [1]
RxWindow2Delay          0x10000068    0x4  Data  Lc  LoRaMac.o [1]
RxWindowSetup           0x00000f61   0x16  Code  Lc  LoRaMac.o [1]
RxWindowTimer1          0x10000138   0x14  Data  Lc  LoRaMac.o [1]
RxWindowTimer2          0x1000014c   0x14  Data  Lc  LoRaMac.o [1]
SX1276                  0x10000df0   0x6c  Data  Gb  sx1276.o [1]
SX1276AntSwDeInit       0x0000623d   0x10  Code  Gb  sx1276-board.o [1]
SX1276AntSwInit         0x000061e9   0x1a  Code  Gb  sx1276-board.o [1]
SX1276CheckRfFrequency  0x0000626d    0x4  Code  Gb  sx1276-board.o [1]
SX1276GetPaSelect       0x000061ad    0xe  Code  Gb  sx1276-board.o [1]
SX1276GetStatus         0x00006afb    0x6  Code  Gb  sx1276.o [1]
SX1276GetTimeOnAir      0x00006f65  0x128  Code  Gb  sx1276.o [1]
SX1276Init              0x00006a8d   0x6e  Code  Gb  sx1276.o [1]
SX1276IoInit            0x0000600b   0xc6  Code  Gb  sx1276-board.o [1]
SX1276IoIrqInit         0x000060d1   0x32  Code  Gb  sx1276-board.o [1]
SX1276IsChannelFree     0x00006b3d   0x48  Code  Gb  sx1276.o [1]
SX1276OnTimeoutIrq      0x00007655   0x76  Code  Gb  sx1276.o [1]
SX1276Random            0x00006b85   0x42  Code  Gb  sx1276.o [1]
SX1276Read              0x000074a9   0x10  Code  Gb  sx1276.o [1]
SX1276ReadBuffer        0x00007561   0x98  Code  Gb  sx1276.o [1]
SX1276ReadFifo          0x00007607    0xe  Code  Gb  sx1276.o [1]
SX1276ReadRssi          0x000073b9   0x32  Code  Gb  sx1276.o [1]
SX1276Reset             0x000073f1   0x28  Code  Gb  sx1276.o [1]
SX1276Send              0x00007091   0x8e  Code  Gb  sx1276.o [1]
SX1276SetAntSw          0x0000624d   0x20  Code  Gb  sx1276-board.o [1]
SX1276SetAntSwLowPower  0x000061c1   0x1e  Code  Gb  sx1276-board.o [1]
SX1276SetChannel        0x00006b01   0x3c  Code  Gb  sx1276.o [1]
SX1276SetMaxPayloadLength
                        0x00007615   0x18  Code  Gb  sx1276.o [1]
SX1276SetModem          0x00007449   0x50  Code  Gb  sx1276.o [1]
SX1276SetOpMode         0x00007419   0x30  Code  Gb  sx1276.o [1]
SX1276SetPublicNetwork  0x0000762d   0x26  Code  Gb  sx1276.o [1]
SX1276SetRfTxPower      0x00006103   0xaa  Code  Gb  sx1276-board.o [1]
SX1276SetRx             0x00007185  0x1ac  Code  Gb  sx1276.o [1]
SX1276SetRxConfig       0x00006c5d  0x1b2  Code  Gb  sx1276.o [1]
SX1276SetSleep          0x0000711f   0x24  Code  Gb  sx1276.o [1]
SX1276SetStby           0x00007143   0x24  Code  Gb  sx1276.o [1]
SX1276SetTx             0x00007335   0x72  Code  Gb  sx1276.o [1]
SX1276SetTxConfig       0x00006e19  0x144  Code  Gb  sx1276.o [1]
SX1276SetTxContinuousWave
                        0x000073b7    0x2  Code  Gb  sx1276.o [1]
SX1276StartCad          0x000073b5    0x2  Code  Gb  sx1276.o [1]
SX1276Write             0x0000749d    0xc  Code  Gb  sx1276.o [1]
SX1276WriteBuffer       0x000074b9   0x90  Code  Gb  sx1276.o [1]
SX1276WriteFifo         0x000075f9    0xe  Code  Gb  sx1276.o [1]
ScheduleTx              0x00001105  0x10e  Code  Lc  LoRaMac.o [1]
Send                    0x000010c1   0x2c  Code  Gb  LoRaMac.o [1]
SendFrame               0x00005015   0x92  Code  Gb  main.o [1]
SendFrameOnChannel      0x00001599   0x86  Code  Gb  LoRaMac.o [1]
SrvAckRequested         0x10000013    0x1  Data  Lc  LoRaMac.o [1]
SysTick_Config          0x00004fa1   0x2a  Code  Lc  main.o [1]
SysTick_Handler         0x0000012b   0x38  Code  Gb  timer.o [1]
SystemCoreClock         0x10001364    0x4  Data  Gb  chip_8xx.o [4]
SystemCoreClockUpdate   0x00005809   0x10  Code  Gb  chip_8xx.o [4]
SystemInit              0x00006a25    0x8  Code  Gb  sysinit.o [1]
TimerExists             0x00000175   0x18  Code  Lc  timer.o [1]
TimerGetCurrentTime     0x0000019d    0x6  Code  Gb  timer.o [1]
TimerGetElapsedTime     0x000001a3   0x16  Code  Gb  timer.o [1]
TimerInit               0x000000c1   0x10  Code  Gb  timer.o [1]
TimerListHead           0x10001360    0x4  Data  Lc  timer.o [1]
TimerSetValue           0x0000018d   0x10  Code  Gb  timer.o [1]
TimerStart              0x000000d1   0x5a  Code  Gb  timer.o [1]
TimerStop               0x00000163   0x12  Code  Gb  timer.o [1]
TxDelayedTimer          0x10000124   0x14  Data  Lc  LoRaMac.o [1]
TxTimeOnAir             0x1000006c    0x4  Data  Gb  LoRaMac.o [1]
TxTimeoutTimer          0x10000f60   0x14  Data  Gb  sx1276.o [1]
UART0_IRQHandler        0x00004e0d   0x10  Code  Gb  usart.o [1]
UpLinkCounter           0x10000044    0x4  Data  Gb  LoRaMac.o [1]
ValidatePayloadLength   0x00000f81   0x3e  Code  Lc  LoRaMac.o [1]
WDT_IRQHandler          0x00002589    0x2  Code  Gb  modem.o [1]
WKT_IRQHandler          0x0000250b    0xa  Code  Gb  modem.o [1]
WakeupTest              0x00002515   0x44  Code  Gb  modem.o [1]
__Vectors               0x00000000          --   Gb  iar_startup_lpc82x.o [1]
__Vectors_End           0x000000c0         Data  Gb  iar_startup_lpc82x.o [1]
__Vectors_Size {Abs}    0x000000c0          --   Gb  iar_startup_lpc82x.o [1]
__aeabi_cdrcmple        0x00006271         Code  Gb  DblCmpGe.o [6]
__aeabi_d2iz            0x00005ca1         Code  Gb  DblToI32.o [6]
__aeabi_d2uiz           0x00005cc5         Code  Gb  DblToI32.o [6]
__aeabi_dadd            0x00005a93         Code  Gb  DblAddSub.o [6]
__aeabi_ddiv            0x0000584d         Code  Gb  DblDiv.o [6]
__aeabi_dmul            0x0000590f         Code  Gb  DblMul.o [6]
__aeabi_dsub            0x00005b59         Code  Gb  DblAddSub.o [6]
__aeabi_f2d             0x00005e29         Code  Gb  FltToDbl.o [6]
__aeabi_fsub            0x00005d79         Code  Gb  FltAddSub.o [6]
__aeabi_i2d             0x00005819         Code  Gb  I32ToDbl.o [6]
__aeabi_idiv            0x000042a9         Code  Gb  I32DivModFast.o [7]
__aeabi_idivmod         0x000042a9         Code  Gb  I32DivModFast.o [7]
__aeabi_memclr4         0x00003791         Code  Gb  ABImemset.o [7]
__aeabi_memclr8         0x00003791         Code  Gb  ABImemset.o [7]
__aeabi_memcpy          0x000022fd         Code  Gb  ABImemcpy.o [7]
__aeabi_memcpy4         0x00002325         Code  Wk  ABImemcpy.o [7]
__aeabi_memset4         0x00003755         Code  Gb  ABImemset.o [7]
__aeabi_memset8         0x00003755         Code  Gb  ABImemset.o [7]
__aeabi_ui2d            0x0000582d         Code  Gb  I32ToDbl.o [6]
__aeabi_ui2f            0x00005cf5         Code  Gb  I32ToFlt.o [6]
__aeabi_uidiv           0x000042af         Code  Gb  I32DivModFast.o [7]
__aeabi_uidivmod        0x000042af         Code  Gb  I32DivModFast.o [7]
__aeabi_uldivmod        0x00000223         Code  Gb  I64DivMod.o [7]
__cmain                 0x000069d1         Code  Gb  cmain.o [7]
__exit                  0x00006801         Code  Gb  XXexit.o [7]
__iar_Memset4_word      0x00003761         Code  Gb  ABImemset.o [7]
__iar_ceil              0x00005c49         Code  Gb  ceil.o [6]
__iar_ceill             0x00005c49         Code  Gb  ceil.o [6]
__iar_d2uiz             0x00005cc9         Code  Gb  DblToI32.o [6]
__iar_data_init3        0x0000697d   0x28  Code  Gb  data_init.o [7]
__iar_floor             0x00005e5d         Code  Gb  floor.o [6]
__iar_floorl            0x00005e5d         Code  Gb  floor.o [6]
__iar_packbits_init3    0x0000673f   0xb6  Code  Gb  packbits_init.o [7]
__iar_program_start     0x00006a11         Code  Gb  cstartup_M.o [7]
__iar_ui2d              0x00005831         Code  Gb  I32ToDbl.o [6]
__iar_ui2f              0x00005cf9         Code  Gb  I32ToFlt.o [6]
__iar_zero_init3        0x00003a93   0x2a  Code  Gb  zero_init3.o [7]
__vector_table          0x00000000         Data  Gb  iar_startup_lpc82x.o [1]
__vector_table_0x1c     0x00000010         Data  Gb  iar_startup_lpc82x.o [1]
_call_main              0x000069dd         Code  Gb  cmain.o [7]
_exit                   0x000069f5         Code  Gb  cexit.o [7]
_main                   0x000069e7         Code  Gb  cmain.o [7]
aBlock                  0x100002ac   0x10  Data  Lc  LoRaMacCrypto.o [1]
abort                   0x000067f5    0xa  Code  Gb  abort.o [5]
add_round_key           0x00003c1d    0x8  Code  Lc  aes.o [1]
aes_encrypt             0x0000412b   0x52  Code  Gb  aes.o [1]
aes_set_key             0x00004029  0x102  Code  Gb  aes.o [1]
ceil                    0x00005c49         Code  Gb  ceil.o [6]
ceill                   0x00005c49         Code  Gb  ceil.o [6]
config_tab              0x000063c8  0x354  Data  Lc  irc_8xx.o [4]
config_tab_idx          0x10001368    0x2  Data  Lc  irc_8xx.o [4]
copy_and_key            0x00003b97   0x86  Code  Lc  aes.o [1]
copy_block              0x00003abd   0x42  Code  Lc  aes.o [1]
copy_block_nn           0x00003aff   0x16  Code  Lc  aes.o [1]
cpystr                  0x00004a57   0x18  Code  Gb  hex.o [1]
eeprom_write            0x00001fdd   0x82  Code  Gb  eeprom.o [1]
evnames                 0x10000604   0x40  Data  Lc  modem.o [1]
exit                    0x000069eb    0x8  Code  Gb  exit.o [5]
floor                   0x00005e5d         Code  Gb  floor.o [6]
floorl                  0x00005e5d         Code  Gb  floor.o [6]
frame_init              0x00004e49   0x14  Code  Gb  frame.o [1]
frame_rx                0x00004e5d   0xfc  Code  Gb  frame.o [1]
funMcpsConfirm          0x000050a7    0x2  Code  Lc  main.o [1]
getUARTClockID          0x00004bb9   0x18  Code  Lc  uart_8xx.o [4]
gethex                  0x0000495d   0x3e  Code  Gb  hex.o [1]
gfm2_sbox               0x00003f28  0x100  Data  Lc  aes.o [1]
gfm3_sbox               0x00003e28  0x100  Data  Lc  aes.o [1]
hex2int                 0x000049f5   0x32  Code  Gb  hex.o [1]
hexval                  0x00004a84  0x100  Data  Lc  hex.o [1]
iap_entry               0x00003795    0x8  Code  Lc  iap.o [4]
int2hex                 0x000049d1   0x24  Code  Gb  hex.o [1]
isAlarm                 0x10001336    0x1  Data  Lc  modem.o [1]
isAlarmDuty             0x00002871    0x6  Code  Gb  modem.o [1]
joincfg                 0x100012b4   0x24  Data  Lc  modem.o [1]
ledBits                 0x00004958    0x1  Data  Lc  board.o [3]
main                    0x000051b5  0x160  Code  Gb  main.o [1]
memcpy1                 0x0000238f   0x16  Code  Gb  utilities.o [1]
memcpyr                 0x000023a5   0x1a  Code  Gb  utilities.o [1]
memset1                 0x000023bf   0x12  Code  Gb  utilities.o [1]
mix_sub_columns         0x00003c89  0x19a  Code  Lc  aes.o [1]
modem_init              0x00002999   0x56  Code  Gb  modem.o [1]
modem_rxdone            0x00002a35  0x4ca  Code  Gb  modem.o [1]
modem_wkt_init          0x00002559   0x30  Code  Gb  modem.o [1]
modem_wwdt_init         0x0000258b   0x60  Code  Gb  modem.o [1]
next                    0x100006fc    0x4  Data  Lc  utilities.o [1]
onEvent                 0x000026cd  0x17c  Code  Gb  modem.o [1]
os_crc16                0x00002877   0x38  Code  Gb  modem.o [1]
persist                 0x10000d88   0x68  Data  Gb  modem.o [1]
persist_init            0x000028b5   0xd8  Code  Lc  modem.o [1]
prvSetupHardware        0x00005187    0xc  Code  Lc  main.o [1]
puthex                  0x0000499d   0x34  Code  Gb  hex.o [1]
rand1                   0x00002359   0x1a  Code  Gb  utilities.o [1]
randr                   0x00002379   0x16  Code  Gb  utilities.o [1]
reverse                 0x00004a27   0x22  Code  Gb  hex.o [1]
rxbuff                  0x100010c4   0x40  Data  Lc  usart.o [1]
rxframe                 0x1000134c   0x10  Data  Gb  frame.o [1]
rxring                  0x100010b0   0x14  Data  Gb  usart.o [1]
sBlock                  0x100002bc   0x10  Data  Lc  LoRaMacCrypto.o [1]
sbox                    0x0000417c  0x100  Data  Lc  aes.o [1]
sesscfg                 0x100012d8   0x30  Data  Lc  modem.o [1]
shift_sub_rows          0x00003c25   0x64  Code  Lc  aes.o [1]
srand1                  0x00002373    0x6  Code  Gb  utilities.o [1]
src_iap_array_data      0x10001144   0x80  Data  Gb  eeprom.o [1]
strlen                  0x00000211   0x10  Code  Gb  strlen.o [7]
systicks                0x1000135c    0x4  Data  Gb  timer.o [1]
tolower                 0x00004a49    0xe  Code  Gb  hex.o [1]
txbuff                  0x10001104   0x40  Data  Lc  usart.o [1]
txring                  0x1000109c   0x14  Data  Gb  usart.o [1]
uartflashtimer          0x100006ac    0x4  Data  Lc  main.o [1]
usart_init              0x00004d73   0x9a  Code  Gb  usart.o [1]
wdtOSCRate              0x000045d8   0x40  Data  Lc  clock_8xx.o [4]
wktType                 0x10001335    0x1  Data  Gb  modem.o [1]
xor_block               0x00003b15   0x82  Code  Lc  aes.o [1]


[1] = F:\LoRaProduct\source code\nxp_lpcxpresso_824max\lpcxpresso824\prj_xpresso82x\iar\freertos_blinky\iflash_nxp_lpcxpresso_812\Obj
[2] = command line
[3] = board_nxp_lpcxpresso_824.a
[4] = chip_8xx_lib.a
[5] = dl6M_tln.a
[6] = m6M_tl.a
[7] = rt6M_tl.a

  30 460 bytes of readonly  code memory
     513 bytes of readonly  data memory
   5 995 bytes of readwrite data memory

Errors: none
Warnings: none
