###############################################################################
#
# IAR ELF Linker V7.30.3.8024/W32 for ARM                 11/Feb/2018  15:31:39
# Copyright 2007-2014 IAR Systems AB.
#
#    Output file  =  
#        F:\LoRaProduct\source
#        code\nxp_lpcxpresso_824max\lpcxpresso824\prj_xpresso82x\iar\freertos_blinky\iflash_nxp_lpcxpresso_812\Exe\freertos_blinky.out.tmp
#    Map file     =  
#        F:\LoRaProduct\source
#        code\nxp_lpcxpresso_824max\lpcxpresso824\prj_xpresso82x\iar\freertos_blinky\iflash_nxp_lpcxpresso_812\List\freertos_blinky.map
#    Command line =  
#        "F:\LoRaProduct\source
#        code\nxp_lpcxpresso_824max\lpcxpresso824\prj_xpresso82x\iar\freertos_blinky\iflash_nxp_lpcxpresso_812\Obj\aes.o"
#        "F:\LoRaProduct\source
#        code\nxp_lpcxpresso_824max\lpcxpresso824\prj_xpresso82x\iar\lib_board_lpcxpresso824\iar_output\Exe\board_nxp_lpcxpresso_824.a"
#        "F:\LoRaProduct\source
#        code\nxp_lpcxpresso_824max\lpcxpresso824\prj_xpresso82x\iar\lib_chip_8xx\iar_output\Exe\chip_8xx_lib.a"
#        "F:\LoRaProduct\source
#        code\nxp_lpcxpresso_824max\lpcxpresso824\prj_xpresso82x\iar\freertos_blinky\iflash_nxp_lpcxpresso_812\Obj\cmac.o"
#        "F:\LoRaProduct\source
#        code\nxp_lpcxpresso_824max\lpcxpresso824\prj_xpresso82x\iar\freertos_blinky\iflash_nxp_lpcxpresso_812\Obj\eeprom.o"
#        "F:\LoRaProduct\source
#        code\nxp_lpcxpresso_824max\lpcxpresso824\prj_xpresso82x\iar\freertos_blinky\iflash_nxp_lpcxpresso_812\Obj\frame.o"
#        "F:\LoRaProduct\source
#        code\nxp_lpcxpresso_824max\lpcxpresso824\prj_xpresso82x\iar\freertos_blinky\iflash_nxp_lpcxpresso_812\Obj\hex.o"
#        "F:\LoRaProduct\source
#        code\nxp_lpcxpresso_824max\lpcxpresso824\prj_xpresso82x\iar\freertos_blinky\iflash_nxp_lpcxpresso_812\Obj\iar_startup_lpc82x.o"
#        "F:\LoRaProduct\source
#        code\nxp_lpcxpresso_824max\lpcxpresso824\prj_xpresso82x\iar\freertos_blinky\iflash_nxp_lpcxpresso_812\Obj\LoRaMac.o"
#        "F:\LoRaProduct\source
#        code\nxp_lpcxpresso_824max\lpcxpresso824\prj_xpresso82x\iar\freertos_blinky\iflash_nxp_lpcxpresso_812\Obj\LoRaMacCrypto.o"
#        "F:\LoRaProduct\source
#        code\nxp_lpcxpresso_824max\lpcxpresso824\prj_xpresso82x\iar\freertos_blinky\iflash_nxp_lpcxpresso_812\Obj\main.o"
#        "F:\LoRaProduct\source
#        code\nxp_lpcxpresso_824max\lpcxpresso824\prj_xpresso82x\iar\freertos_blinky\iflash_nxp_lpcxpresso_812\Obj\modem.o"
#        "F:\LoRaProduct\source
#        code\nxp_lpcxpresso_824max\lpcxpresso824\prj_xpresso82x\iar\freertos_blinky\iflash_nxp_lpcxpresso_812\Obj\Region.o"
#        "F:\LoRaProduct\source
#        code\nxp_lpcxpresso_824max\lpcxpresso824\prj_xpresso82x\iar\freertos_blinky\iflash_nxp_lpcxpresso_812\Obj\RegionCN470.o"
#        "F:\LoRaProduct\source
#        code\nxp_lpcxpresso_824max\lpcxpresso824\prj_xpresso82x\iar\freertos_blinky\iflash_nxp_lpcxpresso_812\Obj\RegionCommon.o"
#        "F:\LoRaProduct\source
#        code\nxp_lpcxpresso_824max\lpcxpresso824\prj_xpresso82x\iar\freertos_blinky\iflash_nxp_lpcxpresso_812\Obj\sx1276-board.o"
#        "F:\LoRaProduct\source
#        code\nxp_lpcxpresso_824max\lpcxpresso824\prj_xpresso82x\iar\freertos_blinky\iflash_nxp_lpcxpresso_812\Obj\sx1276.o"
#        "F:\LoRaProduct\source
#        code\nxp_lpcxpresso_824max\lpcxpresso824\prj_xpresso82x\iar\freertos_blinky\iflash_nxp_lpcxpresso_812\Obj\sysinit.o"
#        "F:\LoRaProduct\source
#        code\nxp_lpcxpresso_824max\lpcxpresso824\prj_xpresso82x\iar\freertos_blinky\iflash_nxp_lpcxpresso_812\Obj\timer.o"
#        "F:\LoRaProduct\source
#        code\nxp_lpcxpresso_824max\lpcxpresso824\prj_xpresso82x\iar\freertos_blinky\iflash_nxp_lpcxpresso_812\Obj\usart.o"
#        "F:\LoRaProduct\source
#        code\nxp_lpcxpresso_824max\lpcxpresso824\prj_xpresso82x\iar\freertos_blinky\iflash_nxp_lpcxpresso_812\Obj\utilities.o"
#        -o "F:\LoRaProduct\source
#        code\nxp_lpcxpresso_824max\lpcxpresso824\prj_xpresso82x\iar\freertos_blinky\iflash_nxp_lpcxpresso_812\Exe\freertos_blinky.out.tmp"
#        --map "F:\LoRaProduct\source
#        code\nxp_lpcxpresso_824max\lpcxpresso824\prj_xpresso82x\iar\freertos_blinky\iflash_nxp_lpcxpresso_812\List\freertos_blinky.map"
#        --config "C:\Program Files (x86)\IAR Systems\Embedded Workbench
#        7.0\arm\config\linker\NXP\LPC824M201.icf" --entry __iar_program_start
#        --inline --vfe
#
###############################################################################

*******************************************************************************
*** RUNTIME MODEL ATTRIBUTES
***

CppFlavor       = *
__SystemLibrary = DLib


*******************************************************************************
*** PLACEMENT SUMMARY
***

"A1":  place at 0x00000000 { ro section .intvec };
"P1":  place in [from 0x00000000 to 0x000002fb] |
                [from 0x00000300 to 0x00007fff] { ro };
"P2":  place in [from 0x10000000 to 0x10001fff] { rw, block CSTACK, block HEAP };
"P3":  place in [from 0x000002fc to 0x000002ff] { section .crp };

  Section            Kind        Address    Size  Object
  -------            ----        -------    ----  ------
"A1":                                       0xc0
  .intvec            ro code  0x00000000    0xc0  iar_startup_lpc82x.o [1]
                            - 0x000000c0    0xc0

"P1", part 1 of 2:                         0x1d8
  .text              ro code  0x000000c0    0xfc  timer.o [1]
  .text              ro code  0x000001bc    0x2c  wkt_8xx.o [4]
  .text              ro code  0x000001e8    0x5c  syscon_8xx.o [4]
  .text              ro code  0x00000244     0x2  iar_startup_lpc82x.o [1]
  .text              ro code  0x00000246    0x10  strlen.o [7]
  .text              ro code  0x00000256     0x2  iar_startup_lpc82x.o [1]
  .text              ro code  0x00000258     0x2  iar_startup_lpc82x.o [1]
  .text              ro code  0x0000025c    0x10  chip_8xx.o [4]
  .text              ro code  0x0000026c    0x12  iocon_8xx.o [4]
  .text              ro code  0x00000280    0x18  gpio_8xx.o [4]
  .rodata            const    0x00000298     0x0  zero_init3.o [7]
  .rodata            const    0x00000298     0x0  packbits_init.o [7]
                            - 0x00000298   0x1d8

"P3":                                        0x4
  .crp               ro code  0x000002fc     0x4  iar_startup_lpc82x.o [1]
                            - 0x00000300     0x4

"P1", part 2 of 2:                        0x7ba9
  .text              ro code  0x00000300  0x1e94  LoRaMac.o [1]
  .text              ro code  0x00002194   0x19c  Region.o [1]
  .text              ro code  0x00002330    0xc0  eeprom.o [1]
  .text              ro code  0x000023f0   0x288  LoRaMacCrypto.o [1]
  .text              ro code  0x00002678    0x5c  ABImemcpy.o [7]
  .text              ro code  0x000026d4    0xc8  utilities.o [1]
  .text              ro code  0x0000279c   0x9b0  modem.o [1]
  .text              ro code  0x0000314c    0xe0  I32DivModFast.o [7]
  .text              ro code  0x0000322c    0x1e  I32ToFlt.o [6]
  .text              ro code  0x0000324a    0x2a  zero_init3.o [7]
  .text              ro code  0x00003274   0x9ac  RegionCN470.o [1]
  .text              ro code  0x00003c20    0x40  ABImemset.o [7]
  .text              ro code  0x00003c60    0xb4  iap.o [4]
  .text              ro code  0x00003d14   0x24a  cmac.o [1]
  .text              ro code  0x00003f5e     0x2  iar_startup_lpc82x.o [1]
  .text              ro code  0x00003f60   0x7c0  aes.o [1]
  .text              ro code  0x00004720   0x470  main.o [1]
  .text              ro code  0x00004b90    0x7e  pmu_8xx.o [4]
  .text              ro code  0x00004c10   0x341  board.o [3]
  .text              ro code  0x00004f54   0x228  hex.o [1]
  .text              ro code  0x0000517c   0x178  uart_8xx.o [4]
  .text              ro code  0x000052f4   0x14c  usart.o [1]
  .text              ro code  0x00005440   0x114  frame.o [1]
  .text              ro code  0x00005554   0x43e  RegionCommon.o [1]
  .text              ro code  0x00005994   0x1b4  clock_8xx.o [4]
  .text              ro code  0x00005b48   0x1c6  ring_buffer.o [4]
  .text              ro code  0x00005d10    0x24  swm_8xx.o [4]
  .text              ro code  0x00005d34    0x34  I32ToDbl.o [6]
  .text              ro code  0x00005d68    0xc2  DblDiv.o [6]
  .text              ro code  0x00005e2a   0x184  DblMul.o [6]
  .text              ro code  0x00005fae   0x1b4  DblAddSub.o [6]
  .text              ro code  0x00006164    0x58  ceil.o [6]
  .text              ro code  0x000061bc    0x52  DblToI32.o [6]
  .text              ro code  0x0000620e   0x116  FltAddSub.o [6]
  .text              ro code  0x00006324    0x32  FltToDbl.o [6]
  .text              ro code  0x00006358    0x58  floor.o [6]
  .text              ro code  0x000063b0    0x6a  I64DivMod.o [7]
  .text              ro code  0x0000641c   0x3bc  sx1276-board.o [1]
  .text              ro code  0x000067d8    0x32  DblCmpGe.o [6]
  .text              ro code  0x0000680c    0x44  spim_8xx.o [4]
  .text              ro code  0x00006850    0x2c  spi_8xx.o [4]
  .text              ro code  0x0000687c   0x408  irc_8xx.o [4]
  .text              ro code  0x00006c84    0xd8  packbits_init.o [7]
  .text              ro code  0x00006d5c     0xa  abort.o [5]
  .text              ro code  0x00006d68     0xc  XXexit.o [7]
  .rodata            const    0x00006d74    0xd4  modem.o [1]
  .rodata            const    0x00006e48    0x5c  sx1276-board.o [1]
  .text              ro code  0x00006ea4    0x2c  board_sysinit.o [3]
  .text              ro code  0x00006ed0    0x14  sysinit_8xx.o [4]
  .text              ro code  0x00006ee4    0x28  data_init.o [7]
  .iar.init_table    const    0x00006f0c    0x2c  - Linker created -
  .text              ro code  0x00006f38    0x1a  cmain.o [7]
  .text              ro code  0x00006f52     0x8  exit.o [5]
  .text              ro code  0x00006f5c     0xa  cexit.o [7]
  .text              ro code  0x00006f68    0x10  iar_startup_lpc82x.o [1]
  .text              ro code  0x00006f78     0xc  cstartup_M.o [7]
  .rodata            const    0x00006f84     0x8  board.o [3]
  .text              ro code  0x00006f8c     0x8  sysinit.o [1]
  .text              ro code  0x00006f94     0x4  iar_startup_lpc82x.o [1]
  .text              ro code  0x00006f98   0xe74  sx1276.o [1]
  Initializer bytes  ro data  0x00007e0c    0x9d  <for P2 s0>
                            - 0x00007ea9  0x7ba9

"P2":                                     0x1770
  P2 s0                       0x10000000   0x700  <Init block>
    .data            inited   0x10000000   0x178  LoRaMac.o [1]
    .data            inited   0x10000178   0x138  LoRaMacCrypto.o [1]
    .data            inited   0x100002b0   0x114  LoRaMacCrypto.o [1]
    .data            inited   0x100003c4   0x108  LoRaMac.o [1]
    .data            inited   0x100004cc    0xf8  main.o [1]
    .data            inited   0x100005c4    0x98  modem.o [1]
    .data            inited   0x1000065c    0x3c  main.o [1]
    .data            inited   0x10000698    0x38  LoRaMac.o [1]
    .data            inited   0x100006d0    0x2c  RegionCN470.o [1]
    .data            inited   0x100006fc     0x4  utilities.o [1]
  .bss               zero     0x10000700   0x480  RegionCN470.o [1]
  .bss               zero     0x10000b80   0x208  modem.o [1]
  .bss               zero     0x10000d88   0x1ac  sx1276.o [1]
  .bss               zero     0x10000f34   0x100  LoRaMac.o [1]
  .bss               zero     0x10001034    0xa8  usart.o [1]
  .bss               zero     0x100010dc    0x80  eeprom.o [1]
  .bss               zero     0x1000115c    0x80  LoRaMac.o [1]
  .bss               zero     0x100011dc    0x70  LoRaMac.o [1]
  .bss               zero     0x1000124c    0x68  modem.o [1]
  .bss               zero     0x100012b4    0x54  modem.o [1]
  .bss               zero     0x10001308    0x18  LoRaMac.o [1]
  .bss               zero     0x10001320    0x15  LoRaMac.o [1]
  .bss               zero     0x10001335     0x2  modem.o [1]
  .bss               zero     0x10001337     0x1  sx1276-board.o [1]
  .bss               zero     0x10001338    0x14  LoRaMac.o [1]
  .bss               zero     0x1000134c    0x10  frame.o [1]
  .bss               zero     0x1000135c     0x8  timer.o [1]
  .bss               zero     0x10001364     0x4  chip_8xx.o [4]
  .bss               zero     0x10001368     0x2  irc_8xx.o [4]
  .bss               zero     0x1000136a     0x1  utilities.o [1]
  CSTACK                      0x10001370   0x400  <Block>
    CSTACK           uninit   0x10001370   0x400  <Block tail>
                            - 0x10001770  0x1770


*******************************************************************************
*** INIT TABLE
***

          Address     Size
          -------     ----
Zero (__iar_zero_init3)
    1 destination range, total size 0xc6b:
          0x10000700  0xc6b

Copy/packbits (__iar_packbits_init3)
    1 source range, total size 0x9d (8% of destination):
          0x00007e0c   0x9d
    1 destination range, total size 0x700:
          0x10000000  0x700



*******************************************************************************
*** MODULE SUMMARY
***

    Module                ro code  ro data  rw data
    ------                -------  -------  -------
F:\LoRaProduct\source code\nxp_lpcxpresso_824max\lpcxpresso824\prj_xpresso82x\iar\freertos_blinky\iflash_nxp_lpcxpresso_812\Obj: [1]
    LoRaMac.o               7 828       60    1 257
    LoRaMacCrypto.o           648       52      588
    Region.o                  412
    RegionCN470.o           2 476        4    1 196
    RegionCommon.o          1 086
    aes.o                   1 984
    cmac.o                    586
    eeprom.o                  192               128
    frame.o                   276                16
    hex.o                     552
    iar_startup_lpc82x.o      224
    main.o                  1 136       27      308
    modem.o                 2 480      225      862
    sx1276-board.o            956       92        1
    sx1276.o                3 700               428
    sysinit.o                   8
    timer.o                   252                 8
    usart.o                   332               168
    utilities.o               200        1        5
    -----------------------------------------------
    Total:                 25 328      461    4 965

command line: [2]
    -----------------------------------------------
    Total:

board_nxp_lpcxpresso_824.a: [3]
    board.o                   833        8
    board_sysinit.o            44
    -----------------------------------------------
    Total:                    877        8

chip_8xx_lib.a: [4]
    chip_8xx.o                 16                 4
    clock_8xx.o               436
    gpio_8xx.o                 24
    iap.o                     180
    iocon_8xx.o                18
    irc_8xx.o               1 032                 2
    pmu_8xx.o                 126
    ring_buffer.o             454
    spi_8xx.o                  44
    spim_8xx.o                 68
    swm_8xx.o                  36
    syscon_8xx.o               92
    sysinit_8xx.o              20
    uart_8xx.o                376
    wkt_8xx.o                  44
    -----------------------------------------------
    Total:                  2 966                 6

dl6M_tln.a: [5]
    abort.o                    10
    exit.o                      8
    -----------------------------------------------
    Total:                     18

m6M_tl.a: [6]
    DblAddSub.o               436
    DblCmpGe.o                 50
    DblDiv.o                  194
    DblMul.o                  388
    DblToI32.o                 82
    FltAddSub.o               278
    FltToDbl.o                 50
    I32ToDbl.o                 52
    I32ToFlt.o                 30
    ceil.o                     88
    floor.o                    88
    -----------------------------------------------
    Total:                  1 736

rt6M_tl.a: [7]
    ABImemcpy.o                92
    ABImemset.o                64
    I32DivModFast.o           224
    I64DivMod.o               106
    XXexit.o                   12
    cexit.o                    10
    cmain.o                    26
    cstartup_M.o               12
    data_init.o                40
    packbits_init.o           216
    strlen.o                   16
    zero_init3.o               42
    -----------------------------------------------
    Total:                    860

    Gaps                       27
    Linker created                      44    1 024
---------------------------------------------------
    Grand Total:           31 812      513    5 995


*******************************************************************************
*** ENTRY LIST
***

Entry                      Address   Size  Type      Object
-----                      -------   ----  ----      ------
?main                   0x00006f39         Code  Gb  cmain.o [7]
AES_CMAC_Final          0x00003e11  0x14e  Code  Gb  cmac.o [1]
AES_CMAC_Init           0x00003d15   0x22  Code  Gb  cmac.o [1]
AES_CMAC_SetKey         0x00003d37   0x10  Code  Gb  cmac.o [1]
AES_CMAC_Update         0x00003d47   0xca  Code  Gb  cmac.o [1]
AckTimeoutRetries       0x1000001a    0x1  Data  Lc  LoRaMac.o [1]
AckTimeoutRetriesCounter
                        0x1000001b    0x1  Data  Lc  LoRaMac.o [1]
AckTimeoutRetry         0x1000001c    0x1  Data  Lc  LoRaMac.o [1]
AckTimeoutTimer         0x10000164   0x14  Data  Lc  LoRaMac.o [1]
AddMacCommand           0x00000fc5   0x9c  Code  Lc  LoRaMac.o [1]
AdrAckCounter           0x1000004c    0x4  Data  Lc  LoRaMac.o [1]
AdrCtrlOn               0x10000011    0x1  Data  Lc  LoRaMac.o [1]
AesCmacCtx              0x10000198  0x118  Data  Lc  LoRaMacCrypto.o [1]
AesContext              0x100002d0   0xf4  Data  Lc  LoRaMacCrypto.o [1]
AggregatedDCycle        0x10000028    0x2  Data  Lc  LoRaMac.o [1]
AggregatedLastTxDoneTime
                        0x10000050    0x4  Data  Lc  LoRaMac.o [1]
AggregatedTimeOff       0x10000054    0x4  Data  Lc  LoRaMac.o [1]
AlarmEnd                0x00002b5d   0x18  Code  Gb  modem.o [1]
AlarmStart              0x00002b4d    0xc  Code  Gb  modem.o [1]
AppData                 0x100004d0   0xf4  Data  Lc  main.o [1]
AppDataSize             0x100004cd    0x1  Data  Lc  main.o [1]
AppEui                  0x10000680    0x8  Data  Gb  main.o [1]
AppKey                  0x10000688   0x10  Data  Gb  main.o [1]
AppPort                 0x100004cc    0x1  Data  Lc  main.o [1]
Bands                   0x100006ec   0x10  Data  Lc  RegionCN470.o [1]
BandwidthsCN470         0x000036d0   0x18  Data  Lc  RegionCN470.o [1]
BoardDisableIrq         0x00002769    0xc  Code  Gb  utilities.o [1]
BoardEnableIrq          0x00002775   0x12  Code  Gb  utilities.o [1]
BoardGetBatteryLevel    0x00004965    0x4  Code  Gb  main.o [1]
Board_GPIO_Init         0x00004c89  0x282  Code  Gb  board.o [3]
Board_Init              0x00004f0d   0x32  Code  Gb  board.o [3]
Board_LED_Set           0x00004c5f   0x1a  Code  Gb  board.o [3]
Board_SetupMuxing       0x00006ea5   0x12  Code  Gb  board_sysinit.o [3]
Board_SystemInit        0x00006ec1    0x6  Code  Gb  board_sysinit.o [3]
CSTACK$$Base            0x10001370          --   Gb  - Linker created -
CSTACK$$Limit           0x10001770          --   Gb  - Linker created -
CalculateBackOff        0x00001535   0x3c  Code  Lc  LoRaMac.o [1]
Channel                 0x10000018    0x1  Data  Lc  LoRaMac.o [1]
Channels                0x10000700  0x480  Data  Lc  RegionCN470.o [1]
ChannelsDefaultMask     0x100006e0    0xc  Data  Lc  RegionCN470.o [1]
ChannelsMask            0x100006d4    0xc  Data  Lc  RegionCN470.o [1]
ChannelsNbRepCounter    0x10000017    0x1  Data  Lc  LoRaMac.o [1]
Chip_Clock_DisablePeriphClock
                        0x00006489   0x12  Code  Lc  sx1276-board.o [1]
Chip_Clock_DisablePeriphClock
                        0x00005315   0x12  Code  Lc  usart.o [1]
Chip_Clock_DisablePeriphClock
                        0x00004c23   0x12  Code  Lc  board.o [3]
Chip_Clock_EnablePeriphClock
                        0x000047ab   0x12  Code  Lc  main.o [1]
Chip_Clock_EnablePeriphClock
                        0x000027eb   0x12  Code  Lc  modem.o [1]
Chip_Clock_EnablePeriphClock
                        0x00006477   0x12  Code  Lc  sx1276-board.o [1]
Chip_Clock_EnablePeriphClock
                        0x00005303   0x12  Code  Lc  usart.o [1]
Chip_Clock_EnablePeriphClock
                        0x00004c11   0x12  Code  Lc  board.o [3]
Chip_Clock_GetMainClockRate
                        0x00005a05   0x30  Code  Gb  clock_8xx.o [4]
Chip_Clock_GetSystemClockRate
                        0x00005a35   0x12  Code  Gb  clock_8xx.o [4]
Chip_Clock_GetSystemPLLInClockRate
                        0x000059cb   0x26  Code  Gb  clock_8xx.o [4]
Chip_Clock_GetSystemPLLOutClockRate
                        0x000059f1   0x14  Code  Gb  clock_8xx.o [4]
Chip_Clock_GetUSARTNBaseClockRate
                        0x00005a47   0x36  Code  Gb  clock_8xx.o [4]
Chip_Clock_GetWDTOSCRate
                        0x000059a9   0x22  Code  Gb  clock_8xx.o [4]
Chip_Clock_SetMainClockSource
                        0x00005999    0x2  Code  Gb  clock_8xx.o [4]
Chip_Clock_SetSystemPLLSource
                        0x00005995    0x4  Code  Gb  clock_8xx.o [4]
Chip_Clock_SetUARTClockDiv
                        0x00005327    0x6  Code  Lc  usart.o [1]
Chip_Clock_SetUSARTNBaseClockRate
                        0x00005a7d   0x5a  Code  Gb  clock_8xx.o [4]
Chip_FMC_ComputeSignature
                        0x00002331   0x14  Code  Lc  eeprom.o [1]
Chip_FMC_ComputeSignatureBlocks
                        0x00002345    0xc  Code  Lc  eeprom.o [1]
Chip_FMC_IsSignatureBusy
                        0x00002351    0x8  Code  Lc  eeprom.o [1]
Chip_FMC_SetFLASHAccess
                        0x0000687d    0x8  Code  Lc  irc_8xx.o [4]
Chip_GPIO_Init          0x00000281   0x10  Code  Gb  gpio_8xx.o [4]
Chip_GPIO_SetPinDIR     0x000064db   0x12  Code  Lc  sx1276-board.o [1]
Chip_GPIO_SetPinDIRInput
                        0x000064cb   0x10  Code  Lc  sx1276-board.o [1]
Chip_GPIO_SetPinDIROutput
                        0x000064bb   0x10  Code  Lc  sx1276-board.o [1]
Chip_GPIO_SetPinOutHigh
                        0x000064ed   0x10  Code  Lc  sx1276-board.o [1]
Chip_GPIO_SetPinOutHigh
                        0x00006f9d   0x10  Code  Lc  sx1276.o [1]
Chip_GPIO_SetPinOutLow  0x000064fd   0x10  Code  Lc  sx1276-board.o [1]
Chip_GPIO_SetPinOutLow  0x00006fad   0x10  Code  Lc  sx1276.o [1]
Chip_GPIO_SetPinState   0x00004c57    0x8  Code  Lc  board.o [3]
Chip_IAP_CopyRamToFlash
                        0x00003c77   0x1e  Code  Gb  iap.o [4]
Chip_IAP_ErasePage      0x00003ce1    0x8  Code  Gb  iap.o [4]
Chip_IAP_PreSectorForReadWrite
                        0x00003c69    0xe  Code  Gb  iap.o [4]
Chip_IAP_ReadPID        0x00003c9d   0x16  Code  Gb  iap.o [4]
Chip_IAP_ReadUID        0x00003cb3   0x2a  Code  Gb  iap.o [4]
Chip_IOCON_PinDisableOpenDrainMode
                        0x0000649b    0xe  Code  Lc  sx1276-board.o [1]
Chip_IOCON_PinEnableOpenDrainMode
                        0x00004c35   0x10  Code  Lc  board.o [3]
Chip_IOCON_PinSetMode   0x0000026d   0x12  Code  Gb  iocon_8xx.o [4]
Chip_IRC_SetFreq        0x00006885   0x9c  Code  Gb  irc_8xx.o [4]
Chip_PININT_ClearIntStatus
                        0x00006f99    0x4  Code  Lc  sx1276.o [1]
Chip_PININT_EnableIntHigh
                        0x000064b7    0x4  Code  Lc  sx1276-board.o [1]
Chip_PININT_SetPinModeEdge
                        0x000064a9    0xe  Code  Lc  sx1276-board.o [1]
Chip_PMU_ClearPowerDownControl
                        0x00002809    0xe  Code  Lc  modem.o [1]
Chip_PMU_DeepPowerDownState
                        0x00004bcf   0x16  Code  Gb  pmu_8xx.o [4]
Chip_PMU_DeepSleepState
                        0x00004ba3   0x16  Code  Gb  pmu_8xx.o [4]
Chip_PMU_PowerDownState
                        0x00004bb9   0x16  Code  Gb  pmu_8xx.o [4]
Chip_PMU_SetPowerDownControl
                        0x000047bd    0xc  Code  Lc  main.o [1]
Chip_PMU_SetPowerDownControl
                        0x000027fd    0xc  Code  Lc  modem.o [1]
Chip_PMU_Sleep          0x00004be9   0x26  Code  Gb  pmu_8xx.o [4]
Chip_PMU_SleepState     0x00004b91   0x12  Code  Gb  pmu_8xx.o [4]
Chip_SPIM_GetClockRate  0x0000680d   0x14  Code  Gb  spim_8xx.o [4]
Chip_SPIM_SetClockRate  0x00006821   0x2c  Code  Gb  spim_8xx.o [4]
Chip_SPI_ClearCFGRegBits
                        0x0000651b    0xe  Code  Lc  sx1276-board.o [1]
Chip_SPI_ClearStatus    0x00006fc5    0x4  Code  Lc  sx1276.o [1]
Chip_SPI_ConfigureSPI   0x00006557   0x1c  Code  Lc  sx1276-board.o [1]
Chip_SPI_DelayConfig    0x00006851   0x2c  Code  Gb  spi_8xx.o [4]
Chip_SPI_Enable         0x0000654d    0xa  Code  Lc  sx1276-board.o [1]
Chip_SPI_GetStatus      0x00006fbd    0x8  Code  Lc  sx1276.o [1]
Chip_SPI_Init           0x00006529   0x24  Code  Lc  sx1276-board.o [1]
Chip_SPI_ReceiveFrame   0x00006fef    0x6  Code  Lc  sx1276.o [1]
Chip_SPI_SendLastFrame  0x00006fdb   0x14  Code  Lc  sx1276.o [1]
Chip_SPI_SendMidFrame   0x00006fd7    0x4  Code  Lc  sx1276.o [1]
Chip_SPI_SetCFGRegBits  0x0000650d    0xe  Code  Lc  sx1276-board.o [1]
Chip_SPI_SetControlInfo
                        0x00006fc9    0xe  Code  Lc  sx1276.o [1]
Chip_SWM_DisableFixedPin
                        0x0000532d   0x12  Code  Lc  usart.o [1]
Chip_SWM_DisableFixedPin
                        0x00004c45   0x12  Code  Lc  board.o [3]
Chip_SWM_MovablePinAssign
                        0x00005d11   0x1e  Code  Gb  swm_8xx.o [4]
Chip_SYSCTL_AssertPeriphReset
                        0x000027ab   0x12  Code  Lc  modem.o [1]
Chip_SYSCTL_AssertPeriphReset
                        0x0000642b   0x12  Code  Lc  sx1276-board.o [1]
Chip_SYSCTL_DeassertPeriphReset
                        0x000027bd   0x12  Code  Lc  modem.o [1]
Chip_SYSCTL_DeassertPeriphReset
                        0x0000643d   0x12  Code  Lc  sx1276-board.o [1]
Chip_SYSCTL_EnablePINTWakeup
                        0x00006467   0x10  Code  Lc  sx1276-board.o [1]
Chip_SYSCTL_EnablePeriphWakeup
                        0x000027df    0xc  Code  Lc  modem.o [1]
Chip_SYSCTL_PeriphReset
                        0x000027cf   0x10  Code  Lc  modem.o [1]
Chip_SYSCTL_PeriphReset
                        0x0000644f   0x10  Code  Lc  sx1276-board.o [1]
Chip_SYSCTL_PeriphReset
                        0x0000517d   0x1c  Code  Lc  uart_8xx.o [4]
Chip_SYSCTL_PowerDown   0x00000207   0x14  Code  Gb  syscon_8xx.o [4]
Chip_SYSCTL_PowerUp     0x0000021b   0x14  Code  Gb  syscon_8xx.o [4]
Chip_SYSCTL_SetDeepSleepPD
                        0x000001e9    0xe  Code  Gb  syscon_8xx.o [4]
Chip_SYSCTL_SetPinInterrupt
                        0x0000645f    0x8  Code  Lc  sx1276-board.o [1]
Chip_SYSCTL_SetWakeup   0x000001f7   0x10  Code  Gb  syscon_8xx.o [4]
Chip_SetupIrcClocking   0x00006ed1    0x4  Code  Gb  sysinit_8xx.o [4]
Chip_UART_ConfigData    0x0000535f    0xc  Code  Lc  usart.o [1]
Chip_UART_Enable        0x0000533f    0xe  Code  Lc  usart.o [1]
Chip_UART_GetStatus     0x000051a9    0x8  Code  Lc  uart_8xx.o [4]
Chip_UART_IRQRBHandler  0x000052c3   0x32  Code  Gb  uart_8xx.o [4]
Chip_UART_Init          0x000051c9   0x34  Code  Gb  uart_8xx.o [4]
Chip_UART_IntDisable    0x0000535b    0x4  Code  Lc  usart.o [1]
Chip_UART_IntDisable    0x000051a5    0x4  Code  Lc  uart_8xx.o [4]
Chip_UART_IntEnable     0x00005357    0x4  Code  Lc  usart.o [1]
Chip_UART_RXIntHandlerRB
                        0x00005233   0x24  Code  Gb  uart_8xx.o [4]
Chip_UART_ReadByte      0x0000519d    0x8  Code  Lc  uart_8xx.o [4]
Chip_UART_ReadRB        0x000052b5    0xe  Code  Gb  uart_8xx.o [4]
Chip_UART_SendByte      0x00005199    0x4  Code  Lc  uart_8xx.o [4]
Chip_UART_SendRB        0x00005281   0x34  Code  Gb  uart_8xx.o [4]
Chip_UART_SetBaud       0x0000521d   0x16  Code  Gb  uart_8xx.o [4]
Chip_UART_TXEnable      0x0000534d    0xa  Code  Lc  usart.o [1]
Chip_UART_TXIntHandlerRB
                        0x00005257   0x2a  Code  Gb  uart_8xx.o [4]
Chip_WKT_ClearIntStatus
                        0x00002817    0xe  Code  Lc  modem.o [1]
Chip_WKT_GetClockRate   0x000001d3    0xe  Code  Gb  wkt_8xx.o [4]
Chip_WKT_LoadCount      0x00002833    0x4  Code  Lc  modem.o [1]
Chip_WKT_SetClockSource
                        0x000001bd   0x16  Code  Gb  wkt_8xx.o [4]
Chip_WKT_Stop           0x00002825    0xe  Code  Lc  modem.o [1]
ComplianceTest          0x1000065c   0x14  Data  Gb  main.o [1]
CountChannels           0x00005555   0x26  Code  Lc  RegionCommon.o [1]
CountNbOfEnabledChannels
                        0x00003351   0x9a  Code  Lc  RegionCN470.o [1]
DataratesCN470          0x00003848    0x8  Data  Lc  RegionCN470.o [1]
DelayMs                 0x0000274d   0x1c  Code  Gb  utilities.o [1]
DevEui                  0x10000678    0x8  Data  Gb  main.o [1]
DeviceState             0x10000671    0x1  Data  Lc  main.o [1]
DownLinkCounter         0x10000048    0x4  Data  Lc  LoRaMac.o [1]
DutyCycleOn             0x100006af    0x1  Data  Lc  LoRaMac.o [1]
ExtRateIn               0x00006f88    0x4  Data  Gb  board.o [3]
GetBandwidth            0x00003329   0x1e  Code  Lc  RegionCN470.o [1]
GetNextLowerTxDr        0x00003275   0xb4  Code  Lc  RegionCN470.o [1]
InStream_Read           0x00006c85   0x22  Code  Lc  packbits_init.o [7]
IrqNestLevel            0x1000136a    0x1  Data  Lc  utilities.o [1]
IsLoRaMacNetworkJoined  0x10000010    0x1  Data  Gb  LoRaMac.o [1]
IsRxWindowsEnabled      0x100006ad    0x1  Data  Lc  LoRaMac.o [1]
IsTxConfirmed           0x100004ce    0x1  Data  Gb  main.o [1]
IsUpLinkCounterFixed    0x10001334    0x1  Data  Lc  LoRaMac.o [1]
JoinRequestTrials       0x1000001d    0x1  Data  Gb  LoRaMac.o [1]
LMIC                    0x10000cb0   0xd8  Data  Gb  modem.o [1]
LastTxChannel           0x10000019    0x1  Data  Lc  LoRaMac.o [1]
LastTxIsJoinRequest     0x100006b0    0x1  Data  Lc  LoRaMac.o [1]
Led1Timer_OffLine       0x10000648   0x14  Data  Gb  modem.o [1]
LimitTxPower            0x00003347    0xa  Code  Lc  RegionCN470.o [1]
LoRaMacAppEui           0x10000030    0x4  Data  Lc  LoRaMac.o [1]
LoRaMacAppKey           0x10000034    0x4  Data  Lc  LoRaMac.o [1]
LoRaMacAppSKey          0x10000084   0x10  Data  Lc  LoRaMac.o [1]
LoRaMacBuffer           0x10000f34  0x100  Data  Lc  LoRaMac.o [1]
LoRaMacBufferPktLen     0x10000026    0x2  Data  Lc  LoRaMac.o [1]
LoRaMacCallbacks        0x10000064    0x4  Data  Lc  LoRaMac.o [1]
LoRaMacComputeMic       0x000023f1   0x8a  Code  Gb  LoRaMacCrypto.o [1]
LoRaMacDevAddr          0x1000003c    0x4  Data  Lc  LoRaMac.o [1]
LoRaMacDevEui           0x1000002c    0x4  Data  Lc  LoRaMac.o [1]
LoRaMacDevNonce         0x10000024    0x2  Data  Lc  LoRaMac.o [1]
LoRaMacDeviceClass      0x1000000d    0x1  Data  Lc  LoRaMac.o [1]
LoRaMacFlags            0x10000020    0x4  Data  Gb  LoRaMac.o [1]
LoRaMacInitialization   0x00001949  0x208  Code  Gb  LoRaMac.o [1]
LoRaMacInitializationTime
                        0x10000058    0x4  Data  Lc  LoRaMac.o [1]
LoRaMacJoinComputeMic   0x0000254f   0x4e  Code  Gb  LoRaMacCrypto.o [1]
LoRaMacJoinComputeSKeys
                        0x000025e1   0x8e  Code  Gb  LoRaMacCrypto.o [1]
LoRaMacJoinDecrypt      0x0000259d   0x44  Code  Gb  LoRaMacCrypto.o [1]
LoRaMacMaxEirpTable     0x000013dc   0x10  Data  Lc  LoRaMac.o [1]
LoRaMacMcpsRequest      0x0000203d  0x146  Code  Gb  LoRaMac.o [1]
LoRaMacMibSetRequestConfirm
                        0x00001c55  0x2ae  Code  Gb  LoRaMac.o [1]
LoRaMacMlmeRequest      0x00001f29  0x104  Code  Gb  LoRaMac.o [1]
LoRaMacNetID            0x10000038    0x4  Data  Lc  LoRaMac.o [1]
LoRaMacNwkSKey          0x10000074   0x10  Data  Lc  LoRaMac.o [1]
LoRaMacParams           0x100011dc   0x38  Data  Gb  LoRaMac.o [1]
LoRaMacParamsDefaults   0x10001214   0x38  Data  Gb  LoRaMac.o [1]
LoRaMacPayloadDecrypt   0x00002539   0x16  Code  Gb  LoRaMacCrypto.o [1]
LoRaMacPayloadEncrypt   0x0000247b   0xbe  Code  Gb  LoRaMacCrypto.o [1]
LoRaMacPrimitives       0x10000060    0x4  Data  Lc  LoRaMac.o [1]
LoRaMacQueryTxPossible  0x00001b59   0xc4  Code  Gb  LoRaMac.o [1]
LoRaMacRegion           0x1000000c    0x1  Data  Lc  LoRaMac.o [1]
LoRaMacRxPayload        0x100003c4  0x100  Data  Lc  LoRaMac.o [1]
LoRaMacState            0x1000005c    0x4  Data  Gb  LoRaMac.o [1]
LoRaMacTxPayloadLen     0x100006ac    0x1  Data  Lc  LoRaMac.o [1]
MODEM                   0x10000b80  0x130  Data  Lc  modem.o [1]
MacCommandsBuffer       0x1000115c   0x80  Data  Lc  LoRaMac.o [1]
MacCommandsBufferIndex  0x10000015    0x1  Data  Lc  LoRaMac.o [1]
MacCommandsBufferToRepeat
                        0x10000094   0x80  Data  Lc  LoRaMac.o [1]
MacCommandsBufferToRepeatIndex
                        0x10000016    0x1  Data  Lc  LoRaMac.o [1]
MacCommandsInNextTx     0x10000014    0x1  Data  Lc  LoRaMac.o [1]
MacStateCheckTimer      0x10000114   0x14  Data  Lc  LoRaMac.o [1]
MaxDCycle               0x100006ae    0x1  Data  Lc  LoRaMac.o [1]
MaxJoinRequestTrials    0x1000001e    0x1  Data  Lc  LoRaMac.o [1]
MaxPayloadOfDatarateCN470
                        0x00003798    0x8  Data  Lc  RegionCN470.o [1]
MaxPayloadOfDatarateRepeaterCN470
                        0x00003790    0x8  Data  Lc  RegionCN470.o [1]
McpsConfirm             0x10001320   0x14  Data  Gb  LoRaMac.o [1]
McpsIndication          0x10001308   0x18  Data  Lc  LoRaMac.o [1]
McpsIndication          0x0000488b   0x88  Code  Lc  main.o [1]
Mic                     0x10000188   0x10  Data  Lc  LoRaMacCrypto.o [1]
MicBlockB0              0x10000178   0x10  Data  Lc  LoRaMacCrypto.o [1]
MlmeConfirm             0x10000000    0xc  Data  Lc  LoRaMac.o [1]
MlmeConfirm             0x00004913   0x52  Code  Lc  main.o [1]
MulticastChannels       0x10000040    0x4  Data  Lc  LoRaMac.o [1]
NVIC_DisableIRQ         0x0000472f    0xe  Code  Lc  main.o [1]
NVIC_EnableIRQ          0x00004721    0xe  Code  Lc  main.o [1]
NVIC_EnableIRQ          0x0000279d    0xe  Code  Lc  modem.o [1]
NVIC_EnableIRQ          0x0000641d    0xe  Code  Lc  sx1276-board.o [1]
NVIC_EnableIRQ          0x000052f5    0xe  Code  Lc  usart.o [1]
NVIC_SetPriority        0x0000473d   0x44  Code  Lc  main.o [1]
NextTx                  0x10000670    0x1  Data  Lc  main.o [1]
NodeAckRequested        0x10000012    0x1  Data  Lc  LoRaMac.o [1]
OnAckTimeoutTimerEvent  0x00000f29   0x34  Code  Lc  LoRaMac.o [1]
OnLed1TimerEventNetOffline
                        0x00002905   0xb6  Code  Lc  modem.o [1]
OnMacStateCheckTimerEvent
                        0x00000b5d  0x2ba  Code  Lc  LoRaMac.o [1]
OnRadioRxDone           0x00000431  0x5fe  Code  Lc  LoRaMac.o [1]
OnRadioRxError          0x00000a5d   0x5e  Code  Lc  LoRaMac.o [1]
OnRadioRxTimeout        0x00000ac1   0x8a  Code  Lc  LoRaMac.o [1]
OnRadioTxDone           0x00000301   0xe8  Code  Lc  LoRaMac.o [1]
OnRadioTxTimeout        0x00000a2f   0x2e  Code  Lc  LoRaMac.o [1]
OnRxWindow1TimerEvent   0x00000e85   0x4e  Code  Lc  LoRaMac.o [1]
OnRxWindow2TimerEvent   0x00000ed3   0x56  Code  Lc  LoRaMac.o [1]
OnTxDelayedTimerEvent   0x00000e1d   0x5e  Code  Lc  LoRaMac.o [1]
OscRateIn               0x00006f84    0x4  Data  Gb  board.o [3]
PININT0_IRQHandler      0x00007c3d  0x152  Code  Gb  sx1276.o [1]
PININT1_IRQHandler      0x00007d8f   0x3e  Code  Gb  sx1276.o [1]
PRIVATE_NET_DR_MAX      0x100006d0    0x1  Data  Gb  RegionCN470.o [1]
PRIVATE_NET_DR_MIN      0x100006d1    0x1  Data  Gb  RegionCN470.o [1]
ParseMacCommandsToRepeat
                        0x00001081   0x5e  Code  Lc  LoRaMac.o [1]
PrepareFrame            0x00001605  0x2a2  Code  Gb  LoRaMac.o [1]
PrepareRxDoneAbort      0x000003e9   0x36  Code  Lc  LoRaMac.o [1]
PrepareTxFrame          0x000047d9   0x1e  Code  Gb  main.o [1]
ProcessMacCommands      0x000010e1  0x2fc  Code  Lc  LoRaMac.o [1]
PublicNetwork           0x1000000e    0x1  Data  Gb  LoRaMac.o [1]
Radio                   0x00006e48   0x5c  Data  Gb  sx1276-board.o [1]
RadioEvents             0x100006b4   0x1c  Data  Lc  LoRaMac.o [1]
RadioEvents             0x10000df4    0x4  Data  Lc  sx1276.o [1]
RadioIsActive           0x10001337    0x1  Data  Lc  sx1276-board.o [1]
RadioRegsInit           0x00007ddc   0x30  Data  Gb  sx1276.o [1]
Region$$Table$$Base     0x00006f0c          --   Gb  - Linker created -
Region$$Table$$Limit    0x00006f38          --   Gb  - Linker created -
RegionAdrNext           0x0000220f   0x1a  Code  Gb  Region.o [1]
RegionAlternateDr       0x000022d5   0x12  Code  Gb  Region.o [1]
RegionApplyCFList       0x000021ed   0x10  Code  Gb  Region.o [1]
RegionApplyDrOffset     0x00002311   0x1a  Code  Gb  Region.o [1]
RegionCN470AdrNext      0x000035e9   0x74  Code  Gb  RegionCN470.o [1]
RegionCN470AlternateDr  0x000039cd   0xdc  Code  Gb  RegionCN470.o [1]
RegionCN470ApplyDrOffset
                        0x00003c11   0x10  Code  Gb  RegionCN470.o [1]
RegionCN470CalcBackOff  0x00003ab1   0x30  Code  Gb  RegionCN470.o [1]
RegionCN470ChanMaskSet  0x000035b5   0x2c  Code  Gb  RegionCN470.o [1]
RegionCN470ComputeRxWindowParameters
                        0x00003689   0x48  Code  Gb  RegionCN470.o [1]
RegionCN470GetPhyParam  0x000033ed   0xae  Code  Gb  RegionCN470.o [1]
RegionCN470InitDefaults
                        0x000034c9   0x6e  Code  Gb  RegionCN470.o [1]
RegionCN470LinkAdrReq   0x00003851  0x114  Code  Gb  RegionCN470.o [1]
RegionCN470NextChannel  0x00003aed  0x102  Code  Gb  RegionCN470.o [1]
RegionCN470RxConfig     0x000036e9   0x90  Code  Gb  RegionCN470.o [1]
RegionCN470RxParamSetupReq
                        0x00003965   0x5a  Code  Gb  RegionCN470.o [1]
RegionCN470SetBandTxDone
                        0x000034a1   0x22  Code  Gb  RegionCN470.o [1]
RegionCN470TxConfig     0x000037a1   0xa8  Code  Gb  RegionCN470.o [1]
RegionCN470Verify       0x00003541   0x74  Code  Gb  RegionCN470.o [1]
RegionCalcBackOff       0x000022e7   0x10  Code  Gb  Region.o [1]
RegionChanMaskSet       0x000021fd   0x12  Code  Gb  Region.o [1]
RegionCommonCalcBackOff
                        0x0000593b   0x58  Code  Gb  RegionCommon.o [1]
RegionCommonChanMaskCopy
                        0x0000564d   0x22  Code  Gb  RegionCommon.o [1]
RegionCommonChanVerifyDr
                        0x00005595   0x7a  Code  Gb  RegionCommon.o [1]
RegionCommonComputeRxWindowParameters
                        0x00005859   0xaa  Code  Gb  RegionCommon.o [1]
RegionCommonComputeSymbolTimeLoRa
                        0x0000581d   0x2e  Code  Gb  RegionCommon.o [1]
RegionCommonComputeTxPower
                        0x00005911   0x2a  Code  Gb  RegionCommon.o [1]
RegionCommonCountChannels
                        0x0000561f   0x2e  Code  Gb  RegionCommon.o [1]
RegionCommonGetJoinDc   0x0000557b   0x1a  Code  Gb  RegionCommon.o [1]
RegionCommonLinkAdrReqVerifyParams
                        0x00005777   0xa6  Code  Gb  RegionCommon.o [1]
RegionCommonParseLinkAdrReq
                        0x0000572f   0x48  Code  Gb  RegionCommon.o [1]
RegionCommonSetBandTxDone
                        0x0000566f    0xa  Code  Gb  RegionCommon.o [1]
RegionCommonUpdateBandTimeOff
                        0x00005679   0xb6  Code  Gb  RegionCommon.o [1]
RegionCommonValueInRange
                        0x0000560f   0x10  Code  Gb  RegionCommon.o [1]
RegionComputeRxWindowParameters
                        0x00002229   0x16  Code  Gb  Region.o [1]
RegionDlChannelReq      0x000022c3   0x12  Code  Gb  Region.o [1]
RegionGetPhyParam       0x000021a1   0x16  Code  Gb  Region.o [1]
RegionInitDefaults      0x000021c7   0x10  Code  Gb  Region.o [1]
RegionIsActive          0x00002195    0xc  Code  Gb  Region.o [1]
RegionLinkAdrReq        0x0000226d   0x20  Code  Gb  Region.o [1]
RegionNewChannelReq     0x0000229f   0x12  Code  Gb  Region.o [1]
RegionNextChannel       0x000022f7   0x1a  Code  Gb  Region.o [1]
RegionRxConfig          0x0000223f   0x16  Code  Gb  Region.o [1]
RegionRxParamSetupReq   0x0000228d   0x12  Code  Gb  Region.o [1]
RegionSetBandTxDone     0x000021b7   0x10  Code  Gb  Region.o [1]
RegionTxConfig          0x00002255   0x18  Code  Gb  Region.o [1]
RegionTxParamSetupReq   0x000022b1   0x12  Code  Gb  Region.o [1]
RegionVerify            0x000021d7   0x16  Code  Gb  Region.o [1]
RepeaterSupport         0x1000000f    0x1  Data  Lc  LoRaMac.o [1]
ResetMacParameters      0x00001571   0x82  Code  Lc  LoRaMac.o [1]
RingBuffer_GetCount     0x00005b49    0x8  Code  Lc  ring_buffer.o [4]
RingBuffer_Init         0x00005b77   0x10  Code  Gb  ring_buffer.o [4]
RingBuffer_Insert       0x00005b87   0x32  Code  Gb  ring_buffer.o [4]
RingBuffer_InsertMult   0x00005bb9   0x96  Code  Gb  ring_buffer.o [4]
RingBuffer_IsEmpty      0x000047c9   0x10  Code  Lc  main.o [1]
RingBuffer_IsEmpty      0x00005b67   0x10  Code  Lc  ring_buffer.o [4]
RingBuffer_IsFull       0x00005b51   0x16  Code  Lc  ring_buffer.o [4]
RingBuffer_Pop          0x00005c4f   0x32  Code  Gb  ring_buffer.o [4]
RingBuffer_PopMult      0x00005c81   0x8e  Code  Gb  ring_buffer.o [4]
RxChainCalibration      0x0000712f   0x8e  Code  Lc  sx1276.o [1]
RxSlot                  0x1000001f    0x1  Data  Lc  LoRaMac.o [1]
RxTimeoutSyncWord       0x10000f20   0x14  Data  Gb  sx1276.o [1]
RxTimeoutTimer          0x10000f0c   0x14  Data  Gb  sx1276.o [1]
RxTxBuffer              0x10000df8  0x100  Data  Lc  sx1276.o [1]
RxWindow1Config         0x10000698   0x14  Data  Lc  LoRaMac.o [1]
RxWindow1Delay          0x10000068    0x4  Data  Lc  LoRaMac.o [1]
RxWindow2Config         0x10001338   0x14  Data  Lc  LoRaMac.o [1]
RxWindow2Delay          0x1000006c    0x4  Data  Lc  LoRaMac.o [1]
RxWindowSetup           0x00000f61   0x16  Code  Lc  LoRaMac.o [1]
RxWindowTimer1          0x1000013c   0x14  Data  Lc  LoRaMac.o [1]
RxWindowTimer2          0x10000150   0x14  Data  Lc  LoRaMac.o [1]
SX1276                  0x10000d88   0x6c  Data  Gb  sx1276.o [1]
SX1276AntSwDeInit       0x000067a5   0x10  Code  Gb  sx1276-board.o [1]
SX1276AntSwInit         0x00006751   0x1a  Code  Gb  sx1276-board.o [1]
SX1276CheckRfFrequency  0x000067d5    0x4  Code  Gb  sx1276-board.o [1]
SX1276GetPaSelect       0x00006715    0xe  Code  Gb  sx1276-board.o [1]
SX1276GetStatus         0x00007063    0x6  Code  Gb  sx1276.o [1]
SX1276GetTimeOnAir      0x000074cd  0x128  Code  Gb  sx1276.o [1]
SX1276Init              0x00006ff5   0x6e  Code  Gb  sx1276.o [1]
SX1276IoInit            0x00006573   0xc6  Code  Gb  sx1276-board.o [1]
SX1276IoIrqInit         0x00006639   0x32  Code  Gb  sx1276-board.o [1]
SX1276IsChannelFree     0x000070a5   0x48  Code  Gb  sx1276.o [1]
SX1276OnTimeoutIrq      0x00007bbd   0x76  Code  Gb  sx1276.o [1]
SX1276Random            0x000070ed   0x42  Code  Gb  sx1276.o [1]
SX1276Read              0x00007a11   0x10  Code  Gb  sx1276.o [1]
SX1276ReadBuffer        0x00007ac9   0x98  Code  Gb  sx1276.o [1]
SX1276ReadFifo          0x00007b6f    0xe  Code  Gb  sx1276.o [1]
SX1276ReadRssi          0x00007921   0x32  Code  Gb  sx1276.o [1]
SX1276Reset             0x00007959   0x28  Code  Gb  sx1276.o [1]
SX1276Send              0x000075f9   0x8e  Code  Gb  sx1276.o [1]
SX1276SetAntSw          0x000067b5   0x20  Code  Gb  sx1276-board.o [1]
SX1276SetAntSwLowPower  0x00006729   0x1e  Code  Gb  sx1276-board.o [1]
SX1276SetChannel        0x00007069   0x3c  Code  Gb  sx1276.o [1]
SX1276SetMaxPayloadLength
                        0x00007b7d   0x18  Code  Gb  sx1276.o [1]
SX1276SetModem          0x000079b1   0x50  Code  Gb  sx1276.o [1]
SX1276SetOpMode         0x00007981   0x30  Code  Gb  sx1276.o [1]
SX1276SetPublicNetwork  0x00007b95   0x26  Code  Gb  sx1276.o [1]
SX1276SetRfTxPower      0x0000666b   0xaa  Code  Gb  sx1276-board.o [1]
SX1276SetRx             0x000076ed  0x1ac  Code  Gb  sx1276.o [1]
SX1276SetRxConfig       0x000071c5  0x1b2  Code  Gb  sx1276.o [1]
SX1276SetSleep          0x00007687   0x24  Code  Gb  sx1276.o [1]
SX1276SetStby           0x000076ab   0x24  Code  Gb  sx1276.o [1]
SX1276SetTx             0x0000789d   0x72  Code  Gb  sx1276.o [1]
SX1276SetTxConfig       0x00007381  0x144  Code  Gb  sx1276.o [1]
SX1276SetTxContinuousWave
                        0x0000791f    0x2  Code  Gb  sx1276.o [1]
SX1276StartCad          0x0000791d    0x2  Code  Gb  sx1276.o [1]
SX1276Write             0x00007a05    0xc  Code  Gb  sx1276.o [1]
SX1276WriteBuffer       0x00007a21   0x90  Code  Gb  sx1276.o [1]
SX1276WriteFifo         0x00007b61    0xe  Code  Gb  sx1276.o [1]
ScheduleTx              0x00001421  0x10e  Code  Lc  LoRaMac.o [1]
Send                    0x000013ed   0x2c  Code  Gb  LoRaMac.o [1]
SendFrame               0x000047f7   0x92  Code  Gb  main.o [1]
SendFrameOnChannel      0x000018ad   0x86  Code  Gb  LoRaMac.o [1]
SrvAckRequested         0x10000013    0x1  Data  Lc  LoRaMac.o [1]
SysTick_Config          0x00004781   0x2a  Code  Lc  main.o [1]
SysTick_Handler         0x0000012b   0x38  Code  Gb  timer.o [1]
SystemCoreClock         0x10001364    0x4  Data  Gb  chip_8xx.o [4]
SystemCoreClockUpdate   0x0000025d   0x10  Code  Gb  chip_8xx.o [4]
SystemInit              0x00006f8d    0x8  Code  Gb  sysinit.o [1]
TimerExists             0x00000175   0x18  Code  Lc  timer.o [1]
TimerGetCurrentTime     0x0000019d    0x6  Code  Gb  timer.o [1]
TimerGetElapsedTime     0x000001a3   0x16  Code  Gb  timer.o [1]
TimerInit               0x000000c1   0x10  Code  Gb  timer.o [1]
TimerListHead           0x10001360    0x4  Data  Lc  timer.o [1]
TimerSetValue           0x0000018d   0x10  Code  Gb  timer.o [1]
TimerStart              0x000000d1   0x5a  Code  Gb  timer.o [1]
TimerStop               0x00000163   0x12  Code  Gb  timer.o [1]
TxDelayedTimer          0x10000128   0x14  Data  Lc  LoRaMac.o [1]
TxTimeOnAir             0x10000070    0x4  Data  Gb  LoRaMac.o [1]
TxTimeoutTimer          0x10000ef8   0x14  Data  Gb  sx1276.o [1]
UART0_IRQHandler        0x00005405   0x10  Code  Gb  usart.o [1]
UpLinkCounter           0x10000044    0x4  Data  Gb  LoRaMac.o [1]
ValidatePayloadLength   0x00000f81   0x3e  Code  Lc  LoRaMac.o [1]
WDT_IRQHandler          0x000028ef    0x2  Code  Gb  modem.o [1]
WKT_IRQHandler          0x00002871    0xa  Code  Gb  modem.o [1]
WakeupTest              0x0000287b   0x44  Code  Gb  modem.o [1]
__Vectors               0x00000000          --   Gb  iar_startup_lpc82x.o [1]
__Vectors_End           0x000000c0         Data  Gb  iar_startup_lpc82x.o [1]
__Vectors_Size {Abs}    0x000000c0          --   Gb  iar_startup_lpc82x.o [1]
__aeabi_cdrcmple        0x000067d9         Code  Gb  DblCmpGe.o [6]
__aeabi_d2iz            0x000061bd         Code  Gb  DblToI32.o [6]
__aeabi_d2uiz           0x000061e1         Code  Gb  DblToI32.o [6]
__aeabi_dadd            0x00005faf         Code  Gb  DblAddSub.o [6]
__aeabi_ddiv            0x00005d69         Code  Gb  DblDiv.o [6]
__aeabi_dmul            0x00005e2b         Code  Gb  DblMul.o [6]
__aeabi_dsub            0x00006075         Code  Gb  DblAddSub.o [6]
__aeabi_f2d             0x00006325         Code  Gb  FltToDbl.o [6]
__aeabi_fsub            0x00006275         Code  Gb  FltAddSub.o [6]
__aeabi_i2d             0x00005d35         Code  Gb  I32ToDbl.o [6]
__aeabi_idiv            0x00003179         Code  Gb  I32DivModFast.o [7]
__aeabi_idivmod         0x00003179         Code  Gb  I32DivModFast.o [7]
__aeabi_memclr4         0x00003c5d         Code  Gb  ABImemset.o [7]
__aeabi_memclr8         0x00003c5d         Code  Gb  ABImemset.o [7]
__aeabi_memcpy          0x00002679         Code  Gb  ABImemcpy.o [7]
__aeabi_memcpy4         0x000026a1         Code  Wk  ABImemcpy.o [7]
__aeabi_memset4         0x00003c21         Code  Gb  ABImemset.o [7]
__aeabi_memset8         0x00003c21         Code  Gb  ABImemset.o [7]
__aeabi_ui2d            0x00005d49         Code  Gb  I32ToDbl.o [6]
__aeabi_ui2f            0x0000322d         Code  Gb  I32ToFlt.o [6]
__aeabi_uidiv           0x0000317f         Code  Gb  I32DivModFast.o [7]
__aeabi_uidivmod        0x0000317f         Code  Gb  I32DivModFast.o [7]
__aeabi_uldivmod        0x000063b1         Code  Gb  I64DivMod.o [7]
__cmain                 0x00006f39         Code  Gb  cmain.o [7]
__exit                  0x00006d69         Code  Gb  XXexit.o [7]
__iar_Memset4_word      0x00003c2d         Code  Gb  ABImemset.o [7]
__iar_ceil              0x00006165         Code  Gb  ceil.o [6]
__iar_ceill             0x00006165         Code  Gb  ceil.o [6]
__iar_d2uiz             0x000061e5         Code  Gb  DblToI32.o [6]
__iar_data_init3        0x00006ee5   0x28  Code  Gb  data_init.o [7]
__iar_floor             0x00006359         Code  Gb  floor.o [6]
__iar_floorl            0x00006359         Code  Gb  floor.o [6]
__iar_packbits_init3    0x00006ca7   0xb6  Code  Gb  packbits_init.o [7]
__iar_program_start     0x00006f79         Code  Gb  cstartup_M.o [7]
__iar_ui2d              0x00005d4d         Code  Gb  I32ToDbl.o [6]
__iar_ui2f              0x00003231         Code  Gb  I32ToFlt.o [6]
__iar_zero_init3        0x0000324b   0x2a  Code  Gb  zero_init3.o [7]
__vector_table          0x00000000         Data  Gb  iar_startup_lpc82x.o [1]
__vector_table_0x1c     0x00000010         Data  Gb  iar_startup_lpc82x.o [1]
_call_main              0x00006f45         Code  Gb  cmain.o [7]
_exit                   0x00006f5d         Code  Gb  cexit.o [7]
_main                   0x00006f4f         Code  Gb  cmain.o [7]
aBlock                  0x100002b0   0x10  Data  Lc  LoRaMacCrypto.o [1]
abort                   0x00006d5d    0xa  Code  Gb  abort.o [5]
add_round_key           0x000040c1    0x8  Code  Lc  aes.o [1]
aes_encrypt             0x000045cf   0x52  Code  Gb  aes.o [1]
aes_set_key             0x000044cd  0x102  Code  Gb  aes.o [1]
ceil                    0x00006165         Code  Gb  ceil.o [6]
ceill                   0x00006165         Code  Gb  ceil.o [6]
config_tab              0x00006930  0x354  Data  Lc  irc_8xx.o [4]
config_tab_idx          0x10001368    0x2  Data  Lc  irc_8xx.o [4]
copy_and_key            0x0000403b   0x86  Code  Lc  aes.o [1]
copy_block              0x00003f61   0x42  Code  Lc  aes.o [1]
copy_block_nn           0x00003fa3   0x16  Code  Lc  aes.o [1]
cpystr                  0x0000504f   0x18  Code  Gb  hex.o [1]
eeprom_write            0x00002359   0x82  Code  Gb  eeprom.o [1]
evnames                 0x10000608   0x40  Data  Lc  modem.o [1]
exit                    0x00006f53    0x8  Code  Gb  exit.o [5]
floor                   0x00006359         Code  Gb  floor.o [6]
floorl                  0x00006359         Code  Gb  floor.o [6]
frame_init              0x00005441   0x14  Code  Gb  frame.o [1]
frame_rx                0x00005455   0xfc  Code  Gb  frame.o [1]
funMcpsConfirm          0x00004889    0x2  Code  Lc  main.o [1]
funWktAlarm             0x00002839   0x2e  Code  Gb  modem.o [1]
getUARTClockID          0x000051b1   0x18  Code  Lc  uart_8xx.o [4]
gethex                  0x00004f55   0x3e  Code  Gb  hex.o [1]
gfm2_sbox               0x000043cc  0x100  Data  Lc  aes.o [1]
gfm3_sbox               0x000042cc  0x100  Data  Lc  aes.o [1]
hex2int                 0x00004fed   0x32  Code  Gb  hex.o [1]
hexval                  0x0000507c  0x100  Data  Lc  hex.o [1]
iap_entry               0x00003c61    0x8  Code  Lc  iap.o [4]
int2hex                 0x00004fc9   0x24  Code  Gb  hex.o [1]
isAlarm                 0x10001336    0x1  Data  Lc  modem.o [1]
isAlarmDuty             0x00002b81    0x6  Code  Gb  modem.o [1]
joincfg                 0x100012b4   0x24  Data  Lc  modem.o [1]
ledBits                 0x00004f50    0x1  Data  Lc  board.o [3]
main                    0x0000499d  0x1a4  Code  Gb  main.o [1]
memcpy1                 0x0000270b   0x16  Code  Gb  utilities.o [1]
memcpyr                 0x00002721   0x1a  Code  Gb  utilities.o [1]
memset1                 0x0000273b   0x12  Code  Gb  utilities.o [1]
mix_sub_columns         0x0000412d  0x19a  Code  Lc  aes.o [1]
modem_init              0x00002c85   0x56  Code  Gb  modem.o [1]
modem_rxdone            0x00002d29  0x400  Code  Gb  modem.o [1]
modem_wkt_init          0x000028bf   0x30  Code  Gb  modem.o [1]
next                    0x100006fc    0x4  Data  Lc  utilities.o [1]
onEvent                 0x000029d1  0x17c  Code  Gb  modem.o [1]
os_crc16                0x00002b87   0x38  Code  Gb  modem.o [1]
persist                 0x1000124c   0x68  Data  Gb  modem.o [1]
persist_init            0x00002bc5   0xba  Code  Lc  modem.o [1]
prvSetupHardware        0x00004969    0xc  Code  Lc  main.o [1]
puthex                  0x00004f95   0x34  Code  Gb  hex.o [1]
rand1                   0x000026d5   0x1a  Code  Gb  utilities.o [1]
randr                   0x000026f5   0x16  Code  Gb  utilities.o [1]
reverse                 0x0000501f   0x22  Code  Gb  hex.o [1]
rxbuff                  0x1000105c   0x40  Data  Lc  usart.o [1]
rxframe                 0x1000134c   0x10  Data  Gb  frame.o [1]
rxring                  0x10001048   0x14  Data  Gb  usart.o [1]
sBlock                  0x100002c0   0x10  Data  Lc  LoRaMacCrypto.o [1]
sbox                    0x00004620  0x100  Data  Lc  aes.o [1]
sesscfg                 0x100012d8   0x30  Data  Lc  modem.o [1]
shift_sub_rows          0x000040c9   0x64  Code  Lc  aes.o [1]
srand1                  0x000026ef    0x6  Code  Gb  utilities.o [1]
src_iap_array_data      0x100010dc   0x80  Data  Gb  eeprom.o [1]
strlen                  0x00000247   0x10  Code  Gb  strlen.o [7]
systicks                0x1000135c    0x4  Data  Gb  timer.o [1]
tolower                 0x00005041    0xe  Code  Gb  hex.o [1]
txbuff                  0x1000109c   0x40  Data  Lc  usart.o [1]
txring                  0x10001034   0x14  Data  Gb  usart.o [1]
uartflashtimer          0x10000674    0x4  Data  Lc  main.o [1]
usart_init              0x0000536b   0x9a  Code  Gb  usart.o [1]
wdtOSCRate              0x00005b08   0x40  Data  Lc  clock_8xx.o [4]
wktType                 0x10001335    0x1  Data  Gb  modem.o [1]
xor_block               0x00003fb9   0x82  Code  Lc  aes.o [1]


[1] = F:\LoRaProduct\source code\nxp_lpcxpresso_824max\lpcxpresso824\prj_xpresso82x\iar\freertos_blinky\iflash_nxp_lpcxpresso_812\Obj
[2] = command line
[3] = board_nxp_lpcxpresso_824.a
[4] = chip_8xx_lib.a
[5] = dl6M_tln.a
[6] = m6M_tl.a
[7] = rt6M_tl.a

  31 812 bytes of readonly  code memory
     513 bytes of readonly  data memory
   5 995 bytes of readwrite data memory

Errors: none
Warnings: none
