###############################################################################
#
# IAR ELF Linker V7.30.3.8024/W32 for ARM                 12/Dec/2017  21:49:04
# Copyright 2007-2014 IAR Systems AB.
#
#    Output file  =  
#        E:\LoRaProduct\source
#        code\nxp_lpcxpresso_824max\lpcxpresso824\prj_xpresso82x\iar\freertos_blinky\iflash_nxp_lpcxpresso_812\Exe\freertos_blinky.out.tmp
#    Map file     =  
#        E:\LoRaProduct\source
#        code\nxp_lpcxpresso_824max\lpcxpresso824\prj_xpresso82x\iar\freertos_blinky\iflash_nxp_lpcxpresso_812\List\freertos_blinky.map
#    Command line =  
#        "E:\LoRaProduct\source
#        code\nxp_lpcxpresso_824max\lpcxpresso824\prj_xpresso82x\iar\freertos_blinky\iflash_nxp_lpcxpresso_812\Obj\aes.o"
#        "E:\LoRaProduct\source
#        code\nxp_lpcxpresso_824max\lpcxpresso824\prj_xpresso82x\iar\lib_board_lpcxpresso824\iar_output\Exe\board_nxp_lpcxpresso_824.a"
#        "E:\LoRaProduct\source
#        code\nxp_lpcxpresso_824max\lpcxpresso824\prj_xpresso82x\iar\lib_chip_8xx\iar_output\Exe\chip_8xx_lib.a"
#        "E:\LoRaProduct\source
#        code\nxp_lpcxpresso_824max\lpcxpresso824\prj_xpresso82x\iar\freertos_blinky\iflash_nxp_lpcxpresso_812\Obj\cmac.o"
#        "E:\LoRaProduct\source
#        code\nxp_lpcxpresso_824max\lpcxpresso824\prj_xpresso82x\iar\freertos_blinky\iflash_nxp_lpcxpresso_812\Obj\frame.o"
#        "E:\LoRaProduct\source
#        code\nxp_lpcxpresso_824max\lpcxpresso824\prj_xpresso82x\iar\freertos_blinky\iflash_nxp_lpcxpresso_812\Obj\hex.o"
#        "E:\LoRaProduct\source
#        code\nxp_lpcxpresso_824max\lpcxpresso824\prj_xpresso82x\iar\freertos_blinky\iflash_nxp_lpcxpresso_812\Obj\iar_startup_lpc82x.o"
#        "E:\LoRaProduct\source
#        code\nxp_lpcxpresso_824max\lpcxpresso824\prj_xpresso82x\iar\freertos_blinky\iflash_nxp_lpcxpresso_812\Obj\LoRaMac.o"
#        "E:\LoRaProduct\source
#        code\nxp_lpcxpresso_824max\lpcxpresso824\prj_xpresso82x\iar\freertos_blinky\iflash_nxp_lpcxpresso_812\Obj\LoRaMacCrypto.o"
#        "E:\LoRaProduct\source
#        code\nxp_lpcxpresso_824max\lpcxpresso824\prj_xpresso82x\iar\freertos_blinky\iflash_nxp_lpcxpresso_812\Obj\main.o"
#        "E:\LoRaProduct\source
#        code\nxp_lpcxpresso_824max\lpcxpresso824\prj_xpresso82x\iar\freertos_blinky\iflash_nxp_lpcxpresso_812\Obj\modem.o"
#        "E:\LoRaProduct\source
#        code\nxp_lpcxpresso_824max\lpcxpresso824\prj_xpresso82x\iar\freertos_blinky\iflash_nxp_lpcxpresso_812\Obj\Region.o"
#        "E:\LoRaProduct\source
#        code\nxp_lpcxpresso_824max\lpcxpresso824\prj_xpresso82x\iar\freertos_blinky\iflash_nxp_lpcxpresso_812\Obj\RegionCN470.o"
#        "E:\LoRaProduct\source
#        code\nxp_lpcxpresso_824max\lpcxpresso824\prj_xpresso82x\iar\freertos_blinky\iflash_nxp_lpcxpresso_812\Obj\RegionCommon.o"
#        "E:\LoRaProduct\source
#        code\nxp_lpcxpresso_824max\lpcxpresso824\prj_xpresso82x\iar\freertos_blinky\iflash_nxp_lpcxpresso_812\Obj\sx1276-board.o"
#        "E:\LoRaProduct\source
#        code\nxp_lpcxpresso_824max\lpcxpresso824\prj_xpresso82x\iar\freertos_blinky\iflash_nxp_lpcxpresso_812\Obj\sx1276.o"
#        "E:\LoRaProduct\source
#        code\nxp_lpcxpresso_824max\lpcxpresso824\prj_xpresso82x\iar\freertos_blinky\iflash_nxp_lpcxpresso_812\Obj\sysinit.o"
#        "E:\LoRaProduct\source
#        code\nxp_lpcxpresso_824max\lpcxpresso824\prj_xpresso82x\iar\freertos_blinky\iflash_nxp_lpcxpresso_812\Obj\timer.o"
#        "E:\LoRaProduct\source
#        code\nxp_lpcxpresso_824max\lpcxpresso824\prj_xpresso82x\iar\freertos_blinky\iflash_nxp_lpcxpresso_812\Obj\usart.o"
#        "E:\LoRaProduct\source
#        code\nxp_lpcxpresso_824max\lpcxpresso824\prj_xpresso82x\iar\freertos_blinky\iflash_nxp_lpcxpresso_812\Obj\utilities.o"
#        -o "E:\LoRaProduct\source
#        code\nxp_lpcxpresso_824max\lpcxpresso824\prj_xpresso82x\iar\freertos_blinky\iflash_nxp_lpcxpresso_812\Exe\freertos_blinky.out.tmp"
#        --map "E:\LoRaProduct\source
#        code\nxp_lpcxpresso_824max\lpcxpresso824\prj_xpresso82x\iar\freertos_blinky\iflash_nxp_lpcxpresso_812\List\freertos_blinky.map"
#        --config "C:\Program Files (x86)\IAR Systems\Embedded Workbench
#        7.0\arm\config\linker\NXP\LPC824M201.icf" --entry __iar_program_start
#        --inline --vfe
#
###############################################################################

*******************************************************************************
*** RUNTIME MODEL ATTRIBUTES
***

CppFlavor       = *
__SystemLibrary = DLib


*******************************************************************************
*** PLACEMENT SUMMARY
***

"A1":  place at 0x00000000 { ro section .intvec };
"P1":  place in [from 0x00000000 to 0x000002fb] |
                [from 0x00000300 to 0x00007fff] { ro };
"P2":  place in [from 0x10000000 to 0x10001fff] { rw, block CSTACK, block HEAP };
"P3":  place in [from 0x000002fc to 0x000002ff] { section .crp };

  Section            Kind        Address    Size  Object
  -------            ----        -------    ----  ------
"A1":                                       0xc0
  .intvec            ro code  0x00000000    0xc0  iar_startup_lpc82x.o [1]
                            - 0x000000c0    0xc0

"P1", part 1 of 2:                         0x236
  .text              ro code  0x000000c0    0xfc  timer.o [1]
  .text              ro code  0x000001bc     0x2  iar_startup_lpc82x.o [1]
  .text              ro code  0x000001c0    0x12  iocon_8xx.o [4]
  .text              ro code  0x000001d2     0x2  iar_startup_lpc82x.o [1]
  .text              ro code  0x000001d4    0x18  gpio_8xx.o [4]
  .text              ro code  0x000001ec    0x48  swm_8xx.o [4]
  .text              ro code  0x00000234     0x2  iar_startup_lpc82x.o [1]
  .text              ro code  0x00000236    0x6a  I64DivMod.o [7]
  .text              ro code  0x000002a0     0x4  iar_startup_lpc82x.o [1]
  .rodata            const    0x000002a4     0x0  zero_init3.o [7]
  .rodata            const    0x000002a4     0x0  packbits_init.o [7]
  Initializer bytes  ro data  0x000002a4    0x52  <for P2 s0>
                            - 0x000002f6   0x236

"P3":                                        0x4
  .crp               ro code  0x000002fc     0x4  iar_startup_lpc82x.o [1]
                            - 0x00000300     0x4

"P1", part 2 of 2:                        0x7764
  .text              ro code  0x00000300  0x2078  LoRaMac.o [1]
  .text              ro code  0x00002378   0x634  modem.o [1]
  .text              ro code  0x000029ac   0x1ac  Region.o [1]
  .text              ro code  0x00002b58   0x288  LoRaMacCrypto.o [1]
  .text              ro code  0x00002de0    0xc8  utilities.o [1]
  .text              ro code  0x00002ea8    0xe0  I32DivModFast.o [7]
  .text              ro code  0x00002f88    0x1e  I32ToFlt.o [6]
  .text              ro code  0x00002fa6    0x2a  zero_init3.o [7]
  .text              ro code  0x00002fd0    0xb4  iap.o [4]
  .text              ro code  0x00003084   0x221  board.o [3]
  .text              ro code  0x000032a6     0x2  iar_startup_lpc82x.o [1]
  .text              ro code  0x000032a8    0x40  ABImemset.o [7]
  .text              ro code  0x000032e8   0x14c  usart.o [1]
  .text              ro code  0x00003434    0xf0  frame.o [1]
  .text              ro code  0x00003524   0x204  hex.o [1]
  .text              ro code  0x00003728   0x178  uart_8xx.o [4]
  .text              ro code  0x000038a0   0x840  RegionCN470.o [1]
  .text              ro code  0x000040e0   0x24a  cmac.o [1]
  .text              ro code  0x0000432c   0x7c0  aes.o [1]
  .text              ro code  0x00004aec   0x1b4  clock_8xx.o [4]
  .text              ro code  0x00004ca0   0x1c6  ring_buffer.o [4]
  .text              ro code  0x00004e68   0x43e  RegionCommon.o [1]
  .text              ro code  0x000052a8    0x5c  ABImemcpy.o [7]
  .text              ro code  0x00005304    0x34  I32ToDbl.o [6]
  .text              ro code  0x00005338    0xc2  DblDiv.o [6]
  .text              ro code  0x000053fa   0x184  DblMul.o [6]
  .text              ro code  0x0000557e   0x1b4  DblAddSub.o [6]
  .text              ro code  0x00005734    0x58  ceil.o [6]
  .text              ro code  0x0000578c    0x52  DblToI32.o [6]
  .text              ro code  0x000057de   0x116  FltAddSub.o [6]
  .text              ro code  0x000058f4    0x32  FltToDbl.o [6]
  .text              ro code  0x00005928    0x58  floor.o [6]
  .text              ro code  0x00005980   0x40c  sx1276-board.o [1]
  .text              ro code  0x00005d8c    0x32  DblCmpGe.o [6]
  .text              ro code  0x00005dc0    0x44  spim_8xx.o [4]
  .text              ro code  0x00005e04    0x2c  spi_8xx.o [4]
  .text              ro code  0x00005e30   0x524  main.o [1]
  .text              ro code  0x00006354    0x10  chip_8xx.o [4]
  .text              ro code  0x00006364    0x34  syscon_8xx.o [4]
  .text              ro code  0x00006398    0xd8  packbits_init.o [7]
  .text              ro code  0x00006470     0xa  abort.o [5]
  .text              ro code  0x0000647c     0xc  XXexit.o [7]
  .text              ro code  0x00006488    0x7a  board_sysinit.o [3]
  .text              ro code  0x00006504    0x14  sysinit_8xx.o [4]
  .rodata            const    0x00006518    0x5c  sx1276-board.o [1]
  .text              ro code  0x00006574    0x28  data_init.o [7]
  .iar.init_table    const    0x0000659c    0x2c  - Linker created -
  .text              ro code  0x000065c8    0x1a  cmain.o [7]
  .text              ro code  0x000065e2     0x8  exit.o [5]
  .text              ro code  0x000065ec     0xa  cexit.o [7]
  .text              ro code  0x000065f8    0x10  iar_startup_lpc82x.o [1]
  .text              ro code  0x00006608     0xc  cstartup_M.o [7]
  .rodata            const    0x00006614     0x8  board.o [3]
  .text              ro code  0x0000661c     0x8  sysinit.o [1]
  .text              ro code  0x00006624  0x1038  sx1276.o [1]
  .text              ro code  0x0000765c   0x408  irc_8xx.o [4]
                            - 0x00007a64  0x7764

"P2":                                     0x1600
  P2 s0                       0x10000000   0x47c  <Init block>
    .data            inited   0x10000000   0x178  LoRaMac.o [1]
    .data            inited   0x10000178   0x138  LoRaMacCrypto.o [1]
    .data            inited   0x100002b0   0x114  LoRaMacCrypto.o [1]
    .data            inited   0x100003c4    0x54  main.o [1]
    .data            inited   0x10000418    0x38  LoRaMac.o [1]
    .data            inited   0x10000450    0x28  RegionCN470.o [1]
    .data            inited   0x10000478     0x4  utilities.o [1]
  .bss               zero     0x1000047c   0x480  RegionCN470.o [1]
  .bss               zero     0x100008fc   0x198  sx1276.o [1]
  .bss               zero     0x10000a94   0x180  modem.o [1]
  .bss               zero     0x10000c14   0x100  LoRaMac.o [1]
  .bss               zero     0x10000d14   0x100  LoRaMac.o [1]
  .bss               zero     0x10000e14    0xf4  main.o [1]
  .bss               zero     0x10000f08    0xa8  usart.o [1]
  .bss               zero     0x10000fb0    0xa4  modem.o [1]
  .bss               zero     0x10001054    0x80  LoRaMac.o [1]
  .bss               zero     0x100010d4    0x70  LoRaMac.o [1]
  .bss               zero     0x10001144    0x40  modem.o [1]
  .bss               zero     0x10001184    0x18  LoRaMac.o [1]
  .bss               zero     0x1000119c    0x18  sx1276.o [1]
  .bss               zero     0x100011b4    0x15  LoRaMac.o [1]
  .bss               zero     0x100011ca     0x2  irc_8xx.o [4]
  .bss               zero     0x100011cc    0x14  LoRaMac.o [1]
  .bss               zero     0x100011e0    0x10  frame.o [1]
  .bss               zero     0x100011f0     0x8  timer.o [1]
  .bss               zero     0x100011f8     0x4  chip_8xx.o [4]
  .bss               zero     0x100011fc     0x1  modem.o [1]
  .bss               zero     0x100011fd     0x1  modem.o [1]
  .bss               zero     0x100011fe     0x1  sx1276-board.o [1]
  .bss               zero     0x100011ff     0x1  utilities.o [1]
  CSTACK                      0x10001200   0x400  <Block>
    CSTACK           uninit   0x10001200   0x400  <Block tail>
                            - 0x10001600  0x1600


*******************************************************************************
*** INIT TABLE
***

          Address     Size
          -------     ----
Zero (__iar_zero_init3)
    1 destination range, total size 0xd84:
          0x1000047c  0xd84

Copy/packbits (__iar_packbits_init3)
    1 source range, total size 0x52 (7% of destination):
          0x000002a4   0x52
    1 destination range, total size 0x47c:
          0x10000000  0x47c



*******************************************************************************
*** MODULE SUMMARY
***

    Module                ro code  ro data  rw data
    ------                -------  -------  -------
E:\LoRaProduct\source code\nxp_lpcxpresso_824max\lpcxpresso824\prj_xpresso82x\iar\freertos_blinky\iflash_nxp_lpcxpresso_812\Obj: [1]
    LoRaMac.o               8 312       30    1 249
    LoRaMacCrypto.o           648       42      588
    Region.o                  428
    RegionCN470.o           2 112        3    1 192
    RegionCommon.o          1 086
    aes.o                   1 984
    cmac.o                    586
    frame.o                   240                16
    hex.o                     516
    iar_startup_lpc82x.o      224
    main.o                  1 316        6      328
    modem.o                 1 588               614
    sx1276-board.o          1 036       92        1
    sx1276.o                4 152               432
    sysinit.o                   8
    timer.o                   252                 8
    usart.o                   332               168
    utilities.o               200        1        5
    -----------------------------------------------
    Total:                 25 020      174    4 601

command line: [2]
    -----------------------------------------------
    Total:

board_nxp_lpcxpresso_824.a: [3]
    board.o                   545        8
    board_sysinit.o           122
    -----------------------------------------------
    Total:                    667        8

chip_8xx_lib.a: [4]
    chip_8xx.o                 16                 4
    clock_8xx.o               436
    gpio_8xx.o                 24
    iap.o                     180
    iocon_8xx.o                18
    irc_8xx.o               1 032                 2
    ring_buffer.o             454
    spi_8xx.o                  44
    spim_8xx.o                 68
    swm_8xx.o                  72
    syscon_8xx.o               52
    sysinit_8xx.o              20
    uart_8xx.o                376
    -----------------------------------------------
    Total:                  2 792                 6

dl6M_tln.a: [5]
    abort.o                    10
    exit.o                      8
    -----------------------------------------------
    Total:                     18

m6M_tl.a: [6]
    DblAddSub.o               436
    DblCmpGe.o                 50
    DblDiv.o                  194
    DblMul.o                  388
    DblToI32.o                 82
    FltAddSub.o               278
    FltToDbl.o                 50
    I32ToDbl.o                 52
    I32ToFlt.o                 30
    ceil.o                     88
    floor.o                    88
    -----------------------------------------------
    Total:                  1 736

rt6M_tl.a: [7]
    ABImemcpy.o                92
    ABImemset.o                64
    I32DivModFast.o           224
    I64DivMod.o               106
    XXexit.o                   12
    cexit.o                    10
    cmain.o                    26
    cstartup_M.o               12
    data_init.o                40
    packbits_init.o           216
    zero_init3.o               42
    -----------------------------------------------
    Total:                    844

    Gaps                       23                 1
    Linker created                      44    1 024
---------------------------------------------------
    Grand Total:           31 100      226    5 632


*******************************************************************************
*** ENTRY LIST
***

Entry                      Address   Size  Type      Object
-----                      -------   ----  ----      ------
?main                   0x000065c9         Code  Gb  cmain.o [7]
AES_CMAC_Final          0x000041dd  0x14e  Code  Gb  cmac.o [1]
AES_CMAC_Init           0x000040e1   0x22  Code  Gb  cmac.o [1]
AES_CMAC_SetKey         0x00004103   0x10  Code  Gb  cmac.o [1]
AES_CMAC_Update         0x00004113   0xca  Code  Gb  cmac.o [1]
AckTimeoutRetries       0x1000001a    0x1  Data  Lc  LoRaMac.o [1]
AckTimeoutRetriesCounter
                        0x1000001b    0x1  Data  Lc  LoRaMac.o [1]
AckTimeoutRetry         0x1000001c    0x1  Data  Lc  LoRaMac.o [1]
AckTimeoutTimer         0x10000164   0x14  Data  Lc  LoRaMac.o [1]
AddMacCommand           0x00000f69   0x9c  Code  Lc  LoRaMac.o [1]
AdrAckCounter           0x1000004c    0x4  Data  Lc  LoRaMac.o [1]
AdrCtrlOn               0x10000011    0x1  Data  Lc  LoRaMac.o [1]
AesCmacCtx              0x10000198  0x118  Data  Lc  LoRaMacCrypto.o [1]
AesContext              0x100002d0   0xf4  Data  Lc  LoRaMacCrypto.o [1]
AggregatedDCycle        0x10000028    0x2  Data  Lc  LoRaMac.o [1]
AggregatedLastTxDoneTime
                        0x10000050    0x4  Data  Lc  LoRaMac.o [1]
AggregatedTimeOff       0x10000054    0x4  Data  Lc  LoRaMac.o [1]
AppData                 0x10000e14   0xf4  Data  Lc  main.o [1]
AppDataSize             0x100003d9    0x1  Data  Lc  main.o [1]
AppEui                  0x100003ec    0x8  Data  Lc  main.o [1]
AppKey                  0x100003f4   0x10  Data  Lc  main.o [1]
AppLedStateOn           0x100003db    0x1  Data  Lc  main.o [1]
AppPort                 0x100003d8    0x1  Data  Lc  main.o [1]
Bands                   0x10000468   0x10  Data  Lc  RegionCN470.o [1]
BandwidthsCN470         0x00003c2c   0x18  Data  Lc  RegionCN470.o [1]
BoardDisableIrq         0x00002e75    0xc  Code  Gb  utilities.o [1]
BoardEnableIrq          0x00002e81   0x12  Code  Gb  utilities.o [1]
BoardGetBatteryLevel    0x000061ff    0x4  Code  Gb  main.o [1]
Board_GPIO_Init         0x000030dd  0x17a  Code  Gb  board.o [3]
Board_Init              0x00003259   0x32  Code  Gb  board.o [3]
Board_LED_Set           0x000030c3   0x1a  Code  Gb  board.o [3]
Board_SetupClocking     0x0000649b   0x48  Code  Gb  board_sysinit.o [3]
Board_SystemInit        0x000064f5    0xe  Code  Gb  board_sysinit.o [3]
CSTACK$$Base            0x10001200          --   Gb  - Linker created -
CSTACK$$Limit           0x10001600          --   Gb  - Linker created -
CalculateBackOff        0x000014e5   0x3c  Code  Lc  LoRaMac.o [1]
Channel                 0x10000018    0x1  Data  Lc  LoRaMac.o [1]
Channels                0x1000047c  0x480  Data  Lc  RegionCN470.o [1]
ChannelsDefaultMask     0x1000045c    0xc  Data  Lc  RegionCN470.o [1]
ChannelsMask            0x10000450    0xc  Data  Lc  RegionCN470.o [1]
ChannelsNbRepCounter    0x10000017    0x1  Data  Lc  LoRaMac.o [1]
Chip_Clock_DisablePeriphClock
                        0x000059ed   0x12  Code  Lc  sx1276-board.o [1]
Chip_Clock_DisablePeriphClock
                        0x00003309   0x12  Code  Lc  usart.o [1]
Chip_Clock_DisablePeriphClock
                        0x00003097   0x12  Code  Lc  board.o [3]
Chip_Clock_EnablePeriphClock
                        0x00005e9f   0x12  Code  Lc  main.o [1]
Chip_Clock_EnablePeriphClock
                        0x000059db   0x12  Code  Lc  sx1276-board.o [1]
Chip_Clock_EnablePeriphClock
                        0x000032f7   0x12  Code  Lc  usart.o [1]
Chip_Clock_EnablePeriphClock
                        0x00003085   0x12  Code  Lc  board.o [3]
Chip_Clock_EnablePeriphClock
                        0x00006489   0x12  Code  Lc  board_sysinit.o [3]
Chip_Clock_GetMainClockRate
                        0x00004b5d   0x30  Code  Gb  clock_8xx.o [4]
Chip_Clock_GetSystemClockRate
                        0x00004b8d   0x12  Code  Gb  clock_8xx.o [4]
Chip_Clock_GetSystemPLLInClockRate
                        0x00004b23   0x26  Code  Gb  clock_8xx.o [4]
Chip_Clock_GetSystemPLLOutClockRate
                        0x00004b49   0x14  Code  Gb  clock_8xx.o [4]
Chip_Clock_GetUSARTNBaseClockRate
                        0x00004b9f   0x36  Code  Gb  clock_8xx.o [4]
Chip_Clock_GetWDTOSCRate
                        0x00004b01   0x22  Code  Gb  clock_8xx.o [4]
Chip_Clock_SetMainClockSource
                        0x00004af1    0x2  Code  Gb  clock_8xx.o [4]
Chip_Clock_SetSystemPLLSource
                        0x00004aed    0x4  Code  Gb  clock_8xx.o [4]
Chip_Clock_SetUARTClockDiv
                        0x0000331b    0x6  Code  Lc  usart.o [1]
Chip_Clock_SetUSARTNBaseClockRate
                        0x00004bd5   0x5a  Code  Gb  clock_8xx.o [4]
Chip_FMC_ComputeSignature
                        0x00002379   0x14  Code  Lc  modem.o [1]
Chip_FMC_ComputeSignatureBlocks
                        0x0000238d    0xc  Code  Lc  modem.o [1]
Chip_FMC_IsSignatureBusy
                        0x00002399    0x8  Code  Lc  modem.o [1]
Chip_FMC_SetFLASHAccess
                        0x0000765d    0x8  Code  Lc  irc_8xx.o [4]
Chip_GPIO_Init          0x000001d5   0x10  Code  Gb  gpio_8xx.o [4]
Chip_GPIO_SetPinDIR     0x00005a31   0x12  Code  Lc  sx1276-board.o [1]
Chip_GPIO_SetPinDIRInput
                        0x00005a21   0x10  Code  Lc  sx1276-board.o [1]
Chip_GPIO_SetPinDIROutput
                        0x00005a11   0x10  Code  Lc  sx1276-board.o [1]
Chip_GPIO_SetPinOutHigh
                        0x00006629   0x10  Code  Lc  sx1276.o [1]
Chip_GPIO_SetPinOutLow  0x00006639   0x10  Code  Lc  sx1276.o [1]
Chip_GPIO_SetPinState   0x000030bb    0x8  Code  Lc  board.o [3]
Chip_IAP_CopyRamToFlash
                        0x00002fe7   0x1e  Code  Gb  iap.o [4]
Chip_IAP_EraseSector    0x0000300d    0x8  Code  Gb  iap.o [4]
Chip_IAP_PreSectorForReadWrite
                        0x00002fd9    0xe  Code  Gb  iap.o [4]
Chip_IAP_ReadPID        0x00003015   0x16  Code  Gb  iap.o [4]
Chip_IAP_ReadUID        0x0000302b   0x2a  Code  Gb  iap.o [4]
Chip_IOCON_PinSetMode   0x000001c1   0x12  Code  Gb  iocon_8xx.o [4]
Chip_IRC_SetFreq        0x00007665   0x9c  Code  Gb  irc_8xx.o [4]
Chip_PININT_ClearIntStatus
                        0x00006625    0x4  Code  Lc  sx1276.o [1]
Chip_PININT_EnableIntHigh
                        0x00005a0d    0x4  Code  Lc  sx1276-board.o [1]
Chip_PININT_SetPinModeEdge
                        0x000059ff    0xe  Code  Lc  sx1276-board.o [1]
Chip_SPIM_GetClockRate  0x00005dc1   0x14  Code  Gb  spim_8xx.o [4]
Chip_SPIM_SetClockRate  0x00005dd5   0x2c  Code  Gb  spim_8xx.o [4]
Chip_SPI_ClearCFGRegBits
                        0x00005a51    0xe  Code  Lc  sx1276-board.o [1]
Chip_SPI_ClearStatus    0x00006651    0x4  Code  Lc  sx1276.o [1]
Chip_SPI_ConfigureSPI   0x00005a8d   0x1c  Code  Lc  sx1276-board.o [1]
Chip_SPI_DelayConfig    0x00005e05   0x2c  Code  Gb  spi_8xx.o [4]
Chip_SPI_Enable         0x00005a83    0xa  Code  Lc  sx1276-board.o [1]
Chip_SPI_GetStatus      0x00006649    0x8  Code  Lc  sx1276.o [1]
Chip_SPI_Init           0x00005a5f   0x24  Code  Lc  sx1276-board.o [1]
Chip_SPI_ReceiveFrame   0x0000667b    0x6  Code  Lc  sx1276.o [1]
Chip_SPI_SendLastFrame  0x00006667   0x14  Code  Lc  sx1276.o [1]
Chip_SPI_SendMidFrame   0x00006663    0x4  Code  Lc  sx1276.o [1]
Chip_SPI_SetCFGRegBits  0x00005a43    0xe  Code  Lc  sx1276-board.o [1]
Chip_SPI_SetControlInfo
                        0x00006655    0xe  Code  Lc  sx1276.o [1]
Chip_SWM_DisableFixedPin
                        0x00003321   0x12  Code  Lc  usart.o [1]
Chip_SWM_DisableFixedPin
                        0x000030a9   0x12  Code  Lc  board.o [3]
Chip_SWM_FixedPinEnable
                        0x0000020b   0x20  Code  Gb  swm_8xx.o [4]
Chip_SWM_MovablePinAssign
                        0x000001ed   0x1e  Code  Gb  swm_8xx.o [4]
Chip_SYSCTL_AssertPeriphReset
                        0x0000598f   0x12  Code  Lc  sx1276-board.o [1]
Chip_SYSCTL_DeassertPeriphReset
                        0x000059a1   0x12  Code  Lc  sx1276-board.o [1]
Chip_SYSCTL_EnablePINTWakeup
                        0x000059cb   0x10  Code  Lc  sx1276-board.o [1]
Chip_SYSCTL_PeriphReset
                        0x000059b3   0x10  Code  Lc  sx1276-board.o [1]
Chip_SYSCTL_PeriphReset
                        0x00003729   0x1c  Code  Lc  uart_8xx.o [4]
Chip_SYSCTL_PowerDown   0x00006365   0x14  Code  Gb  syscon_8xx.o [4]
Chip_SYSCTL_PowerUp     0x00006379   0x14  Code  Gb  syscon_8xx.o [4]
Chip_SYSCTL_SetPinInterrupt
                        0x000059c3    0x8  Code  Lc  sx1276-board.o [1]
Chip_SetupIrcClocking   0x00006505    0x4  Code  Gb  sysinit_8xx.o [4]
Chip_UART_ConfigData    0x00003353    0xc  Code  Lc  usart.o [1]
Chip_UART_Enable        0x00003333    0xe  Code  Lc  usart.o [1]
Chip_UART_GetStatus     0x00003755    0x8  Code  Lc  uart_8xx.o [4]
Chip_UART_IRQRBHandler  0x0000386f   0x32  Code  Gb  uart_8xx.o [4]
Chip_UART_Init          0x00003775   0x34  Code  Gb  uart_8xx.o [4]
Chip_UART_IntDisable    0x0000334f    0x4  Code  Lc  usart.o [1]
Chip_UART_IntDisable    0x00003751    0x4  Code  Lc  uart_8xx.o [4]
Chip_UART_IntEnable     0x0000334b    0x4  Code  Lc  usart.o [1]
Chip_UART_RXIntHandlerRB
                        0x000037df   0x24  Code  Gb  uart_8xx.o [4]
Chip_UART_ReadByte      0x00003749    0x8  Code  Lc  uart_8xx.o [4]
Chip_UART_ReadRB        0x00003861    0xe  Code  Gb  uart_8xx.o [4]
Chip_UART_SendByte      0x00003745    0x4  Code  Lc  uart_8xx.o [4]
Chip_UART_SendRB        0x0000382d   0x34  Code  Gb  uart_8xx.o [4]
Chip_UART_SetBaud       0x000037c9   0x16  Code  Gb  uart_8xx.o [4]
Chip_UART_TXEnable      0x00003341    0xa  Code  Lc  usart.o [1]
Chip_UART_TXIntHandlerRB
                        0x00003803   0x2a  Code  Gb  uart_8xx.o [4]
ComplianceTest          0x100003c4   0x14  Data  Gb  main.o [1]
CountChannels           0x00004e69   0x26  Code  Lc  RegionCommon.o [1]
CountNbOfEnabledChannels
                        0x000038dd   0x9a  Code  Lc  RegionCN470.o [1]
DataratesCN470          0x00003da4    0x8  Data  Lc  RegionCN470.o [1]
DelayMs                 0x00002e59   0x1c  Code  Gb  utilities.o [1]
DevEui                  0x100003e4    0x8  Data  Lc  main.o [1]
DeviceState             0x100003dd    0x1  Data  Lc  main.o [1]
DownLinkCounter         0x10000048    0x4  Data  Lc  LoRaMac.o [1]
DutyCycleOn             0x1000042f    0x1  Data  Lc  LoRaMac.o [1]
ExtRateIn               0x00006618    0x4  Data  Gb  board.o [3]
GetBandwidth            0x000038b5   0x1e  Code  Lc  RegionCN470.o [1]
GetNextLowerTxDr        0x000038a1   0x14  Code  Lc  RegionCN470.o [1]
InStream_Read           0x00006399   0x22  Code  Lc  packbits_init.o [7]
IrqNestLevel            0x100011ff    0x1  Data  Lc  utilities.o [1]
IsLoRaMacNetworkJoined  0x10000010    0x1  Data  Gb  LoRaMac.o [1]
IsRxWindowsEnabled      0x1000042d    0x1  Data  Lc  LoRaMac.o [1]
IsTxConfirmed           0x100003da    0x1  Data  Lc  main.o [1]
IsUpLinkCounterFixed    0x100011c8    0x1  Data  Lc  LoRaMac.o [1]
JoinRequestTrials       0x1000001d    0x1  Data  Lc  LoRaMac.o [1]
LMIC                    0x10000fb0   0xa4  Data  Gb  modem.o [1]
LastTxChannel           0x10000019    0x1  Data  Lc  LoRaMac.o [1]
LastTxIsJoinRequest     0x10000430    0x1  Data  Lc  LoRaMac.o [1]
Led1Timer_OffLine       0x10000c00   0x14  Data  Gb  modem.o [1]
Led1Timer_OnLine        0x10000bec   0x14  Data  Gb  modem.o [1]
Led1Timer_Rx            0x10000bd8   0x14  Data  Gb  modem.o [1]
Led1Timer_Tx            0x10000bc4   0x14  Data  Gb  modem.o [1]
LedIndication           0x0000252b   0xa2  Code  Gb  modem.o [1]
LimitTxPower            0x000038d3    0xa  Code  Lc  RegionCN470.o [1]
LoRaMacAppEui           0x10000030    0x4  Data  Lc  LoRaMac.o [1]
LoRaMacAppKey           0x10000034    0x4  Data  Lc  LoRaMac.o [1]
LoRaMacAppSKey          0x10000084   0x10  Data  Lc  LoRaMac.o [1]
LoRaMacBuffer           0x10000c14  0x100  Data  Lc  LoRaMac.o [1]
LoRaMacBufferPktLen     0x10000026    0x2  Data  Lc  LoRaMac.o [1]
LoRaMacCallbacks        0x10000064    0x4  Data  Lc  LoRaMac.o [1]
LoRaMacComputeMic       0x00002b59   0x8a  Code  Gb  LoRaMacCrypto.o [1]
LoRaMacDevAddr          0x1000003c    0x4  Data  Lc  LoRaMac.o [1]
LoRaMacDevEui           0x1000002c    0x4  Data  Lc  LoRaMac.o [1]
LoRaMacDevNonce         0x10000024    0x2  Data  Lc  LoRaMac.o [1]
LoRaMacDeviceClass      0x1000000d    0x1  Data  Lc  LoRaMac.o [1]
LoRaMacFlags            0x10000020    0x4  Data  Gb  LoRaMac.o [1]
LoRaMacInitialization   0x0000197d  0x208  Code  Gb  LoRaMac.o [1]
LoRaMacInitializationTime
                        0x10000058    0x4  Data  Lc  LoRaMac.o [1]
LoRaMacJoinComputeMic   0x00002cb7   0x4e  Code  Gb  LoRaMacCrypto.o [1]
LoRaMacJoinComputeSKeys
                        0x00002d49   0x8e  Code  Gb  LoRaMacCrypto.o [1]
LoRaMacJoinDecrypt      0x00002d05   0x44  Code  Gb  LoRaMacCrypto.o [1]
LoRaMacMaxEirpTable     0x00001388   0x10  Data  Lc  LoRaMac.o [1]
LoRaMacMcpsRequest      0x00002221  0x146  Code  Gb  LoRaMac.o [1]
LoRaMacMibGetRequestConfirm
                        0x00001c5d  0x154  Code  Gb  LoRaMac.o [1]
LoRaMacMibSetRequestConfirm
                        0x00001df9  0x2ae  Code  Gb  LoRaMac.o [1]
LoRaMacMlmeRequest      0x000020d1  0x13e  Code  Gb  LoRaMac.o [1]
LoRaMacNetID            0x10000038    0x4  Data  Lc  LoRaMac.o [1]
LoRaMacNwkSKey          0x10000074   0x10  Data  Lc  LoRaMac.o [1]
LoRaMacParams           0x100010d4   0x38  Data  Gb  LoRaMac.o [1]
LoRaMacParamsDefaults   0x1000110c   0x38  Data  Gb  LoRaMac.o [1]
LoRaMacPayloadDecrypt   0x00002ca1   0x16  Code  Gb  LoRaMacCrypto.o [1]
LoRaMacPayloadEncrypt   0x00002be3   0xbe  Code  Gb  LoRaMacCrypto.o [1]
LoRaMacPrimitives       0x10000060    0x4  Data  Lc  LoRaMac.o [1]
LoRaMacQueryTxPossible  0x00001b8d   0xc4  Code  Gb  LoRaMac.o [1]
LoRaMacRegion           0x1000000c    0x1  Data  Lc  LoRaMac.o [1]
LoRaMacRxPayload        0x10000d14  0x100  Data  Lc  LoRaMac.o [1]
LoRaMacState            0x1000005c    0x4  Data  Gb  LoRaMac.o [1]
LoRaMacTxPayloadLen     0x1000042c    0x1  Data  Lc  LoRaMac.o [1]
MODEM                   0x10000a94  0x130  Data  Lc  modem.o [1]
MacCommandsBuffer       0x10001054   0x80  Data  Lc  LoRaMac.o [1]
MacCommandsBufferIndex  0x10000015    0x1  Data  Lc  LoRaMac.o [1]
MacCommandsBufferToRepeat
                        0x10000094   0x80  Data  Lc  LoRaMac.o [1]
MacCommandsBufferToRepeatIndex
                        0x10000016    0x1  Data  Lc  LoRaMac.o [1]
MacCommandsInNextTx     0x10000014    0x1  Data  Lc  LoRaMac.o [1]
MacStateCheckTimer      0x10000114   0x14  Data  Lc  LoRaMac.o [1]
MaxDCycle               0x1000042e    0x1  Data  Lc  LoRaMac.o [1]
MaxJoinRequestTrials    0x1000001e    0x1  Data  Lc  LoRaMac.o [1]
MaxPayloadOfDatarateCN470
                        0x00003cf8    0x8  Data  Lc  RegionCN470.o [1]
MaxPayloadOfDatarateRepeaterCN470
                        0x00003cf0    0x8  Data  Lc  RegionCN470.o [1]
McpsConfirm             0x100011b4   0x14  Data  Lc  LoRaMac.o [1]
McpsConfirm             0x00005fbf    0x8  Code  Lc  main.o [1]
McpsIndication          0x10001184   0x18  Data  Lc  LoRaMac.o [1]
McpsIndication          0x00005fd1  0x1d6  Code  Lc  main.o [1]
Mic                     0x10000188   0x10  Data  Lc  LoRaMacCrypto.o [1]
MicBlockB0              0x10000178   0x10  Data  Lc  LoRaMacCrypto.o [1]
MlmeConfirm             0x10000000    0xc  Data  Lc  LoRaMac.o [1]
MlmeConfirm             0x000061bd   0x42  Code  Lc  main.o [1]
MulticastChannels       0x10000040    0x4  Data  Lc  LoRaMac.o [1]
NVIC_EnableIRQ          0x00005981    0xe  Code  Lc  sx1276-board.o [1]
NVIC_EnableIRQ          0x000032e9    0xe  Code  Lc  usart.o [1]
NVIC_SetPriority        0x00005e31   0x44  Code  Lc  main.o [1]
NextTx                  0x100003dc    0x1  Data  Lc  main.o [1]
NodeAckRequested        0x10000012    0x1  Data  Lc  LoRaMac.o [1]
OnAckTimeoutTimerEvent  0x00000ed9   0x34  Code  Lc  LoRaMac.o [1]
OnLed1TimerEventNetOffline
                        0x0000241d   0xae  Code  Lc  modem.o [1]
OnLed1TimerEventNetOnline
                        0x000024cb   0x60  Code  Lc  modem.o [1]
OnLed1TimerEventRx      0x000023ed   0x18  Code  Lc  modem.o [1]
OnLed1TimerEventTx      0x00002405   0x18  Code  Lc  modem.o [1]
OnMacStateCheckTimerEvent
                        0x00000b31  0x282  Code  Lc  LoRaMac.o [1]
OnRadioRxDone           0x00000449  0x5c0  Code  Lc  LoRaMac.o [1]
OnRadioRxError          0x00000a3b   0x5e  Code  Lc  LoRaMac.o [1]
OnRadioRxTimeout        0x00000a9d   0x84  Code  Lc  LoRaMac.o [1]
OnRadioTxDone           0x00000301   0xfc  Code  Lc  LoRaMac.o [1]
OnRadioTxTimeout        0x00000a0d   0x2e  Code  Lc  LoRaMac.o [1]
OnRxWindow1TimerEvent   0x00000e1d   0x5a  Code  Lc  LoRaMac.o [1]
OnRxWindow2TimerEvent   0x00000e77   0x62  Code  Lc  LoRaMac.o [1]
OnTxDelayedTimerEvent   0x00000db9   0x5e  Code  Lc  LoRaMac.o [1]
OnTxNextPacketTimerEvent
                        0x00005f8f   0x30  Code  Lc  main.o [1]
OscRateIn               0x00006614    0x4  Data  Gb  board.o [3]
PININT0_IRQHandler      0x000073d1  0x152  Code  Gb  sx1276.o [1]
PININT1_IRQHandler      0x00007523   0x3e  Code  Gb  sx1276.o [1]
PININT2_IRQHandler      0x00007561   0x84  Code  Gb  sx1276.o [1]
PININT3_IRQHandler      0x000075e9   0x50  Code  Gb  sx1276.o [1]
PININT4_IRQHandler      0x00007639    0xc  Code  Gb  sx1276.o [1]
PININT5_IRQHandler      0x00007645    0xc  Code  Gb  sx1276.o [1]
ParseMacCommandsToRepeat
                        0x00001029   0x5e  Code  Lc  LoRaMac.o [1]
PrepareFrame            0x000015b5  0x2a2  Code  Gb  LoRaMac.o [1]
PrepareRxDoneAbort      0x000003fd   0x36  Code  Lc  LoRaMac.o [1]
PrepareTxFrame          0x00005eb1   0x7a  Code  Lc  main.o [1]
ProcessMacCommands      0x00001089  0x300  Code  Lc  LoRaMac.o [1]
PublicNetwork           0x1000000e    0x1  Data  Lc  LoRaMac.o [1]
Radio                   0x00006518   0x5c  Data  Gb  sx1276-board.o [1]
RadioEvents             0x10000434   0x1c  Data  Lc  LoRaMac.o [1]
RadioEvents             0x10000968    0x4  Data  Lc  sx1276.o [1]
RadioIsActive           0x100011fe    0x1  Data  Lc  sx1276-board.o [1]
RadioRegsInit           0x000073a0   0x30  Data  Gb  sx1276.o [1]
Region$$Table$$Base     0x0000659c          --   Gb  - Linker created -
Region$$Table$$Limit    0x000065c8          --   Gb  - Linker created -
RegionAdrNext           0x00002a27   0x1a  Code  Gb  Region.o [1]
RegionAlternateDr       0x00002aed   0x12  Code  Gb  Region.o [1]
RegionApplyCFList       0x00002a05   0x10  Code  Gb  Region.o [1]
RegionApplyDrOffset     0x00002b39   0x1a  Code  Gb  Region.o [1]
RegionCN470AdrNext      0x00003b55   0x74  Code  Gb  RegionCN470.o [1]
RegionCN470AlternateDr  0x00003f25   0x42  Code  Gb  RegionCN470.o [1]
RegionCN470ApplyDrOffset
                        0x000040d1   0x10  Code  Gb  RegionCN470.o [1]
RegionCN470CalcBackOff  0x00003f67   0x30  Code  Gb  RegionCN470.o [1]
RegionCN470ChanMaskSet  0x00003b1f   0x2c  Code  Gb  RegionCN470.o [1]
RegionCN470ComputeRxWindowParameters
                        0x00003be5   0x48  Code  Gb  RegionCN470.o [1]
RegionCN470GetPhyParam  0x00003979   0xae  Code  Gb  RegionCN470.o [1]
RegionCN470InitDefaults
                        0x00003a4f   0x5c  Code  Gb  RegionCN470.o [1]
RegionCN470LinkAdrReq   0x00003dad  0x114  Code  Gb  RegionCN470.o [1]
RegionCN470NextChannel  0x00003fa5   0xc0  Code  Gb  RegionCN470.o [1]
RegionCN470RxConfig     0x00003c45   0x90  Code  Gb  RegionCN470.o [1]
RegionCN470RxParamSetupReq
                        0x00003ec5   0x5a  Code  Gb  RegionCN470.o [1]
RegionCN470SetBandTxDone
                        0x00003a2d   0x22  Code  Gb  RegionCN470.o [1]
RegionCN470SetContinuousWave
                        0x00004069   0x48  Code  Gb  RegionCN470.o [1]
RegionCN470TxConfig     0x00003d01   0xa4  Code  Gb  RegionCN470.o [1]
RegionCN470Verify       0x00003aab   0x74  Code  Gb  RegionCN470.o [1]
RegionCalcBackOff       0x00002aff   0x10  Code  Gb  Region.o [1]
RegionChanMaskSet       0x00002a15   0x12  Code  Gb  Region.o [1]
RegionCommonCalcBackOff
                        0x0000524f   0x58  Code  Gb  RegionCommon.o [1]
RegionCommonChanMaskCopy
                        0x00004f61   0x22  Code  Gb  RegionCommon.o [1]
RegionCommonChanVerifyDr
                        0x00004ea9   0x7a  Code  Gb  RegionCommon.o [1]
RegionCommonComputeRxWindowParameters
                        0x0000516d   0xaa  Code  Gb  RegionCommon.o [1]
RegionCommonComputeSymbolTimeLoRa
                        0x00005131   0x2e  Code  Gb  RegionCommon.o [1]
RegionCommonComputeTxPower
                        0x00005225   0x2a  Code  Gb  RegionCommon.o [1]
RegionCommonCountChannels
                        0x00004f33   0x2e  Code  Gb  RegionCommon.o [1]
RegionCommonGetJoinDc   0x00004e8f   0x1a  Code  Gb  RegionCommon.o [1]
RegionCommonLinkAdrReqVerifyParams
                        0x0000508b   0xa6  Code  Gb  RegionCommon.o [1]
RegionCommonParseLinkAdrReq
                        0x00005043   0x48  Code  Gb  RegionCommon.o [1]
RegionCommonSetBandTxDone
                        0x00004f83    0xa  Code  Gb  RegionCommon.o [1]
RegionCommonUpdateBandTimeOff
                        0x00004f8d   0xb6  Code  Gb  RegionCommon.o [1]
RegionCommonValueInRange
                        0x00004f23   0x10  Code  Gb  RegionCommon.o [1]
RegionComputeRxWindowParameters
                        0x00002a41   0x16  Code  Gb  Region.o [1]
RegionDlChannelReq      0x00002adb   0x12  Code  Gb  Region.o [1]
RegionGetPhyParam       0x000029b9   0x16  Code  Gb  Region.o [1]
RegionInitDefaults      0x000029df   0x10  Code  Gb  Region.o [1]
RegionIsActive          0x000029ad    0xc  Code  Gb  Region.o [1]
RegionLinkAdrReq        0x00002a85   0x20  Code  Gb  Region.o [1]
RegionNewChannelReq     0x00002ab7   0x12  Code  Gb  Region.o [1]
RegionNextChannel       0x00002b0f   0x1a  Code  Gb  Region.o [1]
RegionRxConfig          0x00002a57   0x16  Code  Gb  Region.o [1]
RegionRxParamSetupReq   0x00002aa5   0x12  Code  Gb  Region.o [1]
RegionSetBandTxDone     0x000029cf   0x10  Code  Gb  Region.o [1]
RegionSetContinuousWave
                        0x00002b29   0x10  Code  Gb  Region.o [1]
RegionTxConfig          0x00002a6d   0x18  Code  Gb  Region.o [1]
RegionTxParamSetupReq   0x00002ac9   0x12  Code  Gb  Region.o [1]
RegionVerify            0x000029ef   0x16  Code  Gb  Region.o [1]
RepeaterSupport         0x1000000f    0x1  Data  Lc  LoRaMac.o [1]
ResetMacParameters      0x00001521   0x82  Code  Lc  LoRaMac.o [1]
RingBuffer_GetCount     0x00004ca1    0x8  Code  Lc  ring_buffer.o [4]
RingBuffer_Init         0x00004ccf   0x10  Code  Gb  ring_buffer.o [4]
RingBuffer_Insert       0x00004cdf   0x32  Code  Gb  ring_buffer.o [4]
RingBuffer_InsertMult   0x00004d11   0x96  Code  Gb  ring_buffer.o [4]
RingBuffer_IsEmpty      0x00004cbf   0x10  Code  Lc  ring_buffer.o [4]
RingBuffer_IsFull       0x00004ca9   0x16  Code  Lc  ring_buffer.o [4]
RingBuffer_Pop          0x00004da7   0x32  Code  Gb  ring_buffer.o [4]
RingBuffer_PopMult      0x00004dd9   0x8e  Code  Gb  ring_buffer.o [4]
RxChainCalibration      0x000067f3   0x8e  Code  Lc  sx1276.o [1]
RxSlot                  0x1000001f    0x1  Data  Lc  LoRaMac.o [1]
RxTimeoutSyncWord       0x100011a0   0x14  Data  Gb  sx1276.o [1]
RxTimeoutTimer          0x10000a80   0x14  Data  Gb  sx1276.o [1]
RxTxBuffer              0x1000096c  0x100  Data  Lc  sx1276.o [1]
RxWindow1Config         0x10000418   0x14  Data  Lc  LoRaMac.o [1]
RxWindow1Delay          0x10000068    0x4  Data  Lc  LoRaMac.o [1]
RxWindow2Config         0x100011cc   0x14  Data  Lc  LoRaMac.o [1]
RxWindow2Delay          0x1000006c    0x4  Data  Lc  LoRaMac.o [1]
RxWindowSetup           0x00000f0d   0x16  Code  Lc  LoRaMac.o [1]
RxWindowTimer1          0x1000013c   0x14  Data  Lc  LoRaMac.o [1]
RxWindowTimer2          0x10000150   0x14  Data  Lc  LoRaMac.o [1]
SX1276                  0x100008fc   0x6c  Data  Gb  sx1276.o [1]
SX1276CheckRfFrequency  0x00005d89    0x4  Code  Gb  sx1276-board.o [1]
SX1276GetPaSelect       0x00005d35    0xe  Code  Gb  sx1276-board.o [1]
SX1276GetStatus         0x00006727    0x6  Code  Gb  sx1276.o [1]
SX1276GetTimeOnAir      0x00006b95  0x128  Code  Gb  sx1276.o [1]
SX1276Init              0x00006681   0xa6  Code  Gb  sx1276.o [1]
SX1276IoInit            0x00005aa9  0x14e  Code  Gb  sx1276-board.o [1]
SX1276IoIrqInit         0x00005bf7   0x74  Code  Gb  sx1276-board.o [1]
SX1276IsChannelFree     0x00006769   0x48  Code  Gb  sx1276.o [1]
SX1276OnTimeoutIrq      0x0000731d   0x76  Code  Gb  sx1276.o [1]
SX1276Random            0x000067b1   0x42  Code  Gb  sx1276.o [1]
SX1276Read              0x0000719d   0x10  Code  Gb  sx1276.o [1]
SX1276ReadBuffer        0x00007233   0x8e  Code  Gb  sx1276.o [1]
SX1276ReadFifo          0x000072cf    0xe  Code  Gb  sx1276.o [1]
SX1276ReadRssi          0x00007099   0x32  Code  Gb  sx1276.o [1]
SX1276Reset             0x000070d1   0x28  Code  Gb  sx1276.o [1]
SX1276Send              0x00006cc1   0x8e  Code  Gb  sx1276.o [1]
SX1276SetAntSwLowPower  0x00005d4d   0x1e  Code  Gb  sx1276-board.o [1]
SX1276SetChannel        0x0000672d   0x3c  Code  Gb  sx1276.o [1]
SX1276SetMaxPayloadLength
                        0x000072dd   0x18  Code  Gb  sx1276.o [1]
SX1276SetModem          0x00007129   0x50  Code  Gb  sx1276.o [1]
SX1276SetOpMode         0x000070f9   0x30  Code  Gb  sx1276.o [1]
SX1276SetPublicNetwork  0x000072f5   0x26  Code  Gb  sx1276.o [1]
SX1276SetRfTxPower      0x00005c81   0xaa  Code  Gb  sx1276-board.o [1]
SX1276SetRx             0x00006db5  0x1ac  Code  Gb  sx1276.o [1]
SX1276SetRxConfig       0x0000688d  0x1b2  Code  Gb  sx1276.o [1]
SX1276SetSleep          0x00006d4f   0x24  Code  Gb  sx1276.o [1]
SX1276SetStby           0x00006d73   0x24  Code  Gb  sx1276.o [1]
SX1276SetTx             0x00006f65   0x72  Code  Gb  sx1276.o [1]
SX1276SetTxConfig       0x00006a49  0x144  Code  Gb  sx1276.o [1]
SX1276SetTxContinuousWave
                        0x00007019   0x7c  Code  Gb  sx1276.o [1]
SX1276StartCad          0x00006fe5   0x2e  Code  Gb  sx1276.o [1]
SX1276Write             0x00007191    0xc  Code  Gb  sx1276.o [1]
SX1276WriteBuffer       0x000071ad   0x86  Code  Gb  sx1276.o [1]
SX1276WriteFifo         0x000072c1    0xe  Code  Gb  sx1276.o [1]
ScheduleTx              0x000013d1  0x10e  Code  Lc  LoRaMac.o [1]
Send                    0x00001399   0x2c  Code  Gb  LoRaMac.o [1]
SendFrame               0x00005f2b   0x64  Code  Lc  main.o [1]
SendFrameOnChannel      0x0000185d   0x86  Code  Gb  LoRaMac.o [1]
SetTxContinuousWave     0x000018ed   0x4a  Code  Gb  LoRaMac.o [1]
SetTxContinuousWave1    0x0000193d   0x36  Code  Gb  LoRaMac.o [1]
SrvAckRequested         0x10000013    0x1  Data  Lc  LoRaMac.o [1]
SysTick_Config          0x00005e75   0x2a  Code  Lc  main.o [1]
SysTick_Handler         0x0000012b   0x38  Code  Gb  timer.o [1]
SystemCoreClock         0x100011f8    0x4  Data  Gb  chip_8xx.o [4]
SystemCoreClockUpdate   0x00006355   0x10  Code  Gb  chip_8xx.o [4]
SystemInit              0x0000661d    0x8  Code  Gb  sysinit.o [1]
TimerExists             0x00000175   0x18  Code  Lc  timer.o [1]
TimerGetCurrentTime     0x0000019d    0x6  Code  Gb  timer.o [1]
TimerGetElapsedTime     0x000001a3   0x16  Code  Gb  timer.o [1]
TimerInit               0x000000c1   0x10  Code  Gb  timer.o [1]
TimerListHead           0x100011f4    0x4  Data  Lc  timer.o [1]
TimerSetValue           0x0000018d   0x10  Code  Gb  timer.o [1]
TimerStart              0x000000d1   0x5a  Code  Gb  timer.o [1]
TimerStop               0x00000163   0x12  Code  Gb  timer.o [1]
TxDelayedTimer          0x10000128   0x14  Data  Lc  LoRaMac.o [1]
TxDutyCycleTime         0x100003e0    0x4  Data  Lc  main.o [1]
TxNextPacketTimer       0x10000404   0x14  Data  Lc  main.o [1]
TxTimeOnAir             0x10000070    0x4  Data  Gb  LoRaMac.o [1]
TxTimeoutTimer          0x10000a6c   0x14  Data  Gb  sx1276.o [1]
UART0_IRQHandler        0x000033f9   0x10  Code  Gb  usart.o [1]
UpLinkCounter           0x10000044    0x4  Data  Lc  LoRaMac.o [1]
ValidatePayloadLength   0x00000f23   0x3e  Code  Lc  LoRaMac.o [1]
__Vectors               0x00000000          --   Gb  iar_startup_lpc82x.o [1]
__Vectors_End           0x000000c0         Data  Gb  iar_startup_lpc82x.o [1]
__Vectors_Size {Abs}    0x000000c0          --   Gb  iar_startup_lpc82x.o [1]
__aeabi_cdrcmple        0x00005d8d         Code  Gb  DblCmpGe.o [6]
__aeabi_d2iz            0x0000578d         Code  Gb  DblToI32.o [6]
__aeabi_d2uiz           0x000057b1         Code  Gb  DblToI32.o [6]
__aeabi_dadd            0x0000557f         Code  Gb  DblAddSub.o [6]
__aeabi_ddiv            0x00005339         Code  Gb  DblDiv.o [6]
__aeabi_dmul            0x000053fb         Code  Gb  DblMul.o [6]
__aeabi_dsub            0x00005645         Code  Gb  DblAddSub.o [6]
__aeabi_f2d             0x000058f5         Code  Gb  FltToDbl.o [6]
__aeabi_fsub            0x00005845         Code  Gb  FltAddSub.o [6]
__aeabi_i2d             0x00005305         Code  Gb  I32ToDbl.o [6]
__aeabi_idiv            0x00002ed5         Code  Gb  I32DivModFast.o [7]
__aeabi_idivmod         0x00002ed5         Code  Gb  I32DivModFast.o [7]
__aeabi_memclr4         0x000032e5         Code  Gb  ABImemset.o [7]
__aeabi_memclr8         0x000032e5         Code  Gb  ABImemset.o [7]
__aeabi_memcpy          0x000052a9         Code  Gb  ABImemcpy.o [7]
__aeabi_memset4         0x000032a9         Code  Gb  ABImemset.o [7]
__aeabi_memset8         0x000032a9         Code  Gb  ABImemset.o [7]
__aeabi_ui2d            0x00005319         Code  Gb  I32ToDbl.o [6]
__aeabi_ui2f            0x00002f89         Code  Gb  I32ToFlt.o [6]
__aeabi_uidiv           0x00002edb         Code  Gb  I32DivModFast.o [7]
__aeabi_uidivmod        0x00002edb         Code  Gb  I32DivModFast.o [7]
__aeabi_uldivmod        0x00000237         Code  Gb  I64DivMod.o [7]
__cmain                 0x000065c9         Code  Gb  cmain.o [7]
__exit                  0x0000647d         Code  Gb  XXexit.o [7]
__iar_Memset4_word      0x000032b5         Code  Gb  ABImemset.o [7]
__iar_ceil              0x00005735         Code  Gb  ceil.o [6]
__iar_ceill             0x00005735         Code  Gb  ceil.o [6]
__iar_d2uiz             0x000057b5         Code  Gb  DblToI32.o [6]
__iar_data_init3        0x00006575   0x28  Code  Gb  data_init.o [7]
__iar_floor             0x00005929         Code  Gb  floor.o [6]
__iar_floorl            0x00005929         Code  Gb  floor.o [6]
__iar_packbits_init3    0x000063bb   0xb6  Code  Gb  packbits_init.o [7]
__iar_program_start     0x00006609         Code  Gb  cstartup_M.o [7]
__iar_ui2d              0x0000531d         Code  Gb  I32ToDbl.o [6]
__iar_ui2f              0x00002f8d         Code  Gb  I32ToFlt.o [6]
__iar_zero_init3        0x00002fa7   0x2a  Code  Gb  zero_init3.o [7]
__vector_table          0x00000000         Data  Gb  iar_startup_lpc82x.o [1]
__vector_table_0x1c     0x00000010         Data  Gb  iar_startup_lpc82x.o [1]
_call_main              0x000065d5         Code  Gb  cmain.o [7]
_exit                   0x000065ed         Code  Gb  cexit.o [7]
_main                   0x000065df         Code  Gb  cmain.o [7]
aBlock                  0x100002b0   0x10  Data  Lc  LoRaMacCrypto.o [1]
abort                   0x00006471    0xa  Code  Gb  abort.o [5]
add_round_key           0x0000448d    0x8  Code  Lc  aes.o [1]
aes_encrypt             0x0000499b   0x52  Code  Gb  aes.o [1]
aes_set_key             0x00004899  0x102  Code  Gb  aes.o [1]
ceil                    0x00005735         Code  Gb  ceil.o [6]
ceill                   0x00005735         Code  Gb  ceil.o [6]
chip_version            0x1000119c    0x4  Data  Gb  sx1276.o [1]
config_tab              0x00007710  0x354  Data  Lc  irc_8xx.o [4]
config_tab_idx          0x100011ca    0x2  Data  Lc  irc_8xx.o [4]
copy_and_key            0x00004407   0x86  Code  Lc  aes.o [1]
copy_block              0x0000432d   0x42  Code  Lc  aes.o [1]
copy_block_nn           0x0000436f   0x16  Code  Lc  aes.o [1]
cpystr                  0x000035fb   0x18  Code  Gb  hex.o [1]
eeprom_init             0x000023a1   0x4c  Code  Gb  modem.o [1]
exit                    0x000065e3    0x8  Code  Gb  exit.o [5]
floor                   0x00005929         Code  Gb  floor.o [6]
floorl                  0x00005929         Code  Gb  floor.o [6]
frame_init              0x00003435   0x14  Code  Gb  frame.o [1]
frame_rx                0x00003449   0xd8  Code  Gb  frame.o [1]
getUARTClockID          0x0000375d   0x18  Code  Lc  uart_8xx.o [4]
gethex                  0x00003525   0x3e  Code  Gb  hex.o [1]
gfm2_sbox               0x00004798  0x100  Data  Lc  aes.o [1]
gfm3_sbox               0x00004698  0x100  Data  Lc  aes.o [1]
hex2int                 0x00003599   0x32  Code  Gb  hex.o [1]
hexval                  0x00003628  0x100  Data  Lc  hex.o [1]
iap_entry               0x00002fd1    0x8  Code  Lc  iap.o [4]
joincfg                 0x000026b4   0x20  Data  Lc  modem.o [1]
ledBits                 0x000032a4    0x1  Data  Lc  board.o [3]
main                    0x0000620f  0x118  Code  Gb  main.o [1]
memcpy1                 0x00002e17   0x16  Code  Gb  utilities.o [1]
memcpyr                 0x00002e2d   0x1a  Code  Gb  utilities.o [1]
memset1                 0x00002e47   0x12  Code  Gb  utilities.o [1]
mix_sub_columns         0x000044f9  0x19a  Code  Lc  aes.o [1]
modem_init              0x000026fd   0x56  Code  Gb  modem.o [1]
modem_reset             0x000025cd    0x2  Code  Lc  modem.o [1]
modem_rxdone            0x00002779  0x1cc  Code  Gb  modem.o [1]
next                    0x10000478    0x4  Data  Lc  utilities.o [1]
os_crc16                0x000025cf   0x38  Code  Gb  modem.o [1]
persist_init            0x00002615   0x8e  Code  Lc  modem.o [1]
prvSetupHardware        0x00006203    0xc  Code  Lc  main.o [1]
puthex                  0x00003565   0x34  Code  Gb  hex.o [1]
rand1                   0x00002de1   0x1a  Code  Gb  utilities.o [1]
randr                   0x00002e01   0x16  Code  Gb  utilities.o [1]
reverse                 0x000035cb   0x22  Code  Gb  hex.o [1]
rxbuff                  0x10000f30   0x40  Data  Lc  usart.o [1]
rxframe                 0x100011e0   0x10  Data  Gb  frame.o [1]
rxring                  0x10000f1c   0x14  Data  Gb  usart.o [1]
sBlock                  0x100002c0   0x10  Data  Lc  LoRaMacCrypto.o [1]
sbox                    0x000049ec  0x100  Data  Lc  aes.o [1]
sesscfg                 0x000026d4   0x28  Data  Lc  modem.o [1]
shift_sub_rows          0x00004495   0x64  Code  Lc  aes.o [1]
srand1                  0x00002dfb    0x6  Code  Gb  utilities.o [1]
src_iap_array_data      0x10001144   0x40  Data  Lc  modem.o [1]
systicks                0x100011f0    0x4  Data  Gb  timer.o [1]
tolower                 0x000035ed    0xe  Code  Gb  hex.o [1]
txbuff                  0x10000f70   0x40  Data  Lc  usart.o [1]
txring                  0x10000f08   0x14  Data  Gb  usart.o [1]
usart_init              0x0000335f   0x9a  Code  Gb  usart.o [1]
wdtOSCRate              0x00004c60   0x40  Data  Lc  clock_8xx.o [4]
xor_block               0x00004385   0x82  Code  Lc  aes.o [1]


[1] = E:\LoRaProduct\source code\nxp_lpcxpresso_824max\lpcxpresso824\prj_xpresso82x\iar\freertos_blinky\iflash_nxp_lpcxpresso_812\Obj
[2] = command line
[3] = board_nxp_lpcxpresso_824.a
[4] = chip_8xx_lib.a
[5] = dl6M_tln.a
[6] = m6M_tl.a
[7] = rt6M_tl.a

  31 100 bytes of readonly  code memory
     226 bytes of readonly  data memory
   5 632 bytes of readwrite data memory

Errors: none
Warnings: none
