###############################################################################
#
# IAR ELF Linker V7.30.3.8024/W32 for ARM                 14/Mar/2018  15:37:04
# Copyright 2007-2014 IAR Systems AB.
#
#    Output file  =  
#        F:\LoRaProduct\source
#        code\nxp_lpcxpresso_824max\lpcxpresso824\prj_xpresso82x\iar\freertos_blinky\iflash_nxp_lpcxpresso_812\Exe\freertos_blinky.out.tmp
#    Map file     =  
#        F:\LoRaProduct\source
#        code\nxp_lpcxpresso_824max\lpcxpresso824\prj_xpresso82x\iar\freertos_blinky\iflash_nxp_lpcxpresso_812\List\freertos_blinky.map
#    Command line =  
#        "F:\LoRaProduct\source
#        code\nxp_lpcxpresso_824max\lpcxpresso824\prj_xpresso82x\iar\freertos_blinky\iflash_nxp_lpcxpresso_812\Obj\aes.o"
#        "F:\LoRaProduct\source
#        code\nxp_lpcxpresso_824max\lpcxpresso824\prj_xpresso82x\iar\lib_board_lpcxpresso824\iar_output\Exe\board_nxp_lpcxpresso_824.a"
#        "F:\LoRaProduct\source
#        code\nxp_lpcxpresso_824max\lpcxpresso824\prj_xpresso82x\iar\lib_chip_8xx\iar_output\Exe\chip_8xx_lib.a"
#        "F:\LoRaProduct\source
#        code\nxp_lpcxpresso_824max\lpcxpresso824\prj_xpresso82x\iar\freertos_blinky\iflash_nxp_lpcxpresso_812\Obj\cmac.o"
#        "F:\LoRaProduct\source
#        code\nxp_lpcxpresso_824max\lpcxpresso824\prj_xpresso82x\iar\freertos_blinky\iflash_nxp_lpcxpresso_812\Obj\eeprom.o"
#        "F:\LoRaProduct\source
#        code\nxp_lpcxpresso_824max\lpcxpresso824\prj_xpresso82x\iar\freertos_blinky\iflash_nxp_lpcxpresso_812\Obj\frame.o"
#        "F:\LoRaProduct\source
#        code\nxp_lpcxpresso_824max\lpcxpresso824\prj_xpresso82x\iar\freertos_blinky\iflash_nxp_lpcxpresso_812\Obj\hex.o"
#        "F:\LoRaProduct\source
#        code\nxp_lpcxpresso_824max\lpcxpresso824\prj_xpresso82x\iar\freertos_blinky\iflash_nxp_lpcxpresso_812\Obj\iar_startup_lpc82x.o"
#        "F:\LoRaProduct\source
#        code\nxp_lpcxpresso_824max\lpcxpresso824\prj_xpresso82x\iar\freertos_blinky\iflash_nxp_lpcxpresso_812\Obj\LoRaMac.o"
#        "F:\LoRaProduct\source
#        code\nxp_lpcxpresso_824max\lpcxpresso824\prj_xpresso82x\iar\freertos_blinky\iflash_nxp_lpcxpresso_812\Obj\LoRaMacCrypto.o"
#        "F:\LoRaProduct\source
#        code\nxp_lpcxpresso_824max\lpcxpresso824\prj_xpresso82x\iar\freertos_blinky\iflash_nxp_lpcxpresso_812\Obj\main.o"
#        "F:\LoRaProduct\source
#        code\nxp_lpcxpresso_824max\lpcxpresso824\prj_xpresso82x\iar\freertos_blinky\iflash_nxp_lpcxpresso_812\Obj\modem.o"
#        "F:\LoRaProduct\source
#        code\nxp_lpcxpresso_824max\lpcxpresso824\prj_xpresso82x\iar\freertos_blinky\iflash_nxp_lpcxpresso_812\Obj\Region.o"
#        "F:\LoRaProduct\source
#        code\nxp_lpcxpresso_824max\lpcxpresso824\prj_xpresso82x\iar\freertos_blinky\iflash_nxp_lpcxpresso_812\Obj\RegionCN470.o"
#        "F:\LoRaProduct\source
#        code\nxp_lpcxpresso_824max\lpcxpresso824\prj_xpresso82x\iar\freertos_blinky\iflash_nxp_lpcxpresso_812\Obj\RegionCommon.o"
#        "F:\LoRaProduct\source
#        code\nxp_lpcxpresso_824max\lpcxpresso824\prj_xpresso82x\iar\freertos_blinky\iflash_nxp_lpcxpresso_812\Obj\sx1276-board.o"
#        "F:\LoRaProduct\source
#        code\nxp_lpcxpresso_824max\lpcxpresso824\prj_xpresso82x\iar\freertos_blinky\iflash_nxp_lpcxpresso_812\Obj\sx1276.o"
#        "F:\LoRaProduct\source
#        code\nxp_lpcxpresso_824max\lpcxpresso824\prj_xpresso82x\iar\freertos_blinky\iflash_nxp_lpcxpresso_812\Obj\sysinit.o"
#        "F:\LoRaProduct\source
#        code\nxp_lpcxpresso_824max\lpcxpresso824\prj_xpresso82x\iar\freertos_blinky\iflash_nxp_lpcxpresso_812\Obj\timer.o"
#        "F:\LoRaProduct\source
#        code\nxp_lpcxpresso_824max\lpcxpresso824\prj_xpresso82x\iar\freertos_blinky\iflash_nxp_lpcxpresso_812\Obj\usart.o"
#        "F:\LoRaProduct\source
#        code\nxp_lpcxpresso_824max\lpcxpresso824\prj_xpresso82x\iar\freertos_blinky\iflash_nxp_lpcxpresso_812\Obj\utilities.o"
#        -o "F:\LoRaProduct\source
#        code\nxp_lpcxpresso_824max\lpcxpresso824\prj_xpresso82x\iar\freertos_blinky\iflash_nxp_lpcxpresso_812\Exe\freertos_blinky.out.tmp"
#        --map "F:\LoRaProduct\source
#        code\nxp_lpcxpresso_824max\lpcxpresso824\prj_xpresso82x\iar\freertos_blinky\iflash_nxp_lpcxpresso_812\List\freertos_blinky.map"
#        --config "C:\Program Files (x86)\IAR Systems\Embedded Workbench
#        7.0\arm\config\linker\NXP\LPC824M201.icf" --entry __iar_program_start
#        --inline --vfe
#
###############################################################################

*******************************************************************************
*** RUNTIME MODEL ATTRIBUTES
***

CppFlavor       = *
__SystemLibrary = DLib


*******************************************************************************
*** PLACEMENT SUMMARY
***

"A1":  place at 0x00000000 { ro section .intvec };
"P1":  place in [from 0x00000000 to 0x000002fb] |
                [from 0x00000300 to 0x00007fff] { ro };
"P2":  place in [from 0x10000000 to 0x10001fff] { rw, block CSTACK, block HEAP };
"P3":  place in [from 0x000002fc to 0x000002ff] { section .crp };

  Section            Kind        Address    Size  Object
  -------            ----        -------    ----  ------
"A1":                                       0xc0
  .intvec            ro code  0x00000000    0xc0  iar_startup_lpc82x.o [1]
                            - 0x000000c0    0xc0

"P1", part 1 of 2:                         0x1f0
  .text              ro code  0x000000c0    0xfc  timer.o [1]
  .text              ro code  0x000001bc    0x2c  wkt_8xx.o [4]
  .text              ro code  0x000001e8    0x5c  syscon_8xx.o [4]
  .text              ro code  0x00000244     0x2  iar_startup_lpc82x.o [1]
  .text              ro code  0x00000248    0x52  wwdt_8xx.o [4]
  .text              ro code  0x0000029a     0x2  iar_startup_lpc82x.o [1]
  .text              ro code  0x0000029c    0x10  strlen.o [7]
  .text              ro code  0x000002ac     0x2  iar_startup_lpc82x.o [1]
  .text              ro code  0x000002ae     0x2  iar_startup_lpc82x.o [1]
  .rodata            const    0x000002b0     0x0  zero_init3.o [7]
  .rodata            const    0x000002b0     0x0  packbits_init.o [7]
                            - 0x000002b0   0x1f0

"P3":                                        0x4
  .crp               ro code  0x000002fc     0x4  iar_startup_lpc82x.o [1]
                            - 0x00000300     0x4

"P1", part 2 of 2:                        0x793a
  .text              ro code  0x00000300  0x1ba0  LoRaMac.o [1]
  .text              ro code  0x00001ea0   0x134  Region.o [1]
  .text              ro code  0x00001fd4    0xc0  eeprom.o [1]
  .text              ro code  0x00002094   0x288  LoRaMacCrypto.o [1]
  .text              ro code  0x0000231c    0x5c  ABImemcpy.o [7]
  .text              ro code  0x00002378    0xc8  utilities.o [1]
  .text              ro code  0x00002440   0xbf0  modem.o [1]
  .text              ro code  0x00003030   0x864  RegionCN470.o [1]
  .text              ro code  0x00003894    0x40  ABImemset.o [7]
  .text              ro code  0x000038d4    0xb4  iap.o [4]
  .text              ro code  0x00003988   0x24a  cmac.o [1]
  .text              ro code  0x00003bd2    0x2a  zero_init3.o [7]
  .text              ro code  0x00003bfc   0x7c0  aes.o [1]
  .text              ro code  0x000043bc    0xe0  I32DivModFast.o [7]
  .text              ro code  0x0000449c   0x5a8  main.o [1]
  .text              ro code  0x00004a44    0x7e  pmu_8xx.o [4]
  .text              ro code  0x00004ac4   0x1b4  clock_8xx.o [4]
  .text              ro code  0x00004c78   0x341  board.o [3]
  .text              ro code  0x00004fbc   0x228  hex.o [1]
  .text              ro code  0x000051e4   0x178  uart_8xx.o [4]
  .text              ro code  0x0000535c   0x150  usart.o [1]
  .text              ro code  0x000054ac   0x114  frame.o [1]
  .text              ro code  0x000055c0   0x2d6  RegionCommon.o [1]
  .text              ro code  0x00005898    0x10  chip_8xx.o [4]
  .text              ro code  0x000058a8    0x6a  I64DivMod.o [7]
  .text              ro code  0x00005914    0x12  iocon_8xx.o [4]
  .text              ro code  0x00005928    0x18  gpio_8xx.o [4]
  .text              ro code  0x00005940   0x1c6  ring_buffer.o [4]
  .text              ro code  0x00005b08    0x24  swm_8xx.o [4]
  .text              ro code  0x00005b2c    0x34  I32ToDbl.o [6]
  .text              ro code  0x00005b60    0xc2  DblDiv.o [6]
  .text              ro code  0x00005c22   0x184  DblMul.o [6]
  .text              ro code  0x00005da6   0x1b4  DblAddSub.o [6]
  .text              ro code  0x00005f5c    0x58  ceil.o [6]
  .text              ro code  0x00005fb4    0x52  DblToI32.o [6]
  .text              ro code  0x00006008    0x1e  I32ToFlt.o [6]
  .text              ro code  0x00006026   0x116  FltAddSub.o [6]
  .text              ro code  0x0000613c    0x32  FltToDbl.o [6]
  .text              ro code  0x00006170    0x58  floor.o [6]
  .text              ro code  0x000061c8   0x3bc  sx1276-board.o [1]
  .text              ro code  0x00006584    0x32  DblCmpGe.o [6]
  .text              ro code  0x000065b8    0x44  spim_8xx.o [4]
  .text              ro code  0x000065fc    0x2c  spi_8xx.o [4]
  .text              ro code  0x00006628   0x408  irc_8xx.o [4]
  .text              ro code  0x00006a30    0xd8  packbits_init.o [7]
  .text              ro code  0x00006b08     0xa  abort.o [5]
  .text              ro code  0x00006b14     0xc  XXexit.o [7]
  .rodata            const    0x00006b20    0xd4  modem.o [1]
  .rodata            const    0x00006bf4    0x5c  sx1276-board.o [1]
  .text              ro code  0x00006c50    0x2c  board_sysinit.o [3]
  .text              ro code  0x00006c7c    0x14  sysinit_8xx.o [4]
  .text              ro code  0x00006c90    0x28  data_init.o [7]
  .iar.init_table    const    0x00006cb8    0x2c  - Linker created -
  .text              ro code  0x00006ce4    0x1a  cmain.o [7]
  .text              ro code  0x00006cfe     0x8  exit.o [5]
  .text              ro code  0x00006d08     0xa  cexit.o [7]
  .text              ro code  0x00006d14    0x10  iar_startup_lpc82x.o [1]
  .text              ro code  0x00006d24     0xc  cstartup_M.o [7]
  .rodata            const    0x00006d30     0x8  board.o [3]
  .text              ro code  0x00006d38     0x8  sysinit.o [1]
  .text              ro code  0x00006d40     0x4  iar_startup_lpc82x.o [1]
  .text              ro code  0x00006d44   0xe74  sx1276.o [1]
  Initializer bytes  ro data  0x00007bb8    0x82  <for P2 s0>
                            - 0x00007c3a  0x793a

"P2":                                     0x1ed8
  P2 s0                       0x10000000   0x6d0  <Init block>
    .data            inited   0x10000000   0x174  LoRaMac.o [1]
    .data            inited   0x10000174   0x138  LoRaMacCrypto.o [1]
    .data            inited   0x100002ac   0x114  LoRaMacCrypto.o [1]
    .data            inited   0x100003c0   0x108  LoRaMac.o [1]
    .data            inited   0x100004c8    0xf8  main.o [1]
    .data            inited   0x100005c0    0x80  modem.o [1]
    .data            inited   0x10000640    0x3c  LoRaMac.o [1]
    .data            inited   0x1000067c    0x2c  RegionCN470.o [1]
    .data            inited   0x100006a8    0x1c  main.o [1]
    .data            inited   0x100006c4     0x8  main.o [1]
    .data            inited   0x100006cc     0x4  utilities.o [1]
  .bss               zero     0x100006d0   0x828  usart.o [1]
  .bss               zero     0x10000ef8   0x480  RegionCN470.o [1]
  .bss               zero     0x10001378   0x284  modem.o [1]
  .bss               zero     0x100015fc   0x1ac  sx1276.o [1]
  .bss               zero     0x100017a8   0x100  LoRaMac.o [1]
  .bss               zero     0x100018a8    0x80  eeprom.o [1]
  .bss               zero     0x10001928    0x80  LoRaMac.o [1]
  .bss               zero     0x100019a8    0x70  LoRaMac.o [1]
  .bss               zero     0x10001a18    0x54  modem.o [1]
  .bss               zero     0x10001a6c    0x18  LoRaMac.o [1]
  .bss               zero     0x10001a84    0x15  LoRaMac.o [1]
  .bss               zero     0x10001a99     0x2  modem.o [1]
  .bss               zero     0x10001a9b     0x1  modem.o [1]
  .bss               zero     0x10001a9c    0x14  LoRaMac.o [1]
  .bss               zero     0x10001ab0    0x10  frame.o [1]
  .bss               zero     0x10001ac0     0x8  timer.o [1]
  .bss               zero     0x10001ac8     0x4  chip_8xx.o [4]
  .bss               zero     0x10001acc     0x2  modem.o [1]
  .bss               zero     0x10001ace     0x2  irc_8xx.o [4]
  .bss               zero     0x10001ad0     0x1  sx1276-board.o [1]
  .bss               zero     0x10001ad1     0x1  utilities.o [1]
  CSTACK                      0x10001ad8   0x400  <Block>
    CSTACK           uninit   0x10001ad8   0x400  <Block tail>
                            - 0x10001ed8  0x1ed8


*******************************************************************************
*** INIT TABLE
***

          Address     Size
          -------     ----
Zero (__iar_zero_init3)
    1 destination range, total size 0x1402:
          0x100006d0  0x1402

Copy/packbits (__iar_packbits_init3)
    1 source range, total size 0x82 (7% of destination):
          0x00007bb8    0x82
    1 destination range, total size 0x6d0:
          0x10000000   0x6d0



*******************************************************************************
*** MODULE SUMMARY
***

    Module                ro code  ro data  rw data
    ------                -------  -------  -------
F:\LoRaProduct\source code\nxp_lpcxpresso_824max\lpcxpresso824\prj_xpresso82x\iar\freertos_blinky\iflash_nxp_lpcxpresso_812\Obj: [1]
    LoRaMac.o               7 072       51    1 257
    LoRaMacCrypto.o           648       44      588
    Region.o                  308
    RegionCN470.o           2 148        4    1 196
    RegionCommon.o            726
    aes.o                   1 984
    cmac.o                    586
    eeprom.o                  192               128
    frame.o                   276                16
    hex.o                     552
    iar_startup_lpc82x.o      224
    main.o                  1 448       20      284
    modem.o                 3 056      222      861
    sx1276-board.o            956       92        1
    sx1276.o                3 700               428
    sysinit.o                   8
    timer.o                   252                 8
    usart.o                   336             2 088
    utilities.o               200        1        5
    -----------------------------------------------
    Total:                 24 672      434    6 860

command line: [2]
    -----------------------------------------------
    Total:

board_nxp_lpcxpresso_824.a: [3]
    board.o                   833        8
    board_sysinit.o            44
    -----------------------------------------------
    Total:                    877        8

chip_8xx_lib.a: [4]
    chip_8xx.o                 16                 4
    clock_8xx.o               436
    gpio_8xx.o                 24
    iap.o                     180
    iocon_8xx.o                18
    irc_8xx.o               1 032                 2
    pmu_8xx.o                 126
    ring_buffer.o             454
    spi_8xx.o                  44
    spim_8xx.o                 68
    swm_8xx.o                  36
    syscon_8xx.o               92
    sysinit_8xx.o              20
    uart_8xx.o                376
    wkt_8xx.o                  44
    wwdt_8xx.o                 82
    -----------------------------------------------
    Total:                  3 048                 6

dl6M_tln.a: [5]
    abort.o                    10
    exit.o                      8
    -----------------------------------------------
    Total:                     18

m6M_tl.a: [6]
    DblAddSub.o               436
    DblCmpGe.o                 50
    DblDiv.o                  194
    DblMul.o                  388
    DblToI32.o                 82
    FltAddSub.o               278
    FltToDbl.o                 50
    I32ToDbl.o                 52
    I32ToFlt.o                 30
    ceil.o                     88
    floor.o                    88
    -----------------------------------------------
    Total:                  1 736

rt6M_tl.a: [7]
    ABImemcpy.o                92
    ABImemset.o                64
    I32DivModFast.o           224
    I64DivMod.o               106
    XXexit.o                   12
    cexit.o                    10
    cmain.o                    26
    cstartup_M.o               12
    data_init.o                40
    packbits_init.o           216
    strlen.o                   16
    zero_init3.o               42
    -----------------------------------------------
    Total:                    860

    Gaps                       29
    Linker created                      44    1 024
---------------------------------------------------
    Grand Total:           31 240      486    7 890


*******************************************************************************
*** ENTRY LIST
***

Entry                      Address   Size  Type      Object
-----                      -------   ----  ----      ------
?main                   0x00006ce5         Code  Gb  cmain.o [7]
AES_CMAC_Final          0x00003a85  0x14e  Code  Gb  cmac.o [1]
AES_CMAC_Init           0x00003989   0x22  Code  Gb  cmac.o [1]
AES_CMAC_SetKey         0x000039ab   0x10  Code  Gb  cmac.o [1]
AES_CMAC_Update         0x000039bb   0xca  Code  Gb  cmac.o [1]
AckTimeoutRetries       0x1000001a    0x1  Data  Lc  LoRaMac.o [1]
AckTimeoutRetriesCounter
                        0x1000001b    0x1  Data  Lc  LoRaMac.o [1]
AckTimeoutRetry         0x1000001c    0x1  Data  Lc  LoRaMac.o [1]
AckTimeoutTimer         0x10000160   0x14  Data  Lc  LoRaMac.o [1]
AddMacCommand           0x00000fc5   0x9c  Code  Lc  LoRaMac.o [1]
AdrAckCounter           0x1000004c    0x4  Data  Lc  LoRaMac.o [1]
AdrCtrlOn               0x10000011    0x1  Data  Lc  LoRaMac.o [1]
AesCmacCtx              0x10000194  0x118  Data  Lc  LoRaMacCrypto.o [1]
AesContext              0x100002cc   0xf4  Data  Lc  LoRaMacCrypto.o [1]
AggregatedDCycle        0x10000028    0x2  Data  Lc  LoRaMac.o [1]
AggregatedLastTxDoneTime
                        0x10000050    0x4  Data  Lc  LoRaMac.o [1]
AggregatedTimeOff       0x10000054    0x4  Data  Lc  LoRaMac.o [1]
AlarmEnd                0x00002893    0x8  Code  Gb  modem.o [1]
AlarmStart              0x00002887    0xc  Code  Gb  modem.o [1]
AppData                 0x100004cc   0xf4  Data  Lc  main.o [1]
AppDataSize             0x100004c9    0x1  Data  Lc  main.o [1]
AppPort                 0x100004c8    0x1  Data  Lc  main.o [1]
Bands                   0x10000698   0x10  Data  Lc  RegionCN470.o [1]
BandwidthsCN470         0x000034c0   0x18  Data  Lc  RegionCN470.o [1]
BoardDisableIrq         0x0000240d    0xc  Code  Gb  utilities.o [1]
BoardEnableIrq          0x00002419   0x12  Code  Gb  utilities.o [1]
BoardGetBatteryLevel    0x000046ff    0x4  Code  Gb  main.o [1]
Board_GPIO_Init         0x00004cf1  0x282  Code  Gb  board.o [3]
Board_Init              0x00004f75   0x32  Code  Gb  board.o [3]
Board_LED_Set           0x00004cc7   0x1a  Code  Gb  board.o [3]
Board_SetupMuxing       0x00006c51   0x12  Code  Gb  board_sysinit.o [3]
Board_SystemInit        0x00006c6d    0x6  Code  Gb  board_sysinit.o [3]
CSTACK$$Base            0x10001ad8          --   Gb  - Linker created -
CSTACK$$Limit           0x10001ed8          --   Gb  - Linker created -
CalculateBackOff        0x00001213   0x3c  Code  Lc  LoRaMac.o [1]
Channel                 0x10000018    0x1  Data  Lc  LoRaMac.o [1]
Channels                0x10000ef8  0x480  Data  Lc  RegionCN470.o [1]
ChannelsDefaultMask     0x1000068c    0xc  Data  Lc  RegionCN470.o [1]
ChannelsMask            0x10000680    0xc  Data  Lc  RegionCN470.o [1]
ChannelsNbRepCounter    0x10000017    0x1  Data  Lc  LoRaMac.o [1]
Chip_Clock_DisablePeriphClock
                        0x00006235   0x12  Code  Lc  sx1276-board.o [1]
Chip_Clock_DisablePeriphClock
                        0x0000537d   0x12  Code  Lc  usart.o [1]
Chip_Clock_DisablePeriphClock
                        0x00004c8b   0x12  Code  Lc  board.o [3]
Chip_Clock_EnablePeriphClock
                        0x00004527   0x12  Code  Lc  main.o [1]
Chip_Clock_EnablePeriphClock
                        0x000024ab   0x12  Code  Lc  modem.o [1]
Chip_Clock_EnablePeriphClock
                        0x00006223   0x12  Code  Lc  sx1276-board.o [1]
Chip_Clock_EnablePeriphClock
                        0x0000536b   0x12  Code  Lc  usart.o [1]
Chip_Clock_EnablePeriphClock
                        0x00004c79   0x12  Code  Lc  board.o [3]
Chip_Clock_GetMainClockRate
                        0x00004b35   0x30  Code  Gb  clock_8xx.o [4]
Chip_Clock_GetSystemClockRate
                        0x00004b65   0x12  Code  Gb  clock_8xx.o [4]
Chip_Clock_GetSystemPLLInClockRate
                        0x00004afb   0x26  Code  Gb  clock_8xx.o [4]
Chip_Clock_GetSystemPLLOutClockRate
                        0x00004b21   0x14  Code  Gb  clock_8xx.o [4]
Chip_Clock_GetUSARTNBaseClockRate
                        0x00004b77   0x36  Code  Gb  clock_8xx.o [4]
Chip_Clock_GetWDTOSCRate
                        0x00004ad9   0x22  Code  Gb  clock_8xx.o [4]
Chip_Clock_SetMainClockSource
                        0x00004ac9    0x2  Code  Gb  clock_8xx.o [4]
Chip_Clock_SetSystemPLLSource
                        0x00004ac5    0x4  Code  Gb  clock_8xx.o [4]
Chip_Clock_SetUARTClockDiv
                        0x0000538f    0x6  Code  Lc  usart.o [1]
Chip_Clock_SetUSARTNBaseClockRate
                        0x00004bad   0x5a  Code  Gb  clock_8xx.o [4]
Chip_Clock_SetWDTOSC    0x0000249d    0xe  Code  Lc  modem.o [1]
Chip_FMC_ComputeSignature
                        0x00001fd5   0x14  Code  Lc  eeprom.o [1]
Chip_FMC_ComputeSignatureBlocks
                        0x00001fe9    0xc  Code  Lc  eeprom.o [1]
Chip_FMC_IsSignatureBusy
                        0x00001ff5    0x8  Code  Lc  eeprom.o [1]
Chip_FMC_SetFLASHAccess
                        0x00006629    0x8  Code  Lc  irc_8xx.o [4]
Chip_GPIO_Init          0x00005929   0x10  Code  Gb  gpio_8xx.o [4]
Chip_GPIO_SetPinDIR     0x00006287   0x12  Code  Lc  sx1276-board.o [1]
Chip_GPIO_SetPinDIRInput
                        0x00006277   0x10  Code  Lc  sx1276-board.o [1]
Chip_GPIO_SetPinDIROutput
                        0x00006267   0x10  Code  Lc  sx1276-board.o [1]
Chip_GPIO_SetPinOutHigh
                        0x00006299   0x10  Code  Lc  sx1276-board.o [1]
Chip_GPIO_SetPinOutHigh
                        0x00006d49   0x10  Code  Lc  sx1276.o [1]
Chip_GPIO_SetPinOutLow  0x000062a9   0x10  Code  Lc  sx1276-board.o [1]
Chip_GPIO_SetPinOutLow  0x00006d59   0x10  Code  Lc  sx1276.o [1]
Chip_GPIO_SetPinState   0x00004cbf    0x8  Code  Lc  board.o [3]
Chip_IAP_CopyRamToFlash
                        0x000038eb   0x1e  Code  Gb  iap.o [4]
Chip_IAP_ErasePage      0x00003955    0x8  Code  Gb  iap.o [4]
Chip_IAP_PreSectorForReadWrite
                        0x000038dd    0xe  Code  Gb  iap.o [4]
Chip_IAP_ReadPID        0x00003911   0x16  Code  Gb  iap.o [4]
Chip_IAP_ReadUID        0x00003927   0x2a  Code  Gb  iap.o [4]
Chip_IOCON_PinDisableOpenDrainMode
                        0x00006247    0xe  Code  Lc  sx1276-board.o [1]
Chip_IOCON_PinEnableOpenDrainMode
                        0x00004c9d   0x10  Code  Lc  board.o [3]
Chip_IOCON_PinSetMode   0x00005915   0x12  Code  Gb  iocon_8xx.o [4]
Chip_IRC_SetFreq        0x00006631   0x9c  Code  Gb  irc_8xx.o [4]
Chip_PININT_ClearIntStatus
                        0x00006d45    0x4  Code  Lc  sx1276.o [1]
Chip_PININT_EnableIntHigh
                        0x00006263    0x4  Code  Lc  sx1276-board.o [1]
Chip_PININT_SetPinModeEdge
                        0x00006255    0xe  Code  Lc  sx1276-board.o [1]
Chip_PMU_ClearPowerDownControl
                        0x00004545    0xe  Code  Lc  main.o [1]
Chip_PMU_ClearPowerDownControl
                        0x000024c9    0xe  Code  Lc  modem.o [1]
Chip_PMU_DeepPowerDownState
                        0x00004a83   0x16  Code  Gb  pmu_8xx.o [4]
Chip_PMU_DeepSleepState
                        0x00004a57   0x16  Code  Gb  pmu_8xx.o [4]
Chip_PMU_PowerDownState
                        0x00004a6d   0x16  Code  Gb  pmu_8xx.o [4]
Chip_PMU_SetPowerDownControl
                        0x00004539    0xc  Code  Lc  main.o [1]
Chip_PMU_SetPowerDownControl
                        0x000024bd    0xc  Code  Lc  modem.o [1]
Chip_PMU_Sleep          0x00004a9d   0x26  Code  Gb  pmu_8xx.o [4]
Chip_PMU_SleepState     0x00004a45   0x12  Code  Gb  pmu_8xx.o [4]
Chip_SPIM_GetClockRate  0x000065b9   0x14  Code  Gb  spim_8xx.o [4]
Chip_SPIM_SetClockRate  0x000065cd   0x2c  Code  Gb  spim_8xx.o [4]
Chip_SPI_ClearCFGRegBits
                        0x000062c7    0xe  Code  Lc  sx1276-board.o [1]
Chip_SPI_ClearStatus    0x00006d71    0x4  Code  Lc  sx1276.o [1]
Chip_SPI_ConfigureSPI   0x00006303   0x1c  Code  Lc  sx1276-board.o [1]
Chip_SPI_DelayConfig    0x000065fd   0x2c  Code  Gb  spi_8xx.o [4]
Chip_SPI_Enable         0x000062f9    0xa  Code  Lc  sx1276-board.o [1]
Chip_SPI_GetStatus      0x00006d69    0x8  Code  Lc  sx1276.o [1]
Chip_SPI_Init           0x000062d5   0x24  Code  Lc  sx1276-board.o [1]
Chip_SPI_ReceiveFrame   0x00006d9b    0x6  Code  Lc  sx1276.o [1]
Chip_SPI_SendLastFrame  0x00006d87   0x14  Code  Lc  sx1276.o [1]
Chip_SPI_SendMidFrame   0x00006d83    0x4  Code  Lc  sx1276.o [1]
Chip_SPI_SetCFGRegBits  0x000062b9    0xe  Code  Lc  sx1276-board.o [1]
Chip_SPI_SetControlInfo
                        0x00006d75    0xe  Code  Lc  sx1276.o [1]
Chip_SWM_DisableFixedPin
                        0x00005395   0x12  Code  Lc  usart.o [1]
Chip_SWM_DisableFixedPin
                        0x00004cad   0x12  Code  Lc  board.o [3]
Chip_SWM_MovablePinAssign
                        0x00005b09   0x1e  Code  Gb  swm_8xx.o [4]
Chip_SYSCTL_AssertPeriphReset
                        0x0000245d   0x12  Code  Lc  modem.o [1]
Chip_SYSCTL_AssertPeriphReset
                        0x000061d7   0x12  Code  Lc  sx1276-board.o [1]
Chip_SYSCTL_DeassertPeriphReset
                        0x0000246f   0x12  Code  Lc  modem.o [1]
Chip_SYSCTL_DeassertPeriphReset
                        0x000061e9   0x12  Code  Lc  sx1276-board.o [1]
Chip_SYSCTL_EnablePINTWakeup
                        0x00006213   0x10  Code  Lc  sx1276-board.o [1]
Chip_SYSCTL_EnablePeriphWakeup
                        0x00002491    0xc  Code  Lc  modem.o [1]
Chip_SYSCTL_PeriphReset
                        0x00002481   0x10  Code  Lc  modem.o [1]
Chip_SYSCTL_PeriphReset
                        0x000061fb   0x10  Code  Lc  sx1276-board.o [1]
Chip_SYSCTL_PeriphReset
                        0x000051e5   0x1c  Code  Lc  uart_8xx.o [4]
Chip_SYSCTL_PowerDown   0x00000207   0x14  Code  Gb  syscon_8xx.o [4]
Chip_SYSCTL_PowerUp     0x0000021b   0x14  Code  Gb  syscon_8xx.o [4]
Chip_SYSCTL_SetDeepSleepPD
                        0x000001e9    0xe  Code  Gb  syscon_8xx.o [4]
Chip_SYSCTL_SetPinInterrupt
                        0x0000620b    0x8  Code  Lc  sx1276-board.o [1]
Chip_SYSCTL_SetWakeup   0x000001f7   0x10  Code  Gb  syscon_8xx.o [4]
Chip_SetupIrcClocking   0x00006c7d    0x4  Code  Gb  sysinit_8xx.o [4]
Chip_UART_ConfigData    0x000053c7    0xc  Code  Lc  usart.o [1]
Chip_UART_Enable        0x000053a7    0xe  Code  Lc  usart.o [1]
Chip_UART_GetStatus     0x00005211    0x8  Code  Lc  uart_8xx.o [4]
Chip_UART_IRQRBHandler  0x0000532b   0x32  Code  Gb  uart_8xx.o [4]
Chip_UART_Init          0x00005231   0x34  Code  Gb  uart_8xx.o [4]
Chip_UART_IntDisable    0x000053c3    0x4  Code  Lc  usart.o [1]
Chip_UART_IntDisable    0x0000520d    0x4  Code  Lc  uart_8xx.o [4]
Chip_UART_IntEnable     0x000053bf    0x4  Code  Lc  usart.o [1]
Chip_UART_RXIntHandlerRB
                        0x0000529b   0x24  Code  Gb  uart_8xx.o [4]
Chip_UART_ReadByte      0x00005205    0x8  Code  Lc  uart_8xx.o [4]
Chip_UART_ReadRB        0x0000531d    0xe  Code  Gb  uart_8xx.o [4]
Chip_UART_SendByte      0x00005201    0x4  Code  Lc  uart_8xx.o [4]
Chip_UART_SendRB        0x000052e9   0x34  Code  Gb  uart_8xx.o [4]
Chip_UART_SetBaud       0x00005285   0x16  Code  Gb  uart_8xx.o [4]
Chip_UART_TXEnable      0x000053b5    0xa  Code  Lc  usart.o [1]
Chip_UART_TXIntHandlerRB
                        0x000052bf   0x2a  Code  Gb  uart_8xx.o [4]
Chip_WKT_ClearIntStatus
                        0x000024d7    0xe  Code  Lc  modem.o [1]
Chip_WKT_GetClockRate   0x000001d3    0xe  Code  Gb  wkt_8xx.o [4]
Chip_WKT_LoadCount      0x000024f3    0x4  Code  Lc  modem.o [1]
Chip_WKT_SetClockSource
                        0x000001bd   0x16  Code  Gb  wkt_8xx.o [4]
Chip_WKT_Stop           0x000024e5    0xe  Code  Lc  modem.o [1]
Chip_WWDT_ClearStatusFlag
                        0x0000027d   0x1e  Code  Gb  wwdt_8xx.o [4]
Chip_WWDT_Feed          0x00004563    0xa  Code  Lc  main.o [1]
Chip_WWDT_Feed          0x000024fb    0xa  Code  Lc  modem.o [1]
Chip_WWDT_Init          0x00000249   0x22  Code  Gb  wwdt_8xx.o [4]
Chip_WWDT_SetOption     0x0000250d    0xc  Code  Lc  modem.o [1]
Chip_WWDT_SetTimeOut    0x000024f7    0x4  Code  Lc  modem.o [1]
Chip_WWDT_SetWarning    0x00002505    0x4  Code  Lc  modem.o [1]
Chip_WWDT_SetWindow     0x00002509    0x4  Code  Lc  modem.o [1]
Chip_WWDT_Start         0x00002519   0x12  Code  Lc  modem.o [1]
ComplianceTest          0x100006a8   0x14  Data  Gb  main.o [1]
CountChannels           0x000055c1   0x26  Code  Lc  RegionCommon.o [1]
CountNbOfEnabledChannels
                        0x0000310d   0x9a  Code  Lc  RegionCN470.o [1]
DataratesCN470          0x00003634    0x8  Data  Lc  RegionCN470.o [1]
DelayMs                 0x000023f1   0x1c  Code  Gb  utilities.o [1]
DevEui                  0x100006c4    0x8  Data  Gb  main.o [1]
DeviceState             0x100006bd    0x1  Data  Gb  main.o [1]
DownLinkCounter         0x10000048    0x4  Data  Lc  LoRaMac.o [1]
DutyCycleOn             0x10000657    0x1  Data  Lc  LoRaMac.o [1]
ExtRateIn               0x00006d34    0x4  Data  Gb  board.o [3]
GetBandwidth            0x000030e5   0x1e  Code  Lc  RegionCN470.o [1]
GetNextLowerTxDr        0x00003031   0xb4  Code  Lc  RegionCN470.o [1]
InStream_Read           0x00006a31   0x22  Code  Lc  packbits_init.o [7]
IrqNestLevel            0x10001ad1    0x1  Data  Lc  utilities.o [1]
IsLoRaMacNetworkJoined  0x10000010    0x1  Data  Gb  LoRaMac.o [1]
IsRxWindowsEnabled      0x10000655    0x1  Data  Lc  LoRaMac.o [1]
IsTxConfirmed           0x100004ca    0x1  Data  Gb  main.o [1]
IsUpLinkCounterFixed    0x10001a98    0x1  Data  Lc  LoRaMac.o [1]
JoinRequestTrials       0x1000001d    0x1  Data  Gb  LoRaMac.o [1]
LMIC                    0x100014a8   0xd8  Data  Gb  modem.o [1]
LastTxChannel           0x10000019    0x1  Data  Lc  LoRaMac.o [1]
LastTxIsJoinRequest     0x10000658    0x1  Data  Lc  LoRaMac.o [1]
Led1Timer_OffLine       0x100015e8   0x14  Data  Gb  modem.o [1]
LedIndication           0x0000270d   0x1c  Code  Gb  modem.o [1]
LimitTxPower            0x00003103    0xa  Code  Lc  RegionCN470.o [1]
LoRaMacAppEui           0x10000030    0x4  Data  Lc  LoRaMac.o [1]
LoRaMacAppKey           0x10000034    0x4  Data  Lc  LoRaMac.o [1]
LoRaMacAppSKey          0x10000080   0x10  Data  Lc  LoRaMac.o [1]
LoRaMacBuffer           0x100017a8  0x100  Data  Lc  LoRaMac.o [1]
LoRaMacBufferPktLen     0x10000026    0x2  Data  Lc  LoRaMac.o [1]
LoRaMacCallbacks        0x10000678    0x4  Data  Lc  LoRaMac.o [1]
LoRaMacComputeMic       0x00002095   0x8a  Code  Gb  LoRaMacCrypto.o [1]
LoRaMacDevAddr          0x1000003c    0x4  Data  Lc  LoRaMac.o [1]
LoRaMacDevEui           0x1000002c    0x4  Data  Lc  LoRaMac.o [1]
LoRaMacDevNonce         0x10000024    0x2  Data  Lc  LoRaMac.o [1]
LoRaMacDeviceClass      0x1000000d    0x1  Data  Lc  LoRaMac.o [1]
LoRaMacFlags            0x10000020    0x4  Data  Gb  LoRaMac.o [1]
LoRaMacInitialization   0x00001635  0x208  Code  Gb  LoRaMac.o [1]
LoRaMacInitializationTime
                        0x10000058    0x4  Data  Lc  LoRaMac.o [1]
LoRaMacJoinComputeMic   0x000021f3   0x4e  Code  Gb  LoRaMacCrypto.o [1]
LoRaMacJoinComputeSKeys
                        0x00002285   0x8e  Code  Gb  LoRaMacCrypto.o [1]
LoRaMacJoinDecrypt      0x00002241   0x44  Code  Gb  LoRaMacCrypto.o [1]
LoRaMacMcpsRequest      0x00001d2d  0x15e  Code  Gb  LoRaMac.o [1]
LoRaMacMibSetRequestConfirm
                        0x00001941  0x2ae  Code  Gb  LoRaMac.o [1]
LoRaMacMlmeRequest      0x00001c15  0x104  Code  Gb  LoRaMac.o [1]
LoRaMacNetID            0x10000038    0x4  Data  Lc  LoRaMac.o [1]
LoRaMacNwkSKey          0x10000070   0x10  Data  Lc  LoRaMac.o [1]
LoRaMacParams           0x100019a8   0x38  Data  Gb  LoRaMac.o [1]
LoRaMacParamsDefaults   0x100019e0   0x38  Data  Gb  LoRaMac.o [1]
LoRaMacPayloadDecrypt   0x000021dd   0x16  Code  Gb  LoRaMacCrypto.o [1]
LoRaMacPayloadEncrypt   0x0000211f   0xbe  Code  Gb  LoRaMacCrypto.o [1]
LoRaMacPrimitives       0x10000060    0x4  Data  Lc  LoRaMac.o [1]
LoRaMacQueryTxPossible  0x00001845   0xc4  Code  Gb  LoRaMac.o [1]
LoRaMacRegion           0x1000000c    0x1  Data  Lc  LoRaMac.o [1]
LoRaMacRxPayload        0x100003c0  0x100  Data  Lc  LoRaMac.o [1]
LoRaMacState            0x1000005c    0x4  Data  Gb  LoRaMac.o [1]
LoRaMacTxPayloadLen     0x10000654    0x1  Data  Lc  LoRaMac.o [1]
MODEM                   0x10001378  0x130  Data  Lc  modem.o [1]
MacCommandsBuffer       0x10001928   0x80  Data  Lc  LoRaMac.o [1]
MacCommandsBufferIndex  0x10000015    0x1  Data  Lc  LoRaMac.o [1]
MacCommandsBufferToRepeat
                        0x10000090   0x80  Data  Lc  LoRaMac.o [1]
MacCommandsBufferToRepeatIndex
                        0x10000016    0x1  Data  Lc  LoRaMac.o [1]
MacCommandsInNextTx     0x10000014    0x1  Data  Lc  LoRaMac.o [1]
MacStateCheckTimer      0x10000110   0x14  Data  Lc  LoRaMac.o [1]
MaxDCycle               0x10000656    0x1  Data  Lc  LoRaMac.o [1]
MaxJoinRequestTrials    0x1000001e    0x1  Data  Lc  LoRaMac.o [1]
MaxPayloadOfDatarateCN470
                        0x00003584    0x8  Data  Lc  RegionCN470.o [1]
MaxPayloadOfDatarateRepeaterCN470
                        0x0000357c    0x8  Data  Lc  RegionCN470.o [1]
McpsConfirm             0x10001a84   0x14  Data  Gb  LoRaMac.o [1]
McpsIndication          0x10001a6c   0x18  Data  Lc  LoRaMac.o [1]
McpsIndication          0x0000461f   0x88  Code  Lc  main.o [1]
Mic                     0x10000184   0x10  Data  Lc  LoRaMacCrypto.o [1]
MicBlockB0              0x10000174   0x10  Data  Lc  LoRaMacCrypto.o [1]
MlmeConfirm             0x10000000    0xc  Data  Lc  LoRaMac.o [1]
MlmeConfirm             0x000046a7   0x58  Code  Lc  main.o [1]
MulticastChannels       0x10000040    0x4  Data  Lc  LoRaMac.o [1]
NVIC_ClearPendingIRQ    0x0000244f    0xe  Code  Lc  modem.o [1]
NVIC_DisableIRQ         0x000044ab    0xe  Code  Lc  main.o [1]
NVIC_EnableIRQ          0x0000449d    0xe  Code  Lc  main.o [1]
NVIC_EnableIRQ          0x00002441    0xe  Code  Lc  modem.o [1]
NVIC_EnableIRQ          0x000061c9    0xe  Code  Lc  sx1276-board.o [1]
NVIC_EnableIRQ          0x0000535d    0xe  Code  Lc  usart.o [1]
NVIC_SetPriority        0x000044b9   0x44  Code  Lc  main.o [1]
NextTx                  0x100006bc    0x1  Data  Lc  main.o [1]
NodeAckRequested        0x10000012    0x1  Data  Lc  LoRaMac.o [1]
OnAckTimeoutTimerEvent  0x00000f29   0x34  Code  Lc  LoRaMac.o [1]
OnLed1TimerEventNetOffline
                        0x00002659   0xae  Code  Lc  modem.o [1]
OnMacStateCheckTimerEvent
                        0x00000b5d  0x2ba  Code  Lc  LoRaMac.o [1]
OnRadioRxDone           0x00000431  0x5fe  Code  Lc  LoRaMac.o [1]
OnRadioRxError          0x00000a5d   0x5e  Code  Lc  LoRaMac.o [1]
OnRadioRxTimeout        0x00000ac1   0x8a  Code  Lc  LoRaMac.o [1]
OnRadioTxDone           0x00000301   0xe8  Code  Lc  LoRaMac.o [1]
OnRadioTxTimeout        0x00000a2f   0x2e  Code  Lc  LoRaMac.o [1]
OnRxWindow1TimerEvent   0x00000e85   0x4e  Code  Lc  LoRaMac.o [1]
OnRxWindow2TimerEvent   0x00000ed3   0x56  Code  Lc  LoRaMac.o [1]
OnTxDelayedTimerEvent   0x00000e1d   0x5e  Code  Lc  LoRaMac.o [1]
OscRateIn               0x00006d30    0x4  Data  Gb  board.o [3]
PININT0_IRQHandler      0x000079e9  0x152  Code  Gb  sx1276.o [1]
PININT1_IRQHandler      0x00007b3b   0x3e  Code  Gb  sx1276.o [1]
PRIVATE_NET_DR_MAX      0x1000067c    0x1  Data  Gb  RegionCN470.o [1]
PRIVATE_NET_DR_MIN      0x1000067d    0x1  Data  Gb  RegionCN470.o [1]
ParseMacCommandsToRepeat
                        0x00001061   0x5e  Code  Lc  LoRaMac.o [1]
PrepareFrame            0x000012f1  0x2a2  Code  Gb  LoRaMac.o [1]
PrepareRxDoneAbort      0x000003e9   0x36  Code  Lc  LoRaMac.o [1]
PrepareTxFrame          0x0000456d   0x1e  Code  Gb  main.o [1]
ProcessMacCommands      0x000010bf    0x2  Code  Lc  LoRaMac.o [1]
PublicNetwork           0x1000000e    0x1  Data  Gb  LoRaMac.o [1]
Radio                   0x00006bf4   0x5c  Data  Gb  sx1276-board.o [1]
RadioEvents             0x1000065c   0x1c  Data  Lc  LoRaMac.o [1]
RadioEvents             0x10001668    0x4  Data  Lc  sx1276.o [1]
RadioIsActive           0x10001ad0    0x1  Data  Lc  sx1276-board.o [1]
RadioRegsInit           0x00007b88   0x30  Data  Gb  sx1276.o [1]
Region$$Table$$Base     0x00006cb8          --   Gb  - Linker created -
Region$$Table$$Limit    0x00006ce4          --   Gb  - Linker created -
RegionAdrNext           0x00001f1b   0x1a  Code  Gb  Region.o [1]
RegionAlternateDr       0x00001f79   0x12  Code  Gb  Region.o [1]
RegionApplyCFList       0x00001ef9   0x10  Code  Gb  Region.o [1]
RegionApplyDrOffset     0x00001fb5   0x1a  Code  Gb  Region.o [1]
RegionCN470AdrNext      0x000033d5   0x74  Code  Gb  RegionCN470.o [1]
RegionCN470AlternateDr  0x0000364d   0xe8  Code  Gb  RegionCN470.o [1]
RegionCN470ApplyDrOffset
                        0x00003885   0x10  Code  Gb  RegionCN470.o [1]
RegionCN470CalcBackOff  0x00003735   0x30  Code  Gb  RegionCN470.o [1]
RegionCN470ChanMaskSet  0x000033a1   0x2c  Code  Gb  RegionCN470.o [1]
RegionCN470ComputeRxWindowParameters
                        0x00003479   0x48  Code  Gb  RegionCN470.o [1]
RegionCN470GetPhyParam  0x000031a9   0xae  Code  Gb  RegionCN470.o [1]
RegionCN470InitDefaults
                        0x00003285   0x9e  Code  Gb  RegionCN470.o [1]
RegionCN470NextChannel  0x0000376d  0x102  Code  Gb  RegionCN470.o [1]
RegionCN470RxConfig     0x000034d9   0x90  Code  Gb  RegionCN470.o [1]
RegionCN470SetBandTxDone
                        0x0000325d   0x22  Code  Gb  RegionCN470.o [1]
RegionCN470TxConfig     0x0000358d   0xa8  Code  Gb  RegionCN470.o [1]
RegionCN470Verify       0x0000332d   0x74  Code  Gb  RegionCN470.o [1]
RegionCalcBackOff       0x00001f8b   0x10  Code  Gb  Region.o [1]
RegionChanMaskSet       0x00001f09   0x12  Code  Gb  Region.o [1]
RegionCommonCalcBackOff
                        0x0000583f   0x58  Code  Gb  RegionCommon.o [1]
RegionCommonChanMaskCopy
                        0x0000563f   0x22  Code  Gb  RegionCommon.o [1]
RegionCommonComputeRxWindowParameters
                        0x0000575d   0xaa  Code  Gb  RegionCommon.o [1]
RegionCommonComputeSymbolTimeLoRa
                        0x00005721   0x2e  Code  Gb  RegionCommon.o [1]
RegionCommonComputeTxPower
                        0x00005815   0x2a  Code  Gb  RegionCommon.o [1]
RegionCommonCountChannels
                        0x00005611   0x2e  Code  Gb  RegionCommon.o [1]
RegionCommonGetJoinDc   0x000055e7   0x1a  Code  Gb  RegionCommon.o [1]
RegionCommonSetBandTxDone
                        0x00005661    0xa  Code  Gb  RegionCommon.o [1]
RegionCommonUpdateBandTimeOff
                        0x0000566b   0xb6  Code  Gb  RegionCommon.o [1]
RegionCommonValueInRange
                        0x00005601   0x10  Code  Gb  RegionCommon.o [1]
RegionComputeRxWindowParameters
                        0x00001f35   0x16  Code  Gb  Region.o [1]
RegionGetPhyParam       0x00001ead   0x16  Code  Gb  Region.o [1]
RegionInitDefaults      0x00001ed3   0x10  Code  Gb  Region.o [1]
RegionIsActive          0x00001ea1    0xc  Code  Gb  Region.o [1]
RegionNextChannel       0x00001f9b   0x1a  Code  Gb  Region.o [1]
RegionRxConfig          0x00001f4b   0x16  Code  Gb  Region.o [1]
RegionSetBandTxDone     0x00001ec3   0x10  Code  Gb  Region.o [1]
RegionTxConfig          0x00001f61   0x18  Code  Gb  Region.o [1]
RegionVerify            0x00001ee3   0x16  Code  Gb  Region.o [1]
RepeaterSupport         0x1000000f    0x1  Data  Lc  LoRaMac.o [1]
ResetMacParameters      0x00001255   0x82  Code  Lc  LoRaMac.o [1]
RingBuffer_GetCount     0x00005941    0x8  Code  Lc  ring_buffer.o [4]
RingBuffer_Init         0x0000596f   0x10  Code  Gb  ring_buffer.o [4]
RingBuffer_Insert       0x0000597f   0x32  Code  Gb  ring_buffer.o [4]
RingBuffer_InsertMult   0x000059b1   0x96  Code  Gb  ring_buffer.o [4]
RingBuffer_IsEmpty      0x00004553   0x10  Code  Lc  main.o [1]
RingBuffer_IsEmpty      0x0000595f   0x10  Code  Lc  ring_buffer.o [4]
RingBuffer_IsFull       0x00005949   0x16  Code  Lc  ring_buffer.o [4]
RingBuffer_Pop          0x00005a47   0x32  Code  Gb  ring_buffer.o [4]
RingBuffer_PopMult      0x00005a79   0x8e  Code  Gb  ring_buffer.o [4]
RxChainCalibration      0x00006edb   0x8e  Code  Lc  sx1276.o [1]
RxSlot                  0x1000001f    0x1  Data  Lc  LoRaMac.o [1]
RxTimeoutSyncWord       0x10001794   0x14  Data  Gb  sx1276.o [1]
RxTimeoutTimer          0x10001780   0x14  Data  Gb  sx1276.o [1]
RxTxBuffer              0x1000166c  0x100  Data  Lc  sx1276.o [1]
RxWindow1Config         0x10000640   0x14  Data  Lc  LoRaMac.o [1]
RxWindow1Delay          0x10000064    0x4  Data  Lc  LoRaMac.o [1]
RxWindow2Config         0x10001a9c   0x14  Data  Lc  LoRaMac.o [1]
RxWindow2Delay          0x10000068    0x4  Data  Lc  LoRaMac.o [1]
RxWindowSetup           0x00000f61   0x16  Code  Lc  LoRaMac.o [1]
RxWindowTimer1          0x10000138   0x14  Data  Lc  LoRaMac.o [1]
RxWindowTimer2          0x1000014c   0x14  Data  Lc  LoRaMac.o [1]
SX1276                  0x100015fc   0x6c  Data  Gb  sx1276.o [1]
SX1276AntSwDeInit       0x00006551   0x10  Code  Gb  sx1276-board.o [1]
SX1276AntSwInit         0x000064fd   0x1a  Code  Gb  sx1276-board.o [1]
SX1276CheckRfFrequency  0x00006581    0x4  Code  Gb  sx1276-board.o [1]
SX1276GetPaSelect       0x000064c1    0xe  Code  Gb  sx1276-board.o [1]
SX1276GetStatus         0x00006e0f    0x6  Code  Gb  sx1276.o [1]
SX1276GetTimeOnAir      0x00007279  0x128  Code  Gb  sx1276.o [1]
SX1276Init              0x00006da1   0x6e  Code  Gb  sx1276.o [1]
SX1276IoInit            0x0000631f   0xc6  Code  Gb  sx1276-board.o [1]
SX1276IoIrqInit         0x000063e5   0x32  Code  Gb  sx1276-board.o [1]
SX1276IsChannelFree     0x00006e51   0x48  Code  Gb  sx1276.o [1]
SX1276OnTimeoutIrq      0x00007969   0x76  Code  Gb  sx1276.o [1]
SX1276Random            0x00006e99   0x42  Code  Gb  sx1276.o [1]
SX1276Read              0x000077bd   0x10  Code  Gb  sx1276.o [1]
SX1276ReadBuffer        0x00007875   0x98  Code  Gb  sx1276.o [1]
SX1276ReadFifo          0x0000791b    0xe  Code  Gb  sx1276.o [1]
SX1276ReadRssi          0x000076cd   0x32  Code  Gb  sx1276.o [1]
SX1276Reset             0x00007705   0x28  Code  Gb  sx1276.o [1]
SX1276Send              0x000073a5   0x8e  Code  Gb  sx1276.o [1]
SX1276SetAntSw          0x00006561   0x20  Code  Gb  sx1276-board.o [1]
SX1276SetAntSwLowPower  0x000064d5   0x1e  Code  Gb  sx1276-board.o [1]
SX1276SetChannel        0x00006e15   0x3c  Code  Gb  sx1276.o [1]
SX1276SetMaxPayloadLength
                        0x00007929   0x18  Code  Gb  sx1276.o [1]
SX1276SetModem          0x0000775d   0x50  Code  Gb  sx1276.o [1]
SX1276SetOpMode         0x0000772d   0x30  Code  Gb  sx1276.o [1]
SX1276SetPublicNetwork  0x00007941   0x26  Code  Gb  sx1276.o [1]
SX1276SetRfTxPower      0x00006417   0xaa  Code  Gb  sx1276-board.o [1]
SX1276SetRx             0x00007499  0x1ac  Code  Gb  sx1276.o [1]
SX1276SetRxConfig       0x00006f71  0x1b2  Code  Gb  sx1276.o [1]
SX1276SetSleep          0x00007433   0x24  Code  Gb  sx1276.o [1]
SX1276SetStby           0x00007457   0x24  Code  Gb  sx1276.o [1]
SX1276SetTx             0x00007649   0x72  Code  Gb  sx1276.o [1]
SX1276SetTxConfig       0x0000712d  0x144  Code  Gb  sx1276.o [1]
SX1276SetTxContinuousWave
                        0x000076cb    0x2  Code  Gb  sx1276.o [1]
SX1276StartCad          0x000076c9    0x2  Code  Gb  sx1276.o [1]
SX1276Write             0x000077b1    0xc  Code  Gb  sx1276.o [1]
SX1276WriteBuffer       0x000077cd   0x90  Code  Gb  sx1276.o [1]
SX1276WriteFifo         0x0000790d    0xe  Code  Gb  sx1276.o [1]
ScheduleTx              0x00001105  0x10e  Code  Lc  LoRaMac.o [1]
Send                    0x000010c1   0x2c  Code  Gb  LoRaMac.o [1]
SendFrame               0x0000458b   0x92  Code  Gb  main.o [1]
SendFrameOnChannel      0x00001599   0x86  Code  Gb  LoRaMac.o [1]
SrvAckRequested         0x10000013    0x1  Data  Lc  LoRaMac.o [1]
SysTick_Config          0x000044fd   0x2a  Code  Lc  main.o [1]
SysTick_Handler         0x0000012b   0x38  Code  Gb  timer.o [1]
SystemCoreClock         0x10001ac8    0x4  Data  Gb  chip_8xx.o [4]
SystemCoreClockUpdate   0x00005899   0x10  Code  Gb  chip_8xx.o [4]
SystemInit              0x00006d39    0x8  Code  Gb  sysinit.o [1]
TimerExists             0x00000175   0x18  Code  Lc  timer.o [1]
TimerGetCurrentTime     0x0000019d    0x6  Code  Gb  timer.o [1]
TimerGetElapsedTime     0x000001a3   0x16  Code  Gb  timer.o [1]
TimerInit               0x000000c1   0x10  Code  Gb  timer.o [1]
TimerListHead           0x10001ac4    0x4  Data  Lc  timer.o [1]
TimerSetValue           0x0000018d   0x10  Code  Gb  timer.o [1]
TimerStart              0x000000d1   0x5a  Code  Gb  timer.o [1]
TimerStop               0x00000163   0x12  Code  Gb  timer.o [1]
TxDelayedTimer          0x10000124   0x14  Data  Lc  LoRaMac.o [1]
TxTimeOnAir             0x1000006c    0x4  Data  Gb  LoRaMac.o [1]
TxTimeoutTimer          0x1000176c   0x14  Data  Gb  sx1276.o [1]
UART0_IRQHandler        0x00005471   0x10  Code  Gb  usart.o [1]
UpLinkCounter           0x10000044    0x4  Data  Gb  LoRaMac.o [1]
ValidatePayloadLength   0x00000f81   0x3e  Code  Lc  LoRaMac.o [1]
WDT_IRQHandler          0x000025e3    0x2  Code  Gb  modem.o [1]
WKT_IRQHandler          0x00002565    0xa  Code  Gb  modem.o [1]
WakeupTest              0x0000256f   0x44  Code  Gb  modem.o [1]
__Vectors               0x00000000          --   Gb  iar_startup_lpc82x.o [1]
__Vectors_End           0x000000c0         Data  Gb  iar_startup_lpc82x.o [1]
__Vectors_Size {Abs}    0x000000c0          --   Gb  iar_startup_lpc82x.o [1]
__aeabi_cdrcmple        0x00006585         Code  Gb  DblCmpGe.o [6]
__aeabi_d2iz            0x00005fb5         Code  Gb  DblToI32.o [6]
__aeabi_d2uiz           0x00005fd9         Code  Gb  DblToI32.o [6]
__aeabi_dadd            0x00005da7         Code  Gb  DblAddSub.o [6]
__aeabi_ddiv            0x00005b61         Code  Gb  DblDiv.o [6]
__aeabi_dmul            0x00005c23         Code  Gb  DblMul.o [6]
__aeabi_dsub            0x00005e6d         Code  Gb  DblAddSub.o [6]
__aeabi_f2d             0x0000613d         Code  Gb  FltToDbl.o [6]
__aeabi_fsub            0x0000608d         Code  Gb  FltAddSub.o [6]
__aeabi_i2d             0x00005b2d         Code  Gb  I32ToDbl.o [6]
__aeabi_idiv            0x000043e9         Code  Gb  I32DivModFast.o [7]
__aeabi_idivmod         0x000043e9         Code  Gb  I32DivModFast.o [7]
__aeabi_memclr4         0x000038d1         Code  Gb  ABImemset.o [7]
__aeabi_memclr8         0x000038d1         Code  Gb  ABImemset.o [7]
__aeabi_memcpy          0x0000231d         Code  Gb  ABImemcpy.o [7]
__aeabi_memcpy4         0x00002345         Code  Wk  ABImemcpy.o [7]
__aeabi_memset4         0x00003895         Code  Gb  ABImemset.o [7]
__aeabi_memset8         0x00003895         Code  Gb  ABImemset.o [7]
__aeabi_ui2d            0x00005b41         Code  Gb  I32ToDbl.o [6]
__aeabi_ui2f            0x00006009         Code  Gb  I32ToFlt.o [6]
__aeabi_uidiv           0x000043ef         Code  Gb  I32DivModFast.o [7]
__aeabi_uidivmod        0x000043ef         Code  Gb  I32DivModFast.o [7]
__aeabi_uldivmod        0x000058a9         Code  Gb  I64DivMod.o [7]
__cmain                 0x00006ce5         Code  Gb  cmain.o [7]
__exit                  0x00006b15         Code  Gb  XXexit.o [7]
__iar_Memset4_word      0x000038a1         Code  Gb  ABImemset.o [7]
__iar_ceil              0x00005f5d         Code  Gb  ceil.o [6]
__iar_ceill             0x00005f5d         Code  Gb  ceil.o [6]
__iar_d2uiz             0x00005fdd         Code  Gb  DblToI32.o [6]
__iar_data_init3        0x00006c91   0x28  Code  Gb  data_init.o [7]
__iar_floor             0x00006171         Code  Gb  floor.o [6]
__iar_floorl            0x00006171         Code  Gb  floor.o [6]
__iar_packbits_init3    0x00006a53   0xb6  Code  Gb  packbits_init.o [7]
__iar_program_start     0x00006d25         Code  Gb  cstartup_M.o [7]
__iar_ui2d              0x00005b45         Code  Gb  I32ToDbl.o [6]
__iar_ui2f              0x0000600d         Code  Gb  I32ToFlt.o [6]
__iar_zero_init3        0x00003bd3   0x2a  Code  Gb  zero_init3.o [7]
__vector_table          0x00000000         Data  Gb  iar_startup_lpc82x.o [1]
__vector_table_0x1c     0x00000010         Data  Gb  iar_startup_lpc82x.o [1]
_call_main              0x00006cf1         Code  Gb  cmain.o [7]
_exit                   0x00006d09         Code  Gb  cexit.o [7]
_main                   0x00006cfb         Code  Gb  cmain.o [7]
aBlock                  0x100002ac   0x10  Data  Lc  LoRaMacCrypto.o [1]
abort                   0x00006b09    0xa  Code  Gb  abort.o [5]
add_round_key           0x00003d5d    0x8  Code  Lc  aes.o [1]
aes_encrypt             0x0000426b   0x52  Code  Gb  aes.o [1]
aes_set_key             0x00004169  0x102  Code  Gb  aes.o [1]
atcmdtoactivaty         0x10001a99    0x1  Data  Gb  modem.o [1]
atcmdtosenddata         0x10001a9a    0x1  Data  Gb  modem.o [1]
ceil                    0x00005f5d         Code  Gb  ceil.o [6]
ceill                   0x00005f5d         Code  Gb  ceil.o [6]
config_tab              0x000066dc  0x354  Data  Lc  irc_8xx.o [4]
config_tab_idx          0x10001ace    0x2  Data  Lc  irc_8xx.o [4]
copy_and_key            0x00003cd7   0x86  Code  Lc  aes.o [1]
copy_block              0x00003bfd   0x42  Code  Lc  aes.o [1]
copy_block_nn           0x00003c3f   0x16  Code  Lc  aes.o [1]
cpystr                  0x000050b7   0x18  Code  Gb  hex.o [1]
eeprom_write            0x00001ffd   0x82  Code  Gb  eeprom.o [1]
evnames                 0x10000600   0x40  Data  Lc  modem.o [1]
exit                    0x00006cff    0x8  Code  Gb  exit.o [5]
floor                   0x00006171         Code  Gb  floor.o [6]
floorl                  0x00006171         Code  Gb  floor.o [6]
frame_init              0x000054ad   0x14  Code  Gb  frame.o [1]
frame_rx                0x000054c1   0xfc  Code  Gb  frame.o [1]
funMcpsConfirm          0x0000461d    0x2  Code  Lc  main.o [1]
funWktAlarm             0x0000252d   0x2e  Code  Gb  modem.o [1]
getUARTClockID          0x00005219   0x18  Code  Lc  uart_8xx.o [4]
gethex                  0x00004fbd   0x3e  Code  Gb  hex.o [1]
gfm2_sbox               0x00004068  0x100  Data  Lc  aes.o [1]
gfm3_sbox               0x00003f68  0x100  Data  Lc  aes.o [1]
hex2int                 0x00005055   0x32  Code  Gb  hex.o [1]
hexval                  0x000050e4  0x100  Data  Lc  hex.o [1]
iap_entry               0x000038d5    0x8  Code  Lc  iap.o [4]
int2hex                 0x00005031   0x24  Code  Gb  hex.o [1]
isAlarm                 0x10001acd    0x1  Data  Lc  modem.o [1]
isAlarmDuty             0x0000289b    0x6  Code  Gb  modem.o [1]
joincfg                 0x10001a18   0x24  Data  Lc  modem.o [1]
ledBits                 0x00004fb8    0x1  Data  Lc  board.o [3]
main                    0x00004749  0x2ac  Code  Gb  main.o [1]
memcpy1                 0x000023af   0x16  Code  Gb  utilities.o [1]
memcpyr                 0x000023c5   0x1a  Code  Gb  utilities.o [1]
memset1                 0x000023df   0x12  Code  Gb  utilities.o [1]
mix_sub_columns         0x00003dc9  0x19a  Code  Lc  aes.o [1]
modem_init              0x000029e9   0x34  Code  Gb  modem.o [1]
modem_rxdone            0x00002a59  0x5a2  Code  Gb  modem.o [1]
modem_wkt_init          0x000025b3   0x30  Code  Gb  modem.o [1]
modem_wwdt_init         0x000025e5   0x60  Code  Gb  modem.o [1]
next                    0x100006cc    0x4  Data  Lc  utilities.o [1]
onEvent                 0x00002741  0x146  Code  Gb  modem.o [1]
os_crc16                0x000028a5   0x38  Code  Gb  modem.o [1]
persist                 0x10001580   0x68  Data  Gb  modem.o [1]
persist_init            0x000028e5   0xea  Code  Lc  modem.o [1]
prvSetupHardware        0x00004703    0xc  Code  Lc  main.o [1]
puthex                  0x00004ffd   0x34  Code  Gb  hex.o [1]
rand1                   0x00002379   0x1a  Code  Gb  utilities.o [1]
randr                   0x00002399   0x16  Code  Gb  utilities.o [1]
reverse                 0x00005087   0x22  Code  Gb  hex.o [1]
rxbuff                  0x100006f8  0x400  Data  Lc  usart.o [1]
rxframe                 0x10001ab0   0x10  Data  Gb  frame.o [1]
rxring                  0x100006e4   0x14  Data  Gb  usart.o [1]
sBlock                  0x100002bc   0x10  Data  Lc  LoRaMacCrypto.o [1]
sbox                    0x000042bc  0x100  Data  Lc  aes.o [1]
sesscfg                 0x10001a3c   0x30  Data  Lc  modem.o [1]
shift_sub_rows          0x00003d65   0x64  Code  Lc  aes.o [1]
srand1                  0x00002393    0x6  Code  Gb  utilities.o [1]
src_iap_array_data      0x100018a8   0x80  Data  Gb  eeprom.o [1]
strlen                  0x0000029d   0x10  Code  Gb  strlen.o [7]
systicks                0x10001ac0    0x4  Data  Gb  timer.o [1]
tolower                 0x000050a9    0xe  Code  Gb  hex.o [1]
txbuff                  0x10000af8  0x400  Data  Lc  usart.o [1]
txring                  0x100006d0   0x14  Data  Gb  usart.o [1]
uartflashtimer          0x100006c0    0x4  Data  Lc  main.o [1]
usart_init              0x000053d3   0x9e  Code  Gb  usart.o [1]
wdtOSCRate              0x00004c38   0x40  Data  Lc  clock_8xx.o [4]
wktType                 0x10001acc    0x1  Data  Gb  modem.o [1]
xor_block               0x00003c55   0x82  Code  Lc  aes.o [1]


[1] = F:\LoRaProduct\source code\nxp_lpcxpresso_824max\lpcxpresso824\prj_xpresso82x\iar\freertos_blinky\iflash_nxp_lpcxpresso_812\Obj
[2] = command line
[3] = board_nxp_lpcxpresso_824.a
[4] = chip_8xx_lib.a
[5] = dl6M_tln.a
[6] = m6M_tl.a
[7] = rt6M_tl.a

  31 240 bytes of readonly  code memory
     486 bytes of readonly  data memory
   7 890 bytes of readwrite data memory

Errors: none
Warnings: none
