###############################################################################
#
# IAR ELF Linker V7.30.3.8024/W32 for ARM                 21/Mar/2018  20:27:10
# Copyright 2007-2014 IAR Systems AB.
#
#    Output file  =  
#        F:\LoRaProduct\source
#        code\nxp_lpcxpresso_824max\lpcxpresso824\prj_xpresso82x\iar\freertos_blinky\iflash_nxp_lpcxpresso_812\Exe\freertos_blinky.out.tmp
#    Map file     =  
#        F:\LoRaProduct\source
#        code\nxp_lpcxpresso_824max\lpcxpresso824\prj_xpresso82x\iar\freertos_blinky\iflash_nxp_lpcxpresso_812\List\freertos_blinky.map
#    Command line =  
#        "F:\LoRaProduct\source
#        code\nxp_lpcxpresso_824max\lpcxpresso824\prj_xpresso82x\iar\freertos_blinky\iflash_nxp_lpcxpresso_812\Obj\aes.o"
#        "F:\LoRaProduct\source
#        code\nxp_lpcxpresso_824max\lpcxpresso824\prj_xpresso82x\iar\lib_board_lpcxpresso824\iar_output\Exe\board_nxp_lpcxpresso_824.a"
#        "F:\LoRaProduct\source
#        code\nxp_lpcxpresso_824max\lpcxpresso824\prj_xpresso82x\iar\lib_chip_8xx\iar_output\Exe\chip_8xx_lib.a"
#        "F:\LoRaProduct\source
#        code\nxp_lpcxpresso_824max\lpcxpresso824\prj_xpresso82x\iar\freertos_blinky\iflash_nxp_lpcxpresso_812\Obj\cmac.o"
#        "F:\LoRaProduct\source
#        code\nxp_lpcxpresso_824max\lpcxpresso824\prj_xpresso82x\iar\freertos_blinky\iflash_nxp_lpcxpresso_812\Obj\eeprom.o"
#        "F:\LoRaProduct\source
#        code\nxp_lpcxpresso_824max\lpcxpresso824\prj_xpresso82x\iar\freertos_blinky\iflash_nxp_lpcxpresso_812\Obj\frame.o"
#        "F:\LoRaProduct\source
#        code\nxp_lpcxpresso_824max\lpcxpresso824\prj_xpresso82x\iar\freertos_blinky\iflash_nxp_lpcxpresso_812\Obj\hex.o"
#        "F:\LoRaProduct\source
#        code\nxp_lpcxpresso_824max\lpcxpresso824\prj_xpresso82x\iar\freertos_blinky\iflash_nxp_lpcxpresso_812\Obj\iar_startup_lpc82x.o"
#        "F:\LoRaProduct\source
#        code\nxp_lpcxpresso_824max\lpcxpresso824\prj_xpresso82x\iar\freertos_blinky\iflash_nxp_lpcxpresso_812\Obj\LoRaMac.o"
#        "F:\LoRaProduct\source
#        code\nxp_lpcxpresso_824max\lpcxpresso824\prj_xpresso82x\iar\freertos_blinky\iflash_nxp_lpcxpresso_812\Obj\LoRaMacCrypto.o"
#        "F:\LoRaProduct\source
#        code\nxp_lpcxpresso_824max\lpcxpresso824\prj_xpresso82x\iar\freertos_blinky\iflash_nxp_lpcxpresso_812\Obj\main.o"
#        "F:\LoRaProduct\source
#        code\nxp_lpcxpresso_824max\lpcxpresso824\prj_xpresso82x\iar\freertos_blinky\iflash_nxp_lpcxpresso_812\Obj\modem.o"
#        "F:\LoRaProduct\source
#        code\nxp_lpcxpresso_824max\lpcxpresso824\prj_xpresso82x\iar\freertos_blinky\iflash_nxp_lpcxpresso_812\Obj\Region.o"
#        "F:\LoRaProduct\source
#        code\nxp_lpcxpresso_824max\lpcxpresso824\prj_xpresso82x\iar\freertos_blinky\iflash_nxp_lpcxpresso_812\Obj\RegionCN470.o"
#        "F:\LoRaProduct\source
#        code\nxp_lpcxpresso_824max\lpcxpresso824\prj_xpresso82x\iar\freertos_blinky\iflash_nxp_lpcxpresso_812\Obj\RegionCommon.o"
#        "F:\LoRaProduct\source
#        code\nxp_lpcxpresso_824max\lpcxpresso824\prj_xpresso82x\iar\freertos_blinky\iflash_nxp_lpcxpresso_812\Obj\sx1276-board.o"
#        "F:\LoRaProduct\source
#        code\nxp_lpcxpresso_824max\lpcxpresso824\prj_xpresso82x\iar\freertos_blinky\iflash_nxp_lpcxpresso_812\Obj\sx1276.o"
#        "F:\LoRaProduct\source
#        code\nxp_lpcxpresso_824max\lpcxpresso824\prj_xpresso82x\iar\freertos_blinky\iflash_nxp_lpcxpresso_812\Obj\sysinit.o"
#        "F:\LoRaProduct\source
#        code\nxp_lpcxpresso_824max\lpcxpresso824\prj_xpresso82x\iar\freertos_blinky\iflash_nxp_lpcxpresso_812\Obj\timer.o"
#        "F:\LoRaProduct\source
#        code\nxp_lpcxpresso_824max\lpcxpresso824\prj_xpresso82x\iar\freertos_blinky\iflash_nxp_lpcxpresso_812\Obj\usart.o"
#        "F:\LoRaProduct\source
#        code\nxp_lpcxpresso_824max\lpcxpresso824\prj_xpresso82x\iar\freertos_blinky\iflash_nxp_lpcxpresso_812\Obj\utilities.o"
#        -o "F:\LoRaProduct\source
#        code\nxp_lpcxpresso_824max\lpcxpresso824\prj_xpresso82x\iar\freertos_blinky\iflash_nxp_lpcxpresso_812\Exe\freertos_blinky.out.tmp"
#        --map "F:\LoRaProduct\source
#        code\nxp_lpcxpresso_824max\lpcxpresso824\prj_xpresso82x\iar\freertos_blinky\iflash_nxp_lpcxpresso_812\List\freertos_blinky.map"
#        --config "C:\Program Files (x86)\IAR Systems\Embedded Workbench
#        7.0\arm\config\linker\NXP\LPC824M201.icf" --entry __iar_program_start
#        --inline --vfe
#
###############################################################################

*******************************************************************************
*** RUNTIME MODEL ATTRIBUTES
***

CppFlavor       = *
__SystemLibrary = DLib


*******************************************************************************
*** PLACEMENT SUMMARY
***

"A1":  place at 0x00000000 { ro section .intvec };
"P1":  place in [from 0x00000000 to 0x000002fb] |
                [from 0x00000300 to 0x00007fff] { ro };
"P2":  place in [from 0x10000000 to 0x10001fff] { rw, block CSTACK, block HEAP };
"P3":  place in [from 0x000002fc to 0x000002ff] { section .crp };

  Section            Kind        Address    Size  Object
  -------            ----        -------    ----  ------
"A1":                                       0xc0
  .intvec            ro code  0x00000000    0xc0  iar_startup_lpc82x.o [1]
                            - 0x000000c0    0xc0

"P1", part 1 of 2:                         0x22c
  .text              ro code  0x000000c0    0xfc  timer.o [1]
  .text              ro code  0x000001bc     0x2  iar_startup_lpc82x.o [1]
  .text              ro code  0x000001c0    0xb4  iap.o [4]
  .text              ro code  0x00000274    0x10  chip_8xx.o [4]
  .text              ro code  0x00000284    0x12  iocon_8xx.o [4]
  .text              ro code  0x00000298    0x18  gpio_8xx.o [4]
  .text              ro code  0x000002b0    0x24  swm_8xx.o [4]
  .text              ro code  0x000002d4     0xc  XXexit.o [7]
  .rodata            const    0x000002e0     0x8  board.o [3]
  .text              ro code  0x000002e8     0x4  iar_startup_lpc82x.o [1]
  .rodata            const    0x000002ec     0x0  zero_init3.o [7]
  .rodata            const    0x000002ec     0x0  packbits_init.o [7]
                            - 0x000002ec   0x22c

"P3":                                        0x4
  .crp               ro code  0x000002fc     0x4  iar_startup_lpc82x.o [1]
                            - 0x00000300     0x4

"P1", part 2 of 2:                        0x7a87
  .text              ro code  0x00000300  0x1ba4  LoRaMac.o [1]
  .text              ro code  0x00001ea4   0x134  Region.o [1]
  .text              ro code  0x00001fd8   0x288  LoRaMacCrypto.o [1]
  .text              ro code  0x00002260    0x5c  ABImemcpy.o [7]
  .text              ro code  0x000022bc   0x9f4  RegionCN470.o [1]
  .text              ro code  0x00002cb0    0xd0  eeprom.o [1]
  .text              ro code  0x00002d80    0xc8  utilities.o [1]
  .text              ro code  0x00002e48   0xbf0  modem.o [1]
  .text              ro code  0x00003a38   0x24a  cmac.o [1]
  .text              ro code  0x00003c82    0x2a  zero_init3.o [7]
  .text              ro code  0x00003cac   0x7c0  aes.o [1]
  .text              ro code  0x0000446c    0x40  ABImemset.o [7]
  .text              ro code  0x000044ac    0xe0  I32DivModFast.o [7]
  .text              ro code  0x0000458c   0x2d6  RegionCommon.o [1]
  .text              ro code  0x00004864   0x598  main.o [1]
  .text              ro code  0x00004dfc    0x2c  wkt_8xx.o [4]
  .text              ro code  0x00004e28    0x5c  syscon_8xx.o [4]
  .text              ro code  0x00004e84    0x7e  pmu_8xx.o [4]
  .text              ro code  0x00004f02     0x2  iar_startup_lpc82x.o [1]
  .text              ro code  0x00004f04   0x1b4  clock_8xx.o [4]
  .text              ro code  0x000050b8    0x52  wwdt_8xx.o [4]
  .text              ro code  0x0000510a     0x2  iar_startup_lpc82x.o [1]
  .text              ro code  0x0000510c   0x341  board.o [3]
  .text              ro code  0x0000544e    0x10  strlen.o [7]
  .text              ro code  0x0000545e     0x2  iar_startup_lpc82x.o [1]
  .text              ro code  0x00005460   0x228  hex.o [1]
  .text              ro code  0x00005688   0x178  uart_8xx.o [4]
  .text              ro code  0x00005800   0x150  usart.o [1]
  .text              ro code  0x00005950   0x114  frame.o [1]
  .text              ro code  0x00005a64    0x34  I32ToDbl.o [6]
  .text              ro code  0x00005a98    0xc2  DblDiv.o [6]
  .text              ro code  0x00005b5a   0x184  DblMul.o [6]
  .text              ro code  0x00005cde   0x1b4  DblAddSub.o [6]
  .text              ro code  0x00005e94    0x58  ceil.o [6]
  .text              ro code  0x00005eec    0x52  DblToI32.o [6]
  .text              ro code  0x00005f40    0x1e  I32ToFlt.o [6]
  .text              ro code  0x00005f5e   0x116  FltAddSub.o [6]
  .text              ro code  0x00006074    0x32  FltToDbl.o [6]
  .text              ro code  0x000060a8    0x58  floor.o [6]
  .text              ro code  0x00006100    0x6a  I64DivMod.o [7]
  .text              ro code  0x0000616a   0x1c6  ring_buffer.o [4]
  .text              ro code  0x00006330   0x3bc  sx1276-board.o [1]
  .text              ro code  0x000066ec    0x32  DblCmpGe.o [6]
  .text              ro code  0x00006720    0x44  spim_8xx.o [4]
  .text              ro code  0x00006764    0x2c  spi_8xx.o [4]
  .text              ro code  0x00006790    0xd8  packbits_init.o [7]
  .text              ro code  0x00006868   0x408  irc_8xx.o [4]
  .text              ro code  0x00006c70     0xa  abort.o [5]
  .rodata            const    0x00006c7c    0xd4  modem.o [1]
  .rodata            const    0x00006d50    0x5c  sx1276-board.o [1]
  .text              ro code  0x00006dac    0x2c  board_sysinit.o [3]
  .text              ro code  0x00006dd8    0x14  sysinit_8xx.o [4]
  .text              ro code  0x00006dec    0x28  data_init.o [7]
  .iar.init_table    const    0x00006e14    0x2c  - Linker created -
  .text              ro code  0x00006e40    0x1a  cmain.o [7]
  .text              ro code  0x00006e5a     0x8  exit.o [5]
  .text              ro code  0x00006e64     0xa  cexit.o [7]
  .text              ro code  0x00006e70    0x10  iar_startup_lpc82x.o [1]
  .text              ro code  0x00006e80     0xc  cstartup_M.o [7]
  .text              ro code  0x00006e8c     0x8  sysinit.o [1]
  .text              ro code  0x00006e94   0xe74  sx1276.o [1]
  Initializer bytes  ro data  0x00007d08    0x7f  <for P2 s0>
                            - 0x00007d87  0x7a87

"P2":                                     0x1ed8
  P2 s0                       0x10000000   0x5d0  <Init block>
    .data            inited   0x10000000   0x174  LoRaMac.o [1]
    .data            inited   0x10000174   0x138  LoRaMacCrypto.o [1]
    .data            inited   0x100002ac   0x114  LoRaMacCrypto.o [1]
    .data            inited   0x100003c0    0xf8  main.o [1]
    .data            inited   0x100004b8    0x80  modem.o [1]
    .data            inited   0x10000538    0x3c  LoRaMac.o [1]
    .data            inited   0x10000574    0x34  RegionCN470.o [1]
    .data            inited   0x100005a8    0x1c  main.o [1]
    .data            inited   0x100005c4     0x8  main.o [1]
    .data            inited   0x100005cc     0x4  utilities.o [1]
  .bss               zero     0x100005d0   0x828  usart.o [1]
  .bss               zero     0x10000df8   0x480  RegionCN470.o [1]
  .bss               zero     0x10001278   0x284  modem.o [1]
  .bss               zero     0x100014fc   0x1ac  sx1276.o [1]
  .bss               zero     0x100016a8   0x100  LoRaMac.o [1]
  .bss               zero     0x100017a8   0x100  LoRaMac.o [1]
  .bss               zero     0x100018a8    0x80  eeprom.o [1]
  .bss               zero     0x10001928    0x80  LoRaMac.o [1]
  .bss               zero     0x100019a8    0x70  LoRaMac.o [1]
  .bss               zero     0x10001a18    0x54  modem.o [1]
  .bss               zero     0x10001a6c    0x18  LoRaMac.o [1]
  .bss               zero     0x10001a84    0x15  LoRaMac.o [1]
  .bss               zero     0x10001a99     0x2  modem.o [1]
  .bss               zero     0x10001a9b     0x1  modem.o [1]
  .bss               zero     0x10001a9c    0x14  LoRaMac.o [1]
  .bss               zero     0x10001ab0    0x10  frame.o [1]
  .bss               zero     0x10001ac0     0x8  timer.o [1]
  .bss               zero     0x10001ac8     0x4  chip_8xx.o [4]
  .bss               zero     0x10001acc     0x2  modem.o [1]
  .bss               zero     0x10001ace     0x2  irc_8xx.o [4]
  .bss               zero     0x10001ad0     0x1  sx1276-board.o [1]
  .bss               zero     0x10001ad1     0x1  utilities.o [1]
  CSTACK                      0x10001ad8   0x400  <Block>
    CSTACK           uninit   0x10001ad8   0x400  <Block tail>
                            - 0x10001ed8  0x1ed8


*******************************************************************************
*** INIT TABLE
***

          Address     Size
          -------     ----
Zero (__iar_zero_init3)
    1 destination range, total size 0x1502:
          0x100005d0  0x1502

Copy/packbits (__iar_packbits_init3)
    1 source range, total size 0x7f (8% of destination):
          0x00007d08    0x7f
    1 destination range, total size 0x5d0:
          0x10000000   0x5d0



*******************************************************************************
*** MODULE SUMMARY
***

    Module                ro code  ro data  rw data
    ------                -------  -------  -------
F:\LoRaProduct\source code\nxp_lpcxpresso_824max\lpcxpresso824\prj_xpresso82x\iar\freertos_blinky\iflash_nxp_lpcxpresso_812\Obj: [1]
    LoRaMac.o               7 076       36    1 249
    LoRaMacCrypto.o           648       50      588
    Region.o                  308
    RegionCN470.o           2 548        4    1 204
    RegionCommon.o            726
    aes.o                   1 984
    cmac.o                    586
    eeprom.o                  208               128
    frame.o                   276                16
    hex.o                     552
    iar_startup_lpc82x.o      224
    main.o                  1 432       25      284
    modem.o                 3 056      223      861
    sx1276-board.o            956       92        1
    sx1276.o                3 700               428
    sysinit.o                   8
    timer.o                   252                 8
    usart.o                   336             2 088
    utilities.o               200                 5
    -----------------------------------------------
    Total:                 25 076      430    6 860

command line: [2]
    -----------------------------------------------
    Total:

board_nxp_lpcxpresso_824.a: [3]
    board.o                   833        8
    board_sysinit.o            44
    -----------------------------------------------
    Total:                    877        8

chip_8xx_lib.a: [4]
    chip_8xx.o                 16                 4
    clock_8xx.o               436
    gpio_8xx.o                 24
    iap.o                     180
    iocon_8xx.o                18
    irc_8xx.o               1 032                 2
    pmu_8xx.o                 126
    ring_buffer.o             454
    spi_8xx.o                  44
    spim_8xx.o                 68
    swm_8xx.o                  36
    syscon_8xx.o               92
    sysinit_8xx.o              20
    uart_8xx.o                376
    wkt_8xx.o                  44
    wwdt_8xx.o                 82
    -----------------------------------------------
    Total:                  3 048                 6

dl6M_tln.a: [5]
    abort.o                    10
    exit.o                      8
    -----------------------------------------------
    Total:                     18

m6M_tl.a: [6]
    DblAddSub.o               436
    DblCmpGe.o                 50
    DblDiv.o                  194
    DblMul.o                  388
    DblToI32.o                 82
    FltAddSub.o               278
    FltToDbl.o                 50
    I32ToDbl.o                 52
    I32ToFlt.o                 30
    ceil.o                     88
    floor.o                    88
    -----------------------------------------------
    Total:                  1 736

rt6M_tl.a: [7]
    ABImemcpy.o                92
    ABImemset.o                64
    I32DivModFast.o           224
    I64DivMod.o               106
    XXexit.o                   12
    cexit.o                    10
    cmain.o                    26
    cstartup_M.o               12
    data_init.o                40
    packbits_init.o           216
    strlen.o                   16
    zero_init3.o               42
    -----------------------------------------------
    Total:                    860

    Gaps                       19        2
    Linker created                      45    1 024
---------------------------------------------------
    Grand Total:           31 634      485    7 890


*******************************************************************************
*** ENTRY LIST
***

Entry                      Address   Size  Type      Object
-----                      -------   ----  ----      ------
?main                   0x00006e41         Code  Gb  cmain.o [7]
AES_CMAC_Final          0x00003b35  0x14e  Code  Gb  cmac.o [1]
AES_CMAC_Init           0x00003a39   0x22  Code  Gb  cmac.o [1]
AES_CMAC_SetKey         0x00003a5b   0x10  Code  Gb  cmac.o [1]
AES_CMAC_Update         0x00003a6b   0xca  Code  Gb  cmac.o [1]
AckTimeoutRetries       0x1000001a    0x1  Data  Lc  LoRaMac.o [1]
AckTimeoutRetriesCounter
                        0x1000001b    0x1  Data  Gb  LoRaMac.o [1]
AckTimeoutRetry         0x1000001c    0x1  Data  Lc  LoRaMac.o [1]
AckTimeoutTimer         0x10000160   0x14  Data  Lc  LoRaMac.o [1]
AddMacCommand           0x00000f89   0x9c  Code  Lc  LoRaMac.o [1]
AdrAckCounter           0x1000004c    0x4  Data  Lc  LoRaMac.o [1]
AdrCtrlOn               0x10000011    0x1  Data  Lc  LoRaMac.o [1]
AesCmacCtx              0x10000194  0x118  Data  Lc  LoRaMacCrypto.o [1]
AesContext              0x100002cc   0xf4  Data  Lc  LoRaMacCrypto.o [1]
AggregatedDCycle        0x10000028    0x2  Data  Lc  LoRaMac.o [1]
AggregatedLastTxDoneTime
                        0x10000050    0x4  Data  Lc  LoRaMac.o [1]
AggregatedTimeOff       0x10000054    0x4  Data  Lc  LoRaMac.o [1]
AlarmEnd                0x0000329b    0x8  Code  Gb  modem.o [1]
AlarmStart              0x0000328f    0xc  Code  Gb  modem.o [1]
AppData                 0x100003c4   0xf4  Data  Lc  main.o [1]
AppDataSize             0x100003c1    0x1  Data  Lc  main.o [1]
AppPort                 0x100003c0    0x1  Data  Lc  main.o [1]
Bands                   0x10000590   0x10  Data  Lc  RegionCN470.o [1]
BandwidthsCN470         0x000027c8   0x18  Data  Lc  RegionCN470.o [1]
BoardDisableIrq         0x00002e15    0xc  Code  Gb  utilities.o [1]
BoardEnableIrq          0x00002e21   0x12  Code  Gb  utilities.o [1]
BoardGetBatteryLevel    0x00004acd    0x4  Code  Gb  main.o [1]
Board_GPIO_Init         0x00005185  0x282  Code  Gb  board.o [3]
Board_Init              0x00005409   0x32  Code  Gb  board.o [3]
Board_LED_Set           0x0000515b   0x1a  Code  Gb  board.o [3]
Board_SetupMuxing       0x00006dad   0x12  Code  Gb  board_sysinit.o [3]
Board_SystemInit        0x00006dc9    0x6  Code  Gb  board_sysinit.o [3]
CSTACK$$Base            0x10001ad8          --   Gb  - Linker created -
CSTACK$$Limit           0x10001ed8          --   Gb  - Linker created -
CalculateBackOff        0x000011d7   0x3c  Code  Lc  LoRaMac.o [1]
Channel                 0x10000018    0x1  Data  Lc  LoRaMac.o [1]
Channels                0x10000df8  0x480  Data  Lc  RegionCN470.o [1]
ChannelsDefaultMask     0x10000584    0xc  Data  Lc  RegionCN470.o [1]
ChannelsMask            0x10000578    0xc  Data  Lc  RegionCN470.o [1]
ChannelsNbRepCounter    0x10000017    0x1  Data  Lc  LoRaMac.o [1]
Chip_Clock_DisablePeriphClock
                        0x0000639d   0x12  Code  Lc  sx1276-board.o [1]
Chip_Clock_DisablePeriphClock
                        0x00005821   0x12  Code  Lc  usart.o [1]
Chip_Clock_DisablePeriphClock
                        0x0000511f   0x12  Code  Lc  board.o [3]
Chip_Clock_EnablePeriphClock
                        0x000048ef   0x12  Code  Lc  main.o [1]
Chip_Clock_EnablePeriphClock
                        0x00002eb3   0x12  Code  Lc  modem.o [1]
Chip_Clock_EnablePeriphClock
                        0x0000638b   0x12  Code  Lc  sx1276-board.o [1]
Chip_Clock_EnablePeriphClock
                        0x0000580f   0x12  Code  Lc  usart.o [1]
Chip_Clock_EnablePeriphClock
                        0x0000510d   0x12  Code  Lc  board.o [3]
Chip_Clock_GetMainClockRate
                        0x00004f75   0x30  Code  Gb  clock_8xx.o [4]
Chip_Clock_GetSystemClockRate
                        0x00004fa5   0x12  Code  Gb  clock_8xx.o [4]
Chip_Clock_GetSystemPLLInClockRate
                        0x00004f3b   0x26  Code  Gb  clock_8xx.o [4]
Chip_Clock_GetSystemPLLOutClockRate
                        0x00004f61   0x14  Code  Gb  clock_8xx.o [4]
Chip_Clock_GetUSARTNBaseClockRate
                        0x00004fb7   0x36  Code  Gb  clock_8xx.o [4]
Chip_Clock_GetWDTOSCRate
                        0x00004f19   0x22  Code  Gb  clock_8xx.o [4]
Chip_Clock_SetMainClockSource
                        0x00004f09    0x2  Code  Gb  clock_8xx.o [4]
Chip_Clock_SetSystemPLLSource
                        0x00004f05    0x4  Code  Gb  clock_8xx.o [4]
Chip_Clock_SetUARTClockDiv
                        0x00005833    0x6  Code  Lc  usart.o [1]
Chip_Clock_SetUSARTNBaseClockRate
                        0x00004fed   0x5a  Code  Gb  clock_8xx.o [4]
Chip_Clock_SetWDTOSC    0x00002ea5    0xe  Code  Lc  modem.o [1]
Chip_FMC_ComputeSignature
                        0x00002cb1   0x14  Code  Lc  eeprom.o [1]
Chip_FMC_ComputeSignatureBlocks
                        0x00002cc5    0xc  Code  Lc  eeprom.o [1]
Chip_FMC_IsSignatureBusy
                        0x00002cd1    0x8  Code  Lc  eeprom.o [1]
Chip_FMC_SetFLASHAccess
                        0x00006869    0x8  Code  Lc  irc_8xx.o [4]
Chip_GPIO_Init          0x00000299   0x10  Code  Gb  gpio_8xx.o [4]
Chip_GPIO_SetPinDIR     0x000063ef   0x12  Code  Lc  sx1276-board.o [1]
Chip_GPIO_SetPinDIRInput
                        0x000063df   0x10  Code  Lc  sx1276-board.o [1]
Chip_GPIO_SetPinDIROutput
                        0x000063cf   0x10  Code  Lc  sx1276-board.o [1]
Chip_GPIO_SetPinOutHigh
                        0x00006401   0x10  Code  Lc  sx1276-board.o [1]
Chip_GPIO_SetPinOutHigh
                        0x00006e99   0x10  Code  Lc  sx1276.o [1]
Chip_GPIO_SetPinOutLow  0x00006411   0x10  Code  Lc  sx1276-board.o [1]
Chip_GPIO_SetPinOutLow  0x00006ea9   0x10  Code  Lc  sx1276.o [1]
Chip_GPIO_SetPinState   0x00005153    0x8  Code  Lc  board.o [3]
Chip_IAP_CopyRamToFlash
                        0x000001d7   0x1e  Code  Gb  iap.o [4]
Chip_IAP_ErasePage      0x00000241    0x8  Code  Gb  iap.o [4]
Chip_IAP_PreSectorForReadWrite
                        0x000001c9    0xe  Code  Gb  iap.o [4]
Chip_IAP_ReadPID        0x000001fd   0x16  Code  Gb  iap.o [4]
Chip_IAP_ReadUID        0x00000213   0x2a  Code  Gb  iap.o [4]
Chip_IOCON_PinDisableOpenDrainMode
                        0x000063af    0xe  Code  Lc  sx1276-board.o [1]
Chip_IOCON_PinEnableOpenDrainMode
                        0x00005131   0x10  Code  Lc  board.o [3]
Chip_IOCON_PinSetMode   0x00000285   0x12  Code  Gb  iocon_8xx.o [4]
Chip_IRC_SetFreq        0x00006871   0x9c  Code  Gb  irc_8xx.o [4]
Chip_PININT_ClearIntStatus
                        0x00006e95    0x4  Code  Lc  sx1276.o [1]
Chip_PININT_EnableIntHigh
                        0x000063cb    0x4  Code  Lc  sx1276-board.o [1]
Chip_PININT_SetPinModeEdge
                        0x000063bd    0xe  Code  Lc  sx1276-board.o [1]
Chip_PMU_ClearPowerDownControl
                        0x0000490d    0xe  Code  Lc  main.o [1]
Chip_PMU_ClearPowerDownControl
                        0x00002ed1    0xe  Code  Lc  modem.o [1]
Chip_PMU_DeepPowerDownState
                        0x00004ec3   0x16  Code  Gb  pmu_8xx.o [4]
Chip_PMU_DeepSleepState
                        0x00004e97   0x16  Code  Gb  pmu_8xx.o [4]
Chip_PMU_PowerDownState
                        0x00004ead   0x16  Code  Gb  pmu_8xx.o [4]
Chip_PMU_SetPowerDownControl
                        0x00004901    0xc  Code  Lc  main.o [1]
Chip_PMU_SetPowerDownControl
                        0x00002ec5    0xc  Code  Lc  modem.o [1]
Chip_PMU_Sleep          0x00004edd   0x26  Code  Gb  pmu_8xx.o [4]
Chip_PMU_SleepState     0x00004e85   0x12  Code  Gb  pmu_8xx.o [4]
Chip_SPIM_GetClockRate  0x00006721   0x14  Code  Gb  spim_8xx.o [4]
Chip_SPIM_SetClockRate  0x00006735   0x2c  Code  Gb  spim_8xx.o [4]
Chip_SPI_ClearCFGRegBits
                        0x0000642f    0xe  Code  Lc  sx1276-board.o [1]
Chip_SPI_ClearStatus    0x00006ec1    0x4  Code  Lc  sx1276.o [1]
Chip_SPI_ConfigureSPI   0x0000646b   0x1c  Code  Lc  sx1276-board.o [1]
Chip_SPI_DelayConfig    0x00006765   0x2c  Code  Gb  spi_8xx.o [4]
Chip_SPI_Enable         0x00006461    0xa  Code  Lc  sx1276-board.o [1]
Chip_SPI_GetStatus      0x00006eb9    0x8  Code  Lc  sx1276.o [1]
Chip_SPI_Init           0x0000643d   0x24  Code  Lc  sx1276-board.o [1]
Chip_SPI_ReceiveFrame   0x00006eeb    0x6  Code  Lc  sx1276.o [1]
Chip_SPI_SendLastFrame  0x00006ed7   0x14  Code  Lc  sx1276.o [1]
Chip_SPI_SendMidFrame   0x00006ed3    0x4  Code  Lc  sx1276.o [1]
Chip_SPI_SetCFGRegBits  0x00006421    0xe  Code  Lc  sx1276-board.o [1]
Chip_SPI_SetControlInfo
                        0x00006ec5    0xe  Code  Lc  sx1276.o [1]
Chip_SWM_DisableFixedPin
                        0x00005839   0x12  Code  Lc  usart.o [1]
Chip_SWM_DisableFixedPin
                        0x00005141   0x12  Code  Lc  board.o [3]
Chip_SWM_MovablePinAssign
                        0x000002b1   0x1e  Code  Gb  swm_8xx.o [4]
Chip_SYSCTL_AssertPeriphReset
                        0x00002e65   0x12  Code  Lc  modem.o [1]
Chip_SYSCTL_AssertPeriphReset
                        0x0000633f   0x12  Code  Lc  sx1276-board.o [1]
Chip_SYSCTL_DeassertPeriphReset
                        0x00002e77   0x12  Code  Lc  modem.o [1]
Chip_SYSCTL_DeassertPeriphReset
                        0x00006351   0x12  Code  Lc  sx1276-board.o [1]
Chip_SYSCTL_EnablePINTWakeup
                        0x0000637b   0x10  Code  Lc  sx1276-board.o [1]
Chip_SYSCTL_EnablePeriphWakeup
                        0x00002e99    0xc  Code  Lc  modem.o [1]
Chip_SYSCTL_PeriphReset
                        0x00002e89   0x10  Code  Lc  modem.o [1]
Chip_SYSCTL_PeriphReset
                        0x00006363   0x10  Code  Lc  sx1276-board.o [1]
Chip_SYSCTL_PeriphReset
                        0x00005689   0x1c  Code  Lc  uart_8xx.o [4]
Chip_SYSCTL_PowerDown   0x00004e47   0x14  Code  Gb  syscon_8xx.o [4]
Chip_SYSCTL_PowerUp     0x00004e5b   0x14  Code  Gb  syscon_8xx.o [4]
Chip_SYSCTL_SetDeepSleepPD
                        0x00004e29    0xe  Code  Gb  syscon_8xx.o [4]
Chip_SYSCTL_SetPinInterrupt
                        0x00006373    0x8  Code  Lc  sx1276-board.o [1]
Chip_SYSCTL_SetWakeup   0x00004e37   0x10  Code  Gb  syscon_8xx.o [4]
Chip_SetupIrcClocking   0x00006dd9    0x4  Code  Gb  sysinit_8xx.o [4]
Chip_UART_ConfigData    0x0000586b    0xc  Code  Lc  usart.o [1]
Chip_UART_Enable        0x0000584b    0xe  Code  Lc  usart.o [1]
Chip_UART_GetStatus     0x000056b5    0x8  Code  Lc  uart_8xx.o [4]
Chip_UART_IRQRBHandler  0x000057cf   0x32  Code  Gb  uart_8xx.o [4]
Chip_UART_Init          0x000056d5   0x34  Code  Gb  uart_8xx.o [4]
Chip_UART_IntDisable    0x00005867    0x4  Code  Lc  usart.o [1]
Chip_UART_IntDisable    0x000056b1    0x4  Code  Lc  uart_8xx.o [4]
Chip_UART_IntEnable     0x00005863    0x4  Code  Lc  usart.o [1]
Chip_UART_RXIntHandlerRB
                        0x0000573f   0x24  Code  Gb  uart_8xx.o [4]
Chip_UART_ReadByte      0x000056a9    0x8  Code  Lc  uart_8xx.o [4]
Chip_UART_ReadRB        0x000057c1    0xe  Code  Gb  uart_8xx.o [4]
Chip_UART_SendByte      0x000056a5    0x4  Code  Lc  uart_8xx.o [4]
Chip_UART_SendRB        0x0000578d   0x34  Code  Gb  uart_8xx.o [4]
Chip_UART_SetBaud       0x00005729   0x16  Code  Gb  uart_8xx.o [4]
Chip_UART_TXEnable      0x00005859    0xa  Code  Lc  usart.o [1]
Chip_UART_TXIntHandlerRB
                        0x00005763   0x2a  Code  Gb  uart_8xx.o [4]
Chip_WKT_ClearIntStatus
                        0x00002edf    0xe  Code  Lc  modem.o [1]
Chip_WKT_GetClockRate   0x00004e13    0xe  Code  Gb  wkt_8xx.o [4]
Chip_WKT_LoadCount      0x00002efb    0x4  Code  Lc  modem.o [1]
Chip_WKT_SetClockSource
                        0x00004dfd   0x16  Code  Gb  wkt_8xx.o [4]
Chip_WKT_Stop           0x00002eed    0xe  Code  Lc  modem.o [1]
Chip_WWDT_ClearStatusFlag
                        0x000050ed   0x1e  Code  Gb  wwdt_8xx.o [4]
Chip_WWDT_Feed          0x00002cd9    0xa  Code  Lc  eeprom.o [1]
Chip_WWDT_Feed          0x0000492b    0xa  Code  Lc  main.o [1]
Chip_WWDT_Feed          0x00002f03    0xa  Code  Lc  modem.o [1]
Chip_WWDT_Init          0x000050b9   0x22  Code  Gb  wwdt_8xx.o [4]
Chip_WWDT_SetOption     0x00002f15    0xc  Code  Lc  modem.o [1]
Chip_WWDT_SetTimeOut    0x00002eff    0x4  Code  Lc  modem.o [1]
Chip_WWDT_SetWarning    0x00002f0d    0x4  Code  Lc  modem.o [1]
Chip_WWDT_SetWindow     0x00002f11    0x4  Code  Lc  modem.o [1]
Chip_WWDT_Start         0x00002f21   0x12  Code  Lc  modem.o [1]
ComplianceTest          0x100005a8   0x14  Data  Gb  main.o [1]
CountChannels           0x0000458d   0x26  Code  Lc  RegionCommon.o [1]
CountNbOfEnabledChannels
                        0x00002399   0xec  Code  Lc  RegionCN470.o [1]
DataratesCN470          0x00002938    0x8  Data  Lc  RegionCN470.o [1]
DelayMs                 0x00002df9   0x1c  Code  Gb  utilities.o [1]
DevEui                  0x100005c4    0x8  Data  Gb  main.o [1]
DeviceState             0x100005bd    0x1  Data  Gb  main.o [1]
DownLinkCounter         0x10000048    0x4  Data  Lc  LoRaMac.o [1]
DutyCycleOn             0x1000054f    0x1  Data  Lc  LoRaMac.o [1]
ExtRateIn               0x000002e4    0x4  Data  Gb  board.o [3]
GetBandwidth            0x00002371   0x1e  Code  Lc  RegionCN470.o [1]
GetNextLowerTxDr        0x000022bd   0xb4  Code  Lc  RegionCN470.o [1]
InStream_Read           0x00006791   0x22  Code  Lc  packbits_init.o [7]
IrqNestLevel            0x10001ad1    0x1  Data  Lc  utilities.o [1]
IsLoRaMacNetworkJoined  0x10000010    0x1  Data  Gb  LoRaMac.o [1]
IsRxWindowsEnabled      0x1000054d    0x1  Data  Lc  LoRaMac.o [1]
IsTxConfirmed           0x100003c2    0x1  Data  Gb  main.o [1]
IsUpLinkCounterFixed    0x10001a98    0x1  Data  Lc  LoRaMac.o [1]
JoinRequestTrials       0x1000001d    0x1  Data  Gb  LoRaMac.o [1]
LMIC                    0x100013a8   0xd8  Data  Gb  modem.o [1]
LastTxChannel           0x10000019    0x1  Data  Lc  LoRaMac.o [1]
LastTxIsJoinRequest     0x10000550    0x1  Data  Lc  LoRaMac.o [1]
Led1Timer_OffLine       0x100014e8   0x14  Data  Gb  modem.o [1]
LedIndication           0x00003115   0x1c  Code  Gb  modem.o [1]
LimitTxPower            0x0000238f    0xa  Code  Lc  RegionCN470.o [1]
LoRaMacAppEui           0x10000030    0x4  Data  Lc  LoRaMac.o [1]
LoRaMacAppKey           0x10000034    0x4  Data  Lc  LoRaMac.o [1]
LoRaMacAppSKey          0x10000080   0x10  Data  Lc  LoRaMac.o [1]
LoRaMacBuffer           0x100016a8  0x100  Data  Lc  LoRaMac.o [1]
LoRaMacBufferPktLen     0x10000026    0x2  Data  Lc  LoRaMac.o [1]
LoRaMacCallbacks        0x10000570    0x4  Data  Lc  LoRaMac.o [1]
LoRaMacComputeMic       0x00001fd9   0x8a  Code  Gb  LoRaMacCrypto.o [1]
LoRaMacDevAddr          0x1000003c    0x4  Data  Lc  LoRaMac.o [1]
LoRaMacDevEui           0x1000002c    0x4  Data  Lc  LoRaMac.o [1]
LoRaMacDevNonce         0x10000024    0x2  Data  Lc  LoRaMac.o [1]
LoRaMacDeviceClass      0x1000000d    0x1  Data  Lc  LoRaMac.o [1]
LoRaMacFlags            0x10000020    0x4  Data  Gb  LoRaMac.o [1]
LoRaMacInitialization   0x00001605  0x21a  Code  Gb  LoRaMac.o [1]
LoRaMacInitializationTime
                        0x10000058    0x4  Data  Lc  LoRaMac.o [1]
LoRaMacJoinComputeMic   0x00002137   0x4e  Code  Gb  LoRaMacCrypto.o [1]
LoRaMacJoinComputeSKeys
                        0x000021c9   0x8e  Code  Gb  LoRaMacCrypto.o [1]
LoRaMacJoinDecrypt      0x00002185   0x44  Code  Gb  LoRaMacCrypto.o [1]
LoRaMacMcpsRequest      0x00001d2d  0x15e  Code  Gb  LoRaMac.o [1]
LoRaMacMibSetRequestConfirm
                        0x00001929  0x2ae  Code  Gb  LoRaMac.o [1]
LoRaMacMlmeRequest      0x00001c01  0x11a  Code  Gb  LoRaMac.o [1]
LoRaMacNetID            0x10000038    0x4  Data  Lc  LoRaMac.o [1]
LoRaMacNwkSKey          0x10000070   0x10  Data  Lc  LoRaMac.o [1]
LoRaMacParams           0x100019a8   0x38  Data  Gb  LoRaMac.o [1]
LoRaMacParamsDefaults   0x100019e0   0x38  Data  Gb  LoRaMac.o [1]
LoRaMacPayloadDecrypt   0x00002121   0x16  Code  Gb  LoRaMacCrypto.o [1]
LoRaMacPayloadEncrypt   0x00002063   0xbe  Code  Gb  LoRaMacCrypto.o [1]
LoRaMacPrimitives       0x10000060    0x4  Data  Lc  LoRaMac.o [1]
LoRaMacQueryTxPossible  0x00001829   0xc4  Code  Gb  LoRaMac.o [1]
LoRaMacRegion           0x1000000c    0x1  Data  Lc  LoRaMac.o [1]
LoRaMacRxPayload        0x100017a8  0x100  Data  Lc  LoRaMac.o [1]
LoRaMacState            0x1000005c    0x4  Data  Gb  LoRaMac.o [1]
LoRaMacTxPayloadLen     0x1000054c    0x1  Data  Lc  LoRaMac.o [1]
MODEM                   0x10001278  0x130  Data  Lc  modem.o [1]
MacCommandsBuffer       0x10001928   0x80  Data  Lc  LoRaMac.o [1]
MacCommandsBufferIndex  0x10000015    0x1  Data  Lc  LoRaMac.o [1]
MacCommandsBufferToRepeat
                        0x10000090   0x80  Data  Lc  LoRaMac.o [1]
MacCommandsBufferToRepeatIndex
                        0x10000016    0x1  Data  Lc  LoRaMac.o [1]
MacCommandsInNextTx     0x10000014    0x1  Data  Lc  LoRaMac.o [1]
MacStateCheckTimer      0x10000110   0x14  Data  Lc  LoRaMac.o [1]
MaxDCycle               0x1000054e    0x1  Data  Lc  LoRaMac.o [1]
MaxJoinRequestTrials    0x1000001e    0x1  Data  Lc  LoRaMac.o [1]
MaxPayloadOfDatarateCN470
                        0x00002888    0x8  Data  Lc  RegionCN470.o [1]
MaxPayloadOfDatarateRepeaterCN470
                        0x00002880    0x8  Data  Lc  RegionCN470.o [1]
McpsConfirm             0x10001a84   0x14  Data  Gb  LoRaMac.o [1]
McpsIndication          0x10001a6c   0x18  Data  Lc  LoRaMac.o [1]
McpsIndication          0x000049e7   0x88  Code  Lc  main.o [1]
Mic                     0x10000184   0x10  Data  Lc  LoRaMacCrypto.o [1]
MicBlockB0              0x10000174   0x10  Data  Lc  LoRaMacCrypto.o [1]
MlmeConfirm             0x10000000    0xc  Data  Lc  LoRaMac.o [1]
MlmeConfirm             0x00004a6f   0x5e  Code  Lc  main.o [1]
MulticastChannels       0x10000040    0x4  Data  Lc  LoRaMac.o [1]
NVIC_ClearPendingIRQ    0x00002e57    0xe  Code  Lc  modem.o [1]
NVIC_DisableIRQ         0x00004873    0xe  Code  Lc  main.o [1]
NVIC_EnableIRQ          0x00004865    0xe  Code  Lc  main.o [1]
NVIC_EnableIRQ          0x00002e49    0xe  Code  Lc  modem.o [1]
NVIC_EnableIRQ          0x00006331    0xe  Code  Lc  sx1276-board.o [1]
NVIC_EnableIRQ          0x00005801    0xe  Code  Lc  usart.o [1]
NVIC_SetPriority        0x00004881   0x44  Code  Lc  main.o [1]
NextTx                  0x100005bc    0x1  Data  Lc  main.o [1]
NodeAckRequested        0x10000012    0x1  Data  Lc  LoRaMac.o [1]
OnAckTimeoutTimerEvent  0x00000eed   0x34  Code  Lc  LoRaMac.o [1]
OnLed1TimerEventNetOffline
                        0x00003061   0xae  Code  Lc  modem.o [1]
OnMacStateCheckTimerEvent
                        0x00000b21  0x2ba  Code  Lc  LoRaMac.o [1]
OnRadioRxDone           0x00000431  0x5c4  Code  Lc  LoRaMac.o [1]
OnRadioRxError          0x00000a23   0x5e  Code  Lc  LoRaMac.o [1]
OnRadioRxTimeout        0x00000a85   0x8a  Code  Lc  LoRaMac.o [1]
OnRadioTxDone           0x00000301   0xe8  Code  Lc  LoRaMac.o [1]
OnRadioTxTimeout        0x000009f5   0x2e  Code  Lc  LoRaMac.o [1]
OnRxWindow1TimerEvent   0x00000e49   0x4e  Code  Lc  LoRaMac.o [1]
OnRxWindow2TimerEvent   0x00000e97   0x56  Code  Lc  LoRaMac.o [1]
OnTxDelayedTimerEvent   0x00000de1   0x5e  Code  Lc  LoRaMac.o [1]
OscRateIn               0x000002e0    0x4  Data  Gb  board.o [3]
PININT0_IRQHandler      0x00007b39  0x152  Code  Gb  sx1276.o [1]
PININT1_IRQHandler      0x00007c8b   0x3e  Code  Gb  sx1276.o [1]
PRIVATE_NET_DR_MAX      0x10000574    0x1  Data  Gb  RegionCN470.o [1]
PRIVATE_NET_DR_MIN      0x10000575    0x1  Data  Gb  RegionCN470.o [1]
ParseMacCommandsToRepeat
                        0x00001025   0x5e  Code  Lc  LoRaMac.o [1]
PrepareFrame            0x000012b5  0x2a2  Code  Gb  LoRaMac.o [1]
PrepareRxDoneAbort      0x000003e9   0x36  Code  Lc  LoRaMac.o [1]
PrepareTxFrame          0x00004935   0x1e  Code  Gb  main.o [1]
ProcessMacCommands      0x00001083    0x2  Code  Lc  LoRaMac.o [1]
PublicNetwork           0x1000000e    0x1  Data  Gb  LoRaMac.o [1]
Radio                   0x00006d50   0x5c  Data  Gb  sx1276-board.o [1]
RadioEvents             0x10000554   0x1c  Data  Lc  LoRaMac.o [1]
RadioEvents             0x10001568    0x4  Data  Lc  sx1276.o [1]
RadioIsActive           0x10001ad0    0x1  Data  Lc  sx1276-board.o [1]
RadioRegsInit           0x00007cd8   0x30  Data  Gb  sx1276.o [1]
Region$$Table$$Base     0x00006e14          --   Gb  - Linker created -
Region$$Table$$Limit    0x00006e40          --   Gb  - Linker created -
RegionAdrNext           0x00001f1f   0x1a  Code  Gb  Region.o [1]
RegionAlternateDr       0x00001f7d   0x12  Code  Gb  Region.o [1]
RegionApplyCFList       0x00001efd   0x10  Code  Gb  Region.o [1]
RegionApplyDrOffset     0x00001fb9   0x1a  Code  Gb  Region.o [1]
RegionCN470AdrNext      0x000026d5   0x74  Code  Gb  RegionCN470.o [1]
RegionCN470AlternateDr  0x00002951   0xe8  Code  Gb  RegionCN470.o [1]
RegionCN470ApplyDrOffset
                        0x00002c25   0x10  Code  Gb  RegionCN470.o [1]
RegionCN470CalcBackOff  0x00002a39   0x30  Code  Gb  RegionCN470.o [1]
RegionCN470ChanMaskSet  0x000026a9   0x2c  Code  Gb  RegionCN470.o [1]
RegionCN470ComputeRxWindowParameters
                        0x00002781   0x48  Code  Gb  RegionCN470.o [1]
RegionCN470GetPhyParam  0x00002485   0xd8  Code  Gb  RegionCN470.o [1]
RegionCN470InitDefaults
                        0x00002591   0x9e  Code  Gb  RegionCN470.o [1]
RegionCN470NextChannel  0x00002a71  0x1ac  Code  Gb  RegionCN470.o [1]
RegionCN470RxConfig     0x000027e1   0x90  Code  Gb  RegionCN470.o [1]
RegionCN470SetBandTxDone
                        0x00002561   0x22  Code  Gb  RegionCN470.o [1]
RegionCN470TxConfig     0x00002891   0xa8  Code  Gb  RegionCN470.o [1]
RegionCN470Verify       0x00002635   0x74  Code  Gb  RegionCN470.o [1]
RegionCalcBackOff       0x00001f8f   0x10  Code  Gb  Region.o [1]
RegionChanMaskSet       0x00001f0d   0x12  Code  Gb  Region.o [1]
RegionCommonCalcBackOff
                        0x0000480b   0x58  Code  Gb  RegionCommon.o [1]
RegionCommonChanMaskCopy
                        0x0000460b   0x22  Code  Gb  RegionCommon.o [1]
RegionCommonComputeRxWindowParameters
                        0x00004729   0xaa  Code  Gb  RegionCommon.o [1]
RegionCommonComputeSymbolTimeLoRa
                        0x000046ed   0x2e  Code  Gb  RegionCommon.o [1]
RegionCommonComputeTxPower
                        0x000047e1   0x2a  Code  Gb  RegionCommon.o [1]
RegionCommonCountChannels
                        0x000045dd   0x2e  Code  Gb  RegionCommon.o [1]
RegionCommonGetJoinDc   0x000045b3   0x1a  Code  Gb  RegionCommon.o [1]
RegionCommonSetBandTxDone
                        0x0000462d    0xa  Code  Gb  RegionCommon.o [1]
RegionCommonUpdateBandTimeOff
                        0x00004637   0xb6  Code  Gb  RegionCommon.o [1]
RegionCommonValueInRange
                        0x000045cd   0x10  Code  Gb  RegionCommon.o [1]
RegionComputeRxWindowParameters
                        0x00001f39   0x16  Code  Gb  Region.o [1]
RegionGetPhyParam       0x00001eb1   0x16  Code  Gb  Region.o [1]
RegionInitDefaults      0x00001ed7   0x10  Code  Gb  Region.o [1]
RegionIsActive          0x00001ea5    0xc  Code  Gb  Region.o [1]
RegionNextChannel       0x00001f9f   0x1a  Code  Gb  Region.o [1]
RegionRxConfig          0x00001f4f   0x16  Code  Gb  Region.o [1]
RegionSetBandTxDone     0x00001ec7   0x10  Code  Gb  Region.o [1]
RegionTxConfig          0x00001f65   0x18  Code  Gb  Region.o [1]
RegionVerify            0x00001ee7   0x16  Code  Gb  Region.o [1]
RepeaterSupport         0x1000000f    0x1  Data  Lc  LoRaMac.o [1]
ResetMacParameters      0x00001219   0x82  Code  Lc  LoRaMac.o [1]
RingBuffer_GetCount     0x0000616b    0x8  Code  Lc  ring_buffer.o [4]
RingBuffer_Init         0x00006199   0x10  Code  Gb  ring_buffer.o [4]
RingBuffer_Insert       0x000061a9   0x32  Code  Gb  ring_buffer.o [4]
RingBuffer_InsertMult   0x000061db   0x96  Code  Gb  ring_buffer.o [4]
RingBuffer_IsEmpty      0x0000491b   0x10  Code  Lc  main.o [1]
RingBuffer_IsEmpty      0x00006189   0x10  Code  Lc  ring_buffer.o [4]
RingBuffer_IsFull       0x00006173   0x16  Code  Lc  ring_buffer.o [4]
RingBuffer_Pop          0x00006271   0x32  Code  Gb  ring_buffer.o [4]
RingBuffer_PopMult      0x000062a3   0x8e  Code  Gb  ring_buffer.o [4]
RxChainCalibration      0x0000702b   0x8e  Code  Lc  sx1276.o [1]
RxSlot                  0x1000001f    0x1  Data  Lc  LoRaMac.o [1]
RxTimeoutSyncWord       0x10001694   0x14  Data  Gb  sx1276.o [1]
RxTimeoutTimer          0x10001680   0x14  Data  Gb  sx1276.o [1]
RxTxBuffer              0x1000156c  0x100  Data  Lc  sx1276.o [1]
RxWindow1Config         0x10000538   0x14  Data  Lc  LoRaMac.o [1]
RxWindow1Delay          0x10000064    0x4  Data  Lc  LoRaMac.o [1]
RxWindow2Config         0x10001a9c   0x14  Data  Lc  LoRaMac.o [1]
RxWindow2Delay          0x10000068    0x4  Data  Lc  LoRaMac.o [1]
RxWindowSetup           0x00000f25   0x16  Code  Lc  LoRaMac.o [1]
RxWindowTimer1          0x10000138   0x14  Data  Lc  LoRaMac.o [1]
RxWindowTimer2          0x1000014c   0x14  Data  Lc  LoRaMac.o [1]
SX1276                  0x100014fc   0x6c  Data  Gb  sx1276.o [1]
SX1276AntSwDeInit       0x000066b9   0x10  Code  Gb  sx1276-board.o [1]
SX1276AntSwInit         0x00006665   0x1a  Code  Gb  sx1276-board.o [1]
SX1276CheckRfFrequency  0x000066e9    0x4  Code  Gb  sx1276-board.o [1]
SX1276GetPaSelect       0x00006629    0xe  Code  Gb  sx1276-board.o [1]
SX1276GetStatus         0x00006f5f    0x6  Code  Gb  sx1276.o [1]
SX1276GetTimeOnAir      0x000073c9  0x128  Code  Gb  sx1276.o [1]
SX1276Init              0x00006ef1   0x6e  Code  Gb  sx1276.o [1]
SX1276IoInit            0x00006487   0xc6  Code  Gb  sx1276-board.o [1]
SX1276IoIrqInit         0x0000654d   0x32  Code  Gb  sx1276-board.o [1]
SX1276IsChannelFree     0x00006fa1   0x48  Code  Gb  sx1276.o [1]
SX1276OnTimeoutIrq      0x00007ab9   0x76  Code  Gb  sx1276.o [1]
SX1276Random            0x00006fe9   0x42  Code  Gb  sx1276.o [1]
SX1276Read              0x0000790d   0x10  Code  Gb  sx1276.o [1]
SX1276ReadBuffer        0x000079c5   0x98  Code  Gb  sx1276.o [1]
SX1276ReadFifo          0x00007a6b    0xe  Code  Gb  sx1276.o [1]
SX1276ReadRssi          0x0000781d   0x32  Code  Gb  sx1276.o [1]
SX1276Reset             0x00007855   0x28  Code  Gb  sx1276.o [1]
SX1276Send              0x000074f5   0x8e  Code  Gb  sx1276.o [1]
SX1276SetAntSw          0x000066c9   0x20  Code  Gb  sx1276-board.o [1]
SX1276SetAntSwLowPower  0x0000663d   0x1e  Code  Gb  sx1276-board.o [1]
SX1276SetChannel        0x00006f65   0x3c  Code  Gb  sx1276.o [1]
SX1276SetMaxPayloadLength
                        0x00007a79   0x18  Code  Gb  sx1276.o [1]
SX1276SetModem          0x000078ad   0x50  Code  Gb  sx1276.o [1]
SX1276SetOpMode         0x0000787d   0x30  Code  Gb  sx1276.o [1]
SX1276SetPublicNetwork  0x00007a91   0x26  Code  Gb  sx1276.o [1]
SX1276SetRfTxPower      0x0000657f   0xaa  Code  Gb  sx1276-board.o [1]
SX1276SetRx             0x000075e9  0x1ac  Code  Gb  sx1276.o [1]
SX1276SetRxConfig       0x000070c1  0x1b2  Code  Gb  sx1276.o [1]
SX1276SetSleep          0x00007583   0x24  Code  Gb  sx1276.o [1]
SX1276SetStby           0x000075a7   0x24  Code  Gb  sx1276.o [1]
SX1276SetTx             0x00007799   0x72  Code  Gb  sx1276.o [1]
SX1276SetTxConfig       0x0000727d  0x144  Code  Gb  sx1276.o [1]
SX1276SetTxContinuousWave
                        0x0000781b    0x2  Code  Gb  sx1276.o [1]
SX1276StartCad          0x00007819    0x2  Code  Gb  sx1276.o [1]
SX1276Write             0x00007901    0xc  Code  Gb  sx1276.o [1]
SX1276WriteBuffer       0x0000791d   0x90  Code  Gb  sx1276.o [1]
SX1276WriteFifo         0x00007a5d    0xe  Code  Gb  sx1276.o [1]
ScheduleTx              0x000010c9  0x10e  Code  Lc  LoRaMac.o [1]
Send                    0x00001085   0x2c  Code  Gb  LoRaMac.o [1]
SendFrame               0x00004953   0x92  Code  Gb  main.o [1]
SendFrameOnChannel      0x00001561   0x8c  Code  Gb  LoRaMac.o [1]
SrvAckRequested         0x10000013    0x1  Data  Lc  LoRaMac.o [1]
SysTick_Config          0x000048c5   0x2a  Code  Lc  main.o [1]
SysTick_Handler         0x0000012b   0x38  Code  Gb  timer.o [1]
SystemCoreClock         0x10001ac8    0x4  Data  Gb  chip_8xx.o [4]
SystemCoreClockUpdate   0x00000275   0x10  Code  Gb  chip_8xx.o [4]
SystemInit              0x00006e8d    0x8  Code  Gb  sysinit.o [1]
TimerExists             0x00000175   0x18  Code  Lc  timer.o [1]
TimerGetCurrentTime     0x0000019d    0x6  Code  Gb  timer.o [1]
TimerGetElapsedTime     0x000001a3   0x16  Code  Gb  timer.o [1]
TimerInit               0x000000c1   0x10  Code  Gb  timer.o [1]
TimerListHead           0x10001ac4    0x4  Data  Lc  timer.o [1]
TimerSetValue           0x0000018d   0x10  Code  Gb  timer.o [1]
TimerStart              0x000000d1   0x5a  Code  Gb  timer.o [1]
TimerStop               0x00000163   0x12  Code  Gb  timer.o [1]
TxDelayedTimer          0x10000124   0x14  Data  Lc  LoRaMac.o [1]
TxTimeOnAir             0x1000006c    0x4  Data  Gb  LoRaMac.o [1]
TxTimeoutTimer          0x1000166c   0x14  Data  Gb  sx1276.o [1]
UART0_IRQHandler        0x00005915   0x10  Code  Gb  usart.o [1]
UpLinkCounter           0x10000044    0x4  Data  Gb  LoRaMac.o [1]
ValidatePayloadLength   0x00000f45   0x3e  Code  Lc  LoRaMac.o [1]
WDT_IRQHandler          0x00002feb    0x2  Code  Gb  modem.o [1]
WKT_IRQHandler          0x00002f6d    0xa  Code  Gb  modem.o [1]
WakeupTest              0x00002f77   0x44  Code  Gb  modem.o [1]
__Vectors               0x00000000          --   Gb  iar_startup_lpc82x.o [1]
__Vectors_End           0x000000c0         Data  Gb  iar_startup_lpc82x.o [1]
__Vectors_Size {Abs}    0x000000c0          --   Gb  iar_startup_lpc82x.o [1]
__aeabi_cdrcmple        0x000066ed         Code  Gb  DblCmpGe.o [6]
__aeabi_d2iz            0x00005eed         Code  Gb  DblToI32.o [6]
__aeabi_d2uiz           0x00005f11         Code  Gb  DblToI32.o [6]
__aeabi_dadd            0x00005cdf         Code  Gb  DblAddSub.o [6]
__aeabi_ddiv            0x00005a99         Code  Gb  DblDiv.o [6]
__aeabi_dmul            0x00005b5b         Code  Gb  DblMul.o [6]
__aeabi_dsub            0x00005da5         Code  Gb  DblAddSub.o [6]
__aeabi_f2d             0x00006075         Code  Gb  FltToDbl.o [6]
__aeabi_fsub            0x00005fc5         Code  Gb  FltAddSub.o [6]
__aeabi_i2d             0x00005a65         Code  Gb  I32ToDbl.o [6]
__aeabi_idiv            0x000044d9         Code  Gb  I32DivModFast.o [7]
__aeabi_idivmod         0x000044d9         Code  Gb  I32DivModFast.o [7]
__aeabi_memclr4         0x000044a9         Code  Gb  ABImemset.o [7]
__aeabi_memclr8         0x000044a9         Code  Gb  ABImemset.o [7]
__aeabi_memcpy          0x00002261         Code  Gb  ABImemcpy.o [7]
__aeabi_memcpy4         0x00002289         Code  Wk  ABImemcpy.o [7]
__aeabi_memset4         0x0000446d         Code  Gb  ABImemset.o [7]
__aeabi_memset8         0x0000446d         Code  Gb  ABImemset.o [7]
__aeabi_ui2d            0x00005a79         Code  Gb  I32ToDbl.o [6]
__aeabi_ui2f            0x00005f41         Code  Gb  I32ToFlt.o [6]
__aeabi_uidiv           0x000044df         Code  Gb  I32DivModFast.o [7]
__aeabi_uidivmod        0x000044df         Code  Gb  I32DivModFast.o [7]
__aeabi_uldivmod        0x00006101         Code  Gb  I64DivMod.o [7]
__cmain                 0x00006e41         Code  Gb  cmain.o [7]
__exit                  0x000002d5         Code  Gb  XXexit.o [7]
__iar_Memset4_word      0x00004479         Code  Gb  ABImemset.o [7]
__iar_ceil              0x00005e95         Code  Gb  ceil.o [6]
__iar_ceill             0x00005e95         Code  Gb  ceil.o [6]
__iar_d2uiz             0x00005f15         Code  Gb  DblToI32.o [6]
__iar_data_init3        0x00006ded   0x28  Code  Gb  data_init.o [7]
__iar_floor             0x000060a9         Code  Gb  floor.o [6]
__iar_floorl            0x000060a9         Code  Gb  floor.o [6]
__iar_packbits_init3    0x000067b3   0xb6  Code  Gb  packbits_init.o [7]
__iar_program_start     0x00006e81         Code  Gb  cstartup_M.o [7]
__iar_ui2d              0x00005a7d         Code  Gb  I32ToDbl.o [6]
__iar_ui2f              0x00005f45         Code  Gb  I32ToFlt.o [6]
__iar_zero_init3        0x00003c83   0x2a  Code  Gb  zero_init3.o [7]
__vector_table          0x00000000         Data  Gb  iar_startup_lpc82x.o [1]
__vector_table_0x1c     0x00000010         Data  Gb  iar_startup_lpc82x.o [1]
_call_main              0x00006e4d         Code  Gb  cmain.o [7]
_exit                   0x00006e65         Code  Gb  cexit.o [7]
_main                   0x00006e57         Code  Gb  cmain.o [7]
aBlock                  0x100002ac   0x10  Data  Lc  LoRaMacCrypto.o [1]
abort                   0x00006c71    0xa  Code  Gb  abort.o [5]
add_round_key           0x00003e0d    0x8  Code  Lc  aes.o [1]
aes_encrypt             0x0000431b   0x52  Code  Gb  aes.o [1]
aes_set_key             0x00004219  0x102  Code  Gb  aes.o [1]
atcmdtoactivaty         0x10001a99    0x1  Data  Gb  modem.o [1]
atcmdtosenddata         0x10001a9a    0x1  Data  Gb  modem.o [1]
caculateDr              0x00002c35   0x5c  Code  Gb  RegionCN470.o [1]
ceil                    0x00005e95         Code  Gb  ceil.o [6]
ceill                   0x00005e95         Code  Gb  ceil.o [6]
config_tab              0x0000691c  0x354  Data  Lc  irc_8xx.o [4]
config_tab_idx          0x10001ace    0x2  Data  Lc  irc_8xx.o [4]
copy_and_key            0x00003d87   0x86  Code  Lc  aes.o [1]
copy_block              0x00003cad   0x42  Code  Lc  aes.o [1]
copy_block_nn           0x00003cef   0x16  Code  Lc  aes.o [1]
cpystr                  0x0000555b   0x18  Code  Gb  hex.o [1]
eeprom_write            0x00002ce3   0x8a  Code  Gb  eeprom.o [1]
evnames                 0x100004f8   0x40  Data  Lc  modem.o [1]
exit                    0x00006e5b    0x8  Code  Gb  exit.o [5]
floor                   0x000060a9         Code  Gb  floor.o [6]
floorl                  0x000060a9         Code  Gb  floor.o [6]
frame_init              0x00005951   0x14  Code  Gb  frame.o [1]
frame_rx                0x00005965   0xfc  Code  Gb  frame.o [1]
funMcpsConfirm          0x000049e5    0x2  Code  Lc  main.o [1]
funWktAlarm             0x00002f35   0x2e  Code  Gb  modem.o [1]
getUARTClockID          0x000056bd   0x18  Code  Lc  uart_8xx.o [4]
gethex                  0x00005461   0x3e  Code  Gb  hex.o [1]
gfm2_sbox               0x00004118  0x100  Data  Lc  aes.o [1]
gfm3_sbox               0x00004018  0x100  Data  Lc  aes.o [1]
hex2int                 0x000054f9   0x32  Code  Gb  hex.o [1]
hexval                  0x00005588  0x100  Data  Lc  hex.o [1]
iap_entry               0x000001c1    0x8  Code  Lc  iap.o [4]
int2hex                 0x000054d5   0x24  Code  Gb  hex.o [1]
isAlarm                 0x10001acd    0x1  Data  Lc  modem.o [1]
isAlarmDuty             0x000032a3    0x6  Code  Gb  modem.o [1]
joincfg                 0x10001a18   0x24  Data  Lc  modem.o [1]
ledBits                 0x0000544c    0x1  Data  Lc  board.o [3]
main                    0x00004b15  0x298  Code  Gb  main.o [1]
memcpy1                 0x00002db7   0x16  Code  Gb  utilities.o [1]
memcpyr                 0x00002dcd   0x1a  Code  Gb  utilities.o [1]
memset1                 0x00002de7   0x12  Code  Gb  utilities.o [1]
mix_sub_columns         0x00003e79  0x19a  Code  Lc  aes.o [1]
modem_init              0x000033f1   0x34  Code  Gb  modem.o [1]
modem_rxdone            0x00003461  0x5a2  Code  Gb  modem.o [1]
modem_wkt_init          0x00002fbb   0x30  Code  Gb  modem.o [1]
modem_wwdt_init         0x00002fed   0x60  Code  Gb  modem.o [1]
next                    0x100005cc    0x4  Data  Lc  utilities.o [1]
onEvent                 0x00003149  0x146  Code  Gb  modem.o [1]
os_crc16                0x000032ad   0x38  Code  Gb  modem.o [1]
persist                 0x10001480   0x68  Data  Gb  modem.o [1]
persist_init            0x000032ed   0xea  Code  Lc  modem.o [1]
prvSetupHardware        0x00004ad1    0xc  Code  Lc  main.o [1]
puthex                  0x000054a1   0x34  Code  Gb  hex.o [1]
rand1                   0x00002d81   0x1a  Code  Gb  utilities.o [1]
randr                   0x00002da1   0x16  Code  Gb  utilities.o [1]
reverse                 0x0000552b   0x22  Code  Gb  hex.o [1]
rxbuff                  0x100005f8  0x400  Data  Lc  usart.o [1]
rxframe                 0x10001ab0   0x10  Data  Gb  frame.o [1]
rxring                  0x100005e4   0x14  Data  Gb  usart.o [1]
sBlock                  0x100002bc   0x10  Data  Lc  LoRaMacCrypto.o [1]
sbox                    0x0000436c  0x100  Data  Lc  aes.o [1]
sendoverflag            0x10000576    0x1  Data  Gb  RegionCN470.o [1]
sesscfg                 0x10001a3c   0x30  Data  Lc  modem.o [1]
shift_sub_rows          0x00003e15   0x64  Code  Lc  aes.o [1]
srand1                  0x00002d9b    0x6  Code  Gb  utilities.o [1]
src_iap_array_data      0x100018a8   0x80  Data  Gb  eeprom.o [1]
strlen                  0x0000544f   0x10  Code  Gb  strlen.o [7]
systicks                0x10001ac0    0x4  Data  Gb  timer.o [1]
tolower                 0x0000554d    0xe  Code  Gb  hex.o [1]
txbuff                  0x100009f8  0x400  Data  Lc  usart.o [1]
txring                  0x100005d0   0x14  Data  Gb  usart.o [1]
uartflashtimer          0x100005c0    0x4  Data  Lc  main.o [1]
usart_init              0x00005877   0x9e  Code  Gb  usart.o [1]
wdtOSCRate              0x00005078   0x40  Data  Lc  clock_8xx.o [4]
wktType                 0x10001acc    0x1  Data  Gb  modem.o [1]
xor_block               0x00003d05   0x82  Code  Lc  aes.o [1]


[1] = F:\LoRaProduct\source code\nxp_lpcxpresso_824max\lpcxpresso824\prj_xpresso82x\iar\freertos_blinky\iflash_nxp_lpcxpresso_812\Obj
[2] = command line
[3] = board_nxp_lpcxpresso_824.a
[4] = chip_8xx_lib.a
[5] = dl6M_tln.a
[6] = m6M_tl.a
[7] = rt6M_tl.a

  31 634 bytes of readonly  code memory
     485 bytes of readonly  data memory
   7 890 bytes of readwrite data memory

Errors: none
Warnings: none
