###############################################################################
#
# IAR ELF Linker V7.30.3.8024/W32 for ARM                 20/Dec/2017  22:05:20
# Copyright 2007-2014 IAR Systems AB.
#
#    Output file  =  
#        E:\LoRaProduct\source
#        code\nxp_lpcxpresso_824max\lpcxpresso824\prj_xpresso82x\iar\freertos_blinky\iflash_nxp_lpcxpresso_812\Exe\freertos_blinky.out.tmp
#    Map file     =  
#        E:\LoRaProduct\source
#        code\nxp_lpcxpresso_824max\lpcxpresso824\prj_xpresso82x\iar\freertos_blinky\iflash_nxp_lpcxpresso_812\List\freertos_blinky.map
#    Command line =  
#        "E:\LoRaProduct\source
#        code\nxp_lpcxpresso_824max\lpcxpresso824\prj_xpresso82x\iar\freertos_blinky\iflash_nxp_lpcxpresso_812\Obj\aes.o"
#        "E:\LoRaProduct\source
#        code\nxp_lpcxpresso_824max\lpcxpresso824\prj_xpresso82x\iar\lib_board_lpcxpresso824\iar_output\Exe\board_nxp_lpcxpresso_824.a"
#        "E:\LoRaProduct\source
#        code\nxp_lpcxpresso_824max\lpcxpresso824\prj_xpresso82x\iar\lib_chip_8xx\iar_output\Exe\chip_8xx_lib.a"
#        "E:\LoRaProduct\source
#        code\nxp_lpcxpresso_824max\lpcxpresso824\prj_xpresso82x\iar\freertos_blinky\iflash_nxp_lpcxpresso_812\Obj\cmac.o"
#        "E:\LoRaProduct\source
#        code\nxp_lpcxpresso_824max\lpcxpresso824\prj_xpresso82x\iar\freertos_blinky\iflash_nxp_lpcxpresso_812\Obj\eeprom.o"
#        "E:\LoRaProduct\source
#        code\nxp_lpcxpresso_824max\lpcxpresso824\prj_xpresso82x\iar\freertos_blinky\iflash_nxp_lpcxpresso_812\Obj\frame.o"
#        "E:\LoRaProduct\source
#        code\nxp_lpcxpresso_824max\lpcxpresso824\prj_xpresso82x\iar\freertos_blinky\iflash_nxp_lpcxpresso_812\Obj\hex.o"
#        "E:\LoRaProduct\source
#        code\nxp_lpcxpresso_824max\lpcxpresso824\prj_xpresso82x\iar\freertos_blinky\iflash_nxp_lpcxpresso_812\Obj\iar_startup_lpc82x.o"
#        "E:\LoRaProduct\source
#        code\nxp_lpcxpresso_824max\lpcxpresso824\prj_xpresso82x\iar\freertos_blinky\iflash_nxp_lpcxpresso_812\Obj\LoRaMac.o"
#        "E:\LoRaProduct\source
#        code\nxp_lpcxpresso_824max\lpcxpresso824\prj_xpresso82x\iar\freertos_blinky\iflash_nxp_lpcxpresso_812\Obj\LoRaMacCrypto.o"
#        "E:\LoRaProduct\source
#        code\nxp_lpcxpresso_824max\lpcxpresso824\prj_xpresso82x\iar\freertos_blinky\iflash_nxp_lpcxpresso_812\Obj\main.o"
#        "E:\LoRaProduct\source
#        code\nxp_lpcxpresso_824max\lpcxpresso824\prj_xpresso82x\iar\freertos_blinky\iflash_nxp_lpcxpresso_812\Obj\modem.o"
#        "E:\LoRaProduct\source
#        code\nxp_lpcxpresso_824max\lpcxpresso824\prj_xpresso82x\iar\freertos_blinky\iflash_nxp_lpcxpresso_812\Obj\Region.o"
#        "E:\LoRaProduct\source
#        code\nxp_lpcxpresso_824max\lpcxpresso824\prj_xpresso82x\iar\freertos_blinky\iflash_nxp_lpcxpresso_812\Obj\RegionCN470.o"
#        "E:\LoRaProduct\source
#        code\nxp_lpcxpresso_824max\lpcxpresso824\prj_xpresso82x\iar\freertos_blinky\iflash_nxp_lpcxpresso_812\Obj\RegionCommon.o"
#        "E:\LoRaProduct\source
#        code\nxp_lpcxpresso_824max\lpcxpresso824\prj_xpresso82x\iar\freertos_blinky\iflash_nxp_lpcxpresso_812\Obj\sx1276-board.o"
#        "E:\LoRaProduct\source
#        code\nxp_lpcxpresso_824max\lpcxpresso824\prj_xpresso82x\iar\freertos_blinky\iflash_nxp_lpcxpresso_812\Obj\sx1276.o"
#        "E:\LoRaProduct\source
#        code\nxp_lpcxpresso_824max\lpcxpresso824\prj_xpresso82x\iar\freertos_blinky\iflash_nxp_lpcxpresso_812\Obj\sysinit.o"
#        "E:\LoRaProduct\source
#        code\nxp_lpcxpresso_824max\lpcxpresso824\prj_xpresso82x\iar\freertos_blinky\iflash_nxp_lpcxpresso_812\Obj\timer.o"
#        "E:\LoRaProduct\source
#        code\nxp_lpcxpresso_824max\lpcxpresso824\prj_xpresso82x\iar\freertos_blinky\iflash_nxp_lpcxpresso_812\Obj\usart.o"
#        "E:\LoRaProduct\source
#        code\nxp_lpcxpresso_824max\lpcxpresso824\prj_xpresso82x\iar\freertos_blinky\iflash_nxp_lpcxpresso_812\Obj\utilities.o"
#        -o "E:\LoRaProduct\source
#        code\nxp_lpcxpresso_824max\lpcxpresso824\prj_xpresso82x\iar\freertos_blinky\iflash_nxp_lpcxpresso_812\Exe\freertos_blinky.out.tmp"
#        --map "E:\LoRaProduct\source
#        code\nxp_lpcxpresso_824max\lpcxpresso824\prj_xpresso82x\iar\freertos_blinky\iflash_nxp_lpcxpresso_812\List\freertos_blinky.map"
#        --config "C:\Program Files (x86)\IAR Systems\Embedded Workbench
#        7.0\arm\config\linker\NXP\LPC824M201.icf" --entry __iar_program_start
#        --inline --vfe
#
###############################################################################

*******************************************************************************
*** RUNTIME MODEL ATTRIBUTES
***

CppFlavor       = *
__SystemLibrary = DLib


*******************************************************************************
*** PLACEMENT SUMMARY
***

"A1":  place at 0x00000000 { ro section .intvec };
"P1":  place in [from 0x00000000 to 0x000002fb] |
                [from 0x00000300 to 0x00007fff] { ro };
"P2":  place in [from 0x10000000 to 0x10001fff] { rw, block CSTACK, block HEAP };
"P3":  place in [from 0x000002fc to 0x000002ff] { section .crp };

  Section            Kind        Address    Size  Object
  -------            ----        -------    ----  ------
"A1":                                       0xc0
  .intvec            ro code  0x00000000    0xc0  iar_startup_lpc82x.o [1]
                            - 0x000000c0    0xc0

"P1", part 1 of 2:                         0x236
  .text              ro code  0x000000c0    0xfc  timer.o [1]
  .text              ro code  0x000001bc     0x2  iar_startup_lpc82x.o [1]
  .text              ro code  0x000001c0    0x12  iocon_8xx.o [4]
  .text              ro code  0x000001d2     0x2  iar_startup_lpc82x.o [1]
  .text              ro code  0x000001d4    0x18  gpio_8xx.o [4]
  .text              ro code  0x000001ec    0x48  swm_8xx.o [4]
  .text              ro code  0x00000234     0x2  iar_startup_lpc82x.o [1]
  .text              ro code  0x00000236    0x6a  I64DivMod.o [7]
  .text              ro code  0x000002a0     0x4  iar_startup_lpc82x.o [1]
  .rodata            const    0x000002a4     0x0  zero_init3.o [7]
  .rodata            const    0x000002a4     0x0  packbits_init.o [7]
  Initializer bytes  ro data  0x000002a4    0x52  <for P2 s0>
                            - 0x000002f6   0x236

"P3":                                        0x4
  .crp               ro code  0x000002fc     0x4  iar_startup_lpc82x.o [1]
                            - 0x00000300     0x4

"P1", part 2 of 2:                        0x7880
  .text              ro code  0x00000300  0x1fd4  LoRaMac.o [1]
  .text              ro code  0x000022d4   0x70c  modem.o [1]
  .text              ro code  0x000029e0   0x1ac  Region.o [1]
  .text              ro code  0x00002b8c   0x288  LoRaMacCrypto.o [1]
  .text              ro code  0x00002e14    0xc8  utilities.o [1]
  .text              ro code  0x00002edc    0xe0  I32DivModFast.o [7]
  .text              ro code  0x00002fbc    0x1e  I32ToFlt.o [6]
  .text              ro code  0x00002fda    0x2a  zero_init3.o [7]
  .text              ro code  0x00003004   0x221  board.o [3]
  .text              ro code  0x00003226     0x2  iar_startup_lpc82x.o [1]
  .text              ro code  0x00003228    0x5c  ABImemcpy.o [7]
  .text              ro code  0x00003284    0xa0  eeprom.o [1]
  .text              ro code  0x00003324    0xb4  iap.o [4]
  .text              ro code  0x000033d8    0x40  ABImemset.o [7]
  .text              ro code  0x00003418   0x14c  usart.o [1]
  .text              ro code  0x00003564    0xf0  frame.o [1]
  .text              ro code  0x00003654   0x228  hex.o [1]
  .text              ro code  0x0000387c   0x178  uart_8xx.o [4]
  .text              ro code  0x000039f4    0x10  iar_startup_lpc82x.o [1]
  .text              ro code  0x00003a04   0x840  RegionCN470.o [1]
  .text              ro code  0x00004244   0x24a  cmac.o [1]
  .text              ro code  0x00004490   0x7c0  aes.o [1]
  .text              ro code  0x00004c50   0x1b4  clock_8xx.o [4]
  .text              ro code  0x00004e04   0x1c6  ring_buffer.o [4]
  .text              ro code  0x00004fcc   0x43e  RegionCommon.o [1]
  .text              ro code  0x0000540c    0x34  I32ToDbl.o [6]
  .text              ro code  0x00005440    0xc2  DblDiv.o [6]
  .text              ro code  0x00005502   0x184  DblMul.o [6]
  .text              ro code  0x00005686   0x1b4  DblAddSub.o [6]
  .text              ro code  0x0000583c    0x58  ceil.o [6]
  .text              ro code  0x00005894    0x52  DblToI32.o [6]
  .text              ro code  0x000058e6   0x116  FltAddSub.o [6]
  .text              ro code  0x000059fc    0x32  FltToDbl.o [6]
  .text              ro code  0x00005a30    0x58  floor.o [6]
  .text              ro code  0x00005a88   0x40c  sx1276-board.o [1]
  .text              ro code  0x00005e94    0x32  DblCmpGe.o [6]
  .text              ro code  0x00005ec8    0x44  spim_8xx.o [4]
  .text              ro code  0x00005f0c    0x2c  spi_8xx.o [4]
  .text              ro code  0x00005f38   0x524  main.o [1]
  .text              ro code  0x0000645c    0x10  chip_8xx.o [4]
  .text              ro code  0x0000646c    0x34  syscon_8xx.o [4]
  .text              ro code  0x000064a0    0xd8  packbits_init.o [7]
  .text              ro code  0x00006578     0xa  abort.o [5]
  .text              ro code  0x00006584     0xc  XXexit.o [7]
  .text              ro code  0x00006590    0x7a  board_sysinit.o [3]
  .text              ro code  0x0000660c    0x14  sysinit_8xx.o [4]
  .rodata            const    0x00006620    0x5c  sx1276-board.o [1]
  .text              ro code  0x0000667c    0x28  data_init.o [7]
  .rodata            const    0x000066a4    0x24  modem.o [1]
  .iar.init_table    const    0x000066c8    0x2c  - Linker created -
  .text              ro code  0x000066f4    0x1a  cmain.o [7]
  .text              ro code  0x0000670e     0x8  exit.o [5]
  .text              ro code  0x00006718     0xa  cexit.o [7]
  .text              ro code  0x00006722     0xc  cstartup_M.o [7]
  .rodata            const    0x00006730     0x8  board.o [3]
  .text              ro code  0x00006738     0x8  sysinit.o [1]
  .text              ro code  0x00006740  0x1038  sx1276.o [1]
  .text              ro code  0x00007778   0x408  irc_8xx.o [4]
                            - 0x00007b80  0x7880

"P2":                                     0x16c8
  P2 s0                       0x10000000   0x47c  <Init block>
    .data            inited   0x10000000   0x178  LoRaMac.o [1]
    .data            inited   0x10000178   0x138  LoRaMacCrypto.o [1]
    .data            inited   0x100002b0   0x114  LoRaMacCrypto.o [1]
    .data            inited   0x100003c4    0x54  main.o [1]
    .data            inited   0x10000418    0x38  LoRaMac.o [1]
    .data            inited   0x10000450    0x28  RegionCN470.o [1]
    .data            inited   0x10000478     0x4  utilities.o [1]
  .bss               zero     0x1000047c   0x480  RegionCN470.o [1]
  .bss               zero     0x100008fc   0x198  sx1276.o [1]
  .bss               zero     0x10000a94   0x130  modem.o [1]
  .bss               zero     0x10000bc4   0x100  LoRaMac.o [1]
  .bss               zero     0x10000cc4   0x100  LoRaMac.o [1]
  .bss               zero     0x10000dc4    0xf4  main.o [1]
  .bss               zero     0x10000eb8    0xa8  usart.o [1]
  .bss               zero     0x10000f60    0xa4  modem.o [1]
  .bss               zero     0x10001004    0x80  eeprom.o [1]
  .bss               zero     0x10001084    0x80  LoRaMac.o [1]
  .bss               zero     0x10001104    0x78  modem.o [1]
  .bss               zero     0x1000117c    0x70  LoRaMac.o [1]
  .bss               zero     0x100011ec    0x5c  modem.o [1]
  .bss               zero     0x10001248    0x18  LoRaMac.o [1]
  .bss               zero     0x10001260    0x18  sx1276.o [1]
  .bss               zero     0x10001278    0x15  LoRaMac.o [1]
  .bss               zero     0x1000128e     0x2  irc_8xx.o [4]
  .bss               zero     0x10001290    0x14  LoRaMac.o [1]
  .bss               zero     0x100012a4    0x10  frame.o [1]
  .bss               zero     0x100012b4     0x8  timer.o [1]
  .bss               zero     0x100012bc     0x4  chip_8xx.o [4]
  .bss               zero     0x100012c0     0x1  sx1276-board.o [1]
  .bss               zero     0x100012c1     0x1  utilities.o [1]
  CSTACK                      0x100012c8   0x400  <Block>
    CSTACK           uninit   0x100012c8   0x400  <Block tail>
                            - 0x100016c8  0x16c8


*******************************************************************************
*** INIT TABLE
***

          Address     Size
          -------     ----
Zero (__iar_zero_init3)
    1 destination range, total size 0xe46:
          0x1000047c  0xe46

Copy/packbits (__iar_packbits_init3)
    1 source range, total size 0x52 (7% of destination):
          0x000002a4   0x52
    1 destination range, total size 0x47c:
          0x10000000  0x47c



*******************************************************************************
*** MODULE SUMMARY
***

    Module                ro code  ro data  rw data
    ------                -------  -------  -------
E:\LoRaProduct\source code\nxp_lpcxpresso_824max\lpcxpresso824\prj_xpresso82x\iar\freertos_blinky\iflash_nxp_lpcxpresso_812\Obj: [1]
    LoRaMac.o               8 148       30    1 249
    LoRaMacCrypto.o           648       42      588
    Region.o                  428
    RegionCN470.o           2 112        3    1 192
    RegionCommon.o          1 086
    aes.o                   1 984
    cmac.o                    586
    eeprom.o                  160               128
    frame.o                   240                16
    hex.o                     552
    iar_startup_lpc82x.o      224
    main.o                  1 316        6      328
    modem.o                 1 804       36      680
    sx1276-board.o          1 036       92        1
    sx1276.o                4 152               432
    sysinit.o                   8
    timer.o                   252                 8
    usart.o                   332               168
    utilities.o               200        1        5
    -----------------------------------------------
    Total:                 25 268      210    4 795

command line: [2]
    -----------------------------------------------
    Total:

board_nxp_lpcxpresso_824.a: [3]
    board.o                   545        8
    board_sysinit.o           122
    -----------------------------------------------
    Total:                    667        8

chip_8xx_lib.a: [4]
    chip_8xx.o                 16                 4
    clock_8xx.o               436
    gpio_8xx.o                 24
    iap.o                     180
    iocon_8xx.o                18
    irc_8xx.o               1 032                 2
    ring_buffer.o             454
    spi_8xx.o                  44
    spim_8xx.o                 68
    swm_8xx.o                  72
    syscon_8xx.o               52
    sysinit_8xx.o              20
    uart_8xx.o                376
    -----------------------------------------------
    Total:                  2 792                 6

dl6M_tln.a: [5]
    abort.o                    10
    exit.o                      8
    -----------------------------------------------
    Total:                     18

m6M_tl.a: [6]
    DblAddSub.o               436
    DblCmpGe.o                 50
    DblDiv.o                  194
    DblMul.o                  388
    DblToI32.o                 82
    FltAddSub.o               278
    FltToDbl.o                 50
    I32ToDbl.o                 52
    I32ToFlt.o                 30
    ceil.o                     88
    floor.o                    88
    -----------------------------------------------
    Total:                  1 736

rt6M_tl.a: [7]
    ABImemcpy.o                92
    ABImemset.o                64
    I32DivModFast.o           224
    I64DivMod.o               106
    XXexit.o                   12
    cexit.o                    10
    cmain.o                    26
    cstartup_M.o               12
    data_init.o                40
    packbits_init.o           216
    zero_init3.o               42
    -----------------------------------------------
    Total:                    844

    Gaps                       21        2        1
    Linker created                      44    1 024
---------------------------------------------------
    Grand Total:           31 346      264    5 826


*******************************************************************************
*** ENTRY LIST
***

Entry                      Address   Size  Type      Object
-----                      -------   ----  ----      ------
?main                   0x000066f5         Code  Gb  cmain.o [7]
AES_CMAC_Final          0x00004341  0x14e  Code  Gb  cmac.o [1]
AES_CMAC_Init           0x00004245   0x22  Code  Gb  cmac.o [1]
AES_CMAC_SetKey         0x00004267   0x10  Code  Gb  cmac.o [1]
AES_CMAC_Update         0x00004277   0xca  Code  Gb  cmac.o [1]
AckTimeoutRetries       0x1000001a    0x1  Data  Lc  LoRaMac.o [1]
AckTimeoutRetriesCounter
                        0x1000001b    0x1  Data  Lc  LoRaMac.o [1]
AckTimeoutRetry         0x1000001c    0x1  Data  Lc  LoRaMac.o [1]
AckTimeoutTimer         0x10000164   0x14  Data  Lc  LoRaMac.o [1]
AddMacCommand           0x00000ed9   0x9c  Code  Lc  LoRaMac.o [1]
AdrAckCounter           0x1000004c    0x4  Data  Lc  LoRaMac.o [1]
AdrCtrlOn               0x10000011    0x1  Data  Lc  LoRaMac.o [1]
AesCmacCtx              0x10000198  0x118  Data  Lc  LoRaMacCrypto.o [1]
AesContext              0x100002d0   0xf4  Data  Lc  LoRaMacCrypto.o [1]
AggregatedDCycle        0x10000028    0x2  Data  Lc  LoRaMac.o [1]
AggregatedLastTxDoneTime
                        0x10000050    0x4  Data  Lc  LoRaMac.o [1]
AggregatedTimeOff       0x10000054    0x4  Data  Lc  LoRaMac.o [1]
AppData                 0x10000dc4   0xf4  Data  Lc  main.o [1]
AppDataSize             0x100003d9    0x1  Data  Lc  main.o [1]
AppEui                  0x100003ec    0x8  Data  Gb  main.o [1]
AppKey                  0x100003f4   0x10  Data  Gb  main.o [1]
AppLedStateOn           0x100003db    0x1  Data  Lc  main.o [1]
AppPort                 0x100003d8    0x1  Data  Lc  main.o [1]
Bands                   0x10000468   0x10  Data  Lc  RegionCN470.o [1]
BandwidthsCN470         0x00003d90   0x18  Data  Lc  RegionCN470.o [1]
BoardDisableIrq         0x00002ea9    0xc  Code  Gb  utilities.o [1]
BoardEnableIrq          0x00002eb5   0x12  Code  Gb  utilities.o [1]
BoardGetBatteryLevel    0x00006307    0x4  Code  Gb  main.o [1]
Board_GPIO_Init         0x0000305d  0x17a  Code  Gb  board.o [3]
Board_Init              0x000031d9   0x32  Code  Gb  board.o [3]
Board_LED_Set           0x00003043   0x1a  Code  Gb  board.o [3]
Board_SetupClocking     0x000065a3   0x48  Code  Gb  board_sysinit.o [3]
Board_SystemInit        0x000065fd    0xe  Code  Gb  board_sysinit.o [3]
CSTACK$$Base            0x100012c8          --   Gb  - Linker created -
CSTACK$$Limit           0x100016c8          --   Gb  - Linker created -
CalculateBackOff        0x00001449   0x3c  Code  Lc  LoRaMac.o [1]
Channel                 0x10000018    0x1  Data  Lc  LoRaMac.o [1]
Channels                0x1000047c  0x480  Data  Lc  RegionCN470.o [1]
ChannelsDefaultMask     0x1000045c    0xc  Data  Lc  RegionCN470.o [1]
ChannelsMask            0x10000450    0xc  Data  Lc  RegionCN470.o [1]
ChannelsNbRepCounter    0x10000017    0x1  Data  Lc  LoRaMac.o [1]
Chip_Clock_DisablePeriphClock
                        0x00005af5   0x12  Code  Lc  sx1276-board.o [1]
Chip_Clock_DisablePeriphClock
                        0x00003439   0x12  Code  Lc  usart.o [1]
Chip_Clock_DisablePeriphClock
                        0x00003017   0x12  Code  Lc  board.o [3]
Chip_Clock_EnablePeriphClock
                        0x00005fa7   0x12  Code  Lc  main.o [1]
Chip_Clock_EnablePeriphClock
                        0x00005ae3   0x12  Code  Lc  sx1276-board.o [1]
Chip_Clock_EnablePeriphClock
                        0x00003427   0x12  Code  Lc  usart.o [1]
Chip_Clock_EnablePeriphClock
                        0x00003005   0x12  Code  Lc  board.o [3]
Chip_Clock_EnablePeriphClock
                        0x00006591   0x12  Code  Lc  board_sysinit.o [3]
Chip_Clock_GetMainClockRate
                        0x00004cc1   0x30  Code  Gb  clock_8xx.o [4]
Chip_Clock_GetSystemClockRate
                        0x00004cf1   0x12  Code  Gb  clock_8xx.o [4]
Chip_Clock_GetSystemPLLInClockRate
                        0x00004c87   0x26  Code  Gb  clock_8xx.o [4]
Chip_Clock_GetSystemPLLOutClockRate
                        0x00004cad   0x14  Code  Gb  clock_8xx.o [4]
Chip_Clock_GetUSARTNBaseClockRate
                        0x00004d03   0x36  Code  Gb  clock_8xx.o [4]
Chip_Clock_GetWDTOSCRate
                        0x00004c65   0x22  Code  Gb  clock_8xx.o [4]
Chip_Clock_SetMainClockSource
                        0x00004c55    0x2  Code  Gb  clock_8xx.o [4]
Chip_Clock_SetSystemPLLSource
                        0x00004c51    0x4  Code  Gb  clock_8xx.o [4]
Chip_Clock_SetUARTClockDiv
                        0x0000344b    0x6  Code  Lc  usart.o [1]
Chip_Clock_SetUSARTNBaseClockRate
                        0x00004d39   0x5a  Code  Gb  clock_8xx.o [4]
Chip_FMC_ComputeSignature
                        0x00003285   0x14  Code  Lc  eeprom.o [1]
Chip_FMC_ComputeSignatureBlocks
                        0x00003299    0xc  Code  Lc  eeprom.o [1]
Chip_FMC_IsSignatureBusy
                        0x000032a5    0x8  Code  Lc  eeprom.o [1]
Chip_FMC_SetFLASHAccess
                        0x00007779    0x8  Code  Lc  irc_8xx.o [4]
Chip_GPIO_Init          0x000001d5   0x10  Code  Gb  gpio_8xx.o [4]
Chip_GPIO_SetPinDIR     0x00005b39   0x12  Code  Lc  sx1276-board.o [1]
Chip_GPIO_SetPinDIRInput
                        0x00005b29   0x10  Code  Lc  sx1276-board.o [1]
Chip_GPIO_SetPinDIROutput
                        0x00005b19   0x10  Code  Lc  sx1276-board.o [1]
Chip_GPIO_SetPinOutHigh
                        0x00006745   0x10  Code  Lc  sx1276.o [1]
Chip_GPIO_SetPinOutLow  0x00006755   0x10  Code  Lc  sx1276.o [1]
Chip_GPIO_SetPinState   0x0000303b    0x8  Code  Lc  board.o [3]
Chip_IAP_CopyRamToFlash
                        0x0000333b   0x1e  Code  Gb  iap.o [4]
Chip_IAP_ErasePage      0x000033a5    0x8  Code  Gb  iap.o [4]
Chip_IAP_PreSectorForReadWrite
                        0x0000332d    0xe  Code  Gb  iap.o [4]
Chip_IAP_ReadPID        0x00003361   0x16  Code  Gb  iap.o [4]
Chip_IAP_ReadUID        0x00003377   0x2a  Code  Gb  iap.o [4]
Chip_IOCON_PinSetMode   0x000001c1   0x12  Code  Gb  iocon_8xx.o [4]
Chip_IRC_SetFreq        0x00007781   0x9c  Code  Gb  irc_8xx.o [4]
Chip_PININT_ClearIntStatus
                        0x00006741    0x4  Code  Lc  sx1276.o [1]
Chip_PININT_EnableIntHigh
                        0x00005b15    0x4  Code  Lc  sx1276-board.o [1]
Chip_PININT_SetPinModeEdge
                        0x00005b07    0xe  Code  Lc  sx1276-board.o [1]
Chip_SPIM_GetClockRate  0x00005ec9   0x14  Code  Gb  spim_8xx.o [4]
Chip_SPIM_SetClockRate  0x00005edd   0x2c  Code  Gb  spim_8xx.o [4]
Chip_SPI_ClearCFGRegBits
                        0x00005b59    0xe  Code  Lc  sx1276-board.o [1]
Chip_SPI_ClearStatus    0x0000676d    0x4  Code  Lc  sx1276.o [1]
Chip_SPI_ConfigureSPI   0x00005b95   0x1c  Code  Lc  sx1276-board.o [1]
Chip_SPI_DelayConfig    0x00005f0d   0x2c  Code  Gb  spi_8xx.o [4]
Chip_SPI_Enable         0x00005b8b    0xa  Code  Lc  sx1276-board.o [1]
Chip_SPI_GetStatus      0x00006765    0x8  Code  Lc  sx1276.o [1]
Chip_SPI_Init           0x00005b67   0x24  Code  Lc  sx1276-board.o [1]
Chip_SPI_ReceiveFrame   0x00006797    0x6  Code  Lc  sx1276.o [1]
Chip_SPI_SendLastFrame  0x00006783   0x14  Code  Lc  sx1276.o [1]
Chip_SPI_SendMidFrame   0x0000677f    0x4  Code  Lc  sx1276.o [1]
Chip_SPI_SetCFGRegBits  0x00005b4b    0xe  Code  Lc  sx1276-board.o [1]
Chip_SPI_SetControlInfo
                        0x00006771    0xe  Code  Lc  sx1276.o [1]
Chip_SWM_DisableFixedPin
                        0x00003451   0x12  Code  Lc  usart.o [1]
Chip_SWM_DisableFixedPin
                        0x00003029   0x12  Code  Lc  board.o [3]
Chip_SWM_FixedPinEnable
                        0x0000020b   0x20  Code  Gb  swm_8xx.o [4]
Chip_SWM_MovablePinAssign
                        0x000001ed   0x1e  Code  Gb  swm_8xx.o [4]
Chip_SYSCTL_AssertPeriphReset
                        0x00005a97   0x12  Code  Lc  sx1276-board.o [1]
Chip_SYSCTL_DeassertPeriphReset
                        0x00005aa9   0x12  Code  Lc  sx1276-board.o [1]
Chip_SYSCTL_EnablePINTWakeup
                        0x00005ad3   0x10  Code  Lc  sx1276-board.o [1]
Chip_SYSCTL_PeriphReset
                        0x00005abb   0x10  Code  Lc  sx1276-board.o [1]
Chip_SYSCTL_PeriphReset
                        0x0000387d   0x1c  Code  Lc  uart_8xx.o [4]
Chip_SYSCTL_PowerDown   0x0000646d   0x14  Code  Gb  syscon_8xx.o [4]
Chip_SYSCTL_PowerUp     0x00006481   0x14  Code  Gb  syscon_8xx.o [4]
Chip_SYSCTL_SetPinInterrupt
                        0x00005acb    0x8  Code  Lc  sx1276-board.o [1]
Chip_SetupIrcClocking   0x0000660d    0x4  Code  Gb  sysinit_8xx.o [4]
Chip_UART_ConfigData    0x00003483    0xc  Code  Lc  usart.o [1]
Chip_UART_Enable        0x00003463    0xe  Code  Lc  usart.o [1]
Chip_UART_GetStatus     0x000038a9    0x8  Code  Lc  uart_8xx.o [4]
Chip_UART_IRQRBHandler  0x000039c3   0x32  Code  Gb  uart_8xx.o [4]
Chip_UART_Init          0x000038c9   0x34  Code  Gb  uart_8xx.o [4]
Chip_UART_IntDisable    0x0000347f    0x4  Code  Lc  usart.o [1]
Chip_UART_IntDisable    0x000038a5    0x4  Code  Lc  uart_8xx.o [4]
Chip_UART_IntEnable     0x0000347b    0x4  Code  Lc  usart.o [1]
Chip_UART_RXIntHandlerRB
                        0x00003933   0x24  Code  Gb  uart_8xx.o [4]
Chip_UART_ReadByte      0x0000389d    0x8  Code  Lc  uart_8xx.o [4]
Chip_UART_ReadRB        0x000039b5    0xe  Code  Gb  uart_8xx.o [4]
Chip_UART_SendByte      0x00003899    0x4  Code  Lc  uart_8xx.o [4]
Chip_UART_SendRB        0x00003981   0x34  Code  Gb  uart_8xx.o [4]
Chip_UART_SetBaud       0x0000391d   0x16  Code  Gb  uart_8xx.o [4]
Chip_UART_TXEnable      0x00003471    0xa  Code  Lc  usart.o [1]
Chip_UART_TXIntHandlerRB
                        0x00003957   0x2a  Code  Gb  uart_8xx.o [4]
ComplianceTest          0x100003c4   0x14  Data  Gb  main.o [1]
CountChannels           0x00004fcd   0x26  Code  Lc  RegionCommon.o [1]
CountNbOfEnabledChannels
                        0x00003a41   0x9a  Code  Lc  RegionCN470.o [1]
DataratesCN470          0x00003f08    0x8  Data  Lc  RegionCN470.o [1]
DelayMs                 0x00002e8d   0x1c  Code  Gb  utilities.o [1]
DevEui                  0x100003e4    0x8  Data  Gb  main.o [1]
DeviceState             0x100003dd    0x1  Data  Lc  main.o [1]
DownLinkCounter         0x10000048    0x4  Data  Lc  LoRaMac.o [1]
DutyCycleOn             0x1000042f    0x1  Data  Lc  LoRaMac.o [1]
ExtRateIn               0x00006734    0x4  Data  Gb  board.o [3]
GetBandwidth            0x00003a19   0x1e  Code  Lc  RegionCN470.o [1]
GetNextLowerTxDr        0x00003a05   0x14  Code  Lc  RegionCN470.o [1]
InStream_Read           0x000064a1   0x22  Code  Lc  packbits_init.o [7]
IrqNestLevel            0x100012c1    0x1  Data  Lc  utilities.o [1]
IsLoRaMacNetworkJoined  0x10000010    0x1  Data  Gb  LoRaMac.o [1]
IsRxWindowsEnabled      0x1000042d    0x1  Data  Lc  LoRaMac.o [1]
IsTxConfirmed           0x100003da    0x1  Data  Lc  main.o [1]
IsUpLinkCounterFixed    0x1000128c    0x1  Data  Lc  LoRaMac.o [1]
JoinRequestTrials       0x1000001d    0x1  Data  Lc  LoRaMac.o [1]
LMIC                    0x10000f60   0xa4  Data  Gb  modem.o [1]
LastTxChannel           0x10000019    0x1  Data  Lc  LoRaMac.o [1]
LastTxIsJoinRequest     0x10000430    0x1  Data  Lc  LoRaMac.o [1]
Led1Timer_OffLine       0x10001168   0x14  Data  Gb  modem.o [1]
Led1Timer_OnLine        0x10001154   0x14  Data  Gb  modem.o [1]
Led1Timer_Rx            0x10001140   0x14  Data  Gb  modem.o [1]
Led1Timer_Tx            0x1000112c   0x14  Data  Gb  modem.o [1]
LedIndication           0x0000242b   0xa2  Code  Gb  modem.o [1]
LimitTxPower            0x00003a37    0xa  Code  Lc  RegionCN470.o [1]
LoRaMacAppEui           0x10000030    0x4  Data  Lc  LoRaMac.o [1]
LoRaMacAppKey           0x10000034    0x4  Data  Lc  LoRaMac.o [1]
LoRaMacAppSKey          0x10000084   0x10  Data  Lc  LoRaMac.o [1]
LoRaMacBuffer           0x10000bc4  0x100  Data  Lc  LoRaMac.o [1]
LoRaMacBufferPktLen     0x10000026    0x2  Data  Lc  LoRaMac.o [1]
LoRaMacCallbacks        0x10000064    0x4  Data  Lc  LoRaMac.o [1]
LoRaMacComputeMic       0x00002b8d   0x8a  Code  Gb  LoRaMacCrypto.o [1]
LoRaMacDevAddr          0x1000003c    0x4  Data  Lc  LoRaMac.o [1]
LoRaMacDevEui           0x1000002c    0x4  Data  Lc  LoRaMac.o [1]
LoRaMacDevNonce         0x10000024    0x2  Data  Lc  LoRaMac.o [1]
LoRaMacDeviceClass      0x1000000d    0x1  Data  Lc  LoRaMac.o [1]
LoRaMacFlags            0x10000020    0x4  Data  Gb  LoRaMac.o [1]
LoRaMacInitialization   0x000018e1  0x208  Code  Gb  LoRaMac.o [1]
LoRaMacInitializationTime
                        0x10000058    0x4  Data  Lc  LoRaMac.o [1]
LoRaMacJoinComputeMic   0x00002ceb   0x4e  Code  Gb  LoRaMacCrypto.o [1]
LoRaMacJoinComputeSKeys
                        0x00002d7d   0x8e  Code  Gb  LoRaMacCrypto.o [1]
LoRaMacJoinDecrypt      0x00002d39   0x44  Code  Gb  LoRaMacCrypto.o [1]
LoRaMacMaxEirpTable     0x000012f0   0x10  Data  Lc  LoRaMac.o [1]
LoRaMacMcpsRequest      0x0000217d  0x146  Code  Gb  LoRaMac.o [1]
LoRaMacMibGetRequestConfirm
                        0x00001bc1  0x154  Code  Gb  LoRaMac.o [1]
LoRaMacMibSetRequestConfirm
                        0x00001d5d  0x2ae  Code  Gb  LoRaMac.o [1]
LoRaMacMlmeRequest      0x00002035  0x138  Code  Gb  LoRaMac.o [1]
LoRaMacNetID            0x10000038    0x4  Data  Lc  LoRaMac.o [1]
LoRaMacNwkSKey          0x10000074   0x10  Data  Lc  LoRaMac.o [1]
LoRaMacParams           0x1000117c   0x38  Data  Gb  LoRaMac.o [1]
LoRaMacParamsDefaults   0x100011b4   0x38  Data  Gb  LoRaMac.o [1]
LoRaMacPayloadDecrypt   0x00002cd5   0x16  Code  Gb  LoRaMacCrypto.o [1]
LoRaMacPayloadEncrypt   0x00002c17   0xbe  Code  Gb  LoRaMacCrypto.o [1]
LoRaMacPrimitives       0x10000060    0x4  Data  Lc  LoRaMac.o [1]
LoRaMacQueryTxPossible  0x00001af1   0xc4  Code  Gb  LoRaMac.o [1]
LoRaMacRegion           0x1000000c    0x1  Data  Lc  LoRaMac.o [1]
LoRaMacRxPayload        0x10000cc4  0x100  Data  Lc  LoRaMac.o [1]
LoRaMacState            0x1000005c    0x4  Data  Gb  LoRaMac.o [1]
LoRaMacTxPayloadLen     0x1000042c    0x1  Data  Lc  LoRaMac.o [1]
MODEM                   0x10000a94  0x130  Data  Lc  modem.o [1]
MacCommandsBuffer       0x10001084   0x80  Data  Lc  LoRaMac.o [1]
MacCommandsBufferIndex  0x10000015    0x1  Data  Lc  LoRaMac.o [1]
MacCommandsBufferToRepeat
                        0x10000094   0x80  Data  Lc  LoRaMac.o [1]
MacCommandsBufferToRepeatIndex
                        0x10000016    0x1  Data  Lc  LoRaMac.o [1]
MacCommandsInNextTx     0x10000014    0x1  Data  Lc  LoRaMac.o [1]
MacStateCheckTimer      0x10000114   0x14  Data  Lc  LoRaMac.o [1]
MaxDCycle               0x1000042e    0x1  Data  Lc  LoRaMac.o [1]
MaxJoinRequestTrials    0x1000001e    0x1  Data  Lc  LoRaMac.o [1]
MaxPayloadOfDatarateCN470
                        0x00003e5c    0x8  Data  Lc  RegionCN470.o [1]
MaxPayloadOfDatarateRepeaterCN470
                        0x00003e54    0x8  Data  Lc  RegionCN470.o [1]
McpsConfirm             0x10001278   0x14  Data  Lc  LoRaMac.o [1]
McpsConfirm             0x000060c7    0x8  Code  Lc  main.o [1]
McpsIndication          0x10001248   0x18  Data  Lc  LoRaMac.o [1]
McpsIndication          0x000060d9  0x1d6  Code  Lc  main.o [1]
Mic                     0x10000188   0x10  Data  Lc  LoRaMacCrypto.o [1]
MicBlockB0              0x10000178   0x10  Data  Lc  LoRaMacCrypto.o [1]
MlmeConfirm             0x10000000    0xc  Data  Lc  LoRaMac.o [1]
MlmeConfirm             0x000062c5   0x42  Code  Lc  main.o [1]
MulticastChannels       0x10000040    0x4  Data  Lc  LoRaMac.o [1]
NVIC_EnableIRQ          0x00005a89    0xe  Code  Lc  sx1276-board.o [1]
NVIC_EnableIRQ          0x00003419    0xe  Code  Lc  usart.o [1]
NVIC_SetPriority        0x00005f39   0x44  Code  Lc  main.o [1]
NextTx                  0x100003dc    0x1  Data  Lc  main.o [1]
NodeAckRequested        0x10000012    0x1  Data  Lc  LoRaMac.o [1]
OnAckTimeoutTimerEvent  0x00000e47   0x34  Code  Lc  LoRaMac.o [1]
OnLed1TimerEventNetOffline
                        0x00002305   0xbe  Code  Lc  modem.o [1]
OnLed1TimerEventNetOnline
                        0x000023c3   0x68  Code  Lc  modem.o [1]
OnLed1TimerEventRx      0x000022d5   0x18  Code  Lc  modem.o [1]
OnLed1TimerEventTx      0x000022ed   0x18  Code  Lc  modem.o [1]
OnMacStateCheckTimerEvent
                        0x00000ab9  0x282  Code  Lc  LoRaMac.o [1]
OnRadioRxDone           0x00000435  0x582  Code  Lc  LoRaMac.o [1]
OnRadioRxError          0x000009e5   0x5e  Code  Lc  LoRaMac.o [1]
OnRadioRxTimeout        0x00000a43   0x64  Code  Lc  LoRaMac.o [1]
OnRadioTxDone           0x00000301   0xee  Code  Lc  LoRaMac.o [1]
OnRadioTxTimeout        0x000009b7   0x2e  Code  Lc  LoRaMac.o [1]
OnRxWindow1TimerEvent   0x00000d9d   0x4e  Code  Lc  LoRaMac.o [1]
OnRxWindow2TimerEvent   0x00000df1   0x56  Code  Lc  LoRaMac.o [1]
OnTxDelayedTimerEvent   0x00000d3b   0x5e  Code  Lc  LoRaMac.o [1]
OnTxNextPacketTimerEvent
                        0x00006097   0x30  Code  Lc  main.o [1]
OscRateIn               0x00006730    0x4  Data  Gb  board.o [3]
PATTERN_JOINCFG_CRC     0x10001106    0x2  Data  Gb  modem.o [1]
PATTERN_SESSCFG_CRC     0x10001108    0x2  Data  Gb  modem.o [1]
PININT0_IRQHandler      0x000074ed  0x152  Code  Gb  sx1276.o [1]
PININT1_IRQHandler      0x0000763f   0x3e  Code  Gb  sx1276.o [1]
PININT2_IRQHandler      0x0000767d   0x84  Code  Gb  sx1276.o [1]
PININT3_IRQHandler      0x00007705   0x50  Code  Gb  sx1276.o [1]
PININT4_IRQHandler      0x00007755    0xc  Code  Gb  sx1276.o [1]
PININT5_IRQHandler      0x00007761    0xc  Code  Gb  sx1276.o [1]
ParseMacCommandsToRepeat
                        0x00000f95   0x5e  Code  Lc  LoRaMac.o [1]
PrepareFrame            0x00001519  0x2a2  Code  Gb  LoRaMac.o [1]
PrepareRxDoneAbort      0x000003ef   0x36  Code  Lc  LoRaMac.o [1]
PrepareTxFrame          0x00005fb9   0x7a  Code  Lc  main.o [1]
ProcessMacCommands      0x00000ff5  0x2fc  Code  Lc  LoRaMac.o [1]
PublicNetwork           0x1000000e    0x1  Data  Lc  LoRaMac.o [1]
Radio                   0x00006620   0x5c  Data  Gb  sx1276-board.o [1]
RadioEvents             0x10000434   0x1c  Data  Lc  LoRaMac.o [1]
RadioEvents             0x10000968    0x4  Data  Lc  sx1276.o [1]
RadioIsActive           0x100012c0    0x1  Data  Lc  sx1276-board.o [1]
RadioRegsInit           0x000074bc   0x30  Data  Gb  sx1276.o [1]
Region$$Table$$Base     0x000066c8          --   Gb  - Linker created -
Region$$Table$$Limit    0x000066f4          --   Gb  - Linker created -
RegionAdrNext           0x00002a5b   0x1a  Code  Gb  Region.o [1]
RegionAlternateDr       0x00002b21   0x12  Code  Gb  Region.o [1]
RegionApplyCFList       0x00002a39   0x10  Code  Gb  Region.o [1]
RegionApplyDrOffset     0x00002b6d   0x1a  Code  Gb  Region.o [1]
RegionCN470AdrNext      0x00003cb9   0x74  Code  Gb  RegionCN470.o [1]
RegionCN470AlternateDr  0x00004089   0x42  Code  Gb  RegionCN470.o [1]
RegionCN470ApplyDrOffset
                        0x00004235   0x10  Code  Gb  RegionCN470.o [1]
RegionCN470CalcBackOff  0x000040cb   0x30  Code  Gb  RegionCN470.o [1]
RegionCN470ChanMaskSet  0x00003c83   0x2c  Code  Gb  RegionCN470.o [1]
RegionCN470ComputeRxWindowParameters
                        0x00003d49   0x48  Code  Gb  RegionCN470.o [1]
RegionCN470GetPhyParam  0x00003add   0xae  Code  Gb  RegionCN470.o [1]
RegionCN470InitDefaults
                        0x00003bb3   0x5c  Code  Gb  RegionCN470.o [1]
RegionCN470LinkAdrReq   0x00003f11  0x114  Code  Gb  RegionCN470.o [1]
RegionCN470NextChannel  0x00004109   0xc0  Code  Gb  RegionCN470.o [1]
RegionCN470RxConfig     0x00003da9   0x90  Code  Gb  RegionCN470.o [1]
RegionCN470RxParamSetupReq
                        0x00004029   0x5a  Code  Gb  RegionCN470.o [1]
RegionCN470SetBandTxDone
                        0x00003b91   0x22  Code  Gb  RegionCN470.o [1]
RegionCN470SetContinuousWave
                        0x000041cd   0x48  Code  Gb  RegionCN470.o [1]
RegionCN470TxConfig     0x00003e65   0xa4  Code  Gb  RegionCN470.o [1]
RegionCN470Verify       0x00003c0f   0x74  Code  Gb  RegionCN470.o [1]
RegionCalcBackOff       0x00002b33   0x10  Code  Gb  Region.o [1]
RegionChanMaskSet       0x00002a49   0x12  Code  Gb  Region.o [1]
RegionCommonCalcBackOff
                        0x000053b3   0x58  Code  Gb  RegionCommon.o [1]
RegionCommonChanMaskCopy
                        0x000050c5   0x22  Code  Gb  RegionCommon.o [1]
RegionCommonChanVerifyDr
                        0x0000500d   0x7a  Code  Gb  RegionCommon.o [1]
RegionCommonComputeRxWindowParameters
                        0x000052d1   0xaa  Code  Gb  RegionCommon.o [1]
RegionCommonComputeSymbolTimeLoRa
                        0x00005295   0x2e  Code  Gb  RegionCommon.o [1]
RegionCommonComputeTxPower
                        0x00005389   0x2a  Code  Gb  RegionCommon.o [1]
RegionCommonCountChannels
                        0x00005097   0x2e  Code  Gb  RegionCommon.o [1]
RegionCommonGetJoinDc   0x00004ff3   0x1a  Code  Gb  RegionCommon.o [1]
RegionCommonLinkAdrReqVerifyParams
                        0x000051ef   0xa6  Code  Gb  RegionCommon.o [1]
RegionCommonParseLinkAdrReq
                        0x000051a7   0x48  Code  Gb  RegionCommon.o [1]
RegionCommonSetBandTxDone
                        0x000050e7    0xa  Code  Gb  RegionCommon.o [1]
RegionCommonUpdateBandTimeOff
                        0x000050f1   0xb6  Code  Gb  RegionCommon.o [1]
RegionCommonValueInRange
                        0x00005087   0x10  Code  Gb  RegionCommon.o [1]
RegionComputeRxWindowParameters
                        0x00002a75   0x16  Code  Gb  Region.o [1]
RegionDlChannelReq      0x00002b0f   0x12  Code  Gb  Region.o [1]
RegionGetPhyParam       0x000029ed   0x16  Code  Gb  Region.o [1]
RegionInitDefaults      0x00002a13   0x10  Code  Gb  Region.o [1]
RegionIsActive          0x000029e1    0xc  Code  Gb  Region.o [1]
RegionLinkAdrReq        0x00002ab9   0x20  Code  Gb  Region.o [1]
RegionNewChannelReq     0x00002aeb   0x12  Code  Gb  Region.o [1]
RegionNextChannel       0x00002b43   0x1a  Code  Gb  Region.o [1]
RegionRxConfig          0x00002a8b   0x16  Code  Gb  Region.o [1]
RegionRxParamSetupReq   0x00002ad9   0x12  Code  Gb  Region.o [1]
RegionSetBandTxDone     0x00002a03   0x10  Code  Gb  Region.o [1]
RegionSetContinuousWave
                        0x00002b5d   0x10  Code  Gb  Region.o [1]
RegionTxConfig          0x00002aa1   0x18  Code  Gb  Region.o [1]
RegionTxParamSetupReq   0x00002afd   0x12  Code  Gb  Region.o [1]
RegionVerify            0x00002a23   0x16  Code  Gb  Region.o [1]
RepeaterSupport         0x1000000f    0x1  Data  Lc  LoRaMac.o [1]
ResetMacParameters      0x00001485   0x82  Code  Lc  LoRaMac.o [1]
Reset_Handler           0x000039f5         Code  Wk  iar_startup_lpc82x.o [1]
RingBuffer_GetCount     0x00004e05    0x8  Code  Lc  ring_buffer.o [4]
RingBuffer_Init         0x00004e33   0x10  Code  Gb  ring_buffer.o [4]
RingBuffer_Insert       0x00004e43   0x32  Code  Gb  ring_buffer.o [4]
RingBuffer_InsertMult   0x00004e75   0x96  Code  Gb  ring_buffer.o [4]
RingBuffer_IsEmpty      0x00004e23   0x10  Code  Lc  ring_buffer.o [4]
RingBuffer_IsFull       0x00004e0d   0x16  Code  Lc  ring_buffer.o [4]
RingBuffer_Pop          0x00004f0b   0x32  Code  Gb  ring_buffer.o [4]
RingBuffer_PopMult      0x00004f3d   0x8e  Code  Gb  ring_buffer.o [4]
RxChainCalibration      0x0000690f   0x8e  Code  Lc  sx1276.o [1]
RxSlot                  0x1000001f    0x1  Data  Lc  LoRaMac.o [1]
RxTimeoutSyncWord       0x10001264   0x14  Data  Gb  sx1276.o [1]
RxTimeoutTimer          0x10000a80   0x14  Data  Gb  sx1276.o [1]
RxTxBuffer              0x1000096c  0x100  Data  Lc  sx1276.o [1]
RxWindow1Config         0x10000418   0x14  Data  Lc  LoRaMac.o [1]
RxWindow1Delay          0x10000068    0x4  Data  Lc  LoRaMac.o [1]
RxWindow2Config         0x10001290   0x14  Data  Lc  LoRaMac.o [1]
RxWindow2Delay          0x1000006c    0x4  Data  Lc  LoRaMac.o [1]
RxWindowSetup           0x00000e7b   0x16  Code  Lc  LoRaMac.o [1]
RxWindowTimer1          0x1000013c   0x14  Data  Lc  LoRaMac.o [1]
RxWindowTimer2          0x10000150   0x14  Data  Lc  LoRaMac.o [1]
SX1276                  0x100008fc   0x6c  Data  Gb  sx1276.o [1]
SX1276CheckRfFrequency  0x00005e91    0x4  Code  Gb  sx1276-board.o [1]
SX1276GetPaSelect       0x00005e3d    0xe  Code  Gb  sx1276-board.o [1]
SX1276GetStatus         0x00006843    0x6  Code  Gb  sx1276.o [1]
SX1276GetTimeOnAir      0x00006cb1  0x128  Code  Gb  sx1276.o [1]
SX1276Init              0x0000679d   0xa6  Code  Gb  sx1276.o [1]
SX1276IoInit            0x00005bb1  0x14e  Code  Gb  sx1276-board.o [1]
SX1276IoIrqInit         0x00005cff   0x74  Code  Gb  sx1276-board.o [1]
SX1276IsChannelFree     0x00006885   0x48  Code  Gb  sx1276.o [1]
SX1276OnTimeoutIrq      0x00007439   0x76  Code  Gb  sx1276.o [1]
SX1276Random            0x000068cd   0x42  Code  Gb  sx1276.o [1]
SX1276Read              0x000072b9   0x10  Code  Gb  sx1276.o [1]
SX1276ReadBuffer        0x0000734f   0x8e  Code  Gb  sx1276.o [1]
SX1276ReadFifo          0x000073eb    0xe  Code  Gb  sx1276.o [1]
SX1276ReadRssi          0x000071b5   0x32  Code  Gb  sx1276.o [1]
SX1276Reset             0x000071ed   0x28  Code  Gb  sx1276.o [1]
SX1276Send              0x00006ddd   0x8e  Code  Gb  sx1276.o [1]
SX1276SetAntSwLowPower  0x00005e55   0x1e  Code  Gb  sx1276-board.o [1]
SX1276SetChannel        0x00006849   0x3c  Code  Gb  sx1276.o [1]
SX1276SetMaxPayloadLength
                        0x000073f9   0x18  Code  Gb  sx1276.o [1]
SX1276SetModem          0x00007245   0x50  Code  Gb  sx1276.o [1]
SX1276SetOpMode         0x00007215   0x30  Code  Gb  sx1276.o [1]
SX1276SetPublicNetwork  0x00007411   0x26  Code  Gb  sx1276.o [1]
SX1276SetRfTxPower      0x00005d89   0xaa  Code  Gb  sx1276-board.o [1]
SX1276SetRx             0x00006ed1  0x1ac  Code  Gb  sx1276.o [1]
SX1276SetRxConfig       0x000069a9  0x1b2  Code  Gb  sx1276.o [1]
SX1276SetSleep          0x00006e6b   0x24  Code  Gb  sx1276.o [1]
SX1276SetStby           0x00006e8f   0x24  Code  Gb  sx1276.o [1]
SX1276SetTx             0x00007081   0x72  Code  Gb  sx1276.o [1]
SX1276SetTxConfig       0x00006b65  0x144  Code  Gb  sx1276.o [1]
SX1276SetTxContinuousWave
                        0x00007135   0x7c  Code  Gb  sx1276.o [1]
SX1276StartCad          0x00007101   0x2e  Code  Gb  sx1276.o [1]
SX1276Write             0x000072ad    0xc  Code  Gb  sx1276.o [1]
SX1276WriteBuffer       0x000072c9   0x86  Code  Gb  sx1276.o [1]
SX1276WriteFifo         0x000073dd    0xe  Code  Gb  sx1276.o [1]
ScheduleTx              0x00001335  0x10e  Code  Lc  LoRaMac.o [1]
Send                    0x00001301   0x2c  Code  Gb  LoRaMac.o [1]
SendFrame               0x00006033   0x64  Code  Lc  main.o [1]
SendFrameOnChannel      0x000017c1   0x86  Code  Gb  LoRaMac.o [1]
SetTxContinuousWave     0x00001851   0x4a  Code  Gb  LoRaMac.o [1]
SetTxContinuousWave1    0x000018a1   0x36  Code  Gb  LoRaMac.o [1]
SrvAckRequested         0x10000013    0x1  Data  Lc  LoRaMac.o [1]
SysTick_Config          0x00005f7d   0x2a  Code  Lc  main.o [1]
SysTick_Handler         0x0000012b   0x38  Code  Gb  timer.o [1]
SystemCoreClock         0x100012bc    0x4  Data  Gb  chip_8xx.o [4]
SystemCoreClockUpdate   0x0000645d   0x10  Code  Gb  chip_8xx.o [4]
SystemInit              0x00006739    0x8  Code  Gb  sysinit.o [1]
TimerExists             0x00000175   0x18  Code  Lc  timer.o [1]
TimerGetCurrentTime     0x0000019d    0x6  Code  Gb  timer.o [1]
TimerGetElapsedTime     0x000001a3   0x16  Code  Gb  timer.o [1]
TimerInit               0x000000c1   0x10  Code  Gb  timer.o [1]
TimerListHead           0x100012b8    0x4  Data  Lc  timer.o [1]
TimerSetValue           0x0000018d   0x10  Code  Gb  timer.o [1]
TimerStart              0x000000d1   0x5a  Code  Gb  timer.o [1]
TimerStop               0x00000163   0x12  Code  Gb  timer.o [1]
TxDelayedTimer          0x10000128   0x14  Data  Lc  LoRaMac.o [1]
TxDutyCycleTime         0x100003e0    0x4  Data  Lc  main.o [1]
TxNextPacketTimer       0x10000404   0x14  Data  Lc  main.o [1]
TxTimeOnAir             0x10000070    0x4  Data  Gb  LoRaMac.o [1]
TxTimeoutTimer          0x10000a6c   0x14  Data  Gb  sx1276.o [1]
UART0_IRQHandler        0x00003529   0x10  Code  Gb  usart.o [1]
UpLinkCounter           0x10000044    0x4  Data  Lc  LoRaMac.o [1]
ValidatePayloadLength   0x00000e91   0x3e  Code  Lc  LoRaMac.o [1]
__Vectors               0x00000000          --   Gb  iar_startup_lpc82x.o [1]
__Vectors_End           0x000000c0         Data  Gb  iar_startup_lpc82x.o [1]
__Vectors_Size {Abs}    0x000000c0          --   Gb  iar_startup_lpc82x.o [1]
__aeabi_cdrcmple        0x00005e95         Code  Gb  DblCmpGe.o [6]
__aeabi_d2iz            0x00005895         Code  Gb  DblToI32.o [6]
__aeabi_d2uiz           0x000058b9         Code  Gb  DblToI32.o [6]
__aeabi_dadd            0x00005687         Code  Gb  DblAddSub.o [6]
__aeabi_ddiv            0x00005441         Code  Gb  DblDiv.o [6]
__aeabi_dmul            0x00005503         Code  Gb  DblMul.o [6]
__aeabi_dsub            0x0000574d         Code  Gb  DblAddSub.o [6]
__aeabi_f2d             0x000059fd         Code  Gb  FltToDbl.o [6]
__aeabi_fsub            0x0000594d         Code  Gb  FltAddSub.o [6]
__aeabi_i2d             0x0000540d         Code  Gb  I32ToDbl.o [6]
__aeabi_idiv            0x00002f09         Code  Gb  I32DivModFast.o [7]
__aeabi_idivmod         0x00002f09         Code  Gb  I32DivModFast.o [7]
__aeabi_memclr4         0x00003415         Code  Gb  ABImemset.o [7]
__aeabi_memclr8         0x00003415         Code  Gb  ABImemset.o [7]
__aeabi_memcpy          0x00003229         Code  Gb  ABImemcpy.o [7]
__aeabi_memcpy4         0x00003251         Code  Wk  ABImemcpy.o [7]
__aeabi_memset4         0x000033d9         Code  Gb  ABImemset.o [7]
__aeabi_memset8         0x000033d9         Code  Gb  ABImemset.o [7]
__aeabi_ui2d            0x00005421         Code  Gb  I32ToDbl.o [6]
__aeabi_ui2f            0x00002fbd         Code  Gb  I32ToFlt.o [6]
__aeabi_uidiv           0x00002f0f         Code  Gb  I32DivModFast.o [7]
__aeabi_uidivmod        0x00002f0f         Code  Gb  I32DivModFast.o [7]
__aeabi_uldivmod        0x00000237         Code  Gb  I64DivMod.o [7]
__cmain                 0x000066f5         Code  Gb  cmain.o [7]
__exit                  0x00006585         Code  Gb  XXexit.o [7]
__iar_Memset4_word      0x000033e5         Code  Gb  ABImemset.o [7]
__iar_ceil              0x0000583d         Code  Gb  ceil.o [6]
__iar_ceill             0x0000583d         Code  Gb  ceil.o [6]
__iar_d2uiz             0x000058bd         Code  Gb  DblToI32.o [6]
__iar_data_init3        0x0000667d   0x28  Code  Gb  data_init.o [7]
__iar_floor             0x00005a31         Code  Gb  floor.o [6]
__iar_floorl            0x00005a31         Code  Gb  floor.o [6]
__iar_packbits_init3    0x000064c3   0xb6  Code  Gb  packbits_init.o [7]
__iar_program_start     0x00006723         Code  Gb  cstartup_M.o [7]
__iar_ui2d              0x00005425         Code  Gb  I32ToDbl.o [6]
__iar_ui2f              0x00002fc1         Code  Gb  I32ToFlt.o [6]
__iar_zero_init3        0x00002fdb   0x2a  Code  Gb  zero_init3.o [7]
__vector_table          0x00000000         Data  Gb  iar_startup_lpc82x.o [1]
__vector_table_0x1c     0x00000010         Data  Gb  iar_startup_lpc82x.o [1]
_call_main              0x00006701         Code  Gb  cmain.o [7]
_exit                   0x00006719         Code  Gb  cexit.o [7]
_main                   0x0000670b         Code  Gb  cmain.o [7]
aBlock                  0x100002b0   0x10  Data  Lc  LoRaMacCrypto.o [1]
abort                   0x00006579    0xa  Code  Gb  abort.o [5]
add_round_key           0x000045f1    0x8  Code  Lc  aes.o [1]
aes_encrypt             0x00004aff   0x52  Code  Gb  aes.o [1]
aes_set_key             0x000049fd  0x102  Code  Gb  aes.o [1]
ceil                    0x0000583d         Code  Gb  ceil.o [6]
ceill                   0x0000583d         Code  Gb  ceil.o [6]
chip_version            0x10001260    0x4  Data  Gb  sx1276.o [1]
config_tab              0x0000782c  0x354  Data  Lc  irc_8xx.o [4]
config_tab_idx          0x1000128e    0x2  Data  Lc  irc_8xx.o [4]
copy_and_key            0x0000456b   0x86  Code  Lc  aes.o [1]
copy_block              0x00004491   0x42  Code  Lc  aes.o [1]
copy_block_nn           0x000044d3   0x16  Code  Lc  aes.o [1]
cpystr                  0x0000374f   0x18  Code  Gb  hex.o [1]
eeprom_write            0x000032ad   0x62  Code  Gb  eeprom.o [1]
exit                    0x0000670f    0x8  Code  Gb  exit.o [5]
floor                   0x00005a31         Code  Gb  floor.o [6]
floorl                  0x00005a31         Code  Gb  floor.o [6]
frame_init              0x00003565   0x14  Code  Gb  frame.o [1]
frame_rx                0x00003579   0xd8  Code  Gb  frame.o [1]
getUARTClockID          0x000038b1   0x18  Code  Lc  uart_8xx.o [4]
gethex                  0x00003655   0x3e  Code  Gb  hex.o [1]
gfm2_sbox               0x000048fc  0x100  Data  Lc  aes.o [1]
gfm3_sbox               0x000047fc  0x100  Data  Lc  aes.o [1]
hex2int                 0x000036ed   0x32  Code  Gb  hex.o [1]
hexval                  0x0000377c  0x100  Data  Lc  hex.o [1]
iap_entry               0x00003325    0x8  Code  Lc  iap.o [4]
int2hex                 0x000036c9   0x24  Code  Gb  hex.o [1]
joincfg                 0x1000110c   0x20  Data  Lc  modem.o [1]
ledBits                 0x00003224    0x1  Data  Lc  board.o [3]
main                    0x00006317  0x118  Code  Gb  main.o [1]
memcpy1                 0x00002e4b   0x16  Code  Gb  utilities.o [1]
memcpyr                 0x00002e61   0x1a  Code  Gb  utilities.o [1]
memset1                 0x00002e7b   0x12  Code  Gb  utilities.o [1]
mix_sub_columns         0x0000465d  0x19a  Code  Lc  aes.o [1]
modem_init              0x00002571   0xd4  Code  Gb  modem.o [1]
modem_reset             0x000024cd    0x2  Code  Lc  modem.o [1]
modem_rxdone            0x000026ad  0x2f6  Code  Gb  modem.o [1]
next                    0x10000478    0x4  Data  Lc  utilities.o [1]
os_crc16                0x000024cf   0x38  Code  Gb  modem.o [1]
persist                 0x100011ec   0x5c  Data  Gb  modem.o [1]
persist_init            0x00002509   0x60  Code  Lc  modem.o [1]
prvSetupHardware        0x0000630b    0xc  Code  Lc  main.o [1]
puthex                  0x00003695   0x34  Code  Gb  hex.o [1]
rand1                   0x00002e15   0x1a  Code  Gb  utilities.o [1]
randr                   0x00002e35   0x16  Code  Gb  utilities.o [1]
reverse                 0x0000371f   0x22  Code  Gb  hex.o [1]
rxbuff                  0x10000ee0   0x40  Data  Lc  usart.o [1]
rxframe                 0x100012a4   0x10  Data  Gb  frame.o [1]
rxring                  0x10000ecc   0x14  Data  Gb  usart.o [1]
sBlock                  0x100002c0   0x10  Data  Lc  LoRaMacCrypto.o [1]
sbox                    0x00004b50  0x100  Data  Lc  aes.o [1]
sesscfg                 0x00002684   0x28  Data  Lc  modem.o [1]
shift_sub_rows          0x000045f9   0x64  Code  Lc  aes.o [1]
srand1                  0x00002e2f    0x6  Code  Gb  utilities.o [1]
src_iap_array_data      0x10001004   0x80  Data  Gb  eeprom.o [1]
systicks                0x100012b4    0x4  Data  Gb  timer.o [1]
tolower                 0x00003741    0xe  Code  Gb  hex.o [1]
txbuff                  0x10000f20   0x40  Data  Lc  usart.o [1]
txring                  0x10000eb8   0x14  Data  Gb  usart.o [1]
usart_init              0x0000348f   0x9a  Code  Gb  usart.o [1]
wdtOSCRate              0x00004dc4   0x40  Data  Lc  clock_8xx.o [4]
xor_block               0x000044e9   0x82  Code  Lc  aes.o [1]


[1] = E:\LoRaProduct\source code\nxp_lpcxpresso_824max\lpcxpresso824\prj_xpresso82x\iar\freertos_blinky\iflash_nxp_lpcxpresso_812\Obj
[2] = command line
[3] = board_nxp_lpcxpresso_824.a
[4] = chip_8xx_lib.a
[5] = dl6M_tln.a
[6] = m6M_tl.a
[7] = rt6M_tl.a

  31 346 bytes of readonly  code memory
     264 bytes of readonly  data memory
   5 826 bytes of readwrite data memory

Errors: none
Warnings: none
