###############################################################################
#
# IAR ELF Linker V7.30.3.8024/W32 for ARM                 18/Jan/2018  16:06:30
# Copyright 2007-2014 IAR Systems AB.
#
#    Output file  =  
#        E:\LoRaProduct\source
#        code\nxp_lpcxpresso_824max\lpcxpresso824\prj_xpresso82x\iar\freertos_blinky\iflash_nxp_lpcxpresso_812\Exe\freertos_blinky.out.tmp
#    Map file     =  
#        E:\LoRaProduct\source
#        code\nxp_lpcxpresso_824max\lpcxpresso824\prj_xpresso82x\iar\freertos_blinky\iflash_nxp_lpcxpresso_812\List\freertos_blinky.map
#    Command line =  
#        "E:\LoRaProduct\source
#        code\nxp_lpcxpresso_824max\lpcxpresso824\prj_xpresso82x\iar\freertos_blinky\iflash_nxp_lpcxpresso_812\Obj\aes.o"
#        "E:\LoRaProduct\source
#        code\nxp_lpcxpresso_824max\lpcxpresso824\prj_xpresso82x\iar\lib_board_lpcxpresso824\iar_output\Exe\board_nxp_lpcxpresso_824.a"
#        "E:\LoRaProduct\source
#        code\nxp_lpcxpresso_824max\lpcxpresso824\prj_xpresso82x\iar\lib_chip_8xx\iar_output\Exe\chip_8xx_lib.a"
#        "E:\LoRaProduct\source
#        code\nxp_lpcxpresso_824max\lpcxpresso824\prj_xpresso82x\iar\freertos_blinky\iflash_nxp_lpcxpresso_812\Obj\cmac.o"
#        "E:\LoRaProduct\source
#        code\nxp_lpcxpresso_824max\lpcxpresso824\prj_xpresso82x\iar\freertos_blinky\iflash_nxp_lpcxpresso_812\Obj\eeprom.o"
#        "E:\LoRaProduct\source
#        code\nxp_lpcxpresso_824max\lpcxpresso824\prj_xpresso82x\iar\freertos_blinky\iflash_nxp_lpcxpresso_812\Obj\frame.o"
#        "E:\LoRaProduct\source
#        code\nxp_lpcxpresso_824max\lpcxpresso824\prj_xpresso82x\iar\freertos_blinky\iflash_nxp_lpcxpresso_812\Obj\hex.o"
#        "E:\LoRaProduct\source
#        code\nxp_lpcxpresso_824max\lpcxpresso824\prj_xpresso82x\iar\freertos_blinky\iflash_nxp_lpcxpresso_812\Obj\iar_startup_lpc82x.o"
#        "E:\LoRaProduct\source
#        code\nxp_lpcxpresso_824max\lpcxpresso824\prj_xpresso82x\iar\freertos_blinky\iflash_nxp_lpcxpresso_812\Obj\LoRaMac.o"
#        "E:\LoRaProduct\source
#        code\nxp_lpcxpresso_824max\lpcxpresso824\prj_xpresso82x\iar\freertos_blinky\iflash_nxp_lpcxpresso_812\Obj\LoRaMacCrypto.o"
#        "E:\LoRaProduct\source
#        code\nxp_lpcxpresso_824max\lpcxpresso824\prj_xpresso82x\iar\freertos_blinky\iflash_nxp_lpcxpresso_812\Obj\main.o"
#        "E:\LoRaProduct\source
#        code\nxp_lpcxpresso_824max\lpcxpresso824\prj_xpresso82x\iar\freertos_blinky\iflash_nxp_lpcxpresso_812\Obj\modem.o"
#        "E:\LoRaProduct\source
#        code\nxp_lpcxpresso_824max\lpcxpresso824\prj_xpresso82x\iar\freertos_blinky\iflash_nxp_lpcxpresso_812\Obj\Region.o"
#        "E:\LoRaProduct\source
#        code\nxp_lpcxpresso_824max\lpcxpresso824\prj_xpresso82x\iar\freertos_blinky\iflash_nxp_lpcxpresso_812\Obj\RegionCN470.o"
#        "E:\LoRaProduct\source
#        code\nxp_lpcxpresso_824max\lpcxpresso824\prj_xpresso82x\iar\freertos_blinky\iflash_nxp_lpcxpresso_812\Obj\RegionCommon.o"
#        "E:\LoRaProduct\source
#        code\nxp_lpcxpresso_824max\lpcxpresso824\prj_xpresso82x\iar\freertos_blinky\iflash_nxp_lpcxpresso_812\Obj\sx1276-board.o"
#        "E:\LoRaProduct\source
#        code\nxp_lpcxpresso_824max\lpcxpresso824\prj_xpresso82x\iar\freertos_blinky\iflash_nxp_lpcxpresso_812\Obj\sx1276.o"
#        "E:\LoRaProduct\source
#        code\nxp_lpcxpresso_824max\lpcxpresso824\prj_xpresso82x\iar\freertos_blinky\iflash_nxp_lpcxpresso_812\Obj\sysinit.o"
#        "E:\LoRaProduct\source
#        code\nxp_lpcxpresso_824max\lpcxpresso824\prj_xpresso82x\iar\freertos_blinky\iflash_nxp_lpcxpresso_812\Obj\timer.o"
#        "E:\LoRaProduct\source
#        code\nxp_lpcxpresso_824max\lpcxpresso824\prj_xpresso82x\iar\freertos_blinky\iflash_nxp_lpcxpresso_812\Obj\usart.o"
#        "E:\LoRaProduct\source
#        code\nxp_lpcxpresso_824max\lpcxpresso824\prj_xpresso82x\iar\freertos_blinky\iflash_nxp_lpcxpresso_812\Obj\utilities.o"
#        -o "E:\LoRaProduct\source
#        code\nxp_lpcxpresso_824max\lpcxpresso824\prj_xpresso82x\iar\freertos_blinky\iflash_nxp_lpcxpresso_812\Exe\freertos_blinky.out.tmp"
#        --map "E:\LoRaProduct\source
#        code\nxp_lpcxpresso_824max\lpcxpresso824\prj_xpresso82x\iar\freertos_blinky\iflash_nxp_lpcxpresso_812\List\freertos_blinky.map"
#        --config "C:\Program Files (x86)\IAR Systems\Embedded Workbench
#        7.0\arm\config\linker\NXP\LPC824M201.icf" --entry __iar_program_start
#        --inline --vfe
#
###############################################################################

*******************************************************************************
*** RUNTIME MODEL ATTRIBUTES
***

CppFlavor       = *
__SystemLibrary = DLib


*******************************************************************************
*** PLACEMENT SUMMARY
***

"A1":  place at 0x00000000 { ro section .intvec };
"P1":  place in [from 0x00000000 to 0x000002fb] |
                [from 0x00000300 to 0x00007fff] { ro };
"P2":  place in [from 0x10000000 to 0x10001fff] { rw, block CSTACK, block HEAP };
"P3":  place in [from 0x000002fc to 0x000002ff] { section .crp };

  Section            Kind        Address    Size  Object
  -------            ----        -------    ----  ------
"A1":                                       0xc0
  .intvec            ro code  0x00000000    0xc0  iar_startup_lpc82x.o [1]
                            - 0x000000c0    0xc0

"P1", part 1 of 2:                         0x1f2
  .text              ro code  0x000000c0    0xfc  timer.o [1]
  .text              ro code  0x000001bc     0x2  iar_startup_lpc82x.o [1]
  .text              ro code  0x000001c0    0x12  iocon_8xx.o [4]
  .text              ro code  0x000001d2     0x2  iar_startup_lpc82x.o [1]
  .text              ro code  0x000001d4    0x18  gpio_8xx.o [4]
  .text              ro code  0x000001ec     0x2  iar_startup_lpc82x.o [1]
  .text              ro code  0x000001f0    0x48  swm_8xx.o [4]
  .text              ro code  0x00000238    0x10  chip_8xx.o [4]
  .text              ro code  0x00000248    0x6a  I64DivMod.o [7]
  .rodata            const    0x000002b2     0x0  zero_init3.o [7]
  .rodata            const    0x000002b2     0x0  packbits_init.o [7]
                            - 0x000002b2   0x1f2

"P3":                                        0x4
  .crp               ro code  0x000002fc     0x4  iar_startup_lpc82x.o [1]
                            - 0x00000300     0x4

"P1", part 2 of 2:                        0x76f5
  .text              ro code  0x00000300  0x1db8  LoRaMac.o [1]
  .text              ro code  0x000020b8   0x928  modem.o [1]
  .text              ro code  0x000029e0   0x19c  Region.o [1]
  .text              ro code  0x00002b7c   0x288  LoRaMacCrypto.o [1]
  .text              ro code  0x00002e04    0xc8  utilities.o [1]
  .text              ro code  0x00002ecc    0xe0  I32DivModFast.o [7]
  .text              ro code  0x00002fac    0x1e  I32ToFlt.o [6]
  .text              ro code  0x00002fca    0x2a  zero_init3.o [7]
  .text              ro code  0x00002ff4   0x221  board.o [3]
  .text              ro code  0x00003216    0x10  strlen.o [7]
  .text              ro code  0x00003226     0x2  iar_startup_lpc82x.o [1]
  .text              ro code  0x00003228    0x5c  ABImemcpy.o [7]
  .text              ro code  0x00003284   0x228  hex.o [1]
  .text              ro code  0x000034ac   0x178  uart_8xx.o [4]
  .text              ro code  0x00003624    0xa0  eeprom.o [1]
  .text              ro code  0x000036c4    0xb4  iap.o [4]
  .text              ro code  0x00003778    0x40  ABImemset.o [7]
  .text              ro code  0x000037b8   0x14c  usart.o [1]
  .text              ro code  0x00003904    0xf0  frame.o [1]
  .text              ro code  0x000039f4   0x330  main.o [1]
  .text              ro code  0x00003d24   0x7f4  RegionCN470.o [1]
  .text              ro code  0x00004518   0x24a  cmac.o [1]
  .text              ro code  0x00004764   0x7c0  aes.o [1]
  .text              ro code  0x00004f24   0x1b4  clock_8xx.o [4]
  .text              ro code  0x000050d8   0x1c6  ring_buffer.o [4]
  .text              ro code  0x000052a0   0x43e  RegionCommon.o [1]
  .text              ro code  0x000056e0    0x34  I32ToDbl.o [6]
  .text              ro code  0x00005714    0xc2  DblDiv.o [6]
  .text              ro code  0x000057d6   0x184  DblMul.o [6]
  .text              ro code  0x0000595a   0x1b4  DblAddSub.o [6]
  .text              ro code  0x00005b10    0x58  ceil.o [6]
  .text              ro code  0x00005b68    0x52  DblToI32.o [6]
  .text              ro code  0x00005bba   0x116  FltAddSub.o [6]
  .text              ro code  0x00005cd0    0x32  FltToDbl.o [6]
  .text              ro code  0x00005d04    0x58  floor.o [6]
  .text              ro code  0x00005d5c   0x40c  sx1276-board.o [1]
  .text              ro code  0x00006168    0x32  DblCmpGe.o [6]
  .text              ro code  0x0000619c    0x44  spim_8xx.o [4]
  .text              ro code  0x000061e0    0x2c  spi_8xx.o [4]
  .text              ro code  0x0000620c   0x408  irc_8xx.o [4]
  .text              ro code  0x00006614    0x34  syscon_8xx.o [4]
  .text              ro code  0x00006648    0xd8  packbits_init.o [7]
  .text              ro code  0x00006720     0xa  abort.o [5]
  .text              ro code  0x0000672c     0xc  XXexit.o [7]
  .rodata            const    0x00006738    0xd4  modem.o [1]
  .text              ro code  0x0000680c    0x7a  board_sysinit.o [3]
  .text              ro code  0x00006888    0x14  sysinit_8xx.o [4]
  .rodata            const    0x0000689c    0x5c  sx1276-board.o [1]
  .text              ro code  0x000068f8    0x28  data_init.o [7]
  .iar.init_table    const    0x00006920    0x2c  - Linker created -
  .text              ro code  0x0000694c    0x1a  cmain.o [7]
  .text              ro code  0x00006966     0x8  exit.o [5]
  .text              ro code  0x00006970     0xa  cexit.o [7]
  .text              ro code  0x0000697c    0x10  iar_startup_lpc82x.o [1]
  .text              ro code  0x0000698c     0xc  cstartup_M.o [7]
  .rodata            const    0x00006998     0x8  board.o [3]
  .text              ro code  0x000069a0     0x8  sysinit.o [1]
  .text              ro code  0x000069a8     0x4  iar_startup_lpc82x.o [1]
  .text              ro code  0x000069ac   0xfbc  sx1276.o [1]
  Initializer bytes  ro data  0x00007968    0x8d  <for P2 s0>
                            - 0x000079f5  0x76f5

"P2":                                     0x1768
  P2 s0                       0x10000000   0x5dc  <Init block>
    .data            inited   0x10000000   0x178  LoRaMac.o [1]
    .data            inited   0x10000178   0x138  LoRaMacCrypto.o [1]
    .data            inited   0x100002b0   0x134  main.o [1]
    .data            inited   0x100003e4   0x114  LoRaMacCrypto.o [1]
    .data            inited   0x100004f8    0x80  modem.o [1]
    .data            inited   0x10000578    0x38  LoRaMac.o [1]
    .data            inited   0x100005b0    0x28  RegionCN470.o [1]
    .data            inited   0x100005d8     0x4  utilities.o [1]
  .bss               zero     0x100005dc   0x480  RegionCN470.o [1]
  .bss               zero     0x10000a5c   0x208  modem.o [1]
  .bss               zero     0x10000c64   0x198  sx1276.o [1]
  .bss               zero     0x10000dfc   0x100  LoRaMac.o [1]
  .bss               zero     0x10000efc   0x100  LoRaMac.o [1]
  .bss               zero     0x10000ffc    0xa8  usart.o [1]
  .bss               zero     0x100010a4    0x80  eeprom.o [1]
  .bss               zero     0x10001124    0x80  LoRaMac.o [1]
  .bss               zero     0x100011a4    0x78  modem.o [1]
  .bss               zero     0x1000121c    0x70  LoRaMac.o [1]
  .bss               zero     0x1000128c    0x5c  modem.o [1]
  .bss               zero     0x100012e8    0x18  LoRaMac.o [1]
  .bss               zero     0x10001300    0x18  sx1276.o [1]
  .bss               zero     0x10001318    0x15  LoRaMac.o [1]
  .bss               zero     0x1000132e     0x2  irc_8xx.o [4]
  .bss               zero     0x10001330    0x14  LoRaMac.o [1]
  .bss               zero     0x10001344    0x10  frame.o [1]
  .bss               zero     0x10001354     0x8  timer.o [1]
  .bss               zero     0x1000135c     0x4  chip_8xx.o [4]
  .bss               zero     0x10001360     0x1  sx1276-board.o [1]
  .bss               zero     0x10001361     0x1  utilities.o [1]
  CSTACK                      0x10001368   0x400  <Block>
    CSTACK           uninit   0x10001368   0x400  <Block tail>
                            - 0x10001768  0x1768


*******************************************************************************
*** INIT TABLE
***

          Address     Size
          -------     ----
Zero (__iar_zero_init3)
    1 destination range, total size 0xd86:
          0x100005dc  0xd86

Copy/packbits (__iar_packbits_init3)
    1 source range, total size 0x8d (9% of destination):
          0x00007968   0x8d
    1 destination range, total size 0x5dc:
          0x10000000  0x5dc



*******************************************************************************
*** MODULE SUMMARY
***

    Module                ro code  ro data  rw data
    ------                -------  -------  -------
E:\LoRaProduct\source code\nxp_lpcxpresso_824max\lpcxpresso824\prj_xpresso82x\iar\freertos_blinky\iflash_nxp_lpcxpresso_812\Obj: [1]
    LoRaMac.o               7 608       40    1 249
    LoRaMacCrypto.o           648       55      588
    Region.o                  412
    RegionCN470.o           2 036        4    1 192
    RegionCommon.o          1 086
    aes.o                   1 984
    cmac.o                    586
    eeprom.o                  160               128
    frame.o                   240                16
    hex.o                     552
    iar_startup_lpc82x.o      224
    main.o                    816       29      308
    modem.o                 2 344      224      860
    sx1276-board.o          1 036       92        1
    sx1276.o                4 028               432
    sysinit.o                   8
    timer.o                   252                 8
    usart.o                   332               168
    utilities.o               200        1        5
    -----------------------------------------------
    Total:                 24 552      445    4 955

command line: [2]
    -----------------------------------------------
    Total:

board_nxp_lpcxpresso_824.a: [3]
    board.o                   545        8
    board_sysinit.o           122
    -----------------------------------------------
    Total:                    667        8

chip_8xx_lib.a: [4]
    chip_8xx.o                 16                 4
    clock_8xx.o               436
    gpio_8xx.o                 24
    iap.o                     180
    iocon_8xx.o                18
    irc_8xx.o               1 032                 2
    ring_buffer.o             454
    spi_8xx.o                  44
    spim_8xx.o                 68
    swm_8xx.o                  72
    syscon_8xx.o               52
    sysinit_8xx.o              20
    uart_8xx.o                376
    -----------------------------------------------
    Total:                  2 792                 6

dl6M_tln.a: [5]
    abort.o                    10
    exit.o                      8
    -----------------------------------------------
    Total:                     18

m6M_tl.a: [6]
    DblAddSub.o               436
    DblCmpGe.o                 50
    DblDiv.o                  194
    DblMul.o                  388
    DblToI32.o                 82
    FltAddSub.o               278
    FltToDbl.o                 50
    I32ToDbl.o                 52
    I32ToFlt.o                 30
    ceil.o                     88
    floor.o                    88
    -----------------------------------------------
    Total:                  1 736

rt6M_tl.a: [7]
    ABImemcpy.o                92
    ABImemset.o                64
    I32DivModFast.o           224
    I64DivMod.o               106
    XXexit.o                   12
    cexit.o                    10
    cmain.o                    26
    cstartup_M.o               12
    data_init.o                40
    packbits_init.o           216
    strlen.o                   16
    zero_init3.o               42
    -----------------------------------------------
    Total:                    860

    Gaps                       25                 1
    Linker created                      44    1 024
---------------------------------------------------
    Grand Total:           30 650      497    5 986


*******************************************************************************
*** ENTRY LIST
***

Entry                      Address   Size  Type      Object
-----                      -------   ----  ----      ------
?main                   0x0000694d         Code  Gb  cmain.o [7]
AES_CMAC_Final          0x00004615  0x14e  Code  Gb  cmac.o [1]
AES_CMAC_Init           0x00004519   0x22  Code  Gb  cmac.o [1]
AES_CMAC_SetKey         0x0000453b   0x10  Code  Gb  cmac.o [1]
AES_CMAC_Update         0x0000454b   0xca  Code  Gb  cmac.o [1]
AckTimeoutRetries       0x1000001a    0x1  Data  Lc  LoRaMac.o [1]
AckTimeoutRetriesCounter
                        0x1000001b    0x1  Data  Lc  LoRaMac.o [1]
AckTimeoutRetry         0x1000001c    0x1  Data  Lc  LoRaMac.o [1]
AckTimeoutTimer         0x10000164   0x14  Data  Lc  LoRaMac.o [1]
AddMacCommand           0x00000ee9   0x9c  Code  Lc  LoRaMac.o [1]
AdrAckCounter           0x1000004c    0x4  Data  Lc  LoRaMac.o [1]
AdrCtrlOn               0x10000011    0x1  Data  Lc  LoRaMac.o [1]
AesCmacCtx              0x10000198  0x118  Data  Lc  LoRaMacCrypto.o [1]
AesContext              0x10000404   0xf4  Data  Lc  LoRaMacCrypto.o [1]
AggregatedDCycle        0x10000028    0x2  Data  Lc  LoRaMac.o [1]
AggregatedLastTxDoneTime
                        0x10000050    0x4  Data  Lc  LoRaMac.o [1]
AggregatedTimeOff       0x10000054    0x4  Data  Lc  LoRaMac.o [1]
AppData                 0x100002f0   0xf4  Data  Lc  main.o [1]
AppDataSize             0x100002c5    0x1  Data  Lc  main.o [1]
AppEui                  0x100002d8    0x8  Data  Gb  main.o [1]
AppKey                  0x100002e0   0x10  Data  Gb  main.o [1]
AppPort                 0x100002c4    0x1  Data  Lc  main.o [1]
Bands                   0x100005c8   0x10  Data  Lc  RegionCN470.o [1]
BandwidthsCN470         0x000040b0   0x18  Data  Lc  RegionCN470.o [1]
BoardDisableIrq         0x00002e99    0xc  Code  Gb  utilities.o [1]
BoardEnableIrq          0x00002ea5   0x12  Code  Gb  utilities.o [1]
BoardGetBatteryLevel    0x00003bcd    0x4  Code  Gb  main.o [1]
Board_GPIO_Init         0x0000304d  0x17a  Code  Gb  board.o [3]
Board_Init              0x000031c9   0x32  Code  Gb  board.o [3]
Board_LED_Set           0x00003033   0x1a  Code  Gb  board.o [3]
Board_SetupClocking     0x0000681f   0x48  Code  Gb  board_sysinit.o [3]
Board_SystemInit        0x00006879    0xe  Code  Gb  board_sysinit.o [3]
CSTACK$$Base            0x10001368          --   Gb  - Linker created -
CSTACK$$Limit           0x10001768          --   Gb  - Linker created -
CalculateBackOff        0x00001459   0x3c  Code  Lc  LoRaMac.o [1]
Channel                 0x10000018    0x1  Data  Lc  LoRaMac.o [1]
Channels                0x100005dc  0x480  Data  Lc  RegionCN470.o [1]
ChannelsDefaultMask     0x100005bc    0xc  Data  Lc  RegionCN470.o [1]
ChannelsMask            0x100005b0    0xc  Data  Lc  RegionCN470.o [1]
ChannelsNbRepCounter    0x10000017    0x1  Data  Lc  LoRaMac.o [1]
Chip_Clock_DisablePeriphClock
                        0x00005dc9   0x12  Code  Lc  sx1276-board.o [1]
Chip_Clock_DisablePeriphClock
                        0x000037d9   0x12  Code  Lc  usart.o [1]
Chip_Clock_DisablePeriphClock
                        0x00003007   0x12  Code  Lc  board.o [3]
Chip_Clock_EnablePeriphClock
                        0x00003a63   0x12  Code  Lc  main.o [1]
Chip_Clock_EnablePeriphClock
                        0x00005db7   0x12  Code  Lc  sx1276-board.o [1]
Chip_Clock_EnablePeriphClock
                        0x000037c7   0x12  Code  Lc  usart.o [1]
Chip_Clock_EnablePeriphClock
                        0x00002ff5   0x12  Code  Lc  board.o [3]
Chip_Clock_EnablePeriphClock
                        0x0000680d   0x12  Code  Lc  board_sysinit.o [3]
Chip_Clock_GetMainClockRate
                        0x00004f95   0x30  Code  Gb  clock_8xx.o [4]
Chip_Clock_GetSystemClockRate
                        0x00004fc5   0x12  Code  Gb  clock_8xx.o [4]
Chip_Clock_GetSystemPLLInClockRate
                        0x00004f5b   0x26  Code  Gb  clock_8xx.o [4]
Chip_Clock_GetSystemPLLOutClockRate
                        0x00004f81   0x14  Code  Gb  clock_8xx.o [4]
Chip_Clock_GetUSARTNBaseClockRate
                        0x00004fd7   0x36  Code  Gb  clock_8xx.o [4]
Chip_Clock_GetWDTOSCRate
                        0x00004f39   0x22  Code  Gb  clock_8xx.o [4]
Chip_Clock_SetMainClockSource
                        0x00004f29    0x2  Code  Gb  clock_8xx.o [4]
Chip_Clock_SetSystemPLLSource
                        0x00004f25    0x4  Code  Gb  clock_8xx.o [4]
Chip_Clock_SetUARTClockDiv
                        0x000037eb    0x6  Code  Lc  usart.o [1]
Chip_Clock_SetUSARTNBaseClockRate
                        0x0000500d   0x5a  Code  Gb  clock_8xx.o [4]
Chip_FMC_ComputeSignature
                        0x00003625   0x14  Code  Lc  eeprom.o [1]
Chip_FMC_ComputeSignatureBlocks
                        0x00003639    0xc  Code  Lc  eeprom.o [1]
Chip_FMC_IsSignatureBusy
                        0x00003645    0x8  Code  Lc  eeprom.o [1]
Chip_FMC_SetFLASHAccess
                        0x0000620d    0x8  Code  Lc  irc_8xx.o [4]
Chip_GPIO_Init          0x000001d5   0x10  Code  Gb  gpio_8xx.o [4]
Chip_GPIO_SetPinDIR     0x00005e0d   0x12  Code  Lc  sx1276-board.o [1]
Chip_GPIO_SetPinDIRInput
                        0x00005dfd   0x10  Code  Lc  sx1276-board.o [1]
Chip_GPIO_SetPinDIROutput
                        0x00005ded   0x10  Code  Lc  sx1276-board.o [1]
Chip_GPIO_SetPinOutHigh
                        0x000069b1   0x10  Code  Lc  sx1276.o [1]
Chip_GPIO_SetPinOutLow  0x000069c1   0x10  Code  Lc  sx1276.o [1]
Chip_GPIO_SetPinState   0x0000302b    0x8  Code  Lc  board.o [3]
Chip_IAP_CopyRamToFlash
                        0x000036db   0x1e  Code  Gb  iap.o [4]
Chip_IAP_ErasePage      0x00003745    0x8  Code  Gb  iap.o [4]
Chip_IAP_PreSectorForReadWrite
                        0x000036cd    0xe  Code  Gb  iap.o [4]
Chip_IAP_ReadPID        0x00003701   0x16  Code  Gb  iap.o [4]
Chip_IAP_ReadUID        0x00003717   0x2a  Code  Gb  iap.o [4]
Chip_IOCON_PinSetMode   0x000001c1   0x12  Code  Gb  iocon_8xx.o [4]
Chip_IRC_SetFreq        0x00006215   0x9c  Code  Gb  irc_8xx.o [4]
Chip_PININT_ClearIntStatus
                        0x000069ad    0x4  Code  Lc  sx1276.o [1]
Chip_PININT_EnableIntHigh
                        0x00005de9    0x4  Code  Lc  sx1276-board.o [1]
Chip_PININT_SetPinModeEdge
                        0x00005ddb    0xe  Code  Lc  sx1276-board.o [1]
Chip_SPIM_GetClockRate  0x0000619d   0x14  Code  Gb  spim_8xx.o [4]
Chip_SPIM_SetClockRate  0x000061b1   0x2c  Code  Gb  spim_8xx.o [4]
Chip_SPI_ClearCFGRegBits
                        0x00005e2d    0xe  Code  Lc  sx1276-board.o [1]
Chip_SPI_ClearStatus    0x000069d9    0x4  Code  Lc  sx1276.o [1]
Chip_SPI_ConfigureSPI   0x00005e69   0x1c  Code  Lc  sx1276-board.o [1]
Chip_SPI_DelayConfig    0x000061e1   0x2c  Code  Gb  spi_8xx.o [4]
Chip_SPI_Enable         0x00005e5f    0xa  Code  Lc  sx1276-board.o [1]
Chip_SPI_GetStatus      0x000069d1    0x8  Code  Lc  sx1276.o [1]
Chip_SPI_Init           0x00005e3b   0x24  Code  Lc  sx1276-board.o [1]
Chip_SPI_ReceiveFrame   0x00006a03    0x6  Code  Lc  sx1276.o [1]
Chip_SPI_SendLastFrame  0x000069ef   0x14  Code  Lc  sx1276.o [1]
Chip_SPI_SendMidFrame   0x000069eb    0x4  Code  Lc  sx1276.o [1]
Chip_SPI_SetCFGRegBits  0x00005e1f    0xe  Code  Lc  sx1276-board.o [1]
Chip_SPI_SetControlInfo
                        0x000069dd    0xe  Code  Lc  sx1276.o [1]
Chip_SWM_DisableFixedPin
                        0x000037f1   0x12  Code  Lc  usart.o [1]
Chip_SWM_DisableFixedPin
                        0x00003019   0x12  Code  Lc  board.o [3]
Chip_SWM_FixedPinEnable
                        0x0000020f   0x20  Code  Gb  swm_8xx.o [4]
Chip_SWM_MovablePinAssign
                        0x000001f1   0x1e  Code  Gb  swm_8xx.o [4]
Chip_SYSCTL_AssertPeriphReset
                        0x00005d6b   0x12  Code  Lc  sx1276-board.o [1]
Chip_SYSCTL_DeassertPeriphReset
                        0x00005d7d   0x12  Code  Lc  sx1276-board.o [1]
Chip_SYSCTL_EnablePINTWakeup
                        0x00005da7   0x10  Code  Lc  sx1276-board.o [1]
Chip_SYSCTL_PeriphReset
                        0x00005d8f   0x10  Code  Lc  sx1276-board.o [1]
Chip_SYSCTL_PeriphReset
                        0x000034ad   0x1c  Code  Lc  uart_8xx.o [4]
Chip_SYSCTL_PowerDown   0x00006615   0x14  Code  Gb  syscon_8xx.o [4]
Chip_SYSCTL_PowerUp     0x00006629   0x14  Code  Gb  syscon_8xx.o [4]
Chip_SYSCTL_SetPinInterrupt
                        0x00005d9f    0x8  Code  Lc  sx1276-board.o [1]
Chip_SetupIrcClocking   0x00006889    0x4  Code  Gb  sysinit_8xx.o [4]
Chip_UART_ConfigData    0x00003823    0xc  Code  Lc  usart.o [1]
Chip_UART_Enable        0x00003803    0xe  Code  Lc  usart.o [1]
Chip_UART_GetStatus     0x000034d9    0x8  Code  Lc  uart_8xx.o [4]
Chip_UART_IRQRBHandler  0x000035f3   0x32  Code  Gb  uart_8xx.o [4]
Chip_UART_Init          0x000034f9   0x34  Code  Gb  uart_8xx.o [4]
Chip_UART_IntDisable    0x0000381f    0x4  Code  Lc  usart.o [1]
Chip_UART_IntDisable    0x000034d5    0x4  Code  Lc  uart_8xx.o [4]
Chip_UART_IntEnable     0x0000381b    0x4  Code  Lc  usart.o [1]
Chip_UART_RXIntHandlerRB
                        0x00003563   0x24  Code  Gb  uart_8xx.o [4]
Chip_UART_ReadByte      0x000034cd    0x8  Code  Lc  uart_8xx.o [4]
Chip_UART_ReadRB        0x000035e5    0xe  Code  Gb  uart_8xx.o [4]
Chip_UART_SendByte      0x000034c9    0x4  Code  Lc  uart_8xx.o [4]
Chip_UART_SendRB        0x000035b1   0x34  Code  Gb  uart_8xx.o [4]
Chip_UART_SetBaud       0x0000354d   0x16  Code  Gb  uart_8xx.o [4]
Chip_UART_TXEnable      0x00003811    0xa  Code  Lc  usart.o [1]
Chip_UART_TXIntHandlerRB
                        0x00003587   0x2a  Code  Gb  uart_8xx.o [4]
Chip_WWDT_Feed          0x00003a75    0xa  Code  Lc  main.o [1]
ComplianceTest          0x100002b0   0x14  Data  Gb  main.o [1]
CountChannels           0x000052a1   0x26  Code  Lc  RegionCommon.o [1]
CountNbOfEnabledChannels
                        0x00003d61   0x9a  Code  Lc  RegionCN470.o [1]
DataratesCN470          0x00004228    0x8  Data  Lc  RegionCN470.o [1]
DelayMs                 0x00002e7d   0x1c  Code  Gb  utilities.o [1]
DevEui                  0x100002d0    0x8  Data  Gb  main.o [1]
DeviceState             0x100002c8    0x1  Data  Lc  main.o [1]
DownLinkCounter         0x10000048    0x4  Data  Lc  LoRaMac.o [1]
DutyCycleOn             0x1000058f    0x1  Data  Lc  LoRaMac.o [1]
ExtRateIn               0x0000699c    0x4  Data  Gb  board.o [3]
GetBandwidth            0x00003d39   0x1e  Code  Lc  RegionCN470.o [1]
GetNextLowerTxDr        0x00003d25   0x14  Code  Lc  RegionCN470.o [1]
InStream_Read           0x00006649   0x22  Code  Lc  packbits_init.o [7]
IrqNestLevel            0x10001361    0x1  Data  Lc  utilities.o [1]
IsLoRaMacNetworkJoined  0x10000010    0x1  Data  Gb  LoRaMac.o [1]
IsRxWindowsEnabled      0x1000058d    0x1  Data  Lc  LoRaMac.o [1]
IsTxConfirmed           0x100002c6    0x1  Data  Gb  main.o [1]
IsUpLinkCounterFixed    0x1000132c    0x1  Data  Lc  LoRaMac.o [1]
JoinRequestTrials       0x1000001d    0x1  Data  Lc  LoRaMac.o [1]
LMIC                    0x10000b8c   0xd8  Data  Gb  modem.o [1]
LastTxChannel           0x10000019    0x1  Data  Lc  LoRaMac.o [1]
LastTxIsJoinRequest     0x10000590    0x1  Data  Lc  LoRaMac.o [1]
Led1Timer_OffLine       0x10001208   0x14  Data  Gb  modem.o [1]
Led1Timer_OnLine        0x100011f4   0x14  Data  Gb  modem.o [1]
Led1Timer_Rx            0x100011e0   0x14  Data  Gb  modem.o [1]
Led1Timer_Tx            0x100011cc   0x14  Data  Gb  modem.o [1]
LedIndication           0x00002211   0xa2  Code  Gb  modem.o [1]
LimitTxPower            0x00003d57    0xa  Code  Lc  RegionCN470.o [1]
LoRaMacAppEui           0x10000030    0x4  Data  Lc  LoRaMac.o [1]
LoRaMacAppKey           0x10000034    0x4  Data  Lc  LoRaMac.o [1]
LoRaMacAppSKey          0x10000084   0x10  Data  Lc  LoRaMac.o [1]
LoRaMacBuffer           0x10000dfc  0x100  Data  Lc  LoRaMac.o [1]
LoRaMacBufferPktLen     0x10000026    0x2  Data  Lc  LoRaMac.o [1]
LoRaMacCallbacks        0x10000064    0x4  Data  Lc  LoRaMac.o [1]
LoRaMacComputeMic       0x00002b7d   0x8a  Code  Gb  LoRaMacCrypto.o [1]
LoRaMacDevAddr          0x1000003c    0x4  Data  Lc  LoRaMac.o [1]
LoRaMacDevEui           0x1000002c    0x4  Data  Lc  LoRaMac.o [1]
LoRaMacDevNonce         0x10000024    0x2  Data  Lc  LoRaMac.o [1]
LoRaMacDeviceClass      0x1000000d    0x1  Data  Lc  LoRaMac.o [1]
LoRaMacFlags            0x10000020    0x4  Data  Gb  LoRaMac.o [1]
LoRaMacInitialization   0x0000186d  0x208  Code  Gb  LoRaMac.o [1]
LoRaMacInitializationTime
                        0x10000058    0x4  Data  Lc  LoRaMac.o [1]
LoRaMacJoinComputeMic   0x00002cdb   0x4e  Code  Gb  LoRaMacCrypto.o [1]
LoRaMacJoinComputeSKeys
                        0x00002d6d   0x8e  Code  Gb  LoRaMacCrypto.o [1]
LoRaMacJoinDecrypt      0x00002d29   0x44  Code  Gb  LoRaMacCrypto.o [1]
LoRaMacMaxEirpTable     0x00001300   0x10  Data  Lc  LoRaMac.o [1]
LoRaMacMcpsRequest      0x00001f61  0x146  Code  Gb  LoRaMac.o [1]
LoRaMacMibSetRequestConfirm
                        0x00001b79  0x2ae  Code  Gb  LoRaMac.o [1]
LoRaMacMlmeRequest      0x00001e4d  0x104  Code  Gb  LoRaMac.o [1]
LoRaMacNetID            0x10000038    0x4  Data  Lc  LoRaMac.o [1]
LoRaMacNwkSKey          0x10000074   0x10  Data  Lc  LoRaMac.o [1]
LoRaMacParams           0x1000121c   0x38  Data  Gb  LoRaMac.o [1]
LoRaMacParamsDefaults   0x10001254   0x38  Data  Gb  LoRaMac.o [1]
LoRaMacPayloadDecrypt   0x00002cc5   0x16  Code  Gb  LoRaMacCrypto.o [1]
LoRaMacPayloadEncrypt   0x00002c07   0xbe  Code  Gb  LoRaMacCrypto.o [1]
LoRaMacPrimitives       0x10000060    0x4  Data  Lc  LoRaMac.o [1]
LoRaMacQueryTxPossible  0x00001a7d   0xc4  Code  Gb  LoRaMac.o [1]
LoRaMacRegion           0x1000000c    0x1  Data  Lc  LoRaMac.o [1]
LoRaMacRxPayload        0x10000efc  0x100  Data  Lc  LoRaMac.o [1]
LoRaMacState            0x1000005c    0x4  Data  Gb  LoRaMac.o [1]
LoRaMacTxPayloadLen     0x1000058c    0x1  Data  Lc  LoRaMac.o [1]
MODEM                   0x10000a5c  0x130  Data  Lc  modem.o [1]
MacCommandsBuffer       0x10001124   0x80  Data  Lc  LoRaMac.o [1]
MacCommandsBufferIndex  0x10000015    0x1  Data  Lc  LoRaMac.o [1]
MacCommandsBufferToRepeat
                        0x10000094   0x80  Data  Lc  LoRaMac.o [1]
MacCommandsBufferToRepeatIndex
                        0x10000016    0x1  Data  Lc  LoRaMac.o [1]
MacCommandsInNextTx     0x10000014    0x1  Data  Lc  LoRaMac.o [1]
MacStateCheckTimer      0x10000114   0x14  Data  Lc  LoRaMac.o [1]
MaxDCycle               0x1000058e    0x1  Data  Lc  LoRaMac.o [1]
MaxJoinRequestTrials    0x1000001e    0x1  Data  Lc  LoRaMac.o [1]
MaxPayloadOfDatarateCN470
                        0x0000417c    0x8  Data  Lc  RegionCN470.o [1]
MaxPayloadOfDatarateRepeaterCN470
                        0x00004174    0x8  Data  Lc  RegionCN470.o [1]
McpsConfirm             0x10001318   0x14  Data  Gb  LoRaMac.o [1]
McpsIndication          0x100012e8   0x18  Data  Lc  LoRaMac.o [1]
McpsIndication          0x00003b05   0x78  Code  Lc  main.o [1]
Mic                     0x10000188   0x10  Data  Lc  LoRaMacCrypto.o [1]
MicBlockB0              0x10000178   0x10  Data  Lc  LoRaMacCrypto.o [1]
MlmeConfirm             0x10000000    0xc  Data  Lc  LoRaMac.o [1]
MlmeConfirm             0x00003b7d   0x4a  Code  Lc  main.o [1]
MulticastChannels       0x10000040    0x4  Data  Lc  LoRaMac.o [1]
NVIC_EnableIRQ          0x00005d5d    0xe  Code  Lc  sx1276-board.o [1]
NVIC_EnableIRQ          0x000037b9    0xe  Code  Lc  usart.o [1]
NVIC_SetPriority        0x000039f5   0x44  Code  Lc  main.o [1]
NextTx                  0x100002c7    0x1  Data  Lc  main.o [1]
NodeAckRequested        0x10000012    0x1  Data  Lc  LoRaMac.o [1]
OnAckTimeoutTimerEvent  0x00000e57   0x34  Code  Lc  LoRaMac.o [1]
OnLed1TimerEventNetOffline
                        0x000020eb   0xbe  Code  Lc  modem.o [1]
OnLed1TimerEventNetOnline
                        0x000021a9   0x68  Code  Lc  modem.o [1]
OnLed1TimerEventRx      0x000020bb   0x18  Code  Lc  modem.o [1]
OnLed1TimerEventTx      0x000020d3   0x18  Code  Lc  modem.o [1]
OnMacStateCheckTimerEvent
                        0x00000ac5  0x282  Code  Lc  LoRaMac.o [1]
OnRadioRxDone           0x00000435  0x582  Code  Lc  LoRaMac.o [1]
OnRadioRxError          0x000009e5   0x5e  Code  Lc  LoRaMac.o [1]
OnRadioRxTimeout        0x00000a43   0x72  Code  Lc  LoRaMac.o [1]
OnRadioTxDone           0x00000301   0xee  Code  Lc  LoRaMac.o [1]
OnRadioTxTimeout        0x000009b7   0x2e  Code  Lc  LoRaMac.o [1]
OnRxWindow1TimerEvent   0x00000dad   0x4e  Code  Lc  LoRaMac.o [1]
OnRxWindow2TimerEvent   0x00000e01   0x56  Code  Lc  LoRaMac.o [1]
OnTxDelayedTimerEvent   0x00000d47   0x5e  Code  Lc  LoRaMac.o [1]
OscRateIn               0x00006998    0x4  Data  Gb  board.o [3]
PATTERN_JOINCFG_CRC     0x100011a6    0x2  Data  Gb  modem.o [1]
PATTERN_SESSCFG_CRC     0x100011a8    0x2  Data  Gb  modem.o [1]
PININT0_IRQHandler      0x000076d9  0x152  Code  Gb  sx1276.o [1]
PININT1_IRQHandler      0x0000782b   0x3e  Code  Gb  sx1276.o [1]
PININT2_IRQHandler      0x00007869   0x84  Code  Gb  sx1276.o [1]
PININT3_IRQHandler      0x000078f5   0x50  Code  Gb  sx1276.o [1]
PININT4_IRQHandler      0x00007945    0xc  Code  Gb  sx1276.o [1]
PININT5_IRQHandler      0x00007951    0xc  Code  Gb  sx1276.o [1]
ParseMacCommandsToRepeat
                        0x00000fa5   0x5e  Code  Lc  LoRaMac.o [1]
PrepareFrame            0x00001529  0x2a2  Code  Gb  LoRaMac.o [1]
PrepareRxDoneAbort      0x000003ef   0x36  Code  Lc  LoRaMac.o [1]
PrepareTxFrame          0x00003a7f   0x1a  Code  Gb  main.o [1]
ProcessMacCommands      0x00001005  0x2fc  Code  Lc  LoRaMac.o [1]
PublicNetwork           0x1000000e    0x1  Data  Lc  LoRaMac.o [1]
Radio                   0x0000689c   0x5c  Data  Gb  sx1276-board.o [1]
RadioEvents             0x10000594   0x1c  Data  Lc  LoRaMac.o [1]
RadioEvents             0x10000cd0    0x4  Data  Lc  sx1276.o [1]
RadioIsActive           0x10001360    0x1  Data  Lc  sx1276-board.o [1]
RadioRegsInit           0x000076a8   0x30  Data  Gb  sx1276.o [1]
Region$$Table$$Base     0x00006920          --   Gb  - Linker created -
Region$$Table$$Limit    0x0000694c          --   Gb  - Linker created -
RegionAdrNext           0x00002a5b   0x1a  Code  Gb  Region.o [1]
RegionAlternateDr       0x00002b21   0x12  Code  Gb  Region.o [1]
RegionApplyCFList       0x00002a39   0x10  Code  Gb  Region.o [1]
RegionApplyDrOffset     0x00002b5d   0x1a  Code  Gb  Region.o [1]
RegionCN470AdrNext      0x00003fd9   0x74  Code  Gb  RegionCN470.o [1]
RegionCN470AlternateDr  0x000043a9   0x42  Code  Gb  RegionCN470.o [1]
RegionCN470ApplyDrOffset
                        0x00004509   0x10  Code  Gb  RegionCN470.o [1]
RegionCN470CalcBackOff  0x000043eb   0x30  Code  Gb  RegionCN470.o [1]
RegionCN470ChanMaskSet  0x00003fa3   0x2c  Code  Gb  RegionCN470.o [1]
RegionCN470ComputeRxWindowParameters
                        0x00004069   0x48  Code  Gb  RegionCN470.o [1]
RegionCN470GetPhyParam  0x00003dfd   0xae  Code  Gb  RegionCN470.o [1]
RegionCN470InitDefaults
                        0x00003ed3   0x5c  Code  Gb  RegionCN470.o [1]
RegionCN470LinkAdrReq   0x00004231  0x114  Code  Gb  RegionCN470.o [1]
RegionCN470NextChannel  0x00004429   0xc0  Code  Gb  RegionCN470.o [1]
RegionCN470RxConfig     0x000040c9   0x90  Code  Gb  RegionCN470.o [1]
RegionCN470RxParamSetupReq
                        0x00004349   0x5a  Code  Gb  RegionCN470.o [1]
RegionCN470SetBandTxDone
                        0x00003eb1   0x22  Code  Gb  RegionCN470.o [1]
RegionCN470TxConfig     0x00004185   0xa4  Code  Gb  RegionCN470.o [1]
RegionCN470Verify       0x00003f2f   0x74  Code  Gb  RegionCN470.o [1]
RegionCalcBackOff       0x00002b33   0x10  Code  Gb  Region.o [1]
RegionChanMaskSet       0x00002a49   0x12  Code  Gb  Region.o [1]
RegionCommonCalcBackOff
                        0x00005687   0x58  Code  Gb  RegionCommon.o [1]
RegionCommonChanMaskCopy
                        0x00005399   0x22  Code  Gb  RegionCommon.o [1]
RegionCommonChanVerifyDr
                        0x000052e1   0x7a  Code  Gb  RegionCommon.o [1]
RegionCommonComputeRxWindowParameters
                        0x000055a5   0xaa  Code  Gb  RegionCommon.o [1]
RegionCommonComputeSymbolTimeLoRa
                        0x00005569   0x2e  Code  Gb  RegionCommon.o [1]
RegionCommonComputeTxPower
                        0x0000565d   0x2a  Code  Gb  RegionCommon.o [1]
RegionCommonCountChannels
                        0x0000536b   0x2e  Code  Gb  RegionCommon.o [1]
RegionCommonGetJoinDc   0x000052c7   0x1a  Code  Gb  RegionCommon.o [1]
RegionCommonLinkAdrReqVerifyParams
                        0x000054c3   0xa6  Code  Gb  RegionCommon.o [1]
RegionCommonParseLinkAdrReq
                        0x0000547b   0x48  Code  Gb  RegionCommon.o [1]
RegionCommonSetBandTxDone
                        0x000053bb    0xa  Code  Gb  RegionCommon.o [1]
RegionCommonUpdateBandTimeOff
                        0x000053c5   0xb6  Code  Gb  RegionCommon.o [1]
RegionCommonValueInRange
                        0x0000535b   0x10  Code  Gb  RegionCommon.o [1]
RegionComputeRxWindowParameters
                        0x00002a75   0x16  Code  Gb  Region.o [1]
RegionDlChannelReq      0x00002b0f   0x12  Code  Gb  Region.o [1]
RegionGetPhyParam       0x000029ed   0x16  Code  Gb  Region.o [1]
RegionInitDefaults      0x00002a13   0x10  Code  Gb  Region.o [1]
RegionIsActive          0x000029e1    0xc  Code  Gb  Region.o [1]
RegionLinkAdrReq        0x00002ab9   0x20  Code  Gb  Region.o [1]
RegionNewChannelReq     0x00002aeb   0x12  Code  Gb  Region.o [1]
RegionNextChannel       0x00002b43   0x1a  Code  Gb  Region.o [1]
RegionRxConfig          0x00002a8b   0x16  Code  Gb  Region.o [1]
RegionRxParamSetupReq   0x00002ad9   0x12  Code  Gb  Region.o [1]
RegionSetBandTxDone     0x00002a03   0x10  Code  Gb  Region.o [1]
RegionTxConfig          0x00002aa1   0x18  Code  Gb  Region.o [1]
RegionTxParamSetupReq   0x00002afd   0x12  Code  Gb  Region.o [1]
RegionVerify            0x00002a23   0x16  Code  Gb  Region.o [1]
RepeaterSupport         0x1000000f    0x1  Data  Lc  LoRaMac.o [1]
ResetMacParameters      0x00001495   0x82  Code  Lc  LoRaMac.o [1]
RingBuffer_GetCount     0x000050d9    0x8  Code  Lc  ring_buffer.o [4]
RingBuffer_Init         0x00005107   0x10  Code  Gb  ring_buffer.o [4]
RingBuffer_Insert       0x00005117   0x32  Code  Gb  ring_buffer.o [4]
RingBuffer_InsertMult   0x00005149   0x96  Code  Gb  ring_buffer.o [4]
RingBuffer_IsEmpty      0x000050f7   0x10  Code  Lc  ring_buffer.o [4]
RingBuffer_IsFull       0x000050e1   0x16  Code  Lc  ring_buffer.o [4]
RingBuffer_Pop          0x000051df   0x32  Code  Gb  ring_buffer.o [4]
RingBuffer_PopMult      0x00005211   0x8e  Code  Gb  ring_buffer.o [4]
RxChainCalibration      0x00006b7b   0x8e  Code  Lc  sx1276.o [1]
RxSlot                  0x1000001f    0x1  Data  Lc  LoRaMac.o [1]
RxTimeoutSyncWord       0x10001304   0x14  Data  Gb  sx1276.o [1]
RxTimeoutTimer          0x10000de8   0x14  Data  Gb  sx1276.o [1]
RxTxBuffer              0x10000cd4  0x100  Data  Lc  sx1276.o [1]
RxWindow1Config         0x10000578   0x14  Data  Lc  LoRaMac.o [1]
RxWindow1Delay          0x10000068    0x4  Data  Lc  LoRaMac.o [1]
RxWindow2Config         0x10001330   0x14  Data  Lc  LoRaMac.o [1]
RxWindow2Delay          0x1000006c    0x4  Data  Lc  LoRaMac.o [1]
RxWindowSetup           0x00000e8b   0x16  Code  Lc  LoRaMac.o [1]
RxWindowTimer1          0x1000013c   0x14  Data  Lc  LoRaMac.o [1]
RxWindowTimer2          0x10000150   0x14  Data  Lc  LoRaMac.o [1]
SX1276                  0x10000c64   0x6c  Data  Gb  sx1276.o [1]
SX1276CheckRfFrequency  0x00006165    0x4  Code  Gb  sx1276-board.o [1]
SX1276GetPaSelect       0x00006111    0xe  Code  Gb  sx1276-board.o [1]
SX1276GetStatus         0x00006aaf    0x6  Code  Gb  sx1276.o [1]
SX1276GetTimeOnAir      0x00006f1d  0x128  Code  Gb  sx1276.o [1]
SX1276Init              0x00006a09   0xa6  Code  Gb  sx1276.o [1]
SX1276IoInit            0x00005e85  0x14e  Code  Gb  sx1276-board.o [1]
SX1276IoIrqInit         0x00005fd3   0x74  Code  Gb  sx1276-board.o [1]
SX1276IsChannelFree     0x00006af1   0x48  Code  Gb  sx1276.o [1]
SX1276OnTimeoutIrq      0x00007629   0x76  Code  Gb  sx1276.o [1]
SX1276Random            0x00006b39   0x42  Code  Gb  sx1276.o [1]
SX1276Read              0x00007499   0x10  Code  Gb  sx1276.o [1]
SX1276ReadBuffer        0x00007541   0x8e  Code  Gb  sx1276.o [1]
SX1276ReadFifo          0x000075dd    0xe  Code  Gb  sx1276.o [1]
SX1276ReadRssi          0x000073a3   0x32  Code  Gb  sx1276.o [1]
SX1276Reset             0x000073d9   0x28  Code  Gb  sx1276.o [1]
SX1276Send              0x00007049   0x8e  Code  Gb  sx1276.o [1]
SX1276SetAntSwLowPower  0x00006129   0x1e  Code  Gb  sx1276-board.o [1]
SX1276SetChannel        0x00006ab5   0x3c  Code  Gb  sx1276.o [1]
SX1276SetMaxPayloadLength
                        0x000075eb   0x18  Code  Gb  sx1276.o [1]
SX1276SetModem          0x00007431   0x50  Code  Gb  sx1276.o [1]
SX1276SetOpMode         0x00007401   0x30  Code  Gb  sx1276.o [1]
SX1276SetPublicNetwork  0x00007603   0x26  Code  Gb  sx1276.o [1]
SX1276SetRfTxPower      0x0000605d   0xaa  Code  Gb  sx1276-board.o [1]
SX1276SetRx             0x0000713d  0x1ac  Code  Gb  sx1276.o [1]
SX1276SetRxConfig       0x00006c15  0x1b2  Code  Gb  sx1276.o [1]
SX1276SetSleep          0x000070d7   0x24  Code  Gb  sx1276.o [1]
SX1276SetStby           0x000070fb   0x24  Code  Gb  sx1276.o [1]
SX1276SetTx             0x000072ed   0x72  Code  Gb  sx1276.o [1]
SX1276SetTxConfig       0x00006dd1  0x144  Code  Gb  sx1276.o [1]
SX1276SetTxContinuousWave
                        0x000073a1    0x2  Code  Gb  sx1276.o [1]
SX1276StartCad          0x0000736d   0x2e  Code  Gb  sx1276.o [1]
SX1276Write             0x0000748d    0xc  Code  Gb  sx1276.o [1]
SX1276WriteBuffer       0x000074a9   0x86  Code  Gb  sx1276.o [1]
SX1276WriteFifo         0x000075cf    0xe  Code  Gb  sx1276.o [1]
ScheduleTx              0x00001345  0x10e  Code  Lc  LoRaMac.o [1]
Send                    0x00001311   0x2c  Code  Gb  LoRaMac.o [1]
SendFrame               0x00003a99   0x6a  Code  Gb  main.o [1]
SendFrameOnChannel      0x000017d1   0x86  Code  Gb  LoRaMac.o [1]
SrvAckRequested         0x10000013    0x1  Data  Lc  LoRaMac.o [1]
SysTick_Config          0x00003a39   0x2a  Code  Lc  main.o [1]
SysTick_Handler         0x0000012b   0x38  Code  Gb  timer.o [1]
SystemCoreClock         0x1000135c    0x4  Data  Gb  chip_8xx.o [4]
SystemCoreClockUpdate   0x00000239   0x10  Code  Gb  chip_8xx.o [4]
SystemInit              0x000069a1    0x8  Code  Gb  sysinit.o [1]
TimerExists             0x00000175   0x18  Code  Lc  timer.o [1]
TimerGetCurrentTime     0x0000019d    0x6  Code  Gb  timer.o [1]
TimerGetElapsedTime     0x000001a3   0x16  Code  Gb  timer.o [1]
TimerInit               0x000000c1   0x10  Code  Gb  timer.o [1]
TimerListHead           0x10001358    0x4  Data  Lc  timer.o [1]
TimerSetValue           0x0000018d   0x10  Code  Gb  timer.o [1]
TimerStart              0x000000d1   0x5a  Code  Gb  timer.o [1]
TimerStop               0x00000163   0x12  Code  Gb  timer.o [1]
TxDelayedTimer          0x10000128   0x14  Data  Lc  LoRaMac.o [1]
TxDutyCycleTime         0x100002cc    0x4  Data  Lc  main.o [1]
TxTimeOnAir             0x10000070    0x4  Data  Gb  LoRaMac.o [1]
TxTimeoutTimer          0x10000dd4   0x14  Data  Gb  sx1276.o [1]
UART0_IRQHandler        0x000038c9   0x10  Code  Gb  usart.o [1]
UpLinkCounter           0x10000044    0x4  Data  Lc  LoRaMac.o [1]
ValidatePayloadLength   0x00000ea1   0x3e  Code  Lc  LoRaMac.o [1]
WDT_IRQHandler          0x000020b9    0x2  Code  Gb  modem.o [1]
__Vectors               0x00000000          --   Gb  iar_startup_lpc82x.o [1]
__Vectors_End           0x000000c0         Data  Gb  iar_startup_lpc82x.o [1]
__Vectors_Size {Abs}    0x000000c0          --   Gb  iar_startup_lpc82x.o [1]
__aeabi_cdrcmple        0x00006169         Code  Gb  DblCmpGe.o [6]
__aeabi_d2iz            0x00005b69         Code  Gb  DblToI32.o [6]
__aeabi_d2uiz           0x00005b8d         Code  Gb  DblToI32.o [6]
__aeabi_dadd            0x0000595b         Code  Gb  DblAddSub.o [6]
__aeabi_ddiv            0x00005715         Code  Gb  DblDiv.o [6]
__aeabi_dmul            0x000057d7         Code  Gb  DblMul.o [6]
__aeabi_dsub            0x00005a21         Code  Gb  DblAddSub.o [6]
__aeabi_f2d             0x00005cd1         Code  Gb  FltToDbl.o [6]
__aeabi_fsub            0x00005c21         Code  Gb  FltAddSub.o [6]
__aeabi_i2d             0x000056e1         Code  Gb  I32ToDbl.o [6]
__aeabi_idiv            0x00002ef9         Code  Gb  I32DivModFast.o [7]
__aeabi_idivmod         0x00002ef9         Code  Gb  I32DivModFast.o [7]
__aeabi_memclr4         0x000037b5         Code  Gb  ABImemset.o [7]
__aeabi_memclr8         0x000037b5         Code  Gb  ABImemset.o [7]
__aeabi_memcpy          0x00003229         Code  Gb  ABImemcpy.o [7]
__aeabi_memcpy4         0x00003251         Code  Wk  ABImemcpy.o [7]
__aeabi_memset4         0x00003779         Code  Gb  ABImemset.o [7]
__aeabi_memset8         0x00003779         Code  Gb  ABImemset.o [7]
__aeabi_ui2d            0x000056f5         Code  Gb  I32ToDbl.o [6]
__aeabi_ui2f            0x00002fad         Code  Gb  I32ToFlt.o [6]
__aeabi_uidiv           0x00002eff         Code  Gb  I32DivModFast.o [7]
__aeabi_uidivmod        0x00002eff         Code  Gb  I32DivModFast.o [7]
__aeabi_uldivmod        0x00000249         Code  Gb  I64DivMod.o [7]
__cmain                 0x0000694d         Code  Gb  cmain.o [7]
__exit                  0x0000672d         Code  Gb  XXexit.o [7]
__iar_Memset4_word      0x00003785         Code  Gb  ABImemset.o [7]
__iar_ceil              0x00005b11         Code  Gb  ceil.o [6]
__iar_ceill             0x00005b11         Code  Gb  ceil.o [6]
__iar_d2uiz             0x00005b91         Code  Gb  DblToI32.o [6]
__iar_data_init3        0x000068f9   0x28  Code  Gb  data_init.o [7]
__iar_floor             0x00005d05         Code  Gb  floor.o [6]
__iar_floorl            0x00005d05         Code  Gb  floor.o [6]
__iar_packbits_init3    0x0000666b   0xb6  Code  Gb  packbits_init.o [7]
__iar_program_start     0x0000698d         Code  Gb  cstartup_M.o [7]
__iar_ui2d              0x000056f9         Code  Gb  I32ToDbl.o [6]
__iar_ui2f              0x00002fb1         Code  Gb  I32ToFlt.o [6]
__iar_zero_init3        0x00002fcb   0x2a  Code  Gb  zero_init3.o [7]
__vector_table          0x00000000         Data  Gb  iar_startup_lpc82x.o [1]
__vector_table_0x1c     0x00000010         Data  Gb  iar_startup_lpc82x.o [1]
_call_main              0x00006959         Code  Gb  cmain.o [7]
_exit                   0x00006971         Code  Gb  cexit.o [7]
_main                   0x00006963         Code  Gb  cmain.o [7]
aBlock                  0x100003e4   0x10  Data  Lc  LoRaMacCrypto.o [1]
abort                   0x00006721    0xa  Code  Gb  abort.o [5]
add_round_key           0x000048c5    0x8  Code  Lc  aes.o [1]
aes_encrypt             0x00004dd3   0x52  Code  Gb  aes.o [1]
aes_set_key             0x00004cd1  0x102  Code  Gb  aes.o [1]
ceil                    0x00005b11         Code  Gb  ceil.o [6]
ceill                   0x00005b11         Code  Gb  ceil.o [6]
chip_version            0x10001300    0x4  Data  Gb  sx1276.o [1]
config_tab              0x000062c0  0x354  Data  Lc  irc_8xx.o [4]
config_tab_idx          0x1000132e    0x2  Data  Lc  irc_8xx.o [4]
copy_and_key            0x0000483f   0x86  Code  Lc  aes.o [1]
copy_block              0x00004765   0x42  Code  Lc  aes.o [1]
copy_block_nn           0x000047a7   0x16  Code  Lc  aes.o [1]
cpystr                  0x0000337f   0x18  Code  Gb  hex.o [1]
eeprom_write            0x0000364d   0x62  Code  Gb  eeprom.o [1]
evnames                 0x10000538   0x40  Data  Lc  modem.o [1]
exit                    0x00006967    0x8  Code  Gb  exit.o [5]
floor                   0x00005d05         Code  Gb  floor.o [6]
floorl                  0x00005d05         Code  Gb  floor.o [6]
frame_init              0x00003905   0x14  Code  Gb  frame.o [1]
frame_rx                0x00003919   0xd8  Code  Gb  frame.o [1]
funMcpsConfirm          0x00003b03    0x2  Code  Lc  main.o [1]
getUARTClockID          0x000034e1   0x18  Code  Lc  uart_8xx.o [4]
gethex                  0x00003285   0x3e  Code  Gb  hex.o [1]
gfm2_sbox               0x00004bd0  0x100  Data  Lc  aes.o [1]
gfm3_sbox               0x00004ad0  0x100  Data  Lc  aes.o [1]
hex2int                 0x0000331d   0x32  Code  Gb  hex.o [1]
hexval                  0x000033ac  0x100  Data  Lc  hex.o [1]
iap_entry               0x000036c5    0x8  Code  Lc  iap.o [4]
int2hex                 0x000032f9   0x24  Code  Gb  hex.o [1]
joincfg                 0x100011ac   0x20  Data  Lc  modem.o [1]
ledBits                 0x00003214    0x1  Data  Lc  board.o [3]
main                    0x00003bdd  0x100  Code  Gb  main.o [1]
memcpy1                 0x00002e3b   0x16  Code  Gb  utilities.o [1]
memcpyr                 0x00002e51   0x1a  Code  Gb  utilities.o [1]
memset1                 0x00002e6b   0x12  Code  Gb  utilities.o [1]
mix_sub_columns         0x00004931  0x19a  Code  Lc  aes.o [1]
modem_init              0x00002491   0xd4  Code  Gb  modem.o [1]
modem_reset             0x000023f1    0x2  Code  Lc  modem.o [1]
modem_rxdone            0x000025e5  0x3ce  Code  Gb  modem.o [1]
next                    0x100005d8    0x4  Data  Lc  utilities.o [1]
onEvent                 0x000022b3  0x12e  Code  Gb  modem.o [1]
os_crc16                0x000023f3   0x38  Code  Gb  modem.o [1]
persist                 0x1000128c   0x5c  Data  Gb  modem.o [1]
persist_init            0x0000242d   0x60  Code  Lc  modem.o [1]
prvSetupHardware        0x00003bd1    0xc  Code  Lc  main.o [1]
puthex                  0x000032c5   0x34  Code  Gb  hex.o [1]
rand1                   0x00002e05   0x1a  Code  Gb  utilities.o [1]
randr                   0x00002e25   0x16  Code  Gb  utilities.o [1]
reverse                 0x0000334f   0x22  Code  Gb  hex.o [1]
rxbuff                  0x10001024   0x40  Data  Lc  usart.o [1]
rxframe                 0x10001344   0x10  Data  Gb  frame.o [1]
rxring                  0x10001010   0x14  Data  Gb  usart.o [1]
sBlock                  0x100003f4   0x10  Data  Lc  LoRaMacCrypto.o [1]
sbox                    0x00004e24  0x100  Data  Lc  aes.o [1]
sesscfg                 0x000025bc   0x28  Data  Lc  modem.o [1]
shift_sub_rows          0x000048cd   0x64  Code  Lc  aes.o [1]
srand1                  0x00002e1f    0x6  Code  Gb  utilities.o [1]
src_iap_array_data      0x100010a4   0x80  Data  Gb  eeprom.o [1]
strlen                  0x00003217   0x10  Code  Gb  strlen.o [7]
systicks                0x10001354    0x4  Data  Gb  timer.o [1]
tolower                 0x00003371    0xe  Code  Gb  hex.o [1]
txbuff                  0x10001064   0x40  Data  Lc  usart.o [1]
txring                  0x10000ffc   0x14  Data  Gb  usart.o [1]
usart_init              0x0000382f   0x9a  Code  Gb  usart.o [1]
wdtOSCRate              0x00005098   0x40  Data  Lc  clock_8xx.o [4]
xor_block               0x000047bd   0x82  Code  Lc  aes.o [1]


[1] = E:\LoRaProduct\source code\nxp_lpcxpresso_824max\lpcxpresso824\prj_xpresso82x\iar\freertos_blinky\iflash_nxp_lpcxpresso_812\Obj
[2] = command line
[3] = board_nxp_lpcxpresso_824.a
[4] = chip_8xx_lib.a
[5] = dl6M_tln.a
[6] = m6M_tl.a
[7] = rt6M_tl.a

  30 650 bytes of readonly  code memory
     497 bytes of readonly  data memory
   5 986 bytes of readwrite data memory

Errors: none
Warnings: none
