###############################################################################
#
# IAR ELF Linker V7.30.3.8024/W32 for ARM                 22/Jan/2018  19:29:05
# Copyright 2007-2014 IAR Systems AB.
#
#    Output file  =  
#        E:\LoRaProduct\source
#        code\nxp_lpcxpresso_824max\lpcxpresso824\prj_xpresso82x\iar\freertos_blinky\iflash_nxp_lpcxpresso_812\Exe\freertos_blinky.out.tmp
#    Map file     =  
#        E:\LoRaProduct\source
#        code\nxp_lpcxpresso_824max\lpcxpresso824\prj_xpresso82x\iar\freertos_blinky\iflash_nxp_lpcxpresso_812\List\freertos_blinky.map
#    Command line =  
#        "E:\LoRaProduct\source
#        code\nxp_lpcxpresso_824max\lpcxpresso824\prj_xpresso82x\iar\freertos_blinky\iflash_nxp_lpcxpresso_812\Obj\aes.o"
#        "E:\LoRaProduct\source
#        code\nxp_lpcxpresso_824max\lpcxpresso824\prj_xpresso82x\iar\lib_board_lpcxpresso824\iar_output\Exe\board_nxp_lpcxpresso_824.a"
#        "E:\LoRaProduct\source
#        code\nxp_lpcxpresso_824max\lpcxpresso824\prj_xpresso82x\iar\lib_chip_8xx\iar_output\Exe\chip_8xx_lib.a"
#        "E:\LoRaProduct\source
#        code\nxp_lpcxpresso_824max\lpcxpresso824\prj_xpresso82x\iar\freertos_blinky\iflash_nxp_lpcxpresso_812\Obj\cmac.o"
#        "E:\LoRaProduct\source
#        code\nxp_lpcxpresso_824max\lpcxpresso824\prj_xpresso82x\iar\freertos_blinky\iflash_nxp_lpcxpresso_812\Obj\eeprom.o"
#        "E:\LoRaProduct\source
#        code\nxp_lpcxpresso_824max\lpcxpresso824\prj_xpresso82x\iar\freertos_blinky\iflash_nxp_lpcxpresso_812\Obj\frame.o"
#        "E:\LoRaProduct\source
#        code\nxp_lpcxpresso_824max\lpcxpresso824\prj_xpresso82x\iar\freertos_blinky\iflash_nxp_lpcxpresso_812\Obj\hex.o"
#        "E:\LoRaProduct\source
#        code\nxp_lpcxpresso_824max\lpcxpresso824\prj_xpresso82x\iar\freertos_blinky\iflash_nxp_lpcxpresso_812\Obj\iar_startup_lpc82x.o"
#        "E:\LoRaProduct\source
#        code\nxp_lpcxpresso_824max\lpcxpresso824\prj_xpresso82x\iar\freertos_blinky\iflash_nxp_lpcxpresso_812\Obj\LoRaMac.o"
#        "E:\LoRaProduct\source
#        code\nxp_lpcxpresso_824max\lpcxpresso824\prj_xpresso82x\iar\freertos_blinky\iflash_nxp_lpcxpresso_812\Obj\LoRaMacCrypto.o"
#        "E:\LoRaProduct\source
#        code\nxp_lpcxpresso_824max\lpcxpresso824\prj_xpresso82x\iar\freertos_blinky\iflash_nxp_lpcxpresso_812\Obj\main.o"
#        "E:\LoRaProduct\source
#        code\nxp_lpcxpresso_824max\lpcxpresso824\prj_xpresso82x\iar\freertos_blinky\iflash_nxp_lpcxpresso_812\Obj\modem.o"
#        "E:\LoRaProduct\source
#        code\nxp_lpcxpresso_824max\lpcxpresso824\prj_xpresso82x\iar\freertos_blinky\iflash_nxp_lpcxpresso_812\Obj\Region.o"
#        "E:\LoRaProduct\source
#        code\nxp_lpcxpresso_824max\lpcxpresso824\prj_xpresso82x\iar\freertos_blinky\iflash_nxp_lpcxpresso_812\Obj\RegionCN470.o"
#        "E:\LoRaProduct\source
#        code\nxp_lpcxpresso_824max\lpcxpresso824\prj_xpresso82x\iar\freertos_blinky\iflash_nxp_lpcxpresso_812\Obj\RegionCommon.o"
#        "E:\LoRaProduct\source
#        code\nxp_lpcxpresso_824max\lpcxpresso824\prj_xpresso82x\iar\freertos_blinky\iflash_nxp_lpcxpresso_812\Obj\sx1276-board.o"
#        "E:\LoRaProduct\source
#        code\nxp_lpcxpresso_824max\lpcxpresso824\prj_xpresso82x\iar\freertos_blinky\iflash_nxp_lpcxpresso_812\Obj\sx1276.o"
#        "E:\LoRaProduct\source
#        code\nxp_lpcxpresso_824max\lpcxpresso824\prj_xpresso82x\iar\freertos_blinky\iflash_nxp_lpcxpresso_812\Obj\sysinit.o"
#        "E:\LoRaProduct\source
#        code\nxp_lpcxpresso_824max\lpcxpresso824\prj_xpresso82x\iar\freertos_blinky\iflash_nxp_lpcxpresso_812\Obj\timer.o"
#        "E:\LoRaProduct\source
#        code\nxp_lpcxpresso_824max\lpcxpresso824\prj_xpresso82x\iar\freertos_blinky\iflash_nxp_lpcxpresso_812\Obj\usart.o"
#        "E:\LoRaProduct\source
#        code\nxp_lpcxpresso_824max\lpcxpresso824\prj_xpresso82x\iar\freertos_blinky\iflash_nxp_lpcxpresso_812\Obj\utilities.o"
#        -o "E:\LoRaProduct\source
#        code\nxp_lpcxpresso_824max\lpcxpresso824\prj_xpresso82x\iar\freertos_blinky\iflash_nxp_lpcxpresso_812\Exe\freertos_blinky.out.tmp"
#        --map "E:\LoRaProduct\source
#        code\nxp_lpcxpresso_824max\lpcxpresso824\prj_xpresso82x\iar\freertos_blinky\iflash_nxp_lpcxpresso_812\List\freertos_blinky.map"
#        --config "C:\Program Files (x86)\IAR Systems\Embedded Workbench
#        7.0\arm\config\linker\NXP\LPC824M201.icf" --entry __iar_program_start
#        --inline --vfe
#
###############################################################################

*******************************************************************************
*** RUNTIME MODEL ATTRIBUTES
***

CppFlavor       = *
__SystemLibrary = DLib


*******************************************************************************
*** PLACEMENT SUMMARY
***

"A1":  place at 0x00000000 { ro section .intvec };
"P1":  place in [from 0x00000000 to 0x000002fb] |
                [from 0x00000300 to 0x00007fff] { ro };
"P2":  place in [from 0x10000000 to 0x10001fff] { rw, block CSTACK, block HEAP };
"P3":  place in [from 0x000002fc to 0x000002ff] { section .crp };

  Section            Kind        Address    Size  Object
  -------            ----        -------    ----  ------
"A1":                                       0xc0
  .intvec            ro code  0x00000000    0xc0  iar_startup_lpc82x.o [1]
                            - 0x000000c0    0xc0

"P1", part 1 of 2:                         0x1ee
  .text              ro code  0x000000c0    0xfc  timer.o [1]
  .text              ro code  0x000001bc     0x2  iar_startup_lpc82x.o [1]
  .text              ro code  0x000001c0    0x10  chip_8xx.o [4]
  .text              ro code  0x000001d0    0x12  iocon_8xx.o [4]
  .text              ro code  0x000001e2     0x2  iar_startup_lpc82x.o [1]
  .text              ro code  0x000001e4    0x18  gpio_8xx.o [4]
  .text              ro code  0x000001fc    0x48  swm_8xx.o [4]
  .text              ro code  0x00000244    0x6a  I64DivMod.o [7]
  .rodata            const    0x000002ae     0x0  zero_init3.o [7]
  .rodata            const    0x000002ae     0x0  packbits_init.o [7]
                            - 0x000002ae   0x1ee

"P3":                                        0x4
  .crp               ro code  0x000002fc     0x4  iar_startup_lpc82x.o [1]
                            - 0x00000300     0x4

"P1", part 2 of 2:                        0x7b91
  .text              ro code  0x00000300  0x1e1c  LoRaMac.o [1]
  .text              ro code  0x0000211c   0xa80  modem.o [1]
  .text              ro code  0x00002b9c   0x19c  Region.o [1]
  .text              ro code  0x00002d38   0x288  LoRaMacCrypto.o [1]
  .text              ro code  0x00002fc0    0x5c  ABImemcpy.o [7]
  .text              ro code  0x0000301c    0xc0  eeprom.o [1]
  .text              ro code  0x000030dc    0xc8  utilities.o [1]
  .text              ro code  0x000031a4    0xe0  I32DivModFast.o [7]
  .text              ro code  0x00003284    0x1e  I32ToFlt.o [6]
  .text              ro code  0x000032a2    0x2a  zero_init3.o [7]
  .text              ro code  0x000032cc   0x42c  main.o [1]
  .text              ro code  0x000036f8    0x2c  wkt_8xx.o [4]
  .text              ro code  0x00003724    0x5c  syscon_8xx.o [4]
  .text              ro code  0x00003780    0x7e  pmu_8xx.o [4]
  .text              ro code  0x000037fe     0x2  iar_startup_lpc82x.o [1]
  .text              ro code  0x00003800   0x221  board.o [3]
  .text              ro code  0x00003a22    0x10  strlen.o [7]
  .text              ro code  0x00003a32     0x2  iar_startup_lpc82x.o [1]
  .text              ro code  0x00003a34   0x228  hex.o [1]
  .text              ro code  0x00003c5c   0x178  uart_8xx.o [4]
  .text              ro code  0x00003dd4    0xb4  iap.o [4]
  .text              ro code  0x00003e88    0x40  ABImemset.o [7]
  .text              ro code  0x00003ec8   0x14c  usart.o [1]
  .text              ro code  0x00004014   0x114  frame.o [1]
  .text              ro code  0x00004128   0x984  RegionCN470.o [1]
  .text              ro code  0x00004aac   0x24a  cmac.o [1]
  .text              ro code  0x00004cf8   0x7c0  aes.o [1]
  .text              ro code  0x000054b8   0x1b4  clock_8xx.o [4]
  .text              ro code  0x0000566c   0x1c6  ring_buffer.o [4]
  .text              ro code  0x00005834   0x43e  RegionCommon.o [1]
  .text              ro code  0x00005c74    0x34  I32ToDbl.o [6]
  .text              ro code  0x00005ca8    0xc2  DblDiv.o [6]
  .text              ro code  0x00005d6a   0x184  DblMul.o [6]
  .text              ro code  0x00005eee   0x1b4  DblAddSub.o [6]
  .text              ro code  0x000060a4    0x58  ceil.o [6]
  .text              ro code  0x000060fc    0x52  DblToI32.o [6]
  .text              ro code  0x0000614e   0x116  FltAddSub.o [6]
  .text              ro code  0x00006264    0x32  FltToDbl.o [6]
  .text              ro code  0x00006298    0x58  floor.o [6]
  .text              ro code  0x000062f0   0x3e0  sx1276-board.o [1]
  .text              ro code  0x000066d0    0x32  DblCmpGe.o [6]
  .text              ro code  0x00006704    0x44  spim_8xx.o [4]
  .text              ro code  0x00006748    0x2c  spi_8xx.o [4]
  .text              ro code  0x00006774   0x408  irc_8xx.o [4]
  .text              ro code  0x00006b7c    0xd8  packbits_init.o [7]
  .text              ro code  0x00006c54     0xa  abort.o [5]
  .text              ro code  0x00006c60     0xc  XXexit.o [7]
  .rodata            const    0x00006c6c    0xd4  modem.o [1]
  .text              ro code  0x00006d40    0x7a  board_sysinit.o [3]
  .text              ro code  0x00006dbc    0x14  sysinit_8xx.o [4]
  .rodata            const    0x00006dd0    0x5c  sx1276-board.o [1]
  .text              ro code  0x00006e2c    0x28  data_init.o [7]
  .iar.init_table    const    0x00006e54    0x2c  - Linker created -
  .text              ro code  0x00006e80    0x1a  cmain.o [7]
  .text              ro code  0x00006e9a     0x8  exit.o [5]
  .text              ro code  0x00006ea4     0xa  cexit.o [7]
  .text              ro code  0x00006eb0    0x10  iar_startup_lpc82x.o [1]
  .text              ro code  0x00006ec0     0xc  cstartup_M.o [7]
  .rodata            const    0x00006ecc     0x8  board.o [3]
  .text              ro code  0x00006ed4     0x8  sysinit.o [1]
  .text              ro code  0x00006edc     0x4  iar_startup_lpc82x.o [1]
  .text              ro code  0x00006ee0   0xf20  sx1276.o [1]
  Initializer bytes  ro data  0x00007e00    0x91  <for P2 s0>
                            - 0x00007e91  0x7b91

"P2":                                     0x17a0
  P2 s0                       0x10000000   0x5dc  <Init block>
    .data            inited   0x10000000   0x178  LoRaMac.o [1]
    .data            inited   0x10000178   0x138  LoRaMacCrypto.o [1]
    .data            inited   0x100002b0   0x114  LoRaMacCrypto.o [1]
    .data            inited   0x100003c4    0xf8  main.o [1]
    .data            inited   0x100004bc    0x80  modem.o [1]
    .data            inited   0x1000053c    0x3c  main.o [1]
    .data            inited   0x10000578    0x38  LoRaMac.o [1]
    .data            inited   0x100005b0    0x28  RegionCN470.o [1]
    .data            inited   0x100005d8     0x4  utilities.o [1]
  .bss               zero     0x100005dc   0x480  RegionCN470.o [1]
  .bss               zero     0x10000a5c   0x258  modem.o [1]
  .bss               zero     0x10000cb4   0x198  sx1276.o [1]
  .bss               zero     0x10000e4c   0x100  LoRaMac.o [1]
  .bss               zero     0x10000f4c   0x100  LoRaMac.o [1]
  .bss               zero     0x1000104c    0xa8  usart.o [1]
  .bss               zero     0x100010f4    0x80  eeprom.o [1]
  .bss               zero     0x10001174    0x80  LoRaMac.o [1]
  .bss               zero     0x100011f4    0x70  LoRaMac.o [1]
  .bss               zero     0x10001264    0x68  modem.o [1]
  .bss               zero     0x100012cc    0x54  modem.o [1]
  .bss               zero     0x10001320    0x18  LoRaMac.o [1]
  .bss               zero     0x10001338    0x18  sx1276.o [1]
  .bss               zero     0x10001350    0x15  LoRaMac.o [1]
  .bss               zero     0x10001365     0x2  modem.o [1]
  .bss               zero     0x10001367     0x1  modem.o [1]
  .bss               zero     0x10001368    0x14  LoRaMac.o [1]
  .bss               zero     0x1000137c    0x10  frame.o [1]
  .bss               zero     0x1000138c     0x8  timer.o [1]
  .bss               zero     0x10001394     0x4  chip_8xx.o [4]
  .bss               zero     0x10001398     0x2  irc_8xx.o [4]
  .bss               zero     0x1000139a     0x1  sx1276-board.o [1]
  .bss               zero     0x1000139b     0x1  utilities.o [1]
  CSTACK                      0x100013a0   0x400  <Block>
    CSTACK           uninit   0x100013a0   0x400  <Block tail>
                            - 0x100017a0  0x17a0


*******************************************************************************
*** INIT TABLE
***

          Address     Size
          -------     ----
Zero (__iar_zero_init3)
    1 destination range, total size 0xdc0:
          0x100005dc  0xdc0

Copy/packbits (__iar_packbits_init3)
    1 source range, total size 0x91 (9% of destination):
          0x00007e00   0x91
    1 destination range, total size 0x5dc:
          0x10000000  0x5dc



*******************************************************************************
*** MODULE SUMMARY
***

    Module                ro code  ro data  rw data
    ------                -------  -------  -------
E:\LoRaProduct\source code\nxp_lpcxpresso_824max\lpcxpresso824\prj_xpresso82x\iar\freertos_blinky\iflash_nxp_lpcxpresso_812\Obj: [1]
    LoRaMac.o               7 708       41    1 249
    LoRaMacCrypto.o           648       57      588
    Region.o                  412
    RegionCN470.o           2 436        4    1 192
    RegionCommon.o          1 086
    aes.o                   1 984
    cmac.o                    586
    eeprom.o                  192               128
    frame.o                   276                16
    hex.o                     552
    iar_startup_lpc82x.o      224
    main.o                  1 068       30      308
    modem.o                 2 688      224      919
    sx1276-board.o            992       92        1
    sx1276.o                3 872               432
    sysinit.o                   8
    timer.o                   252                 8
    usart.o                   332               168
    utilities.o               200        1        5
    -----------------------------------------------
    Total:                 25 516      449    5 014

command line: [2]
    -----------------------------------------------
    Total:

board_nxp_lpcxpresso_824.a: [3]
    board.o                   545        8
    board_sysinit.o           122
    -----------------------------------------------
    Total:                    667        8

chip_8xx_lib.a: [4]
    chip_8xx.o                 16                 4
    clock_8xx.o               436
    gpio_8xx.o                 24
    iap.o                     180
    iocon_8xx.o                18
    irc_8xx.o               1 032                 2
    pmu_8xx.o                 126
    ring_buffer.o             454
    spi_8xx.o                  44
    spim_8xx.o                 68
    swm_8xx.o                  72
    syscon_8xx.o               92
    sysinit_8xx.o              20
    uart_8xx.o                376
    wkt_8xx.o                  44
    -----------------------------------------------
    Total:                  3 002                 6

dl6M_tln.a: [5]
    abort.o                    10
    exit.o                      8
    -----------------------------------------------
    Total:                     18

m6M_tl.a: [6]
    DblAddSub.o               436
    DblCmpGe.o                 50
    DblDiv.o                  194
    DblMul.o                  388
    DblToI32.o                 82
    FltAddSub.o               278
    FltToDbl.o                 50
    I32ToDbl.o                 52
    I32ToFlt.o                 30
    ceil.o                     88
    floor.o                    88
    -----------------------------------------------
    Total:                  1 736

rt6M_tl.a: [7]
    ABImemcpy.o                92
    ABImemset.o                64
    I32DivModFast.o           224
    I64DivMod.o               106
    XXexit.o                   12
    cexit.o                    10
    cmain.o                    26
    cstartup_M.o               12
    data_init.o                40
    packbits_init.o           216
    strlen.o                   16
    zero_init3.o               42
    -----------------------------------------------
    Total:                    860

    Gaps                       23
    Linker created                      44    1 024
---------------------------------------------------
    Grand Total:           31 822      501    6 044


*******************************************************************************
*** ENTRY LIST
***

Entry                      Address   Size  Type      Object
-----                      -------   ----  ----      ------
?main                   0x00006e81         Code  Gb  cmain.o [7]
AES_CMAC_Final          0x00004ba9  0x14e  Code  Gb  cmac.o [1]
AES_CMAC_Init           0x00004aad   0x22  Code  Gb  cmac.o [1]
AES_CMAC_SetKey         0x00004acf   0x10  Code  Gb  cmac.o [1]
AES_CMAC_Update         0x00004adf   0xca  Code  Gb  cmac.o [1]
AckTimeoutRetries       0x1000001a    0x1  Data  Lc  LoRaMac.o [1]
AckTimeoutRetriesCounter
                        0x1000001b    0x1  Data  Lc  LoRaMac.o [1]
AckTimeoutRetry         0x1000001c    0x1  Data  Lc  LoRaMac.o [1]
AckTimeoutTimer         0x10000164   0x14  Data  Lc  LoRaMac.o [1]
AddMacCommand           0x00000f4d   0x9c  Code  Lc  LoRaMac.o [1]
AdrAckCounter           0x1000004c    0x4  Data  Lc  LoRaMac.o [1]
AdrCtrlOn               0x10000011    0x1  Data  Lc  LoRaMac.o [1]
AesCmacCtx              0x10000198  0x118  Data  Lc  LoRaMacCrypto.o [1]
AesContext              0x100002d0   0xf4  Data  Lc  LoRaMacCrypto.o [1]
AggregatedDCycle        0x10000028    0x2  Data  Lc  LoRaMac.o [1]
AggregatedLastTxDoneTime
                        0x10000050    0x4  Data  Lc  LoRaMac.o [1]
AggregatedTimeOff       0x10000054    0x4  Data  Lc  LoRaMac.o [1]
AlarmEnd                0x00002575   0x18  Code  Gb  modem.o [1]
AlarmStart              0x00002567    0xc  Code  Gb  modem.o [1]
AppData                 0x100003c8   0xf4  Data  Lc  main.o [1]
AppDataSize             0x100003c5    0x1  Data  Lc  main.o [1]
AppEui                  0x10000560    0x8  Data  Gb  main.o [1]
AppKey                  0x10000568   0x10  Data  Gb  main.o [1]
AppPort                 0x100003c4    0x1  Data  Lc  main.o [1]
Bands                   0x100005c8   0x10  Data  Lc  RegionCN470.o [1]
BandwidthsCN470         0x00004574   0x18  Data  Lc  RegionCN470.o [1]
BoardDisableIrq         0x00003171    0xc  Code  Gb  utilities.o [1]
BoardEnableIrq          0x0000317d   0x12  Code  Gb  utilities.o [1]
BoardGetBatteryLevel    0x000034ff    0x4  Code  Gb  main.o [1]
Board_GPIO_Init         0x00003859  0x17a  Code  Gb  board.o [3]
Board_Init              0x000039d5   0x32  Code  Gb  board.o [3]
Board_LED_Set           0x0000383f   0x1a  Code  Gb  board.o [3]
Board_SetupClocking     0x00006d53   0x48  Code  Gb  board_sysinit.o [3]
Board_SystemInit        0x00006dad    0xe  Code  Gb  board_sysinit.o [3]
CSTACK$$Base            0x100013a0          --   Gb  - Linker created -
CSTACK$$Limit           0x100017a0          --   Gb  - Linker created -
CalculateBackOff        0x000014bd   0x3c  Code  Lc  LoRaMac.o [1]
Channel                 0x10000018    0x1  Data  Lc  LoRaMac.o [1]
Channels                0x100005dc  0x480  Data  Lc  RegionCN470.o [1]
ChannelsDefaultMask     0x100005bc    0xc  Data  Lc  RegionCN470.o [1]
ChannelsMask            0x100005b0    0xc  Data  Lc  RegionCN470.o [1]
ChannelsNbRepCounter    0x10000017    0x1  Data  Lc  LoRaMac.o [1]
Chip_Clock_DisablePeriphClock
                        0x0000635d   0x12  Code  Lc  sx1276-board.o [1]
Chip_Clock_DisablePeriphClock
                        0x00003ee9   0x12  Code  Lc  usart.o [1]
Chip_Clock_DisablePeriphClock
                        0x00003813   0x12  Code  Lc  board.o [3]
Chip_Clock_EnablePeriphClock
                        0x0000333b   0x12  Code  Lc  main.o [1]
Chip_Clock_EnablePeriphClock
                        0x0000216b   0x12  Code  Lc  modem.o [1]
Chip_Clock_EnablePeriphClock
                        0x0000634b   0x12  Code  Lc  sx1276-board.o [1]
Chip_Clock_EnablePeriphClock
                        0x00003ed7   0x12  Code  Lc  usart.o [1]
Chip_Clock_EnablePeriphClock
                        0x00003801   0x12  Code  Lc  board.o [3]
Chip_Clock_EnablePeriphClock
                        0x00006d41   0x12  Code  Lc  board_sysinit.o [3]
Chip_Clock_GetMainClockRate
                        0x00005529   0x30  Code  Gb  clock_8xx.o [4]
Chip_Clock_GetSystemClockRate
                        0x00005559   0x12  Code  Gb  clock_8xx.o [4]
Chip_Clock_GetSystemPLLInClockRate
                        0x000054ef   0x26  Code  Gb  clock_8xx.o [4]
Chip_Clock_GetSystemPLLOutClockRate
                        0x00005515   0x14  Code  Gb  clock_8xx.o [4]
Chip_Clock_GetUSARTNBaseClockRate
                        0x0000556b   0x36  Code  Gb  clock_8xx.o [4]
Chip_Clock_GetWDTOSCRate
                        0x000054cd   0x22  Code  Gb  clock_8xx.o [4]
Chip_Clock_SetMainClockSource
                        0x000054bd    0x2  Code  Gb  clock_8xx.o [4]
Chip_Clock_SetSystemPLLSource
                        0x000054b9    0x4  Code  Gb  clock_8xx.o [4]
Chip_Clock_SetUARTClockDiv
                        0x00003efb    0x6  Code  Lc  usart.o [1]
Chip_Clock_SetUSARTNBaseClockRate
                        0x000055a1   0x5a  Code  Gb  clock_8xx.o [4]
Chip_FMC_ComputeSignature
                        0x0000301d   0x14  Code  Lc  eeprom.o [1]
Chip_FMC_ComputeSignatureBlocks
                        0x00003031    0xc  Code  Lc  eeprom.o [1]
Chip_FMC_IsSignatureBusy
                        0x0000303d    0x8  Code  Lc  eeprom.o [1]
Chip_FMC_SetFLASHAccess
                        0x00006775    0x8  Code  Lc  irc_8xx.o [4]
Chip_GPIO_Init          0x000001e5   0x10  Code  Gb  gpio_8xx.o [4]
Chip_GPIO_SetPinDIR     0x000063a1   0x12  Code  Lc  sx1276-board.o [1]
Chip_GPIO_SetPinDIRInput
                        0x00006391   0x10  Code  Lc  sx1276-board.o [1]
Chip_GPIO_SetPinDIROutput
                        0x00006381   0x10  Code  Lc  sx1276-board.o [1]
Chip_GPIO_SetPinOutHigh
                        0x00006ee5   0x10  Code  Lc  sx1276.o [1]
Chip_GPIO_SetPinOutLow  0x00006ef5   0x10  Code  Lc  sx1276.o [1]
Chip_GPIO_SetPinState   0x00003837    0x8  Code  Lc  board.o [3]
Chip_IAP_CopyRamToFlash
                        0x00003deb   0x1e  Code  Gb  iap.o [4]
Chip_IAP_ErasePage      0x00003e55    0x8  Code  Gb  iap.o [4]
Chip_IAP_PreSectorForReadWrite
                        0x00003ddd    0xe  Code  Gb  iap.o [4]
Chip_IAP_ReadPID        0x00003e11   0x16  Code  Gb  iap.o [4]
Chip_IAP_ReadUID        0x00003e27   0x2a  Code  Gb  iap.o [4]
Chip_IOCON_PinSetMode   0x000001d1   0x12  Code  Gb  iocon_8xx.o [4]
Chip_IRC_SetFreq        0x0000677d   0x9c  Code  Gb  irc_8xx.o [4]
Chip_PININT_ClearIntStatus
                        0x0000217d    0x4  Code  Lc  modem.o [1]
Chip_PININT_ClearIntStatus
                        0x00006ee1    0x4  Code  Lc  sx1276.o [1]
Chip_PININT_EnableIntHigh
                        0x0000637d    0x4  Code  Lc  sx1276-board.o [1]
Chip_PININT_SetPinModeEdge
                        0x0000636f    0xe  Code  Lc  sx1276-board.o [1]
Chip_PMU_ClearPowerDownControl
                        0x0000218d    0xe  Code  Lc  modem.o [1]
Chip_PMU_DeepPowerDownState
                        0x000037bf   0x16  Code  Gb  pmu_8xx.o [4]
Chip_PMU_DeepSleepState
                        0x00003793   0x16  Code  Gb  pmu_8xx.o [4]
Chip_PMU_PowerDownState
                        0x000037a9   0x16  Code  Gb  pmu_8xx.o [4]
Chip_PMU_SetPowerDownControl
                        0x0000334d    0xc  Code  Lc  main.o [1]
Chip_PMU_SetPowerDownControl
                        0x00002181    0xc  Code  Lc  modem.o [1]
Chip_PMU_Sleep          0x000037d9   0x26  Code  Gb  pmu_8xx.o [4]
Chip_PMU_SleepState     0x00003781   0x12  Code  Gb  pmu_8xx.o [4]
Chip_SPIM_GetClockRate  0x00006705   0x14  Code  Gb  spim_8xx.o [4]
Chip_SPIM_SetClockRate  0x00006719   0x2c  Code  Gb  spim_8xx.o [4]
Chip_SPI_ClearCFGRegBits
                        0x000063c1    0xe  Code  Lc  sx1276-board.o [1]
Chip_SPI_ClearStatus    0x00006f0d    0x4  Code  Lc  sx1276.o [1]
Chip_SPI_ConfigureSPI   0x000063fd   0x1c  Code  Lc  sx1276-board.o [1]
Chip_SPI_DelayConfig    0x00006749   0x2c  Code  Gb  spi_8xx.o [4]
Chip_SPI_Enable         0x000063f3    0xa  Code  Lc  sx1276-board.o [1]
Chip_SPI_GetStatus      0x00006f05    0x8  Code  Lc  sx1276.o [1]
Chip_SPI_Init           0x000063cf   0x24  Code  Lc  sx1276-board.o [1]
Chip_SPI_ReceiveFrame   0x00006f37    0x6  Code  Lc  sx1276.o [1]
Chip_SPI_SendLastFrame  0x00006f23   0x14  Code  Lc  sx1276.o [1]
Chip_SPI_SendMidFrame   0x00006f1f    0x4  Code  Lc  sx1276.o [1]
Chip_SPI_SetCFGRegBits  0x000063b3    0xe  Code  Lc  sx1276-board.o [1]
Chip_SPI_SetControlInfo
                        0x00006f11    0xe  Code  Lc  sx1276.o [1]
Chip_SWM_DisableFixedPin
                        0x00003f01   0x12  Code  Lc  usart.o [1]
Chip_SWM_DisableFixedPin
                        0x00003825   0x12  Code  Lc  board.o [3]
Chip_SWM_FixedPinEnable
                        0x0000021b   0x20  Code  Gb  swm_8xx.o [4]
Chip_SWM_MovablePinAssign
                        0x000001fd   0x1e  Code  Gb  swm_8xx.o [4]
Chip_SYSCTL_AssertPeriphReset
                        0x0000212b   0x12  Code  Lc  modem.o [1]
Chip_SYSCTL_AssertPeriphReset
                        0x000062ff   0x12  Code  Lc  sx1276-board.o [1]
Chip_SYSCTL_DeassertPeriphReset
                        0x0000213d   0x12  Code  Lc  modem.o [1]
Chip_SYSCTL_DeassertPeriphReset
                        0x00006311   0x12  Code  Lc  sx1276-board.o [1]
Chip_SYSCTL_EnablePINTWakeup
                        0x0000633b   0x10  Code  Lc  sx1276-board.o [1]
Chip_SYSCTL_EnablePeriphWakeup
                        0x0000215f    0xc  Code  Lc  modem.o [1]
Chip_SYSCTL_PeriphReset
                        0x0000214f   0x10  Code  Lc  modem.o [1]
Chip_SYSCTL_PeriphReset
                        0x00006323   0x10  Code  Lc  sx1276-board.o [1]
Chip_SYSCTL_PeriphReset
                        0x00003c5d   0x1c  Code  Lc  uart_8xx.o [4]
Chip_SYSCTL_PowerDown   0x00003743   0x14  Code  Gb  syscon_8xx.o [4]
Chip_SYSCTL_PowerUp     0x00003757   0x14  Code  Gb  syscon_8xx.o [4]
Chip_SYSCTL_SetDeepSleepPD
                        0x00003725    0xe  Code  Gb  syscon_8xx.o [4]
Chip_SYSCTL_SetPinInterrupt
                        0x00006333    0x8  Code  Lc  sx1276-board.o [1]
Chip_SYSCTL_SetWakeup   0x00003733   0x10  Code  Gb  syscon_8xx.o [4]
Chip_SetupIrcClocking   0x00006dbd    0x4  Code  Gb  sysinit_8xx.o [4]
Chip_UART_ConfigData    0x00003f33    0xc  Code  Lc  usart.o [1]
Chip_UART_Enable        0x00003f13    0xe  Code  Lc  usart.o [1]
Chip_UART_GetStatus     0x00003c89    0x8  Code  Lc  uart_8xx.o [4]
Chip_UART_IRQRBHandler  0x00003da3   0x32  Code  Gb  uart_8xx.o [4]
Chip_UART_Init          0x00003ca9   0x34  Code  Gb  uart_8xx.o [4]
Chip_UART_IntDisable    0x00003f2f    0x4  Code  Lc  usart.o [1]
Chip_UART_IntDisable    0x00003c85    0x4  Code  Lc  uart_8xx.o [4]
Chip_UART_IntEnable     0x00003f2b    0x4  Code  Lc  usart.o [1]
Chip_UART_RXIntHandlerRB
                        0x00003d13   0x24  Code  Gb  uart_8xx.o [4]
Chip_UART_ReadByte      0x00003c7d    0x8  Code  Lc  uart_8xx.o [4]
Chip_UART_ReadRB        0x00003d95    0xe  Code  Gb  uart_8xx.o [4]
Chip_UART_SendByte      0x00003c79    0x4  Code  Lc  uart_8xx.o [4]
Chip_UART_SendRB        0x00003d61   0x34  Code  Gb  uart_8xx.o [4]
Chip_UART_SetBaud       0x00003cfd   0x16  Code  Gb  uart_8xx.o [4]
Chip_UART_TXEnable      0x00003f21    0xa  Code  Lc  usart.o [1]
Chip_UART_TXIntHandlerRB
                        0x00003d37   0x2a  Code  Gb  uart_8xx.o [4]
Chip_WKT_ClearIntStatus
                        0x0000219b    0xe  Code  Lc  modem.o [1]
Chip_WKT_GetClockRate   0x0000370f    0xe  Code  Gb  wkt_8xx.o [4]
Chip_WKT_LoadCount      0x000021b7    0x4  Code  Lc  modem.o [1]
Chip_WKT_SetClockSource
                        0x000036f9   0x16  Code  Gb  wkt_8xx.o [4]
Chip_WKT_Stop           0x000021a9    0xe  Code  Lc  modem.o [1]
Chip_WWDT_Feed          0x00003369    0xa  Code  Lc  main.o [1]
ComplianceTest          0x1000053c   0x14  Data  Gb  main.o [1]
CountChannels           0x00005835   0x26  Code  Lc  RegionCommon.o [1]
CountNbOfEnabledChannels
                        0x00004203   0x9a  Code  Lc  RegionCN470.o [1]
DataratesCN470          0x000046e8    0x8  Data  Lc  RegionCN470.o [1]
DelayMs                 0x00003155   0x1c  Code  Gb  utilities.o [1]
DevEui                  0x10000558    0x8  Data  Gb  main.o [1]
DeviceState             0x10000551    0x1  Data  Lc  main.o [1]
DownLinkCounter         0x10000048    0x4  Data  Lc  LoRaMac.o [1]
DutyCycleOn             0x1000058f    0x1  Data  Lc  LoRaMac.o [1]
ExtRateIn               0x00006ed0    0x4  Data  Gb  board.o [3]
GetBandwidth            0x000041db   0x1e  Code  Lc  RegionCN470.o [1]
GetNextLowerTxDr        0x00004129   0xb2  Code  Lc  RegionCN470.o [1]
InStream_Read           0x00006b7d   0x22  Code  Lc  packbits_init.o [7]
IrqNestLevel            0x1000139b    0x1  Data  Lc  utilities.o [1]
IsLoRaMacNetworkJoined  0x10000010    0x1  Data  Gb  LoRaMac.o [1]
IsRxWindowsEnabled      0x1000058d    0x1  Data  Lc  LoRaMac.o [1]
IsTxConfirmed           0x100003c6    0x1  Data  Gb  main.o [1]
IsUpLinkCounterFixed    0x10001364    0x1  Data  Lc  LoRaMac.o [1]
JoinRequestTrials       0x1000001d    0x1  Data  Gb  LoRaMac.o [1]
LMIC                    0x10000b8c   0xd8  Data  Gb  modem.o [1]
LastTxChannel           0x10000019    0x1  Data  Lc  LoRaMac.o [1]
LastTxIsJoinRequest     0x10000590    0x1  Data  Lc  LoRaMac.o [1]
Led1Timer_OffLine       0x10000ca0   0x14  Data  Gb  modem.o [1]
Led1Timer_OnLine        0x10000c8c   0x14  Data  Gb  modem.o [1]
Led1Timer_Rx            0x10000c78   0x14  Data  Gb  modem.o [1]
Led1Timer_Tx            0x10000c64   0x14  Data  Gb  modem.o [1]
LedIndication           0x0000238b   0x9a  Code  Gb  modem.o [1]
LimitTxPower            0x000041f9    0xa  Code  Lc  RegionCN470.o [1]
LoRaMacAppEui           0x10000030    0x4  Data  Lc  LoRaMac.o [1]
LoRaMacAppKey           0x10000034    0x4  Data  Lc  LoRaMac.o [1]
LoRaMacAppSKey          0x10000084   0x10  Data  Lc  LoRaMac.o [1]
LoRaMacBuffer           0x10000e4c  0x100  Data  Lc  LoRaMac.o [1]
LoRaMacBufferPktLen     0x10000026    0x2  Data  Lc  LoRaMac.o [1]
LoRaMacCallbacks        0x10000064    0x4  Data  Lc  LoRaMac.o [1]
LoRaMacComputeMic       0x00002d39   0x8a  Code  Gb  LoRaMacCrypto.o [1]
LoRaMacDevAddr          0x1000003c    0x4  Data  Lc  LoRaMac.o [1]
LoRaMacDevEui           0x1000002c    0x4  Data  Lc  LoRaMac.o [1]
LoRaMacDevNonce         0x10000024    0x2  Data  Lc  LoRaMac.o [1]
LoRaMacDeviceClass      0x1000000d    0x1  Data  Lc  LoRaMac.o [1]
LoRaMacFlags            0x10000020    0x4  Data  Gb  LoRaMac.o [1]
LoRaMacInitialization   0x000018d1  0x208  Code  Gb  LoRaMac.o [1]
LoRaMacInitializationTime
                        0x10000058    0x4  Data  Lc  LoRaMac.o [1]
LoRaMacJoinComputeMic   0x00002e97   0x4e  Code  Gb  LoRaMacCrypto.o [1]
LoRaMacJoinComputeSKeys
                        0x00002f29   0x8e  Code  Gb  LoRaMacCrypto.o [1]
LoRaMacJoinDecrypt      0x00002ee5   0x44  Code  Gb  LoRaMacCrypto.o [1]
LoRaMacMaxEirpTable     0x00001364   0x10  Data  Lc  LoRaMac.o [1]
LoRaMacMcpsRequest      0x00001fc5  0x146  Code  Gb  LoRaMac.o [1]
LoRaMacMibSetRequestConfirm
                        0x00001bdd  0x2ae  Code  Gb  LoRaMac.o [1]
LoRaMacMlmeRequest      0x00001eb1  0x104  Code  Gb  LoRaMac.o [1]
LoRaMacNetID            0x10000038    0x4  Data  Lc  LoRaMac.o [1]
LoRaMacNwkSKey          0x10000074   0x10  Data  Lc  LoRaMac.o [1]
LoRaMacParams           0x100011f4   0x38  Data  Gb  LoRaMac.o [1]
LoRaMacParamsDefaults   0x1000122c   0x38  Data  Gb  LoRaMac.o [1]
LoRaMacPayloadDecrypt   0x00002e81   0x16  Code  Gb  LoRaMacCrypto.o [1]
LoRaMacPayloadEncrypt   0x00002dc3   0xbe  Code  Gb  LoRaMacCrypto.o [1]
LoRaMacPrimitives       0x10000060    0x4  Data  Lc  LoRaMac.o [1]
LoRaMacQueryTxPossible  0x00001ae1   0xc4  Code  Gb  LoRaMac.o [1]
LoRaMacRegion           0x1000000c    0x1  Data  Lc  LoRaMac.o [1]
LoRaMacRxPayload        0x10000f4c  0x100  Data  Lc  LoRaMac.o [1]
LoRaMacState            0x1000005c    0x4  Data  Gb  LoRaMac.o [1]
LoRaMacTxPayloadLen     0x1000058c    0x1  Data  Lc  LoRaMac.o [1]
MODEM                   0x10000a5c  0x130  Data  Lc  modem.o [1]
MacCommandsBuffer       0x10001174   0x80  Data  Lc  LoRaMac.o [1]
MacCommandsBufferIndex  0x10000015    0x1  Data  Lc  LoRaMac.o [1]
MacCommandsBufferToRepeat
                        0x10000094   0x80  Data  Lc  LoRaMac.o [1]
MacCommandsBufferToRepeatIndex
                        0x10000016    0x1  Data  Lc  LoRaMac.o [1]
MacCommandsInNextTx     0x10000014    0x1  Data  Lc  LoRaMac.o [1]
MacStateCheckTimer      0x10000114   0x14  Data  Lc  LoRaMac.o [1]
MaxDCycle               0x1000058e    0x1  Data  Lc  LoRaMac.o [1]
MaxJoinRequestTrials    0x1000001e    0x1  Data  Lc  LoRaMac.o [1]
MaxPayloadOfDatarateCN470
                        0x0000463c    0x8  Data  Lc  RegionCN470.o [1]
MaxPayloadOfDatarateRepeaterCN470
                        0x00004634    0x8  Data  Lc  RegionCN470.o [1]
McpsConfirm             0x10001350   0x14  Data  Gb  LoRaMac.o [1]
McpsIndication          0x10001320   0x18  Data  Lc  LoRaMac.o [1]
McpsIndication          0x00003425   0x88  Code  Lc  main.o [1]
Mic                     0x10000188   0x10  Data  Lc  LoRaMacCrypto.o [1]
MicBlockB0              0x10000178   0x10  Data  Lc  LoRaMacCrypto.o [1]
MlmeConfirm             0x10000000    0xc  Data  Lc  LoRaMac.o [1]
MlmeConfirm             0x000034ad   0x52  Code  Lc  main.o [1]
MulticastChannels       0x10000040    0x4  Data  Lc  LoRaMac.o [1]
NVIC_EnableIRQ          0x0000211d    0xe  Code  Lc  modem.o [1]
NVIC_EnableIRQ          0x000062f1    0xe  Code  Lc  sx1276-board.o [1]
NVIC_EnableIRQ          0x00003ec9    0xe  Code  Lc  usart.o [1]
NVIC_SetPriority        0x000032cd   0x44  Code  Lc  main.o [1]
NextTx                  0x10000550    0x1  Data  Lc  main.o [1]
NodeAckRequested        0x10000012    0x1  Data  Lc  LoRaMac.o [1]
OnAckTimeoutTimerEvent  0x00000ebd   0x34  Code  Lc  LoRaMac.o [1]
OnLed1TimerEventNetOffline
                        0x000022dd   0xae  Code  Lc  modem.o [1]
OnLed1TimerEventRx      0x0000228f   0x18  Code  Lc  modem.o [1]
OnLed1TimerEventTx      0x000022ad   0x18  Code  Lc  modem.o [1]
OnMacStateCheckTimerEvent
                        0x00000b1d  0x290  Code  Lc  LoRaMac.o [1]
OnRadioRxDone           0x00000435  0x5be  Code  Lc  LoRaMac.o [1]
OnRadioRxError          0x00000a21   0x5e  Code  Lc  LoRaMac.o [1]
OnRadioRxTimeout        0x00000a85   0x8a  Code  Lc  LoRaMac.o [1]
OnRadioTxDone           0x00000301   0xee  Code  Lc  LoRaMac.o [1]
OnRadioTxTimeout        0x000009f3   0x2e  Code  Lc  LoRaMac.o [1]
OnRxWindow1TimerEvent   0x00000e19   0x4e  Code  Lc  LoRaMac.o [1]
OnRxWindow2TimerEvent   0x00000e67   0x56  Code  Lc  LoRaMac.o [1]
OnTxDelayedTimerEvent   0x00000db1   0x5e  Code  Lc  LoRaMac.o [1]
OscRateIn               0x00006ecc    0x4  Data  Gb  board.o [3]
PININT0_IRQHandler      0x00007bad  0x152  Code  Gb  sx1276.o [1]
PININT1_IRQHandler      0x00007cff   0x3e  Code  Gb  sx1276.o [1]
PININT2_IRQHandler      0x00007d3d   0x84  Code  Gb  sx1276.o [1]
PININT7_IRQHandler      0x000021ff    0xc  Code  Gb  modem.o [1]
ParseMacCommandsToRepeat
                        0x00001009   0x5e  Code  Lc  LoRaMac.o [1]
PrepareFrame            0x0000158d  0x2a2  Code  Gb  LoRaMac.o [1]
PrepareRxDoneAbort      0x000003ef   0x36  Code  Lc  LoRaMac.o [1]
PrepareTxFrame          0x00003373   0x1e  Code  Gb  main.o [1]
ProcessMacCommands      0x00001069  0x2fc  Code  Lc  LoRaMac.o [1]
PublicNetwork           0x1000000e    0x1  Data  Gb  LoRaMac.o [1]
Radio                   0x00006dd0   0x5c  Data  Gb  sx1276-board.o [1]
RadioEvents             0x10000594   0x1c  Data  Lc  LoRaMac.o [1]
RadioEvents             0x10000d20    0x4  Data  Lc  sx1276.o [1]
RadioIsActive           0x1000139a    0x1  Data  Lc  sx1276-board.o [1]
RadioRegsInit           0x00007dd0   0x30  Data  Gb  sx1276.o [1]
Region$$Table$$Base     0x00006e54          --   Gb  - Linker created -
Region$$Table$$Limit    0x00006e80          --   Gb  - Linker created -
RegionAdrNext           0x00002c17   0x1a  Code  Gb  Region.o [1]
RegionAlternateDr       0x00002cdd   0x12  Code  Gb  Region.o [1]
RegionApplyCFList       0x00002bf5   0x10  Code  Gb  Region.o [1]
RegionApplyDrOffset     0x00002d19   0x1a  Code  Gb  Region.o [1]
RegionCN470AdrNext      0x00004491   0x74  Code  Gb  RegionCN470.o [1]
RegionCN470AlternateDr  0x00004869   0xd0  Code  Gb  RegionCN470.o [1]
RegionCN470ApplyDrOffset
                        0x00004a9d   0x10  Code  Gb  RegionCN470.o [1]
RegionCN470CalcBackOff  0x00004945   0x30  Code  Gb  RegionCN470.o [1]
RegionCN470ChanMaskSet  0x0000445d   0x2c  Code  Gb  RegionCN470.o [1]
RegionCN470ComputeRxWindowParameters
                        0x0000452d   0x48  Code  Gb  RegionCN470.o [1]
RegionCN470GetPhyParam  0x0000429d   0xae  Code  Gb  RegionCN470.o [1]
RegionCN470InitDefaults
                        0x00004379   0x68  Code  Gb  RegionCN470.o [1]
RegionCN470LinkAdrReq   0x000046f1  0x114  Code  Gb  RegionCN470.o [1]
RegionCN470NextChannel  0x0000497d   0xfe  Code  Gb  RegionCN470.o [1]
RegionCN470RxConfig     0x0000458d   0x90  Code  Gb  RegionCN470.o [1]
RegionCN470RxParamSetupReq
                        0x00004805   0x5a  Code  Gb  RegionCN470.o [1]
RegionCN470SetBandTxDone
                        0x00004351   0x22  Code  Gb  RegionCN470.o [1]
RegionCN470TxConfig     0x00004645   0xa4  Code  Gb  RegionCN470.o [1]
RegionCN470Verify       0x000043e9   0x74  Code  Gb  RegionCN470.o [1]
RegionCalcBackOff       0x00002cef   0x10  Code  Gb  Region.o [1]
RegionChanMaskSet       0x00002c05   0x12  Code  Gb  Region.o [1]
RegionCommonCalcBackOff
                        0x00005c1b   0x58  Code  Gb  RegionCommon.o [1]
RegionCommonChanMaskCopy
                        0x0000592d   0x22  Code  Gb  RegionCommon.o [1]
RegionCommonChanVerifyDr
                        0x00005875   0x7a  Code  Gb  RegionCommon.o [1]
RegionCommonComputeRxWindowParameters
                        0x00005b39   0xaa  Code  Gb  RegionCommon.o [1]
RegionCommonComputeSymbolTimeLoRa
                        0x00005afd   0x2e  Code  Gb  RegionCommon.o [1]
RegionCommonComputeTxPower
                        0x00005bf1   0x2a  Code  Gb  RegionCommon.o [1]
RegionCommonCountChannels
                        0x000058ff   0x2e  Code  Gb  RegionCommon.o [1]
RegionCommonGetJoinDc   0x0000585b   0x1a  Code  Gb  RegionCommon.o [1]
RegionCommonLinkAdrReqVerifyParams
                        0x00005a57   0xa6  Code  Gb  RegionCommon.o [1]
RegionCommonParseLinkAdrReq
                        0x00005a0f   0x48  Code  Gb  RegionCommon.o [1]
RegionCommonSetBandTxDone
                        0x0000594f    0xa  Code  Gb  RegionCommon.o [1]
RegionCommonUpdateBandTimeOff
                        0x00005959   0xb6  Code  Gb  RegionCommon.o [1]
RegionCommonValueInRange
                        0x000058ef   0x10  Code  Gb  RegionCommon.o [1]
RegionComputeRxWindowParameters
                        0x00002c31   0x16  Code  Gb  Region.o [1]
RegionDlChannelReq      0x00002ccb   0x12  Code  Gb  Region.o [1]
RegionGetPhyParam       0x00002ba9   0x16  Code  Gb  Region.o [1]
RegionInitDefaults      0x00002bcf   0x10  Code  Gb  Region.o [1]
RegionIsActive          0x00002b9d    0xc  Code  Gb  Region.o [1]
RegionLinkAdrReq        0x00002c75   0x20  Code  Gb  Region.o [1]
RegionNewChannelReq     0x00002ca7   0x12  Code  Gb  Region.o [1]
RegionNextChannel       0x00002cff   0x1a  Code  Gb  Region.o [1]
RegionRxConfig          0x00002c47   0x16  Code  Gb  Region.o [1]
RegionRxParamSetupReq   0x00002c95   0x12  Code  Gb  Region.o [1]
RegionSetBandTxDone     0x00002bbf   0x10  Code  Gb  Region.o [1]
RegionTxConfig          0x00002c5d   0x18  Code  Gb  Region.o [1]
RegionTxParamSetupReq   0x00002cb9   0x12  Code  Gb  Region.o [1]
RegionVerify            0x00002bdf   0x16  Code  Gb  Region.o [1]
RepeaterSupport         0x1000000f    0x1  Data  Lc  LoRaMac.o [1]
ResetMacParameters      0x000014f9   0x82  Code  Lc  LoRaMac.o [1]
RingBuffer_GetCount     0x0000566d    0x8  Code  Lc  ring_buffer.o [4]
RingBuffer_Init         0x0000569b   0x10  Code  Gb  ring_buffer.o [4]
RingBuffer_Insert       0x000056ab   0x32  Code  Gb  ring_buffer.o [4]
RingBuffer_InsertMult   0x000056dd   0x96  Code  Gb  ring_buffer.o [4]
RingBuffer_IsEmpty      0x00003359   0x10  Code  Lc  main.o [1]
RingBuffer_IsEmpty      0x0000568b   0x10  Code  Lc  ring_buffer.o [4]
RingBuffer_IsFull       0x00005675   0x16  Code  Lc  ring_buffer.o [4]
RingBuffer_Pop          0x00005773   0x32  Code  Gb  ring_buffer.o [4]
RingBuffer_PopMult      0x000057a5   0x8e  Code  Gb  ring_buffer.o [4]
RxChainCalibration      0x000070af   0x8e  Code  Lc  sx1276.o [1]
RxSlot                  0x1000001f    0x1  Data  Lc  LoRaMac.o [1]
RxTimeoutSyncWord       0x1000133c   0x14  Data  Gb  sx1276.o [1]
RxTimeoutTimer          0x10000e38   0x14  Data  Gb  sx1276.o [1]
RxTxBuffer              0x10000d24  0x100  Data  Lc  sx1276.o [1]
RxWindow1Config         0x10000578   0x14  Data  Lc  LoRaMac.o [1]
RxWindow1Delay          0x10000068    0x4  Data  Lc  LoRaMac.o [1]
RxWindow2Config         0x10001368   0x14  Data  Lc  LoRaMac.o [1]
RxWindow2Delay          0x1000006c    0x4  Data  Lc  LoRaMac.o [1]
RxWindowSetup           0x00000ef1   0x16  Code  Lc  LoRaMac.o [1]
RxWindowTimer1          0x1000013c   0x14  Data  Lc  LoRaMac.o [1]
RxWindowTimer2          0x10000150   0x14  Data  Lc  LoRaMac.o [1]
SX1276                  0x10000cb4   0x6c  Data  Gb  sx1276.o [1]
SX1276CheckRfFrequency  0x000066cd    0x4  Code  Gb  sx1276-board.o [1]
SX1276GetPaSelect       0x0000666d    0xe  Code  Gb  sx1276-board.o [1]
SX1276GetStatus         0x00006fe3    0x6  Code  Gb  sx1276.o [1]
SX1276GetTimeOnAir      0x00007451  0x128  Code  Gb  sx1276.o [1]
SX1276Init              0x00006f3d   0xa6  Code  Gb  sx1276.o [1]
SX1276IoInit            0x00006419  0x14e  Code  Gb  sx1276-board.o [1]
SX1276IoIrqInit         0x00006567   0x48  Code  Gb  sx1276-board.o [1]
SX1276IsChannelFree     0x00007025   0x48  Code  Gb  sx1276.o [1]
SX1276OnTimeoutIrq      0x00007b2d   0x76  Code  Gb  sx1276.o [1]
SX1276Random            0x0000706d   0x42  Code  Gb  sx1276.o [1]
SX1276Read              0x00007995   0x10  Code  Gb  sx1276.o [1]
SX1276ReadBuffer        0x00007a45   0x8e  Code  Gb  sx1276.o [1]
SX1276ReadFifo          0x00007ae1    0xe  Code  Gb  sx1276.o [1]
SX1276ReadRssi          0x000078a5   0x32  Code  Gb  sx1276.o [1]
SX1276Reset             0x000078dd   0x28  Code  Gb  sx1276.o [1]
SX1276Send              0x0000757d   0x8e  Code  Gb  sx1276.o [1]
SX1276SetAntSwLowPower  0x00006689   0x1e  Code  Gb  sx1276-board.o [1]
SX1276SetChannel        0x00006fe9   0x3c  Code  Gb  sx1276.o [1]
SX1276SetMaxPayloadLength
                        0x00007aef   0x18  Code  Gb  sx1276.o [1]
SX1276SetModem          0x00007935   0x50  Code  Gb  sx1276.o [1]
SX1276SetOpMode         0x00007905   0x30  Code  Gb  sx1276.o [1]
SX1276SetPublicNetwork  0x00007b07   0x26  Code  Gb  sx1276.o [1]
SX1276SetRfTxPower      0x000065bd   0xaa  Code  Gb  sx1276-board.o [1]
SX1276SetRx             0x00007671  0x1ac  Code  Gb  sx1276.o [1]
SX1276SetRxConfig       0x00007149  0x1b2  Code  Gb  sx1276.o [1]
SX1276SetSleep          0x0000760b   0x24  Code  Gb  sx1276.o [1]
SX1276SetStby           0x0000762f   0x24  Code  Gb  sx1276.o [1]
SX1276SetTx             0x00007821   0x72  Code  Gb  sx1276.o [1]
SX1276SetTxConfig       0x00007305  0x144  Code  Gb  sx1276.o [1]
SX1276SetTxContinuousWave
                        0x000078a3    0x2  Code  Gb  sx1276.o [1]
SX1276StartCad          0x000078a1    0x2  Code  Gb  sx1276.o [1]
SX1276Write             0x00007989    0xc  Code  Gb  sx1276.o [1]
SX1276WriteBuffer       0x000079a5   0x86  Code  Gb  sx1276.o [1]
SX1276WriteFifo         0x00007ad3    0xe  Code  Gb  sx1276.o [1]
ScheduleTx              0x000013a9  0x10e  Code  Lc  LoRaMac.o [1]
Send                    0x00001375   0x2c  Code  Gb  LoRaMac.o [1]
SendFrame               0x00003391   0x92  Code  Gb  main.o [1]
SendFrameOnChannel      0x00001835   0x86  Code  Gb  LoRaMac.o [1]
SrvAckRequested         0x10000013    0x1  Data  Lc  LoRaMac.o [1]
SysTick_Config          0x00003311   0x2a  Code  Lc  main.o [1]
SysTick_Handler         0x0000012b   0x38  Code  Gb  timer.o [1]
SystemCoreClock         0x10001394    0x4  Data  Gb  chip_8xx.o [4]
SystemCoreClockUpdate   0x000001c1   0x10  Code  Gb  chip_8xx.o [4]
SystemInit              0x00006ed5    0x8  Code  Gb  sysinit.o [1]
TimerExists             0x00000175   0x18  Code  Lc  timer.o [1]
TimerGetCurrentTime     0x0000019d    0x6  Code  Gb  timer.o [1]
TimerGetElapsedTime     0x000001a3   0x16  Code  Gb  timer.o [1]
TimerInit               0x000000c1   0x10  Code  Gb  timer.o [1]
TimerListHead           0x10001390    0x4  Data  Lc  timer.o [1]
TimerSetValue           0x0000018d   0x10  Code  Gb  timer.o [1]
TimerStart              0x000000d1   0x5a  Code  Gb  timer.o [1]
TimerStop               0x00000163   0x12  Code  Gb  timer.o [1]
TxDelayedTimer          0x10000128   0x14  Data  Lc  LoRaMac.o [1]
TxTimeOnAir             0x10000070    0x4  Data  Gb  LoRaMac.o [1]
TxTimeoutTimer          0x10000e24   0x14  Data  Gb  sx1276.o [1]
UART0_IRQHandler        0x00003fd9   0x10  Code  Gb  usart.o [1]
UpLinkCounter           0x10000044    0x4  Data  Lc  LoRaMac.o [1]
ValidatePayloadLength   0x00000f07   0x3e  Code  Lc  LoRaMac.o [1]
WDT_IRQHandler          0x0000228d    0x2  Code  Gb  modem.o [1]
WKT_IRQHandler          0x000021f1    0xe  Code  Gb  modem.o [1]
WakeupTest              0x0000220b   0x44  Code  Gb  modem.o [1]
__Vectors               0x00000000          --   Gb  iar_startup_lpc82x.o [1]
__Vectors_End           0x000000c0         Data  Gb  iar_startup_lpc82x.o [1]
__Vectors_Size {Abs}    0x000000c0          --   Gb  iar_startup_lpc82x.o [1]
__aeabi_cdrcmple        0x000066d1         Code  Gb  DblCmpGe.o [6]
__aeabi_d2iz            0x000060fd         Code  Gb  DblToI32.o [6]
__aeabi_d2uiz           0x00006121         Code  Gb  DblToI32.o [6]
__aeabi_dadd            0x00005eef         Code  Gb  DblAddSub.o [6]
__aeabi_ddiv            0x00005ca9         Code  Gb  DblDiv.o [6]
__aeabi_dmul            0x00005d6b         Code  Gb  DblMul.o [6]
__aeabi_dsub            0x00005fb5         Code  Gb  DblAddSub.o [6]
__aeabi_f2d             0x00006265         Code  Gb  FltToDbl.o [6]
__aeabi_fsub            0x000061b5         Code  Gb  FltAddSub.o [6]
__aeabi_i2d             0x00005c75         Code  Gb  I32ToDbl.o [6]
__aeabi_idiv            0x000031d1         Code  Gb  I32DivModFast.o [7]
__aeabi_idivmod         0x000031d1         Code  Gb  I32DivModFast.o [7]
__aeabi_memclr4         0x00003ec5         Code  Gb  ABImemset.o [7]
__aeabi_memclr8         0x00003ec5         Code  Gb  ABImemset.o [7]
__aeabi_memcpy          0x00002fc1         Code  Gb  ABImemcpy.o [7]
__aeabi_memcpy4         0x00002fe9         Code  Wk  ABImemcpy.o [7]
__aeabi_memset4         0x00003e89         Code  Gb  ABImemset.o [7]
__aeabi_memset8         0x00003e89         Code  Gb  ABImemset.o [7]
__aeabi_ui2d            0x00005c89         Code  Gb  I32ToDbl.o [6]
__aeabi_ui2f            0x00003285         Code  Gb  I32ToFlt.o [6]
__aeabi_uidiv           0x000031d7         Code  Gb  I32DivModFast.o [7]
__aeabi_uidivmod        0x000031d7         Code  Gb  I32DivModFast.o [7]
__aeabi_uldivmod        0x00000245         Code  Gb  I64DivMod.o [7]
__cmain                 0x00006e81         Code  Gb  cmain.o [7]
__exit                  0x00006c61         Code  Gb  XXexit.o [7]
__iar_Memset4_word      0x00003e95         Code  Gb  ABImemset.o [7]
__iar_ceil              0x000060a5         Code  Gb  ceil.o [6]
__iar_ceill             0x000060a5         Code  Gb  ceil.o [6]
__iar_d2uiz             0x00006125         Code  Gb  DblToI32.o [6]
__iar_data_init3        0x00006e2d   0x28  Code  Gb  data_init.o [7]
__iar_floor             0x00006299         Code  Gb  floor.o [6]
__iar_floorl            0x00006299         Code  Gb  floor.o [6]
__iar_packbits_init3    0x00006b9f   0xb6  Code  Gb  packbits_init.o [7]
__iar_program_start     0x00006ec1         Code  Gb  cstartup_M.o [7]
__iar_ui2d              0x00005c8d         Code  Gb  I32ToDbl.o [6]
__iar_ui2f              0x00003289         Code  Gb  I32ToFlt.o [6]
__iar_zero_init3        0x000032a3   0x2a  Code  Gb  zero_init3.o [7]
__vector_table          0x00000000         Data  Gb  iar_startup_lpc82x.o [1]
__vector_table_0x1c     0x00000010         Data  Gb  iar_startup_lpc82x.o [1]
_call_main              0x00006e8d         Code  Gb  cmain.o [7]
_exit                   0x00006ea5         Code  Gb  cexit.o [7]
_main                   0x00006e97         Code  Gb  cmain.o [7]
aBlock                  0x100002b0   0x10  Data  Lc  LoRaMacCrypto.o [1]
abort                   0x00006c55    0xa  Code  Gb  abort.o [5]
add_round_key           0x00004e59    0x8  Code  Lc  aes.o [1]
aes_encrypt             0x00005367   0x52  Code  Gb  aes.o [1]
aes_set_key             0x00005265  0x102  Code  Gb  aes.o [1]
ceil                    0x000060a5         Code  Gb  ceil.o [6]
ceill                   0x000060a5         Code  Gb  ceil.o [6]
chip_version            0x10001338    0x4  Data  Gb  sx1276.o [1]
config_tab              0x00006828  0x354  Data  Lc  irc_8xx.o [4]
config_tab_idx          0x10001398    0x2  Data  Lc  irc_8xx.o [4]
copy_and_key            0x00004dd3   0x86  Code  Lc  aes.o [1]
copy_block              0x00004cf9   0x42  Code  Lc  aes.o [1]
copy_block_nn           0x00004d3b   0x16  Code  Lc  aes.o [1]
cpystr                  0x00003b2f   0x18  Code  Gb  hex.o [1]
eeprom_write            0x00003045   0x82  Code  Gb  eeprom.o [1]
evnames                 0x100004fc   0x40  Data  Lc  modem.o [1]
exit                    0x00006e9b    0x8  Code  Gb  exit.o [5]
floor                   0x00006299         Code  Gb  floor.o [6]
floorl                  0x00006299         Code  Gb  floor.o [6]
frame_init              0x00004015   0x14  Code  Gb  frame.o [1]
frame_rx                0x00004029   0xfc  Code  Gb  frame.o [1]
funMcpsConfirm          0x00003423    0x2  Code  Lc  main.o [1]
funWktAlarm             0x000021bd   0x2c  Code  Lc  modem.o [1]
getUARTClockID          0x00003c91   0x18  Code  Lc  uart_8xx.o [4]
gethex                  0x00003a35   0x3e  Code  Gb  hex.o [1]
gfm2_sbox               0x00005164  0x100  Data  Lc  aes.o [1]
gfm3_sbox               0x00005064  0x100  Data  Lc  aes.o [1]
hex2int                 0x00003acd   0x32  Code  Gb  hex.o [1]
hexval                  0x00003b5c  0x100  Data  Lc  hex.o [1]
iap_entry               0x00003dd5    0x8  Code  Lc  iap.o [4]
int2hex                 0x00003aa9   0x24  Code  Gb  hex.o [1]
isAlarm                 0x10001366    0x1  Data  Lc  modem.o [1]
isAlarmDuty             0x00002599    0x6  Code  Gb  modem.o [1]
joincfg                 0x100012cc   0x24  Data  Lc  modem.o [1]
ledBits                 0x00003a20    0x1  Data  Lc  board.o [3]
main                    0x00003531  0x180  Code  Gb  main.o [1]
memcpy1                 0x00003113   0x16  Code  Gb  utilities.o [1]
memcpyr                 0x00003129   0x1a  Code  Gb  utilities.o [1]
memset1                 0x00003143   0x12  Code  Gb  utilities.o [1]
mix_sub_columns         0x00004ec5  0x19a  Code  Lc  aes.o [1]
modem_init              0x000026bd   0x72  Code  Gb  modem.o [1]
modem_rxdone            0x00002779  0x400  Code  Gb  modem.o [1]
modem_wkt_init          0x0000224f   0x3e  Code  Gb  modem.o [1]
next                    0x100005d8    0x4  Data  Lc  utilities.o [1]
onEvent                 0x00002439  0x12e  Code  Gb  modem.o [1]
os_crc16                0x000025a9   0x38  Code  Gb  modem.o [1]
persist                 0x10001264   0x68  Data  Gb  modem.o [1]
persist_init            0x000025ed   0xba  Code  Lc  modem.o [1]
prvSetupHardware        0x00003503    0xc  Code  Lc  main.o [1]
puthex                  0x00003a75   0x34  Code  Gb  hex.o [1]
rand1                   0x000030dd   0x1a  Code  Gb  utilities.o [1]
randr                   0x000030fd   0x16  Code  Gb  utilities.o [1]
reverse                 0x00003aff   0x22  Code  Gb  hex.o [1]
rxbuff                  0x10001074   0x40  Data  Lc  usart.o [1]
rxframe                 0x1000137c   0x10  Data  Gb  frame.o [1]
rxring                  0x10001060   0x14  Data  Gb  usart.o [1]
sBlock                  0x100002c0   0x10  Data  Lc  LoRaMacCrypto.o [1]
sbox                    0x000053b8  0x100  Data  Lc  aes.o [1]
sesscfg                 0x100012f0   0x30  Data  Lc  modem.o [1]
shift_sub_rows          0x00004e61   0x64  Code  Lc  aes.o [1]
srand1                  0x000030f7    0x6  Code  Gb  utilities.o [1]
src_iap_array_data      0x100010f4   0x80  Data  Gb  eeprom.o [1]
strlen                  0x00003a23   0x10  Code  Gb  strlen.o [7]
systicks                0x1000138c    0x4  Data  Gb  timer.o [1]
tolower                 0x00003b21    0xe  Code  Gb  hex.o [1]
txbuff                  0x100010b4   0x40  Data  Lc  usart.o [1]
txring                  0x1000104c   0x14  Data  Gb  usart.o [1]
uartflashtimer          0x10000554    0x4  Data  Lc  main.o [1]
usart_init              0x00003f3f   0x9a  Code  Gb  usart.o [1]
wdtOSCRate              0x0000562c   0x40  Data  Lc  clock_8xx.o [4]
wktType                 0x10001365    0x1  Data  Gb  modem.o [1]
xor_block               0x00004d51   0x82  Code  Lc  aes.o [1]


[1] = E:\LoRaProduct\source code\nxp_lpcxpresso_824max\lpcxpresso824\prj_xpresso82x\iar\freertos_blinky\iflash_nxp_lpcxpresso_812\Obj
[2] = command line
[3] = board_nxp_lpcxpresso_824.a
[4] = chip_8xx_lib.a
[5] = dl6M_tln.a
[6] = m6M_tl.a
[7] = rt6M_tl.a

  31 822 bytes of readonly  code memory
     501 bytes of readonly  data memory
   6 044 bytes of readwrite data memory

Errors: none
Warnings: none
