###############################################################################
#
# IAR ELF Linker V7.30.3.8024/W32 for ARM                 11/Dec/2017  23:19:58
# Copyright 2007-2014 IAR Systems AB.
#
#    Output file  =  
#        E:\LoRaProduct\source
#        code\nxp_lpcxpresso_824max\lpcxpresso824\prj_xpresso82x\iar\freertos_blinky\iflash_nxp_lpcxpresso_812\Exe\freertos_blinky.out.tmp
#    Map file     =  
#        E:\LoRaProduct\source
#        code\nxp_lpcxpresso_824max\lpcxpresso824\prj_xpresso82x\iar\freertos_blinky\iflash_nxp_lpcxpresso_812\List\freertos_blinky.map
#    Command line =  
#        "E:\LoRaProduct\source
#        code\nxp_lpcxpresso_824max\lpcxpresso824\prj_xpresso82x\iar\freertos_blinky\iflash_nxp_lpcxpresso_812\Obj\aes.o"
#        "E:\LoRaProduct\source
#        code\nxp_lpcxpresso_824max\lpcxpresso824\prj_xpresso82x\iar\lib_board_lpcxpresso824\iar_output\Exe\board_nxp_lpcxpresso_824.a"
#        "E:\LoRaProduct\source
#        code\nxp_lpcxpresso_824max\lpcxpresso824\prj_xpresso82x\iar\freertos_blinky\iflash_nxp_lpcxpresso_812\Obj\buffer.o"
#        "E:\LoRaProduct\source
#        code\nxp_lpcxpresso_824max\lpcxpresso824\prj_xpresso82x\iar\lib_chip_8xx\iar_output\Exe\chip_8xx_lib.a"
#        "E:\LoRaProduct\source
#        code\nxp_lpcxpresso_824max\lpcxpresso824\prj_xpresso82x\iar\freertos_blinky\iflash_nxp_lpcxpresso_812\Obj\cmac.o"
#        "E:\LoRaProduct\source
#        code\nxp_lpcxpresso_824max\lpcxpresso824\prj_xpresso82x\iar\freertos_blinky\iflash_nxp_lpcxpresso_812\Obj\debug.o"
#        "E:\LoRaProduct\source
#        code\nxp_lpcxpresso_824max\lpcxpresso824\prj_xpresso82x\iar\freertos_blinky\iflash_nxp_lpcxpresso_812\Obj\frame.o"
#        "E:\LoRaProduct\source
#        code\nxp_lpcxpresso_824max\lpcxpresso824\prj_xpresso82x\iar\freertos_blinky\iflash_nxp_lpcxpresso_812\Obj\hex.o"
#        "E:\LoRaProduct\source
#        code\nxp_lpcxpresso_824max\lpcxpresso824\prj_xpresso82x\iar\freertos_blinky\iflash_nxp_lpcxpresso_812\Obj\iar_startup_lpc82x.o"
#        "E:\LoRaProduct\source
#        code\nxp_lpcxpresso_824max\lpcxpresso824\prj_xpresso82x\iar\freertos_blinky\iflash_nxp_lpcxpresso_812\Obj\LoRaMac.o"
#        "E:\LoRaProduct\source
#        code\nxp_lpcxpresso_824max\lpcxpresso824\prj_xpresso82x\iar\freertos_blinky\iflash_nxp_lpcxpresso_812\Obj\LoRaMacCrypto.o"
#        "E:\LoRaProduct\source
#        code\nxp_lpcxpresso_824max\lpcxpresso824\prj_xpresso82x\iar\freertos_blinky\iflash_nxp_lpcxpresso_812\Obj\main.o"
#        "E:\LoRaProduct\source
#        code\nxp_lpcxpresso_824max\lpcxpresso824\prj_xpresso82x\iar\freertos_blinky\iflash_nxp_lpcxpresso_812\Obj\modem.o"
#        "E:\LoRaProduct\source
#        code\nxp_lpcxpresso_824max\lpcxpresso824\prj_xpresso82x\iar\freertos_blinky\iflash_nxp_lpcxpresso_812\Obj\Region.o"
#        "E:\LoRaProduct\source
#        code\nxp_lpcxpresso_824max\lpcxpresso824\prj_xpresso82x\iar\freertos_blinky\iflash_nxp_lpcxpresso_812\Obj\RegionCN470.o"
#        "E:\LoRaProduct\source
#        code\nxp_lpcxpresso_824max\lpcxpresso824\prj_xpresso82x\iar\freertos_blinky\iflash_nxp_lpcxpresso_812\Obj\RegionCommon.o"
#        "E:\LoRaProduct\source
#        code\nxp_lpcxpresso_824max\lpcxpresso824\prj_xpresso82x\iar\freertos_blinky\iflash_nxp_lpcxpresso_812\Obj\sx1276-board.o"
#        "E:\LoRaProduct\source
#        code\nxp_lpcxpresso_824max\lpcxpresso824\prj_xpresso82x\iar\freertos_blinky\iflash_nxp_lpcxpresso_812\Obj\sx1276.o"
#        "E:\LoRaProduct\source
#        code\nxp_lpcxpresso_824max\lpcxpresso824\prj_xpresso82x\iar\freertos_blinky\iflash_nxp_lpcxpresso_812\Obj\sysinit.o"
#        "E:\LoRaProduct\source
#        code\nxp_lpcxpresso_824max\lpcxpresso824\prj_xpresso82x\iar\freertos_blinky\iflash_nxp_lpcxpresso_812\Obj\timer.o"
#        "E:\LoRaProduct\source
#        code\nxp_lpcxpresso_824max\lpcxpresso824\prj_xpresso82x\iar\freertos_blinky\iflash_nxp_lpcxpresso_812\Obj\usart.o"
#        "E:\LoRaProduct\source
#        code\nxp_lpcxpresso_824max\lpcxpresso824\prj_xpresso82x\iar\freertos_blinky\iflash_nxp_lpcxpresso_812\Obj\utilities.o"
#        -o "E:\LoRaProduct\source
#        code\nxp_lpcxpresso_824max\lpcxpresso824\prj_xpresso82x\iar\freertos_blinky\iflash_nxp_lpcxpresso_812\Exe\freertos_blinky.out.tmp"
#        --map "E:\LoRaProduct\source
#        code\nxp_lpcxpresso_824max\lpcxpresso824\prj_xpresso82x\iar\freertos_blinky\iflash_nxp_lpcxpresso_812\List\freertos_blinky.map"
#        --config "C:\Program Files (x86)\IAR Systems\Embedded Workbench
#        7.0\arm\config\linker\NXP\LPC824M201.icf" --entry __iar_program_start
#        --inline --vfe
#
###############################################################################

*******************************************************************************
*** RUNTIME MODEL ATTRIBUTES
***

CppFlavor       = *
__SystemLibrary = DLib


*******************************************************************************
*** PLACEMENT SUMMARY
***

"A1":  place at 0x00000000 { ro section .intvec };
"P1":  place in [from 0x00000000 to 0x000002fb] |
                [from 0x00000300 to 0x00007fff] { ro };
"P2":  place in [from 0x10000000 to 0x10001fff] { rw, block CSTACK, block HEAP };
"P3":  place in [from 0x000002fc to 0x000002ff] { section .crp };

  Section            Kind        Address    Size  Object
  -------            ----        -------    ----  ------
"A1":                                       0xc0
  .intvec            ro code  0x00000000    0xc0  iar_startup_lpc82x.o [1]
                            - 0x000000c0    0xc0

"P1", part 1 of 2:                         0x228
  .text              ro code  0x000000c0    0xd8  timer.o [1]
  .text              ro code  0x00000198    0x1e  I32ToFlt.o [6]
  .text              ro code  0x000001b6    0x2a  zero_init3.o [7]
  .text              ro code  0x000001e0     0x2  iar_startup_lpc82x.o [1]
  .text              ro code  0x000001e4    0x48  swm_8xx.o [4]
  .text              ro code  0x0000022c    0x12  iocon_8xx.o [4]
  .text              ro code  0x0000023e     0x2  iar_startup_lpc82x.o [1]
  .text              ro code  0x00000240    0x18  gpio_8xx.o [4]
  .text              ro code  0x00000258    0x6a  I64DivMod.o [7]
  .rodata            const    0x000002c2     0x0  zero_init3.o [7]
  .rodata            const    0x000002c2     0x0  packbits_init.o [7]
  .text              ro code  0x000002c4    0x14  sysinit_8xx.o [4]
  .text              ro code  0x000002d8    0x10  iar_startup_lpc82x.o [1]
                            - 0x000002e8   0x228

"P3":                                        0x4
  .crp               ro code  0x000002fc     0x4  iar_startup_lpc82x.o [1]
                            - 0x00000300     0x4

"P1", part 2 of 2:                        0x7c75
  .text              ro code  0x00000300  0x1d58  LoRaMac.o [1]
  .text              ro code  0x00002058   0x138  debug.o [1]
  .text              ro code  0x00002190   0x654  modem.o [1]
  .text              ro code  0x000027e4   0x1a8  Region.o [1]
  .text              ro code  0x0000298c   0x268  LoRaMacCrypto.o [1]
  .text              ro code  0x00002bf4    0xa8  utilities.o [1]
  .text              ro code  0x00002c9c    0xe0  I32DivModFast.o [7]
  .text              ro code  0x00002d7c    0x5c  ABImemcpy.o [7]
  .text              ro code  0x00002dd8   0x178  uart_8xx.o [4]
  .text              ro code  0x00002f50    0xb4  iap.o [4]
  .text              ro code  0x00003004   0x255  board.o [3]
  .text              ro code  0x0000325a    0x10  strlen.o [7]
  .text              ro code  0x0000326a     0x2  iar_startup_lpc82x.o [1]
  .text              ro code  0x0000326c    0xc0  buffer.o [1]
  .text              ro code  0x0000332c   0x1e8  hex.o [1]
  .text              ro code  0x00003514    0x54  ABImemset.o [7]
  .text              ro code  0x00003568    0xa8  usart.o [1]
  .text              ro code  0x00003610    0xc8  frame.o [1]
  .text              ro code  0x000036d8   0x7cc  RegionCN470.o [1]
  .text              ro code  0x00003ea4   0x22c  cmac.o [1]
  .text              ro code  0x000040d0   0x7b4  aes.o [1]
  .text              ro code  0x00004884   0x1b4  clock_8xx.o [4]
  .text              ro code  0x00004a38   0x1c6  ring_buffer.o [4]
  .text              ro code  0x00004c00   0x404  RegionCommon.o [1]
  .text              ro code  0x00005004     0x2  iar_startup_lpc82x.o [1]
  .text              ro code  0x00005008    0x34  I32ToDbl.o [6]
  .text              ro code  0x0000503c    0xc2  DblDiv.o [6]
  .text              ro code  0x000050fe   0x184  DblMul.o [6]
  .text              ro code  0x00005282   0x1b4  DblAddSub.o [6]
  .text              ro code  0x00005438    0x58  ceil.o [6]
  .text              ro code  0x00005490    0x52  DblToI32.o [6]
  .text              ro code  0x000054e2   0x116  FltAddSub.o [6]
  .text              ro code  0x000055f8    0x32  FltToDbl.o [6]
  .text              ro code  0x0000562c    0x58  floor.o [6]
  .text              ro code  0x00005684   0x358  sx1276-board.o [1]
  .text              ro code  0x000059dc    0x48  round.o [6]
  .text              ro code  0x00005a24    0x32  DblCmpGe.o [6]
  .text              ro code  0x00005a58    0x44  spim_8xx.o [4]
  .text              ro code  0x00005a9c    0x2c  spi_8xx.o [4]
  .text              ro code  0x00005ac8    0x8c  xdint.o [6]
  .text              ro code  0x00005b54   0x42c  main.o [1]
  .text              ro code  0x00005f80    0x10  chip_8xx.o [4]
  .text              ro code  0x00005f90   0x408  irc_8xx.o [4]
  .text              ro code  0x00006398    0x34  syscon_8xx.o [4]
  .rodata            const    0x000063cc   0x100  debug.o [1]
  .text              ro code  0x000064cc    0xd8  packbits_init.o [7]
  .text              ro code  0x000065a4     0xa  abort.o [5]
  .text              ro code  0x000065b0     0xc  XXexit.o [7]
  .rodata            const    0x000065bc    0xb0  modem.o [1]
  .text              ro code  0x0000666c    0x7a  board_sysinit.o [3]
  .rodata            const    0x000066e8    0x5c  sx1276-board.o [1]
  .text              ro code  0x00006744    0x28  data_init.o [7]
  .iar.init_table    const    0x0000676c    0x2c  - Linker created -
  .text              ro code  0x00006798    0x1a  cmain.o [7]
  .text              ro code  0x000067b2     0x8  exit.o [5]
  .text              ro code  0x000067bc     0xa  cexit.o [7]
  .text              ro code  0x000067c6     0xc  cstartup_M.o [7]
  .rodata            const    0x000067d4     0x8  board.o [3]
  .text              ro code  0x000067dc     0x8  sysinit.o [1]
  .text              ro code  0x000067e4     0x4  iar_startup_lpc82x.o [1]
  .text              ro code  0x000067e8  0x16b0  sx1276.o [1]
  Initializer bytes  ro data  0x00007e98    0xdd  <for P2 s0>
                            - 0x00007f75  0x7c75

"P2":                                     0x1aa0
  P2 s0                       0x10000000   0x534  <Init block>
    .data            inited   0x10000000   0x138  LoRaMacCrypto.o [1]
    .data            inited   0x10000138   0x114  LoRaMacCrypto.o [1]
    .data            inited   0x1000024c    0xf8  LoRaMac.o [1]
    .data            inited   0x10000344    0xe4  modem.o [1]
    .data            inited   0x10000428    0x54  debug.o [1]
    .data            inited   0x1000047c    0x54  main.o [1]
    .data            inited   0x100004d0    0x38  LoRaMac.o [1]
    .data            inited   0x10000508    0x28  RegionCN470.o [1]
    .data            inited   0x10000530     0x4  utilities.o [1]
  .bss               zero     0x10000534   0x480  RegionCN470.o [1]
  .bss               zero     0x100009b4   0x40c  buffer.o [1]
  .bss               zero     0x10000dc0   0x1ac  sx1276.o [1]
  .bss               zero     0x10000f6c   0x180  modem.o [1]
  .bss               zero     0x100010ec   0x100  LoRaMac.o [1]
  .bss               zero     0x100011ec   0x100  LoRaMac.o [1]
  .bss               zero     0x100012ec    0xf4  main.o [1]
  .bss               zero     0x100013e0    0xa8  usart.o [1]
  .bss               zero     0x10001488    0x80  LoRaMac.o [1]
  .bss               zero     0x10001508    0x80  LoRaMac.o [1]
  .bss               zero     0x10001588    0x70  LoRaMac.o [1]
  .bss               zero     0x100015f8    0x40  modem.o [1]
  .bss               zero     0x10001638    0x18  LoRaMac.o [1]
  .bss               zero     0x10001650    0x15  LoRaMac.o [1]
  .bss               zero     0x10001666     0x2  irc_8xx.o [4]
  .bss               zero     0x10001668    0x14  LoRaMac.o [1]
  .bss               zero     0x1000167c    0x10  frame.o [1]
  .bss               zero     0x1000168c     0x8  timer.o [1]
  .bss               zero     0x10001694     0x4  sx1276.o [1]
  .bss               zero     0x10001698     0x4  chip_8xx.o [4]
  .bss               zero     0x1000169c     0x1  modem.o [1]
  .bss               zero     0x1000169d     0x1  modem.o [1]
  .bss               zero     0x1000169e     0x1  sx1276-board.o [1]
  .bss               zero     0x1000169f     0x1  utilities.o [1]
  CSTACK                      0x100016a0   0x400  <Block>
    CSTACK           uninit   0x100016a0   0x400  <Block tail>
                            - 0x10001aa0  0x1aa0


*******************************************************************************
*** INIT TABLE
***

          Address     Size
          -------     ----
Zero (__iar_zero_init3)
    1 destination range, total size 0x116c:
          0x10000534  0x116c

Copy/packbits (__iar_packbits_init3)
    1 source range, total size 0xdd (16% of destination):
          0x00007e98    0xdd
    1 destination range, total size 0x534:
          0x10000000   0x534



*******************************************************************************
*** MODULE SUMMARY
***

    Module                ro code  ro data  rw data
    ------                -------  -------  -------
E:\LoRaProduct\source code\nxp_lpcxpresso_824max\lpcxpresso824\prj_xpresso82x\iar\freertos_blinky\iflash_nxp_lpcxpresso_812\Obj: [1]
    LoRaMac.o               7 512       50    1 249
    LoRaMacCrypto.o           616       97      588
    Region.o                  424
    RegionCN470.o           1 996        7    1 192
    RegionCommon.o          1 028
    aes.o                   1 972
    buffer.o                  192             1 036
    cmac.o                    556
    debug.o                   312      270       84
    frame.o                   200                16
    hex.o                     488
    iar_startup_lpc82x.o      224
    main.o                  1 068       14      328
    modem.o                 1 620      214      678
    sx1276-board.o            856       92        1
    sx1276.o                5 808               432
    sysinit.o                   8
    timer.o                   216                 8
    usart.o                   168               168
    utilities.o               168        1        5
    -----------------------------------------------
    Total:                 25 432      745    5 785

command line: [2]
    -----------------------------------------------
    Total:

board_nxp_lpcxpresso_824.a: [3]
    board.o                   597        8
    board_sysinit.o           122
    -----------------------------------------------
    Total:                    719        8

chip_8xx_lib.a: [4]
    chip_8xx.o                 16                 4
    clock_8xx.o               436
    gpio_8xx.o                 24
    iap.o                     180
    iocon_8xx.o                18
    irc_8xx.o               1 032                 2
    ring_buffer.o             454
    spi_8xx.o                  44
    spim_8xx.o                 68
    swm_8xx.o                  72
    syscon_8xx.o               52
    sysinit_8xx.o              20
    uart_8xx.o                376
    -----------------------------------------------
    Total:                  2 792                 6

dl6M_tln.a: [5]
    abort.o                    10
    exit.o                      8
    -----------------------------------------------
    Total:                     18

m6M_tl.a: [6]
    DblAddSub.o               436
    DblCmpGe.o                 50
    DblDiv.o                  194
    DblMul.o                  388
    DblToI32.o                 82
    FltAddSub.o               278
    FltToDbl.o                 50
    I32ToDbl.o                 52
    I32ToFlt.o                 30
    ceil.o                     88
    floor.o                    88
    round.o                    72
    xdint.o                   140
    -----------------------------------------------
    Total:                  1 948

rt6M_tl.a: [7]
    ABImemcpy.o                92
    ABImemset.o                84
    I32DivModFast.o           224
    I64DivMod.o               106
    XXexit.o                   12
    cexit.o                    10
    cmain.o                    26
    cstartup_M.o               12
    data_init.o                40
    packbits_init.o           216
    strlen.o                   16
    zero_init3.o               42
    -----------------------------------------------
    Total:                    880

    Gaps                       19        4        1
    Linker created                      44    1 024
---------------------------------------------------
    Grand Total:           31 808      801    6 816


*******************************************************************************
*** ENTRY LIST
***

Entry                      Address   Size  Type      Object
-----                      -------   ----  ----      ------
?main                   0x00006799         Code  Gb  cmain.o [7]
AES_CMAC_Final          0x00003f99  0x138  Code  Gb  cmac.o [1]
AES_CMAC_Init           0x00003ea5   0x22  Code  Gb  cmac.o [1]
AES_CMAC_SetKey         0x00003ec7   0x10  Code  Gb  cmac.o [1]
AES_CMAC_Update         0x00003ed7   0xc2  Code  Gb  cmac.o [1]
AckTimeoutRetries       0x10000266    0x1  Data  Lc  LoRaMac.o [1]
AckTimeoutRetriesCounter
                        0x10000267    0x1  Data  Lc  LoRaMac.o [1]
AckTimeoutRetry         0x10000268    0x1  Data  Lc  LoRaMac.o [1]
AckTimeoutTimer         0x10000330   0x14  Data  Lc  LoRaMac.o [1]
AddMacCommand           0x00000e49   0x98  Code  Lc  LoRaMac.o [1]
AdrAckCounter           0x10000298    0x4  Data  Lc  LoRaMac.o [1]
AdrCtrlOn               0x1000025d    0x1  Data  Lc  LoRaMac.o [1]
AesCmacCtx              0x10000020  0x118  Data  Lc  LoRaMacCrypto.o [1]
AesContext              0x10000158   0xf4  Data  Lc  LoRaMacCrypto.o [1]
AggregatedDCycle        0x10000274    0x2  Data  Lc  LoRaMac.o [1]
AggregatedLastTxDoneTime
                        0x1000029c    0x4  Data  Lc  LoRaMac.o [1]
AggregatedTimeOff       0x100002a0    0x4  Data  Lc  LoRaMac.o [1]
AppData                 0x100012ec   0xf4  Data  Lc  main.o [1]
AppDataSize             0x10000491    0x1  Data  Lc  main.o [1]
AppEui                  0x100004a4    0x8  Data  Lc  main.o [1]
AppKey                  0x100004ac   0x10  Data  Lc  main.o [1]
AppLedStateOn           0x10000493    0x1  Data  Lc  main.o [1]
AppPort                 0x10000490    0x1  Data  Lc  main.o [1]
Bands                   0x10000520   0x10  Data  Lc  RegionCN470.o [1]
BandwidthsCN470         0x000039cc   0x18  Data  Lc  RegionCN470.o [1]
BoardDisableIrq         0x00002c69    0xc  Code  Gb  utilities.o [1]
BoardEnableIrq          0x00002c75   0x10  Code  Gb  utilities.o [1]
BoardGetBatteryLevel    0x00005dad    0x4  Code  Gb  main.o [1]
Board_Debug_Init        0x0000305d   0x2c  Code  Gb  board.o [3]
Board_GPIO_Init         0x00003089  0x17a  Code  Gb  board.o [3]
Board_Init              0x00003205   0x36  Code  Gb  board.o [3]
Board_LED_Set           0x00003043   0x1a  Code  Gb  board.o [3]
Board_SetupClocking     0x0000667f   0x48  Code  Gb  board_sysinit.o [3]
Board_SystemInit        0x000066d9    0xe  Code  Gb  board_sysinit.o [3]
CSTACK$$Base            0x100016a0          --   Gb  - Linker created -
CSTACK$$Limit           0x10001aa0          --   Gb  - Linker created -
Channel                 0x10000264    0x1  Data  Lc  LoRaMac.o [1]
Channels                0x10000534  0x480  Data  Lc  RegionCN470.o [1]
ChannelsDefaultMask     0x10000514    0xc  Data  Lc  RegionCN470.o [1]
ChannelsMask            0x10000508    0xc  Data  Lc  RegionCN470.o [1]
ChannelsNbRepCounter    0x10000263    0x1  Data  Lc  LoRaMac.o [1]
Chip_Clock_DisablePeriphClock
                        0x00003017   0x12  Code  Lc  board.o [3]
Chip_Clock_EnablePeriphClock
                        0x000056c1   0x12  Code  Lc  sx1276-board.o [1]
Chip_Clock_EnablePeriphClock
                        0x00003005   0x12  Code  Lc  board.o [3]
Chip_Clock_EnablePeriphClock
                        0x0000666d   0x12  Code  Lc  board_sysinit.o [3]
Chip_Clock_GetMainClockRate
                        0x000048f5   0x30  Code  Gb  clock_8xx.o [4]
Chip_Clock_GetSystemClockRate
                        0x00004925   0x12  Code  Gb  clock_8xx.o [4]
Chip_Clock_GetSystemPLLInClockRate
                        0x000048bb   0x26  Code  Gb  clock_8xx.o [4]
Chip_Clock_GetSystemPLLOutClockRate
                        0x000048e1   0x14  Code  Gb  clock_8xx.o [4]
Chip_Clock_GetUSARTNBaseClockRate
                        0x00004937   0x36  Code  Gb  clock_8xx.o [4]
Chip_Clock_GetWDTOSCRate
                        0x00004899   0x22  Code  Gb  clock_8xx.o [4]
Chip_Clock_SetMainClockSource
                        0x00004889    0x2  Code  Gb  clock_8xx.o [4]
Chip_Clock_SetSystemPLLSource
                        0x00004885    0x4  Code  Gb  clock_8xx.o [4]
Chip_Clock_SetUSARTNBaseClockRate
                        0x0000496d   0x5a  Code  Gb  clock_8xx.o [4]
Chip_FMC_SetFLASHAccess
                        0x00005f91    0x8  Code  Lc  irc_8xx.o [4]
Chip_GPIO_Init          0x00000241   0x10  Code  Gb  gpio_8xx.o [4]
Chip_GPIO_SetPinDIR     0x000056f5   0x1c  Code  Lc  sx1276-board.o [1]
Chip_GPIO_SetPinDIRInput
                        0x000056e5   0x10  Code  Lc  sx1276-board.o [1]
Chip_GPIO_SetPinState   0x0000303b    0x8  Code  Lc  board.o [3]
Chip_IAP_CopyRamToFlash
                        0x00002f67   0x1e  Code  Gb  iap.o [4]
Chip_IAP_EraseSector    0x00002f8d    0x8  Code  Gb  iap.o [4]
Chip_IAP_PreSectorForReadWrite
                        0x00002f59    0xe  Code  Gb  iap.o [4]
Chip_IAP_ReadPID        0x00002f95   0x16  Code  Gb  iap.o [4]
Chip_IAP_ReadUID        0x00002fab   0x2a  Code  Gb  iap.o [4]
Chip_IOCON_PinSetMode   0x0000022d   0x12  Code  Gb  iocon_8xx.o [4]
Chip_IRC_SetFreq        0x00005f99   0x9c  Code  Gb  irc_8xx.o [4]
Chip_PININT_ClearIntStatus
                        0x000067e9    0x4  Code  Lc  sx1276.o [1]
Chip_PININT_EnableIntHigh
                        0x000056e1    0x4  Code  Lc  sx1276-board.o [1]
Chip_PININT_SetPinModeEdge
                        0x000056d3    0xe  Code  Lc  sx1276-board.o [1]
Chip_SPIM_GetClockRate  0x00005a59   0x14  Code  Gb  spim_8xx.o [4]
Chip_SPIM_SetClockRate  0x00005a6d   0x2c  Code  Gb  spim_8xx.o [4]
Chip_SPI_ClearStatus    0x000067f5    0x4  Code  Lc  sx1276.o [1]
Chip_SPI_DelayConfig    0x00005a9d   0x2c  Code  Gb  spi_8xx.o [4]
Chip_SPI_GetStatus      0x000067ed    0x8  Code  Lc  sx1276.o [1]
Chip_SPI_ReceiveFrame   0x0000681b    0x6  Code  Lc  sx1276.o [1]
Chip_SPI_SendLastFrame  0x00006809   0x12  Code  Lc  sx1276.o [1]
Chip_SPI_SendMidFrame   0x00006805    0x4  Code  Lc  sx1276.o [1]
Chip_SPI_SetCFGRegBits  0x00005711    0x6  Code  Lc  sx1276-board.o [1]
Chip_SPI_SetControlInfo
                        0x000067f9    0xc  Code  Lc  sx1276.o [1]
Chip_SWM_DisableFixedPin
                        0x00003029   0x12  Code  Lc  board.o [3]
Chip_SWM_FixedPinEnable
                        0x00000203   0x20  Code  Gb  swm_8xx.o [4]
Chip_SWM_MovablePinAssign
                        0x000001e5   0x1e  Code  Gb  swm_8xx.o [4]
Chip_SYSCTL_EnablePINTWakeup
                        0x000056b1   0x10  Code  Lc  sx1276-board.o [1]
Chip_SYSCTL_PeriphReset
                        0x00005693   0x16  Code  Lc  sx1276-board.o [1]
Chip_SYSCTL_PeriphReset
                        0x00002dd9   0x1c  Code  Lc  uart_8xx.o [4]
Chip_SYSCTL_PowerDown   0x00006399   0x14  Code  Gb  syscon_8xx.o [4]
Chip_SYSCTL_PowerUp     0x000063ad   0x14  Code  Gb  syscon_8xx.o [4]
Chip_SYSCTL_SetPinInterrupt
                        0x000056a9    0x8  Code  Lc  sx1276-board.o [1]
Chip_SetupIrcClocking   0x000002c5    0x4  Code  Gb  sysinit_8xx.o [4]
Chip_UART_GetStatus     0x00002e05    0x8  Code  Lc  uart_8xx.o [4]
Chip_UART_IRQRBHandler  0x00002f1f   0x32  Code  Gb  uart_8xx.o [4]
Chip_UART_Init          0x00002e25   0x34  Code  Gb  uart_8xx.o [4]
Chip_UART_IntDisable    0x00002e01    0x4  Code  Lc  uart_8xx.o [4]
Chip_UART_IntEnable     0x00003569    0x4  Code  Lc  usart.o [1]
Chip_UART_RXIntHandlerRB
                        0x00002e8f   0x24  Code  Gb  uart_8xx.o [4]
Chip_UART_ReadByte      0x00002df9    0x8  Code  Lc  uart_8xx.o [4]
Chip_UART_ReadRB        0x00002f11    0xe  Code  Gb  uart_8xx.o [4]
Chip_UART_SendByte      0x00002df5    0x4  Code  Lc  uart_8xx.o [4]
Chip_UART_SendRB        0x00002edd   0x34  Code  Gb  uart_8xx.o [4]
Chip_UART_SetBaud       0x00002e79   0x16  Code  Gb  uart_8xx.o [4]
Chip_UART_TXIntHandlerRB
                        0x00002eb3   0x2a  Code  Gb  uart_8xx.o [4]
ComplianceTest          0x1000047c   0x14  Data  Gb  main.o [1]
CountNbOfEnabledChannels
                        0x000036e5   0x8a  Code  Lc  RegionCN470.o [1]
DataratesCN470          0x00003b50    0x8  Data  Lc  RegionCN470.o [1]
DevEui                  0x1000049c    0x8  Data  Lc  main.o [1]
DeviceState             0x10000495    0x1  Data  Lc  main.o [1]
DownLinkCounter         0x10000294    0x4  Data  Lc  LoRaMac.o [1]
DutyCycleOn             0x100004e7    0x1  Data  Lc  LoRaMac.o [1]
ExtRateIn               0x000067d8    0x4  Data  Gb  board.o [3]
FskBandwidths           0x00006a50   0xb0  Data  Gb  sx1276.o [1]
GetFskBandwidthRegValue
                        0x00006a2d   0x24  Code  Lc  sx1276.o [1]
InStream_Read           0x000064cd   0x22  Code  Lc  packbits_init.o [7]
IrqNestLevel            0x1000169f    0x1  Data  Lc  utilities.o [1]
IsLoRaMacNetworkJoined  0x1000025c    0x1  Data  Gb  LoRaMac.o [1]
IsRxWindowsEnabled      0x100004e5    0x1  Data  Lc  LoRaMac.o [1]
IsTxConfirmed           0x10000492    0x1  Data  Lc  main.o [1]
IsUpLinkCounterFixed    0x10001664    0x1  Data  Lc  LoRaMac.o [1]
JoinRequestTrials       0x10000269    0x1  Data  Lc  LoRaMac.o [1]
LMIC                    0x10000344   0xa4  Data  Gb  modem.o [1]
LastTxChannel           0x10000265    0x1  Data  Lc  LoRaMac.o [1]
LastTxIsJoinRequest     0x100004e8    0x1  Data  Lc  LoRaMac.o [1]
Led1Timer_OffLine       0x100010d8   0x14  Data  Gb  modem.o [1]
Led1Timer_OnLine        0x100010c4   0x14  Data  Gb  modem.o [1]
Led1Timer_Rx            0x100010b0   0x14  Data  Gb  modem.o [1]
Led1Timer_Tx            0x1000109c   0x14  Data  Gb  modem.o [1]
LedIndication           0x000022f1   0x96  Code  Gb  modem.o [1]
LimitTxPower            0x000036d9    0xc  Code  Lc  RegionCN470.o [1]
LoRaMacAppEui           0x1000027c    0x4  Data  Lc  LoRaMac.o [1]
LoRaMacAppKey           0x10000280    0x4  Data  Lc  LoRaMac.o [1]
LoRaMacAppSKey          0x100002d0   0x10  Data  Lc  LoRaMac.o [1]
LoRaMacBuffer           0x100010ec  0x100  Data  Lc  LoRaMac.o [1]
LoRaMacBufferPktLen     0x10000272    0x2  Data  Lc  LoRaMac.o [1]
LoRaMacCallbacks        0x100002b0    0x4  Data  Lc  LoRaMac.o [1]
LoRaMacComputeMic       0x0000298d   0x7e  Code  Gb  LoRaMacCrypto.o [1]
LoRaMacDevAddr          0x10000288    0x4  Data  Lc  LoRaMac.o [1]
LoRaMacDevEui           0x10000278    0x4  Data  Lc  LoRaMac.o [1]
LoRaMacDevNonce         0x10000270    0x2  Data  Lc  LoRaMac.o [1]
LoRaMacDeviceClass      0x10000259    0x1  Data  Lc  LoRaMac.o [1]
LoRaMacFlags            0x1000026c    0x4  Data  Gb  LoRaMac.o [1]
LoRaMacInitialization   0x000017b9  0x1f6  Code  Gb  LoRaMac.o [1]
LoRaMacInitializationTime
                        0x100002a4    0x4  Data  Lc  LoRaMac.o [1]
LoRaMacJoinComputeMic   0x00002ad3   0x4e  Code  Gb  LoRaMacCrypto.o [1]
LoRaMacJoinComputeSKeys
                        0x00002b65   0x86  Code  Gb  LoRaMacCrypto.o [1]
LoRaMacJoinDecrypt      0x00002b21   0x44  Code  Gb  LoRaMacCrypto.o [1]
LoRaMacMaxEirpTable     0x000011c8   0x10  Data  Lc  LoRaMac.o [1]
LoRaMacMcpsRequest      0x00001f25  0x124  Code  Gb  LoRaMac.o [1]
LoRaMacMibGetRequestConfirm
                        0x00001a89   0xd2  Code  Gb  LoRaMac.o [1]
LoRaMacMibSetRequestConfirm
                        0x00001b8d  0x25c  Code  Gb  LoRaMac.o [1]
LoRaMacMlmeRequest      0x00001dfd  0x128  Code  Gb  LoRaMac.o [1]
LoRaMacNetID            0x10000284    0x4  Data  Lc  LoRaMac.o [1]
LoRaMacNwkSKey          0x100002c0   0x10  Data  Lc  LoRaMac.o [1]
LoRaMacParams           0x10001588   0x38  Data  Gb  LoRaMac.o [1]
LoRaMacParamsDefaults   0x100015c0   0x38  Data  Gb  LoRaMac.o [1]
LoRaMacPayloadDecrypt   0x00002abd   0x16  Code  Gb  LoRaMacCrypto.o [1]
LoRaMacPayloadEncrypt   0x00002a0b   0xb2  Code  Gb  LoRaMacCrypto.o [1]
LoRaMacPrimitives       0x100002ac    0x4  Data  Lc  LoRaMac.o [1]
LoRaMacQueryTxPossible  0x000019bd   0xc0  Code  Gb  LoRaMac.o [1]
LoRaMacRegion           0x10000258    0x1  Data  Lc  LoRaMac.o [1]
LoRaMacRxPayload        0x100011ec  0x100  Data  Lc  LoRaMac.o [1]
LoRaMacState            0x100002a8    0x4  Data  Gb  LoRaMac.o [1]
LoRaMacTxPayloadLen     0x100004e4    0x1  Data  Lc  LoRaMac.o [1]
MODEM                   0x10000f6c  0x130  Data  Lc  modem.o [1]
MacCommandsBuffer       0x10001488   0x80  Data  Lc  LoRaMac.o [1]
MacCommandsBufferIndex  0x10000261    0x1  Data  Lc  LoRaMac.o [1]
MacCommandsBufferToRepeat
                        0x10001508   0x80  Data  Lc  LoRaMac.o [1]
MacCommandsBufferToRepeatIndex
                        0x10000262    0x1  Data  Lc  LoRaMac.o [1]
MacCommandsInNextTx     0x10000260    0x1  Data  Lc  LoRaMac.o [1]
MacStateCheckTimer      0x100002e0   0x14  Data  Lc  LoRaMac.o [1]
MaxDCycle               0x100004e6    0x1  Data  Lc  LoRaMac.o [1]
MaxJoinRequestTrials    0x1000026a    0x1  Data  Lc  LoRaMac.o [1]
MaxPayloadOfDatarateCN470
                        0x00003aa4    0x8  Data  Lc  RegionCN470.o [1]
MaxPayloadOfDatarateRepeaterCN470
                        0x00003a9c    0x8  Data  Lc  RegionCN470.o [1]
McpsConfirm             0x10001650   0x14  Data  Lc  LoRaMac.o [1]
McpsConfirm             0x00005beb    0x8  Code  Lc  main.o [1]
McpsIndication          0x10001638   0x18  Data  Lc  LoRaMac.o [1]
McpsIndication          0x00005bf5  0x176  Code  Lc  main.o [1]
Mic                     0x10000010   0x10  Data  Lc  LoRaMacCrypto.o [1]
MicBlockB0              0x10000000   0x10  Data  Lc  LoRaMacCrypto.o [1]
MlmeConfirm             0x1000024c    0xc  Data  Lc  LoRaMac.o [1]
MlmeConfirm             0x00005d6b   0x3a  Code  Lc  main.o [1]
MulticastChannels       0x1000028c    0x4  Data  Lc  LoRaMac.o [1]
NVIC_EnableIRQ          0x00005685    0xe  Code  Lc  sx1276-board.o [1]
NextTx                  0x10000494    0x1  Data  Lc  main.o [1]
NodeAckRequested        0x1000025e    0x1  Data  Lc  LoRaMac.o [1]
OnAckTimeoutTimerEvent  0x00000dc5   0x32  Code  Lc  LoRaMac.o [1]
OnLed1TimerEventNetOffline
                        0x000021ff   0x9c  Code  Lc  modem.o [1]
OnLed1TimerEventNetOnline
                        0x0000229b   0x56  Code  Lc  modem.o [1]
OnLed1TimerEventRx      0x000021e1    0x6  Code  Lc  modem.o [1]
OnLed1TimerEventTx      0x000021e7    0x4  Code  Lc  modem.o [1]
OnMacStateCheckTimerEvent
                        0x00000a79  0x226  Code  Lc  LoRaMac.o [1]
OnRadioRxDone           0x00000441  0x536  Code  Lc  LoRaMac.o [1]
OnRadioRxError          0x000009a9   0x50  Code  Lc  LoRaMac.o [1]
OnRadioRxTimeout        0x000009f9   0x74  Code  Lc  LoRaMac.o [1]
OnRadioTxDone           0x00000301   0xf8  Code  Lc  LoRaMac.o [1]
OnRadioTxTimeout        0x00000977   0x2c  Code  Lc  LoRaMac.o [1]
OnRxWindow1TimerEvent   0x00000d01   0x58  Code  Lc  LoRaMac.o [1]
OnRxWindow2TimerEvent   0x00000d5d   0x62  Code  Lc  LoRaMac.o [1]
OnTxDelayedTimerEvent   0x00000c9f   0x5c  Code  Lc  LoRaMac.o [1]
OnTxNextPacketTimerEvent
                        0x00005bbb   0x30  Code  Lc  main.o [1]
OscRateIn               0x000067d4    0x4  Data  Gb  board.o [3]
PININT0_IRQHandler      0x00007a2d  0x236  Code  Gb  sx1276.o [1]
PININT1_IRQHandler      0x00007c63   0xd0  Code  Gb  sx1276.o [1]
PININT2_IRQHandler      0x00007d3d   0xd0  Code  Gb  sx1276.o [1]
PININT3_IRQHandler      0x00007e0d   0x4e  Code  Gb  sx1276.o [1]
PININT4_IRQHandler      0x00007e5b   0x22  Code  Gb  sx1276.o [1]
PININT5_IRQHandler      0x00007e7d    0xc  Code  Gb  sx1276.o [1]
PrepareFrame            0x000013c1  0x2e0  Code  Gb  LoRaMac.o [1]
PrepareRxDoneAbort      0x000003f9   0x34  Code  Lc  LoRaMac.o [1]
PrepareTxFrame          0x00005b55   0x66  Code  Lc  main.o [1]
ProcessMacCommands      0x00000f01  0x2c2  Code  Lc  LoRaMac.o [1]
PublicNetwork           0x1000025a    0x1  Data  Lc  LoRaMac.o [1]
Radio                   0x000066e8   0x5c  Data  Gb  sx1276-board.o [1]
RadioEvents             0x100004ec   0x1c  Data  Lc  LoRaMac.o [1]
RadioEvents             0x10000e2c    0x4  Data  Lc  sx1276.o [1]
RadioIsActive           0x1000169e    0x1  Data  Lc  sx1276-board.o [1]
RadioRegsInit           0x000079fc   0x30  Data  Gb  sx1276.o [1]
Region$$Table$$Base     0x0000676c          --   Gb  - Linker created -
Region$$Table$$Limit    0x00006798          --   Gb  - Linker created -
RegionAdrNext           0x0000285f   0x1a  Code  Gb  Region.o [1]
RegionAlternateDr       0x00002925   0x12  Code  Gb  Region.o [1]
RegionApplyCFList       0x0000283d   0x10  Code  Gb  Region.o [1]
RegionApplyDrOffset     0x00002971   0x18  Code  Gb  Region.o [1]
RegionCN470AdrNext      0x000038f1   0x74  Code  Gb  RegionCN470.o [1]
RegionCN470AlternateDr  0x00003d09   0x40  Code  Gb  RegionCN470.o [1]
RegionCN470ApplyDrOffset
                        0x00003e99    0xc  Code  Gb  RegionCN470.o [1]
RegionCN470CalcBackOff  0x00003d49   0x30  Code  Gb  RegionCN470.o [1]
RegionCN470ChanMaskSet  0x000038c7   0x2a  Code  Gb  RegionCN470.o [1]
RegionCN470ComputeRxWindowParameters
                        0x00003969   0x60  Code  Gb  RegionCN470.o [1]
RegionCN470GetPhyParam  0x00003771   0xa6  Code  Gb  RegionCN470.o [1]
RegionCN470InitDefaults
                        0x0000383d   0x46  Code  Gb  RegionCN470.o [1]
RegionCN470LinkAdrReq   0x00003b59  0x140  Code  Gb  RegionCN470.o [1]
RegionCN470NextChannel  0x00003d85   0xb0  Code  Gb  RegionCN470.o [1]
RegionCN470RxConfig     0x000039e5   0x8c  Code  Gb  RegionCN470.o [1]
RegionCN470RxParamSetupReq
                        0x00003ca1   0x5a  Code  Gb  RegionCN470.o [1]
RegionCN470SetBandTxDone
                        0x0000381d   0x20  Code  Gb  RegionCN470.o [1]
RegionCN470SetContinuousWave
                        0x00003e3d   0x44  Code  Gb  RegionCN470.o [1]
RegionCN470TxConfig     0x00003aad   0xa0  Code  Gb  RegionCN470.o [1]
RegionCN470Verify       0x00003883   0x44  Code  Gb  RegionCN470.o [1]
RegionCalcBackOff       0x00002937   0x10  Code  Gb  Region.o [1]
RegionChanMaskSet       0x0000284d   0x12  Code  Gb  Region.o [1]
RegionCommonCalcBackOff
                        0x00004faf   0x56  Code  Gb  RegionCommon.o [1]
RegionCommonChanMaskCopy
                        0x00004cd3   0x1e  Code  Gb  RegionCommon.o [1]
RegionCommonChanVerifyDr
                        0x00004c1b   0x70  Code  Gb  RegionCommon.o [1]
RegionCommonComputeRxWindowParameters
                        0x00004ecd   0xaa  Code  Gb  RegionCommon.o [1]
RegionCommonComputeSymbolTimeLoRa
                        0x00004e91   0x2e  Code  Gb  RegionCommon.o [1]
RegionCommonComputeTxPower
                        0x00004f85   0x2a  Code  Gb  RegionCommon.o [1]
RegionCommonCountChannels
                        0x00004c9b   0x38  Code  Gb  RegionCommon.o [1]
RegionCommonGetJoinDc   0x00004c01   0x1a  Code  Gb  RegionCommon.o [1]
RegionCommonLinkAdrReqVerifyParams
                        0x00004deb   0xa6  Code  Gb  RegionCommon.o [1]
RegionCommonParseLinkAdrReq
                        0x00004da7   0x44  Code  Gb  RegionCommon.o [1]
RegionCommonSetBandTxDone
                        0x00004cf1    0xa  Code  Gb  RegionCommon.o [1]
RegionCommonUpdateBandTimeOff
                        0x00004cfb   0xac  Code  Gb  RegionCommon.o [1]
RegionCommonValueInRange
                        0x00004c8b   0x10  Code  Gb  RegionCommon.o [1]
RegionComputeRxWindowParameters
                        0x00002879   0x16  Code  Gb  Region.o [1]
RegionDlChannelReq      0x00002913   0x12  Code  Gb  Region.o [1]
RegionGetPhyParam       0x000027f1   0x16  Code  Gb  Region.o [1]
RegionInitDefaults      0x00002817   0x10  Code  Gb  Region.o [1]
RegionIsActive          0x000027e5    0xc  Code  Gb  Region.o [1]
RegionLinkAdrReq        0x000028bd   0x20  Code  Gb  Region.o [1]
RegionNewChannelReq     0x000028ef   0x12  Code  Gb  Region.o [1]
RegionNextChannel       0x00002947   0x1a  Code  Gb  Region.o [1]
RegionRxConfig          0x0000288f   0x16  Code  Gb  Region.o [1]
RegionRxParamSetupReq   0x000028dd   0x12  Code  Gb  Region.o [1]
RegionSetBandTxDone     0x00002807   0x10  Code  Gb  Region.o [1]
RegionSetContinuousWave
                        0x00002961   0x10  Code  Gb  Region.o [1]
RegionTxConfig          0x000028a5   0x18  Code  Gb  Region.o [1]
RegionTxParamSetupReq   0x00002901   0x12  Code  Gb  Region.o [1]
RegionVerify            0x00002827   0x16  Code  Gb  Region.o [1]
RepeaterSupport         0x1000025b    0x1  Data  Lc  LoRaMac.o [1]
ResetMacParameters      0x0000133d   0x70  Code  Lc  LoRaMac.o [1]
RingBuffer_GetCount     0x00004a39    0x8  Code  Lc  ring_buffer.o [4]
RingBuffer_Init         0x00004a67   0x10  Code  Gb  ring_buffer.o [4]
RingBuffer_Insert       0x00004a77   0x32  Code  Gb  ring_buffer.o [4]
RingBuffer_InsertMult   0x00004aa9   0x96  Code  Gb  ring_buffer.o [4]
RingBuffer_IsEmpty      0x00004a57   0x10  Code  Lc  ring_buffer.o [4]
RingBuffer_IsFull       0x00004a41   0x16  Code  Lc  ring_buffer.o [4]
RingBuffer_Pop          0x00004b3f   0x32  Code  Gb  ring_buffer.o [4]
RingBuffer_PopMult      0x00004b71   0x8e  Code  Gb  ring_buffer.o [4]
RxChainCalibration      0x00006987   0x8e  Code  Lc  sx1276.o [1]
RxSlot                  0x1000026b    0x1  Data  Lc  LoRaMac.o [1]
RxTimeoutSyncWord       0x10000f58   0x14  Data  Gb  sx1276.o [1]
RxTimeoutTimer          0x10000f44   0x14  Data  Gb  sx1276.o [1]
RxTxBuffer              0x10000e30  0x100  Data  Lc  sx1276.o [1]
RxWindow1Config         0x100004d0   0x14  Data  Lc  LoRaMac.o [1]
RxWindow1Delay          0x100002b4    0x4  Data  Lc  LoRaMac.o [1]
RxWindow2Config         0x10001668   0x14  Data  Lc  LoRaMac.o [1]
RxWindow2Delay          0x100002b8    0x4  Data  Lc  LoRaMac.o [1]
RxWindowSetup           0x00000df7   0x14  Code  Lc  LoRaMac.o [1]
RxWindowTimer1          0x10000308   0x14  Data  Lc  LoRaMac.o [1]
RxWindowTimer2          0x1000031c   0x14  Data  Lc  LoRaMac.o [1]
SX1276                  0x10000dc0   0x6c  Data  Gb  sx1276.o [1]
SX1276CheckRfFrequency  0x000059d9    0x4  Code  Gb  sx1276-board.o [1]
SX1276GetStatus         0x000068c5    0x6  Code  Gb  sx1276.o [1]
SX1276GetTimeOnAir      0x00006fe9  0x1d0  Code  Gb  sx1276.o [1]
SX1276Init              0x00006821   0xa4  Code  Gb  sx1276.o [1]
SX1276IoInit            0x0000571f  0x168  Code  Gb  sx1276-board.o [1]
SX1276IoIrqInit         0x00005887   0x74  Code  Gb  sx1276-board.o [1]
SX1276IsChannelFree     0x00006901   0x48  Code  Gb  sx1276.o [1]
SX1276OnTimeoutIrq      0x00007921   0xc8  Code  Gb  sx1276.o [1]
SX1276Random            0x00006949   0x3e  Code  Gb  sx1276.o [1]
SX1276Read              0x00007791   0x10  Code  Gb  sx1276.o [1]
SX1276ReadBuffer        0x00007823   0x8a  Code  Gb  sx1276.o [1]
SX1276ReadFifo          0x000078bb    0xe  Code  Gb  sx1276.o [1]
SX1276ReadRssi          0x00007675   0x3e  Code  Gb  sx1276.o [1]
SX1276Reset             0x000076b3   0x1c  Code  Gb  sx1276.o [1]
SX1276Send              0x000071b9   0xfa  Code  Gb  sx1276.o [1]
SX1276SetAntSwLowPower  0x00005991    0xc  Code  Gb  sx1276-board.o [1]
SX1276SetChannel        0x000068cb   0x36  Code  Gb  sx1276.o [1]
SX1276SetMaxPayloadLength
                        0x000078c9   0x2c  Code  Gb  sx1276.o [1]
SX1276SetModem          0x00007711   0x6a  Code  Gb  sx1276.o [1]
SX1276SetOpMode         0x000076e1   0x30  Code  Gb  sx1276.o [1]
SX1276SetPublicNetwork  0x000078f5   0x20  Code  Gb  sx1276.o [1]
SX1276SetRfTxPower      0x000058fb   0x90  Code  Gb  sx1276-board.o [1]
SX1276SetRx             0x00007325  0x200  Code  Gb  sx1276.o [1]
SX1276SetRxConfig       0x00006b01  0x2b8  Code  Gb  sx1276.o [1]
SX1276SetSleep          0x000072b3   0x1c  Code  Gb  sx1276.o [1]
SX1276SetStby           0x00007301   0x1a  Code  Gb  sx1276.o [1]
SX1276SetTx             0x00007525   0xa2  Code  Gb  sx1276.o [1]
SX1276SetTxConfig       0x00006dcd  0x20a  Code  Gb  sx1276.o [1]
SX1276SetTxContinuousWave
                        0x000075f9   0x7c  Code  Gb  sx1276.o [1]
SX1276StartCad          0x000075c7   0x2e  Code  Gb  sx1276.o [1]
SX1276Write             0x00007785    0xc  Code  Gb  sx1276.o [1]
SX1276WriteBuffer       0x000077a1   0x82  Code  Gb  sx1276.o [1]
SX1276WriteFifo         0x000078ad    0xe  Code  Gb  sx1276.o [1]
ScheduleTx              0x00001211  0x128  Code  Lc  LoRaMac.o [1]
Send                    0x000011d9   0x2c  Code  Gb  LoRaMac.o [1]
SendFrameOnChannel      0x000016ad   0x80  Code  Gb  LoRaMac.o [1]
SetTxContinuousWave     0x00001731   0x48  Code  Gb  LoRaMac.o [1]
SetTxContinuousWave1    0x0000177d   0x34  Code  Gb  LoRaMac.o [1]
SrvAckRequested         0x1000025f    0x1  Data  Lc  LoRaMac.o [1]
SysTick_Handler         0x0000011d   0x38  Code  Gb  timer.o [1]
SystemCoreClock         0x10001698    0x4  Data  Gb  chip_8xx.o [4]
SystemCoreClockUpdate   0x00005f81   0x10  Code  Gb  chip_8xx.o [4]
SystemInit              0x000067dd    0x8  Code  Gb  sysinit.o [1]
TimerGetCurrentTime     0x00000177    0x6  Code  Gb  timer.o [1]
TimerGetElapsedTime     0x0000017d   0x16  Code  Gb  timer.o [1]
TimerInit               0x000000c1    0xe  Code  Gb  timer.o [1]
TimerListHead           0x10001690    0x4  Data  Lc  timer.o [1]
TimerSetValue           0x00000167   0x10  Code  Gb  timer.o [1]
TimerStart              0x000000cf   0x4e  Code  Gb  timer.o [1]
TimerStop               0x00000155   0x12  Code  Gb  timer.o [1]
TxDelayedTimer          0x100002f4   0x14  Data  Lc  LoRaMac.o [1]
TxDutyCycleTime         0x10000498    0x4  Data  Lc  main.o [1]
TxNextPacketTimer       0x100004bc   0x14  Data  Lc  main.o [1]
TxTimeOnAir             0x100002bc    0x4  Data  Gb  LoRaMac.o [1]
TxTimeoutTimer          0x10000f30   0x14  Data  Gb  sx1276.o [1]
UART0_IRQHandler        0x000035e5   0x10  Code  Gb  usart.o [1]
UpLinkCounter           0x10000290    0x4  Data  Lc  LoRaMac.o [1]
ValidatePayloadLength   0x00000e0b   0x3e  Code  Lc  LoRaMac.o [1]
__Vectors               0x00000000          --   Gb  iar_startup_lpc82x.o [1]
__Vectors_End           0x000000c0         Data  Gb  iar_startup_lpc82x.o [1]
__Vectors_Size {Abs}    0x000000c0          --   Gb  iar_startup_lpc82x.o [1]
__aeabi_cdrcmple        0x00005a25         Code  Gb  DblCmpGe.o [6]
__aeabi_d2iz            0x00005491         Code  Gb  DblToI32.o [6]
__aeabi_d2uiz           0x000054b5         Code  Gb  DblToI32.o [6]
__aeabi_dadd            0x00005283         Code  Gb  DblAddSub.o [6]
__aeabi_ddiv            0x0000503d         Code  Gb  DblDiv.o [6]
__aeabi_dmul            0x000050ff         Code  Gb  DblMul.o [6]
__aeabi_dsub            0x00005349         Code  Gb  DblAddSub.o [6]
__aeabi_f2d             0x000055f9         Code  Gb  FltToDbl.o [6]
__aeabi_fsub            0x00005549         Code  Gb  FltAddSub.o [6]
__aeabi_i2d             0x00005009         Code  Gb  I32ToDbl.o [6]
__aeabi_idiv            0x00002cc9         Code  Gb  I32DivModFast.o [7]
__aeabi_idivmod         0x00002cc9         Code  Gb  I32DivModFast.o [7]
__aeabi_memclr4         0x00003565         Code  Gb  ABImemset.o [7]
__aeabi_memclr8         0x00003565         Code  Gb  ABImemset.o [7]
__aeabi_memcpy          0x00002d7d         Code  Gb  ABImemcpy.o [7]
__aeabi_memcpy4         0x00002da5         Code  Wk  ABImemcpy.o [7]
__aeabi_memset          0x00003515         Code  Gb  ABImemset.o [7]
__aeabi_ui2d            0x0000501d         Code  Gb  I32ToDbl.o [6]
__aeabi_ui2f            0x00000199         Code  Gb  I32ToFlt.o [6]
__aeabi_uidiv           0x00002ccf         Code  Gb  I32DivModFast.o [7]
__aeabi_uidivmod        0x00002ccf         Code  Gb  I32DivModFast.o [7]
__aeabi_uldivmod        0x00000259         Code  Gb  I64DivMod.o [7]
__cmain                 0x00006799         Code  Gb  cmain.o [7]
__exit                  0x000065b1         Code  Gb  XXexit.o [7]
__iar_Dint              0x00005ac9   0x8c  Code  Gb  xdint.o [6]
__iar_Memset4_word      0x00003535         Code  Gb  ABImemset.o [7]
__iar_Memset_word       0x00003521         Code  Gb  ABImemset.o [7]
__iar_ceil              0x00005439         Code  Gb  ceil.o [6]
__iar_ceill             0x00005439         Code  Gb  ceil.o [6]
__iar_d2uiz             0x000054b9         Code  Gb  DblToI32.o [6]
__iar_data_init3        0x00006745   0x28  Code  Gb  data_init.o [7]
__iar_floor             0x0000562d         Code  Gb  floor.o [6]
__iar_floorl            0x0000562d         Code  Gb  floor.o [6]
__iar_packbits_init3    0x000064ef   0xb6  Code  Gb  packbits_init.o [7]
__iar_program_start     0x000067c7         Code  Gb  cstartup_M.o [7]
__iar_ui2d              0x00005021         Code  Gb  I32ToDbl.o [6]
__iar_ui2f              0x0000019d         Code  Gb  I32ToFlt.o [6]
__iar_zero_init3        0x000001b7   0x2a  Code  Gb  zero_init3.o [7]
__vector_table          0x00000000         Data  Gb  iar_startup_lpc82x.o [1]
__vector_table_0x1c     0x00000010         Data  Gb  iar_startup_lpc82x.o [1]
_call_main              0x000067a5         Code  Gb  cmain.o [7]
_exit                   0x000067bd         Code  Gb  cexit.o [7]
_main                   0x000067af         Code  Gb  cmain.o [7]
aBlock                  0x10000138   0x10  Data  Lc  LoRaMacCrypto.o [1]
abort                   0x000065a5    0xa  Code  Gb  abort.o [5]
aes_encrypt             0x00004731   0x52  Code  Gb  aes.o [1]
aes_set_key             0x0000461d  0x114  Code  Gb  aes.o [1]
beg                     0x100009b4    0x4  Data  Lc  buffer.o [1]
buffer                  0x100009c0  0x400  Data  Lc  buffer.o [1]
buffer_alloc            0x00003283   0x4c  Code  Gb  buffer.o [1]
buffer_free             0x000032cf   0x56  Code  Gb  buffer.o [1]
buffer_init             0x0000326d   0x16  Code  Gb  buffer.o [1]
ceil                    0x00005439         Code  Gb  ceil.o [6]
ceill                   0x00005439         Code  Gb  ceil.o [6]
chip_version            0x10001694    0x4  Data  Gb  sx1276.o [1]
config_tab              0x00006044  0x354  Data  Lc  irc_8xx.o [4]
config_tab_idx          0x10001666    0x2  Data  Lc  irc_8xx.o [4]
copy_and_key            0x00004195   0x84  Code  Lc  aes.o [1]
copy_block              0x000040d1   0x42  Code  Lc  aes.o [1]
cpystr                  0x000033e9   0x18  Code  Gb  hex.o [1]
debug_char              0x00002059   0x10  Code  Gb  debug.o [1]
debug_event             0x00002145   0x2c  Code  Gb  debug.o [1]
debug_fmt               0x000020bb   0x88  Code  Gb  debug.o [1]
debug_int               0x00002069   0x30  Code  Gb  debug.o [1]
debug_str               0x00002099   0x14  Code  Gb  debug.o [1]
eeprom_init             0x00002191   0x50  Code  Gb  modem.o [1]
end                     0x100009b8    0x4  Data  Lc  buffer.o [1]
evnames                 0x100003e8   0x40  Data  Lc  modem.o [1]
exit                    0x000067b3    0x8  Code  Gb  exit.o [5]
floor                   0x0000562d         Code  Gb  floor.o [6]
floorl                  0x0000562d         Code  Gb  floor.o [6]
frame_init              0x00003611    0xe  Code  Gb  frame.o [1]
frame_rx                0x0000361f   0xb2  Code  Gb  frame.o [1]
getUARTClockID          0x00002e0d   0x18  Code  Lc  uart_8xx.o [4]
gethex                  0x0000332d   0x38  Code  Gb  hex.o [1]
gfm2_sbox               0x0000451c  0x100  Data  Lc  aes.o [1]
gfm3_sbox               0x0000441c  0x100  Data  Lc  aes.o [1]
hex2int                 0x00003391   0x2e  Code  Gb  hex.o [1]
hexval                  0x00003414  0x100  Data  Lc  hex.o [1]
iap_entry               0x00002f51    0x8  Code  Lc  iap.o [4]
joincfg                 0x00002544   0x20  Data  Lc  modem.o [1]
ledBits                 0x00003258    0x1  Data  Lc  board.o [3]
main                    0x00005db1  0x18e  Code  Gb  main.o [1]
max                     0x100009bc    0x4  Data  Lc  buffer.o [1]
memcpy1                 0x00002c2b   0x14  Code  Gb  utilities.o [1]
memcpyr                 0x00002c3f   0x16  Code  Gb  utilities.o [1]
memset1                 0x00002c55   0x14  Code  Gb  utilities.o [1]
mix_sub_columns         0x0000427d  0x19a  Code  Lc  aes.o [1]
modem_init              0x0000258d   0x54  Code  Gb  modem.o [1]
modem_rxdone            0x000025f5  0x18c  Code  Gb  modem.o [1]
next                    0x10000530    0x4  Data  Lc  utilities.o [1]
onEvent                 0x00002395  0x14c  Code  Gb  modem.o [1]
os_crc16                0x000024ed   0x32  Code  Gb  modem.o [1]
persist_init            0x0000252d   0x18  Code  Lc  modem.o [1]
puthex                  0x00003365   0x2c  Code  Gb  hex.o [1]
rand1                   0x00002bf5   0x1a  Code  Gb  utilities.o [1]
randr                   0x00002c15   0x16  Code  Gb  utilities.o [1]
reverse                 0x000033bf   0x1c  Code  Gb  hex.o [1]
round                   0x000059dd   0x48  Code  Gb  round.o [6]
rxbuff                  0x10001408   0x40  Data  Lc  usart.o [1]
rxframe                 0x1000167c   0x10  Data  Gb  frame.o [1]
rxring                  0x100013f4   0x14  Data  Gb  usart.o [1]
sBlock                  0x10000148   0x10  Data  Lc  LoRaMacCrypto.o [1]
sbox                    0x00004784  0x100  Data  Lc  aes.o [1]
sesscfg                 0x00002564   0x28  Data  Lc  modem.o [1]
shift_sub_rows          0x00004219   0x64  Code  Lc  aes.o [1]
srand1                  0x00002c0f    0x6  Code  Gb  utilities.o [1]
src_iap_array_data      0x100015f8   0x40  Data  Lc  modem.o [1]
strlen                  0x0000325b   0x10  Code  Gb  strlen.o [7]
systicks                0x1000168c    0x4  Data  Gb  timer.o [1]
tolower                 0x000033db    0xe  Code  Gb  hex.o [1]
txbuff                  0x10001448   0x40  Data  Lc  usart.o [1]
txring                  0x100013e0   0x14  Data  Gb  usart.o [1]
usart_init              0x0000356d   0x78  Code  Gb  usart.o [1]
wdtOSCRate              0x000049f8   0x40  Data  Lc  clock_8xx.o [4]
xor_block               0x00004113   0x82  Code  Lc  aes.o [1]


[1] = E:\LoRaProduct\source code\nxp_lpcxpresso_824max\lpcxpresso824\prj_xpresso82x\iar\freertos_blinky\iflash_nxp_lpcxpresso_812\Obj
[2] = command line
[3] = board_nxp_lpcxpresso_824.a
[4] = chip_8xx_lib.a
[5] = dl6M_tln.a
[6] = m6M_tl.a
[7] = rt6M_tl.a

  31 808 bytes of readonly  code memory
     801 bytes of readonly  data memory
   6 816 bytes of readwrite data memory

Errors: none
Warnings: none
