###############################################################################
#
# IAR ELF Linker V7.30.3.8024/W32 for ARM                 03/Dec/2017  22:08:42
# Copyright 2007-2014 IAR Systems AB.
#
#    Output file  =  
#        E:\LoRaProduct\source
#        code\nxp_lpcxpresso_824max\lpcxpresso824\prj_xpresso82x\iar\freertos_blinky\iflash_nxp_lpcxpresso_812\Exe\freertos_blinky.out.tmp
#    Map file     =  
#        E:\LoRaProduct\source
#        code\nxp_lpcxpresso_824max\lpcxpresso824\prj_xpresso82x\iar\freertos_blinky\iflash_nxp_lpcxpresso_812\List\freertos_blinky.map
#    Command line =  
#        "E:\LoRaProduct\source
#        code\nxp_lpcxpresso_824max\lpcxpresso824\prj_xpresso82x\iar\freertos_blinky\iflash_nxp_lpcxpresso_812\Obj\aes.o"
#        "E:\LoRaProduct\source
#        code\nxp_lpcxpresso_824max\lpcxpresso824\prj_xpresso82x\iar\lib_board_lpcxpresso824\iar_output\Exe\board_nxp_lpcxpresso_824.a"
#        "E:\LoRaProduct\source
#        code\nxp_lpcxpresso_824max\lpcxpresso824\prj_xpresso82x\iar\freertos_blinky\iflash_nxp_lpcxpresso_812\Obj\buffer.o"
#        "E:\LoRaProduct\source
#        code\nxp_lpcxpresso_824max\lpcxpresso824\prj_xpresso82x\iar\lib_chip_8xx\iar_output\Exe\chip_8xx_lib.a"
#        "E:\LoRaProduct\source
#        code\nxp_lpcxpresso_824max\lpcxpresso824\prj_xpresso82x\iar\freertos_blinky\iflash_nxp_lpcxpresso_812\Obj\cmac.o"
#        "E:\LoRaProduct\source
#        code\nxp_lpcxpresso_824max\lpcxpresso824\prj_xpresso82x\iar\freertos_blinky\iflash_nxp_lpcxpresso_812\Obj\debug.o"
#        "E:\LoRaProduct\source
#        code\nxp_lpcxpresso_824max\lpcxpresso824\prj_xpresso82x\iar\freertos_blinky\iflash_nxp_lpcxpresso_812\Obj\frame.o"
#        "E:\LoRaProduct\source
#        code\nxp_lpcxpresso_824max\lpcxpresso824\prj_xpresso82x\iar\freertos_blinky\iflash_nxp_lpcxpresso_812\Obj\hex.o"
#        "E:\LoRaProduct\source
#        code\nxp_lpcxpresso_824max\lpcxpresso824\prj_xpresso82x\iar\freertos_blinky\iflash_nxp_lpcxpresso_812\Obj\iar_startup_lpc82x.o"
#        "E:\LoRaProduct\source
#        code\nxp_lpcxpresso_824max\lpcxpresso824\prj_xpresso82x\iar\freertos_blinky\iflash_nxp_lpcxpresso_812\Obj\LoRaMac.o"
#        "E:\LoRaProduct\source
#        code\nxp_lpcxpresso_824max\lpcxpresso824\prj_xpresso82x\iar\freertos_blinky\iflash_nxp_lpcxpresso_812\Obj\LoRaMacCrypto.o"
#        "E:\LoRaProduct\source
#        code\nxp_lpcxpresso_824max\lpcxpresso824\prj_xpresso82x\iar\freertos_blinky\iflash_nxp_lpcxpresso_812\Obj\main.o"
#        "E:\LoRaProduct\source
#        code\nxp_lpcxpresso_824max\lpcxpresso824\prj_xpresso82x\iar\freertos_blinky\iflash_nxp_lpcxpresso_812\Obj\modem.o"
#        "E:\LoRaProduct\source
#        code\nxp_lpcxpresso_824max\lpcxpresso824\prj_xpresso82x\iar\freertos_blinky\iflash_nxp_lpcxpresso_812\Obj\Region.o"
#        "E:\LoRaProduct\source
#        code\nxp_lpcxpresso_824max\lpcxpresso824\prj_xpresso82x\iar\freertos_blinky\iflash_nxp_lpcxpresso_812\Obj\RegionCN470.o"
#        "E:\LoRaProduct\source
#        code\nxp_lpcxpresso_824max\lpcxpresso824\prj_xpresso82x\iar\freertos_blinky\iflash_nxp_lpcxpresso_812\Obj\RegionCommon.o"
#        "E:\LoRaProduct\source
#        code\nxp_lpcxpresso_824max\lpcxpresso824\prj_xpresso82x\iar\freertos_blinky\iflash_nxp_lpcxpresso_812\Obj\sx1276-board.o"
#        "E:\LoRaProduct\source
#        code\nxp_lpcxpresso_824max\lpcxpresso824\prj_xpresso82x\iar\freertos_blinky\iflash_nxp_lpcxpresso_812\Obj\sx1276.o"
#        "E:\LoRaProduct\source
#        code\nxp_lpcxpresso_824max\lpcxpresso824\prj_xpresso82x\iar\freertos_blinky\iflash_nxp_lpcxpresso_812\Obj\sysinit.o"
#        "E:\LoRaProduct\source
#        code\nxp_lpcxpresso_824max\lpcxpresso824\prj_xpresso82x\iar\freertos_blinky\iflash_nxp_lpcxpresso_812\Obj\timer.o"
#        "E:\LoRaProduct\source
#        code\nxp_lpcxpresso_824max\lpcxpresso824\prj_xpresso82x\iar\freertos_blinky\iflash_nxp_lpcxpresso_812\Obj\usart.o"
#        "E:\LoRaProduct\source
#        code\nxp_lpcxpresso_824max\lpcxpresso824\prj_xpresso82x\iar\freertos_blinky\iflash_nxp_lpcxpresso_812\Obj\utilities.o"
#        -o "E:\LoRaProduct\source
#        code\nxp_lpcxpresso_824max\lpcxpresso824\prj_xpresso82x\iar\freertos_blinky\iflash_nxp_lpcxpresso_812\Exe\freertos_blinky.out.tmp"
#        --map "E:\LoRaProduct\source
#        code\nxp_lpcxpresso_824max\lpcxpresso824\prj_xpresso82x\iar\freertos_blinky\iflash_nxp_lpcxpresso_812\List\freertos_blinky.map"
#        --config "C:\Program Files (x86)\IAR Systems\Embedded Workbench
#        7.0\arm\config\linker\NXP\LPC824M201.icf" --entry __iar_program_start
#        --inline --vfe
#
###############################################################################

*******************************************************************************
*** RUNTIME MODEL ATTRIBUTES
***

CppFlavor       = *
__SystemLibrary = DLib


*******************************************************************************
*** PLACEMENT SUMMARY
***

"A1":  place at 0x00000000 { ro section .intvec };
"P1":  place in [from 0x00000000 to 0x000002fb] |
                [from 0x00000300 to 0x00007fff] { ro };
"P2":  place in [from 0x10000000 to 0x10001fff] { rw, block CSTACK, block HEAP };
"P3":  place in [from 0x000002fc to 0x000002ff] { section .crp };

  Section            Kind        Address    Size  Object
  -------            ----        -------    ----  ------
"A1":                                       0xc0
  .intvec            ro code  0x00000000    0xc0  iar_startup_lpc82x.o [1]
                            - 0x000000c0    0xc0

"P1", part 1 of 2:                         0x228
  .text              ro code  0x000000c0    0xd8  timer.o [1]
  .text              ro code  0x00000198    0x1e  I32ToFlt.o [6]
  .text              ro code  0x000001b6    0x2a  zero_init3.o [7]
  .text              ro code  0x000001e0    0x48  swm_8xx.o [4]
  .text              ro code  0x00000228    0x12  iocon_8xx.o [4]
  .text              ro code  0x0000023a     0x2  iar_startup_lpc82x.o [1]
  .text              ro code  0x0000023c    0x18  gpio_8xx.o [4]
  .text              ro code  0x00000254     0x2  iar_startup_lpc82x.o [1]
  .text              ro code  0x00000256    0x6a  I64DivMod.o [7]
  .text              ro code  0x000002c0     0x2  iar_startup_lpc82x.o [1]
  .rodata            const    0x000002c2     0x0  zero_init3.o [7]
  .rodata            const    0x000002c2     0x0  packbits_init.o [7]
  .text              ro code  0x000002c4     0xc  XXexit.o [7]
  .rodata            const    0x000002d0     0x8  board.o [3]
  .text              ro code  0x000002d8    0x10  iar_startup_lpc82x.o [1]
                            - 0x000002e8   0x228

"P3":                                        0x4
  .crp               ro code  0x000002fc     0x4  iar_startup_lpc82x.o [1]
                            - 0x00000300     0x4

"P1", part 2 of 2:                        0x7aa8
  .text              ro code  0x00000300  0x1d44  LoRaMac.o [1]
  .text              ro code  0x00002044   0x718  modem.o [1]
  .text              ro code  0x0000275c   0x1a8  Region.o [1]
  .text              ro code  0x00002904   0x268  LoRaMacCrypto.o [1]
  .text              ro code  0x00002b6c    0xa8  utilities.o [1]
  .text              ro code  0x00002c14    0xe0  I32DivModFast.o [7]
  .text              ro code  0x00002cf4    0x5c  ABImemcpy.o [7]
  .text              ro code  0x00002d50    0xb4  iap.o [4]
  .text              ro code  0x00002e04   0x255  board.o [3]
  .text              ro code  0x0000305a    0x10  strlen.o [7]
  .text              ro code  0x0000306a     0x2  iar_startup_lpc82x.o [1]
  .text              ro code  0x0000306c    0xc0  buffer.o [1]
  .text              ro code  0x0000312c   0x208  hex.o [1]
  .text              ro code  0x00003334   0x178  uart_8xx.o [4]
  .text              ro code  0x000034ac    0x54  ABImemset.o [7]
  .text              ro code  0x00003500    0xa8  usart.o [1]
  .text              ro code  0x000035a8    0xc8  frame.o [1]
  .text              ro code  0x00003670   0x7cc  RegionCN470.o [1]
  .text              ro code  0x00003e3c   0x22c  cmac.o [1]
  .text              ro code  0x00004068   0x7b4  aes.o [1]
  .text              ro code  0x0000481c   0x1b4  clock_8xx.o [4]
  .text              ro code  0x000049d0   0x1c6  ring_buffer.o [4]
  .text              ro code  0x00004b98   0x404  RegionCommon.o [1]
  .text              ro code  0x00004f9c    0x34  I32ToDbl.o [6]
  .text              ro code  0x00004fd0    0xc2  DblDiv.o [6]
  .text              ro code  0x00005092   0x184  DblMul.o [6]
  .text              ro code  0x00005216   0x1b4  DblAddSub.o [6]
  .text              ro code  0x000053cc    0x58  ceil.o [6]
  .text              ro code  0x00005424    0x52  DblToI32.o [6]
  .text              ro code  0x00005476   0x116  FltAddSub.o [6]
  .text              ro code  0x0000558c    0x32  FltToDbl.o [6]
  .text              ro code  0x000055c0    0x58  floor.o [6]
  .text              ro code  0x00005618   0x358  sx1276-board.o [1]
  .text              ro code  0x00005970    0x48  round.o [6]
  .text              ro code  0x000059b8    0x32  DblCmpGe.o [6]
  .text              ro code  0x000059ec    0x44  spim_8xx.o [4]
  .text              ro code  0x00005a30    0x2c  spi_8xx.o [4]
  .text              ro code  0x00005a5c    0x8c  xdint.o [6]
  .text              ro code  0x00005ae8   0x42c  main.o [1]
  .text              ro code  0x00005f14    0x10  chip_8xx.o [4]
  .text              ro code  0x00005f24   0x408  irc_8xx.o [4]
  .text              ro code  0x0000632c    0x34  syscon_8xx.o [4]
  .text              ro code  0x00006360    0xd8  packbits_init.o [7]
  .text              ro code  0x00006438     0xa  abort.o [5]
  .rodata            const    0x00006444    0xb0  modem.o [1]
  .text              ro code  0x000064f4    0x7a  board_sysinit.o [3]
  .text              ro code  0x00006570    0x14  sysinit_8xx.o [4]
  .rodata            const    0x00006584    0x5c  sx1276-board.o [1]
  .text              ro code  0x000065e0    0x28  data_init.o [7]
  .iar.init_table    const    0x00006608    0x2c  - Linker created -
  .text              ro code  0x00006634    0x1a  cmain.o [7]
  .text              ro code  0x0000664e     0x8  exit.o [5]
  .text              ro code  0x00006658     0xa  cexit.o [7]
  .text              ro code  0x00006662     0xc  cstartup_M.o [7]
  .text              ro code  0x0000666e     0x8  sysinit.o [1]
  .text              ro code  0x00006676     0x4  iar_startup_lpc82x.o [1]
  .text              ro code  0x0000667c  0x16b0  sx1276.o [1]
  Initializer bytes  ro data  0x00007d2c    0x7c  <for P2 s0>
                            - 0x00007da8  0x7aa8

"P2":                                     0x1a50
  P2 s0                       0x10000000   0x4e0  <Init block>
    .data            inited   0x10000000   0x138  LoRaMacCrypto.o [1]
    .data            inited   0x10000138   0x114  LoRaMacCrypto.o [1]
    .data            inited   0x1000024c    0xf8  LoRaMac.o [1]
    .data            inited   0x10000344    0xe4  modem.o [1]
    .data            inited   0x10000428    0x54  main.o [1]
    .data            inited   0x1000047c    0x38  LoRaMac.o [1]
    .data            inited   0x100004b4    0x28  RegionCN470.o [1]
    .data            inited   0x100004dc     0x4  utilities.o [1]
  .bss               zero     0x100004e0   0x480  RegionCN470.o [1]
  .bss               zero     0x10000960   0x40c  buffer.o [1]
  .bss               zero     0x10000d6c   0x1ac  sx1276.o [1]
  .bss               zero     0x10000f18   0x180  modem.o [1]
  .bss               zero     0x10001098   0x100  LoRaMac.o [1]
  .bss               zero     0x10001198   0x100  LoRaMac.o [1]
  .bss               zero     0x10001298    0xf4  main.o [1]
  .bss               zero     0x1000138c    0xa8  usart.o [1]
  .bss               zero     0x10001434    0x80  LoRaMac.o [1]
  .bss               zero     0x100014b4    0x80  LoRaMac.o [1]
  .bss               zero     0x10001534    0x70  LoRaMac.o [1]
  .bss               zero     0x100015a4    0x40  modem.o [1]
  .bss               zero     0x100015e4    0x18  LoRaMac.o [1]
  .bss               zero     0x100015fc    0x15  LoRaMac.o [1]
  .bss               zero     0x10001612     0x2  irc_8xx.o [4]
  .bss               zero     0x10001614    0x14  LoRaMac.o [1]
  .bss               zero     0x10001628    0x10  frame.o [1]
  .bss               zero     0x10001638     0x8  timer.o [1]
  .bss               zero     0x10001640     0x4  sx1276.o [1]
  .bss               zero     0x10001644     0x4  chip_8xx.o [4]
  .bss               zero     0x10001648     0x1  modem.o [1]
  .bss               zero     0x10001649     0x1  modem.o [1]
  .bss               zero     0x1000164a     0x1  sx1276-board.o [1]
  .bss               zero     0x1000164b     0x1  utilities.o [1]
  CSTACK                      0x10001650   0x400  <Block>
    CSTACK           uninit   0x10001650   0x400  <Block tail>
                            - 0x10001a50  0x1a50


*******************************************************************************
*** INIT TABLE
***

          Address     Size
          -------     ----
Zero (__iar_zero_init3)
    1 destination range, total size 0x116c:
          0x100004e0  0x116c

Copy/packbits (__iar_packbits_init3)
    1 source range, total size 0x7c (9% of destination):
          0x00007d2c    0x7c
    1 destination range, total size 0x4e0:
          0x10000000   0x4e0



*******************************************************************************
*** MODULE SUMMARY
***

    Module                ro code  ro data  rw data
    ------                -------  -------  -------
E:\LoRaProduct\source code\nxp_lpcxpresso_824max\lpcxpresso824\prj_xpresso82x\iar\freertos_blinky\iflash_nxp_lpcxpresso_812\Obj: [1]
    LoRaMac.o               7 492       30    1 249
    LoRaMacCrypto.o           616       58      588
    Region.o                  424
    RegionCN470.o           1 996        4    1 192
    RegionCommon.o          1 028
    aes.o                   1 972
    buffer.o                  192             1 036
    cmac.o                    556
    frame.o                   200                16
    hex.o                     520
    iar_startup_lpc82x.o      224
    main.o                  1 068        9      328
    modem.o                 1 816      198      678
    sx1276-board.o            856       92        1
    sx1276.o                5 808               432
    sysinit.o                   8
    timer.o                   216                 8
    usart.o                   168               168
    utilities.o               168                 5
    -----------------------------------------------
    Total:                 25 328      391    5 701

command line: [2]
    -----------------------------------------------
    Total:

board_nxp_lpcxpresso_824.a: [3]
    board.o                   597        8
    board_sysinit.o           122
    -----------------------------------------------
    Total:                    719        8

chip_8xx_lib.a: [4]
    chip_8xx.o                 16                 4
    clock_8xx.o               436
    gpio_8xx.o                 24
    iap.o                     180
    iocon_8xx.o                18
    irc_8xx.o               1 032                 2
    ring_buffer.o             454
    spi_8xx.o                  44
    spim_8xx.o                 68
    swm_8xx.o                  72
    syscon_8xx.o               52
    sysinit_8xx.o              20
    uart_8xx.o                376
    -----------------------------------------------
    Total:                  2 792                 6

dl6M_tln.a: [5]
    abort.o                    10
    exit.o                      8
    -----------------------------------------------
    Total:                     18

m6M_tl.a: [6]
    DblAddSub.o               436
    DblCmpGe.o                 50
    DblDiv.o                  194
    DblMul.o                  388
    DblToI32.o                 82
    FltAddSub.o               278
    FltToDbl.o                 50
    I32ToDbl.o                 52
    I32ToFlt.o                 30
    ceil.o                     88
    floor.o                    88
    round.o                    72
    xdint.o                   140
    -----------------------------------------------
    Total:                  1 948

rt6M_tl.a: [7]
    ABImemcpy.o                92
    ABImemset.o                84
    I32DivModFast.o           224
    I64DivMod.o               106
    XXexit.o                   12
    cexit.o                    10
    cmain.o                    26
    cstartup_M.o               12
    data_init.o                40
    packbits_init.o           216
    strlen.o                   16
    zero_init3.o               42
    -----------------------------------------------
    Total:                    880

    Gaps                       17        2        1
    Linker created                      45    1 024
---------------------------------------------------
    Grand Total:           31 702      446    6 732


*******************************************************************************
*** ENTRY LIST
***

Entry                      Address   Size  Type      Object
-----                      -------   ----  ----      ------
?main                   0x00006635         Code  Gb  cmain.o [7]
AES_CMAC_Final          0x00003f31  0x138  Code  Gb  cmac.o [1]
AES_CMAC_Init           0x00003e3d   0x22  Code  Gb  cmac.o [1]
AES_CMAC_SetKey         0x00003e5f   0x10  Code  Gb  cmac.o [1]
AES_CMAC_Update         0x00003e6f   0xc2  Code  Gb  cmac.o [1]
AckTimeoutRetries       0x10000266    0x1  Data  Lc  LoRaMac.o [1]
AckTimeoutRetriesCounter
                        0x10000267    0x1  Data  Lc  LoRaMac.o [1]
AckTimeoutRetry         0x10000268    0x1  Data  Lc  LoRaMac.o [1]
AckTimeoutTimer         0x10000330   0x14  Data  Lc  LoRaMac.o [1]
AddMacCommand           0x00000e35   0x98  Code  Lc  LoRaMac.o [1]
AdrAckCounter           0x10000298    0x4  Data  Lc  LoRaMac.o [1]
AdrCtrlOn               0x1000025d    0x1  Data  Lc  LoRaMac.o [1]
AesCmacCtx              0x10000020  0x118  Data  Lc  LoRaMacCrypto.o [1]
AesContext              0x10000158   0xf4  Data  Lc  LoRaMacCrypto.o [1]
AggregatedDCycle        0x10000274    0x2  Data  Lc  LoRaMac.o [1]
AggregatedLastTxDoneTime
                        0x1000029c    0x4  Data  Lc  LoRaMac.o [1]
AggregatedTimeOff       0x100002a0    0x4  Data  Lc  LoRaMac.o [1]
AppData                 0x10001298   0xf4  Data  Lc  main.o [1]
AppDataSize             0x1000043d    0x1  Data  Lc  main.o [1]
AppEui                  0x10000450    0x8  Data  Lc  main.o [1]
AppKey                  0x10000458   0x10  Data  Lc  main.o [1]
AppLedStateOn           0x1000043f    0x1  Data  Lc  main.o [1]
AppPort                 0x1000043c    0x1  Data  Lc  main.o [1]
Bands                   0x100004cc   0x10  Data  Lc  RegionCN470.o [1]
BandwidthsCN470         0x00003964   0x18  Data  Lc  RegionCN470.o [1]
BoardDisableIrq         0x00002be1    0xc  Code  Gb  utilities.o [1]
BoardEnableIrq          0x00002bed   0x10  Code  Gb  utilities.o [1]
BoardGetBatteryLevel    0x00005d41    0x4  Code  Gb  main.o [1]
Board_Debug_Init        0x00002e5d   0x2c  Code  Gb  board.o [3]
Board_GPIO_Init         0x00002e89  0x17a  Code  Gb  board.o [3]
Board_Init              0x00003005   0x36  Code  Gb  board.o [3]
Board_LED_Set           0x00002e43   0x1a  Code  Gb  board.o [3]
Board_SetupClocking     0x00006507   0x48  Code  Gb  board_sysinit.o [3]
Board_SystemInit        0x00006561    0xe  Code  Gb  board_sysinit.o [3]
CSTACK$$Base            0x10001650          --   Gb  - Linker created -
CSTACK$$Limit           0x10001a50          --   Gb  - Linker created -
Channel                 0x10000264    0x1  Data  Lc  LoRaMac.o [1]
Channels                0x100004e0  0x480  Data  Lc  RegionCN470.o [1]
ChannelsDefaultMask     0x100004c0    0xc  Data  Lc  RegionCN470.o [1]
ChannelsMask            0x100004b4    0xc  Data  Lc  RegionCN470.o [1]
ChannelsNbRepCounter    0x10000263    0x1  Data  Lc  LoRaMac.o [1]
Chip_Clock_DisablePeriphClock
                        0x00002e17   0x12  Code  Lc  board.o [3]
Chip_Clock_EnablePeriphClock
                        0x00005655   0x12  Code  Lc  sx1276-board.o [1]
Chip_Clock_EnablePeriphClock
                        0x00002e05   0x12  Code  Lc  board.o [3]
Chip_Clock_EnablePeriphClock
                        0x000064f5   0x12  Code  Lc  board_sysinit.o [3]
Chip_Clock_GetMainClockRate
                        0x0000488d   0x30  Code  Gb  clock_8xx.o [4]
Chip_Clock_GetSystemClockRate
                        0x000048bd   0x12  Code  Gb  clock_8xx.o [4]
Chip_Clock_GetSystemPLLInClockRate
                        0x00004853   0x26  Code  Gb  clock_8xx.o [4]
Chip_Clock_GetSystemPLLOutClockRate
                        0x00004879   0x14  Code  Gb  clock_8xx.o [4]
Chip_Clock_GetUSARTNBaseClockRate
                        0x000048cf   0x36  Code  Gb  clock_8xx.o [4]
Chip_Clock_GetWDTOSCRate
                        0x00004831   0x22  Code  Gb  clock_8xx.o [4]
Chip_Clock_SetMainClockSource
                        0x00004821    0x2  Code  Gb  clock_8xx.o [4]
Chip_Clock_SetSystemPLLSource
                        0x0000481d    0x4  Code  Gb  clock_8xx.o [4]
Chip_Clock_SetUSARTNBaseClockRate
                        0x00004905   0x5a  Code  Gb  clock_8xx.o [4]
Chip_FMC_SetFLASHAccess
                        0x00005f25    0x8  Code  Lc  irc_8xx.o [4]
Chip_GPIO_Init          0x0000023d   0x10  Code  Gb  gpio_8xx.o [4]
Chip_GPIO_SetPinDIR     0x00005689   0x1c  Code  Lc  sx1276-board.o [1]
Chip_GPIO_SetPinDIRInput
                        0x00005679   0x10  Code  Lc  sx1276-board.o [1]
Chip_GPIO_SetPinState   0x00002e3b    0x8  Code  Lc  board.o [3]
Chip_IAP_CopyRamToFlash
                        0x00002d67   0x1e  Code  Gb  iap.o [4]
Chip_IAP_EraseSector    0x00002d8d    0x8  Code  Gb  iap.o [4]
Chip_IAP_PreSectorForReadWrite
                        0x00002d59    0xe  Code  Gb  iap.o [4]
Chip_IAP_ReadPID        0x00002d95   0x16  Code  Gb  iap.o [4]
Chip_IAP_ReadUID        0x00002dab   0x2a  Code  Gb  iap.o [4]
Chip_IOCON_PinSetMode   0x00000229   0x12  Code  Gb  iocon_8xx.o [4]
Chip_IRC_SetFreq        0x00005f2d   0x9c  Code  Gb  irc_8xx.o [4]
Chip_PININT_ClearIntStatus
                        0x0000667d    0x4  Code  Lc  sx1276.o [1]
Chip_PININT_EnableIntHigh
                        0x00005675    0x4  Code  Lc  sx1276-board.o [1]
Chip_PININT_SetPinModeEdge
                        0x00005667    0xe  Code  Lc  sx1276-board.o [1]
Chip_SPIM_GetClockRate  0x000059ed   0x14  Code  Gb  spim_8xx.o [4]
Chip_SPIM_SetClockRate  0x00005a01   0x2c  Code  Gb  spim_8xx.o [4]
Chip_SPI_ClearStatus    0x00006689    0x4  Code  Lc  sx1276.o [1]
Chip_SPI_DelayConfig    0x00005a31   0x2c  Code  Gb  spi_8xx.o [4]
Chip_SPI_GetStatus      0x00006681    0x8  Code  Lc  sx1276.o [1]
Chip_SPI_ReceiveFrame   0x000066af    0x6  Code  Lc  sx1276.o [1]
Chip_SPI_SendLastFrame  0x0000669d   0x12  Code  Lc  sx1276.o [1]
Chip_SPI_SendMidFrame   0x00006699    0x4  Code  Lc  sx1276.o [1]
Chip_SPI_SetCFGRegBits  0x000056a5    0x6  Code  Lc  sx1276-board.o [1]
Chip_SPI_SetControlInfo
                        0x0000668d    0xc  Code  Lc  sx1276.o [1]
Chip_SWM_DisableFixedPin
                        0x00002e29   0x12  Code  Lc  board.o [3]
Chip_SWM_FixedPinEnable
                        0x000001ff   0x20  Code  Gb  swm_8xx.o [4]
Chip_SWM_MovablePinAssign
                        0x000001e1   0x1e  Code  Gb  swm_8xx.o [4]
Chip_SYSCTL_EnablePINTWakeup
                        0x00005645   0x10  Code  Lc  sx1276-board.o [1]
Chip_SYSCTL_PeriphReset
                        0x00005627   0x16  Code  Lc  sx1276-board.o [1]
Chip_SYSCTL_PeriphReset
                        0x00003335   0x1c  Code  Lc  uart_8xx.o [4]
Chip_SYSCTL_PowerDown   0x0000632d   0x14  Code  Gb  syscon_8xx.o [4]
Chip_SYSCTL_PowerUp     0x00006341   0x14  Code  Gb  syscon_8xx.o [4]
Chip_SYSCTL_SetPinInterrupt
                        0x0000563d    0x8  Code  Lc  sx1276-board.o [1]
Chip_SetupIrcClocking   0x00006571    0x4  Code  Gb  sysinit_8xx.o [4]
Chip_UART_GetStatus     0x00003361    0x8  Code  Lc  uart_8xx.o [4]
Chip_UART_IRQRBHandler  0x0000347b   0x32  Code  Gb  uart_8xx.o [4]
Chip_UART_Init          0x00003381   0x34  Code  Gb  uart_8xx.o [4]
Chip_UART_IntDisable    0x0000335d    0x4  Code  Lc  uart_8xx.o [4]
Chip_UART_IntEnable     0x00003501    0x4  Code  Lc  usart.o [1]
Chip_UART_RXIntHandlerRB
                        0x000033eb   0x24  Code  Gb  uart_8xx.o [4]
Chip_UART_ReadByte      0x00003355    0x8  Code  Lc  uart_8xx.o [4]
Chip_UART_ReadRB        0x0000346d    0xe  Code  Gb  uart_8xx.o [4]
Chip_UART_SendByte      0x00003351    0x4  Code  Lc  uart_8xx.o [4]
Chip_UART_SendRB        0x00003439   0x34  Code  Gb  uart_8xx.o [4]
Chip_UART_SetBaud       0x000033d5   0x16  Code  Gb  uart_8xx.o [4]
Chip_UART_TXIntHandlerRB
                        0x0000340f   0x2a  Code  Gb  uart_8xx.o [4]
ComplianceTest          0x10000428   0x14  Data  Gb  main.o [1]
CountNbOfEnabledChannels
                        0x0000367d   0x8a  Code  Lc  RegionCN470.o [1]
DataratesCN470          0x00003ae8    0x8  Data  Lc  RegionCN470.o [1]
DevEui                  0x10000448    0x8  Data  Lc  main.o [1]
DeviceState             0x10000441    0x1  Data  Lc  main.o [1]
DownLinkCounter         0x10000294    0x4  Data  Lc  LoRaMac.o [1]
DutyCycleOn             0x10000493    0x1  Data  Lc  LoRaMac.o [1]
ExtRateIn               0x000002d4    0x4  Data  Gb  board.o [3]
FskBandwidths           0x000068e4   0xb0  Data  Gb  sx1276.o [1]
GetFskBandwidthRegValue
                        0x000068c1   0x24  Code  Lc  sx1276.o [1]
InStream_Read           0x00006361   0x22  Code  Lc  packbits_init.o [7]
IrqNestLevel            0x1000164b    0x1  Data  Lc  utilities.o [1]
IsLoRaMacNetworkJoined  0x1000025c    0x1  Data  Gb  LoRaMac.o [1]
IsRxWindowsEnabled      0x10000491    0x1  Data  Lc  LoRaMac.o [1]
IsTxConfirmed           0x1000043e    0x1  Data  Lc  main.o [1]
IsUpLinkCounterFixed    0x10001610    0x1  Data  Lc  LoRaMac.o [1]
JoinRequestTrials       0x10000269    0x1  Data  Lc  LoRaMac.o [1]
LMIC                    0x10000344   0xa4  Data  Gb  modem.o [1]
LastTxChannel           0x10000265    0x1  Data  Lc  LoRaMac.o [1]
LastTxIsJoinRequest     0x10000494    0x1  Data  Lc  LoRaMac.o [1]
Led1Timer_OffLine       0x10001084   0x14  Data  Gb  modem.o [1]
Led1Timer_OnLine        0x10001070   0x14  Data  Gb  modem.o [1]
Led1Timer_Rx            0x1000105c   0x14  Data  Gb  modem.o [1]
Led1Timer_Tx            0x10001048   0x14  Data  Gb  modem.o [1]
LedIndication           0x000021a5   0x96  Code  Gb  modem.o [1]
LimitTxPower            0x00003671    0xc  Code  Lc  RegionCN470.o [1]
LoRaMacAppEui           0x1000027c    0x4  Data  Lc  LoRaMac.o [1]
LoRaMacAppKey           0x10000280    0x4  Data  Lc  LoRaMac.o [1]
LoRaMacAppSKey          0x100002d0   0x10  Data  Lc  LoRaMac.o [1]
LoRaMacBuffer           0x10001098  0x100  Data  Lc  LoRaMac.o [1]
LoRaMacBufferPktLen     0x10000272    0x2  Data  Lc  LoRaMac.o [1]
LoRaMacCallbacks        0x100002b0    0x4  Data  Lc  LoRaMac.o [1]
LoRaMacComputeMic       0x00002905   0x7e  Code  Gb  LoRaMacCrypto.o [1]
LoRaMacDevAddr          0x10000288    0x4  Data  Lc  LoRaMac.o [1]
LoRaMacDevEui           0x10000278    0x4  Data  Lc  LoRaMac.o [1]
LoRaMacDevNonce         0x10000270    0x2  Data  Lc  LoRaMac.o [1]
LoRaMacDeviceClass      0x10000259    0x1  Data  Lc  LoRaMac.o [1]
LoRaMacFlags            0x1000026c    0x4  Data  Gb  LoRaMac.o [1]
LoRaMacInitialization   0x000017a5  0x1f6  Code  Gb  LoRaMac.o [1]
LoRaMacInitializationTime
                        0x100002a4    0x4  Data  Lc  LoRaMac.o [1]
LoRaMacJoinComputeMic   0x00002a4b   0x4e  Code  Gb  LoRaMacCrypto.o [1]
LoRaMacJoinComputeSKeys
                        0x00002add   0x86  Code  Gb  LoRaMacCrypto.o [1]
LoRaMacJoinDecrypt      0x00002a99   0x44  Code  Gb  LoRaMacCrypto.o [1]
LoRaMacMaxEirpTable     0x000011b4   0x10  Data  Lc  LoRaMac.o [1]
LoRaMacMcpsRequest      0x00001f11  0x124  Code  Gb  LoRaMac.o [1]
LoRaMacMibGetRequestConfirm
                        0x00001a75   0xd2  Code  Gb  LoRaMac.o [1]
LoRaMacMibSetRequestConfirm
                        0x00001b79  0x25c  Code  Gb  LoRaMac.o [1]
LoRaMacMlmeRequest      0x00001de9  0x128  Code  Gb  LoRaMac.o [1]
LoRaMacNetID            0x10000284    0x4  Data  Lc  LoRaMac.o [1]
LoRaMacNwkSKey          0x100002c0   0x10  Data  Lc  LoRaMac.o [1]
LoRaMacParams           0x10001534   0x38  Data  Gb  LoRaMac.o [1]
LoRaMacParamsDefaults   0x1000156c   0x38  Data  Gb  LoRaMac.o [1]
LoRaMacPayloadDecrypt   0x00002a35   0x16  Code  Gb  LoRaMacCrypto.o [1]
LoRaMacPayloadEncrypt   0x00002983   0xb2  Code  Gb  LoRaMacCrypto.o [1]
LoRaMacPrimitives       0x100002ac    0x4  Data  Lc  LoRaMac.o [1]
LoRaMacQueryTxPossible  0x000019a9   0xc0  Code  Gb  LoRaMac.o [1]
LoRaMacRegion           0x10000258    0x1  Data  Lc  LoRaMac.o [1]
LoRaMacRxPayload        0x10001198  0x100  Data  Lc  LoRaMac.o [1]
LoRaMacState            0x100002a8    0x4  Data  Gb  LoRaMac.o [1]
LoRaMacTxPayloadLen     0x10000490    0x1  Data  Lc  LoRaMac.o [1]
MODEM                   0x10000f18  0x130  Data  Lc  modem.o [1]
MacCommandsBuffer       0x10001434   0x80  Data  Lc  LoRaMac.o [1]
MacCommandsBufferIndex  0x10000261    0x1  Data  Lc  LoRaMac.o [1]
MacCommandsBufferToRepeat
                        0x100014b4   0x80  Data  Lc  LoRaMac.o [1]
MacCommandsBufferToRepeatIndex
                        0x10000262    0x1  Data  Lc  LoRaMac.o [1]
MacCommandsInNextTx     0x10000260    0x1  Data  Lc  LoRaMac.o [1]
MacStateCheckTimer      0x100002e0   0x14  Data  Lc  LoRaMac.o [1]
MaxDCycle               0x10000492    0x1  Data  Lc  LoRaMac.o [1]
MaxJoinRequestTrials    0x1000026a    0x1  Data  Lc  LoRaMac.o [1]
MaxPayloadOfDatarateCN470
                        0x00003a3c    0x8  Data  Lc  RegionCN470.o [1]
MaxPayloadOfDatarateRepeaterCN470
                        0x00003a34    0x8  Data  Lc  RegionCN470.o [1]
McpsConfirm             0x100015fc   0x14  Data  Lc  LoRaMac.o [1]
McpsConfirm             0x00005b7f    0x8  Code  Lc  main.o [1]
McpsIndication          0x100015e4   0x18  Data  Lc  LoRaMac.o [1]
McpsIndication          0x00005b89  0x176  Code  Lc  main.o [1]
Mic                     0x10000010   0x10  Data  Lc  LoRaMacCrypto.o [1]
MicBlockB0              0x10000000   0x10  Data  Lc  LoRaMacCrypto.o [1]
MlmeConfirm             0x1000024c    0xc  Data  Lc  LoRaMac.o [1]
MlmeConfirm             0x00005cff   0x3a  Code  Lc  main.o [1]
MulticastChannels       0x1000028c    0x4  Data  Lc  LoRaMac.o [1]
NVIC_EnableIRQ          0x00005619    0xe  Code  Lc  sx1276-board.o [1]
NextTx                  0x10000440    0x1  Data  Lc  main.o [1]
NodeAckRequested        0x1000025e    0x1  Data  Lc  LoRaMac.o [1]
OnAckTimeoutTimerEvent  0x00000db1   0x32  Code  Lc  LoRaMac.o [1]
OnLed1TimerEventNetOffline
                        0x000020b3   0x9c  Code  Lc  modem.o [1]
OnLed1TimerEventNetOnline
                        0x0000214f   0x56  Code  Lc  modem.o [1]
OnLed1TimerEventRx      0x00002095    0x6  Code  Lc  modem.o [1]
OnLed1TimerEventTx      0x0000209b    0x4  Code  Lc  modem.o [1]
OnMacStateCheckTimerEvent
                        0x00000a71  0x226  Code  Lc  LoRaMac.o [1]
OnRadioRxDone           0x0000043d  0x536  Code  Lc  LoRaMac.o [1]
OnRadioRxError          0x000009a5   0x50  Code  Lc  LoRaMac.o [1]
OnRadioRxTimeout        0x000009f5   0x6e  Code  Lc  LoRaMac.o [1]
OnRadioTxDone           0x00000301   0xf2  Code  Lc  LoRaMac.o [1]
OnRadioTxTimeout        0x00000973   0x2c  Code  Lc  LoRaMac.o [1]
OnRxWindow1TimerEvent   0x00000cf9   0x52  Code  Lc  LoRaMac.o [1]
OnRxWindow2TimerEvent   0x00000d51   0x56  Code  Lc  LoRaMac.o [1]
OnTxDelayedTimerEvent   0x00000c97   0x5c  Code  Lc  LoRaMac.o [1]
OnTxNextPacketTimerEvent
                        0x00005b4f   0x30  Code  Lc  main.o [1]
OscRateIn               0x000002d0    0x4  Data  Gb  board.o [3]
PININT0_IRQHandler      0x000078c1  0x236  Code  Gb  sx1276.o [1]
PININT1_IRQHandler      0x00007af7   0xd0  Code  Gb  sx1276.o [1]
PININT2_IRQHandler      0x00007bd1   0xd0  Code  Gb  sx1276.o [1]
PININT3_IRQHandler      0x00007ca1   0x4e  Code  Gb  sx1276.o [1]
PININT4_IRQHandler      0x00007cef   0x22  Code  Gb  sx1276.o [1]
PININT5_IRQHandler      0x00007d11    0xc  Code  Gb  sx1276.o [1]
PrepareFrame            0x000013ad  0x2e0  Code  Gb  LoRaMac.o [1]
PrepareRxDoneAbort      0x000003f3   0x34  Code  Lc  LoRaMac.o [1]
PrepareTxFrame          0x00005ae9   0x66  Code  Lc  main.o [1]
ProcessMacCommands      0x00000eed  0x2c2  Code  Lc  LoRaMac.o [1]
PublicNetwork           0x1000025a    0x1  Data  Lc  LoRaMac.o [1]
Radio                   0x00006584   0x5c  Data  Gb  sx1276-board.o [1]
RadioEvents             0x10000498   0x1c  Data  Lc  LoRaMac.o [1]
RadioEvents             0x10000dd8    0x4  Data  Lc  sx1276.o [1]
RadioIsActive           0x1000164a    0x1  Data  Lc  sx1276-board.o [1]
RadioRegsInit           0x00007890   0x30  Data  Gb  sx1276.o [1]
Region$$Table$$Base     0x00006608          --   Gb  - Linker created -
Region$$Table$$Limit    0x00006634          --   Gb  - Linker created -
RegionAdrNext           0x000027d7   0x1a  Code  Gb  Region.o [1]
RegionAlternateDr       0x0000289d   0x12  Code  Gb  Region.o [1]
RegionApplyCFList       0x000027b5   0x10  Code  Gb  Region.o [1]
RegionApplyDrOffset     0x000028e9   0x18  Code  Gb  Region.o [1]
RegionCN470AdrNext      0x00003889   0x74  Code  Gb  RegionCN470.o [1]
RegionCN470AlternateDr  0x00003ca1   0x40  Code  Gb  RegionCN470.o [1]
RegionCN470ApplyDrOffset
                        0x00003e31    0xc  Code  Gb  RegionCN470.o [1]
RegionCN470CalcBackOff  0x00003ce1   0x30  Code  Gb  RegionCN470.o [1]
RegionCN470ChanMaskSet  0x0000385f   0x2a  Code  Gb  RegionCN470.o [1]
RegionCN470ComputeRxWindowParameters
                        0x00003901   0x60  Code  Gb  RegionCN470.o [1]
RegionCN470GetPhyParam  0x00003709   0xa6  Code  Gb  RegionCN470.o [1]
RegionCN470InitDefaults
                        0x000037d5   0x46  Code  Gb  RegionCN470.o [1]
RegionCN470LinkAdrReq   0x00003af1  0x140  Code  Gb  RegionCN470.o [1]
RegionCN470NextChannel  0x00003d1d   0xb0  Code  Gb  RegionCN470.o [1]
RegionCN470RxConfig     0x0000397d   0x8c  Code  Gb  RegionCN470.o [1]
RegionCN470RxParamSetupReq
                        0x00003c39   0x5a  Code  Gb  RegionCN470.o [1]
RegionCN470SetBandTxDone
                        0x000037b5   0x20  Code  Gb  RegionCN470.o [1]
RegionCN470SetContinuousWave
                        0x00003dd5   0x44  Code  Gb  RegionCN470.o [1]
RegionCN470TxConfig     0x00003a45   0xa0  Code  Gb  RegionCN470.o [1]
RegionCN470Verify       0x0000381b   0x44  Code  Gb  RegionCN470.o [1]
RegionCalcBackOff       0x000028af   0x10  Code  Gb  Region.o [1]
RegionChanMaskSet       0x000027c5   0x12  Code  Gb  Region.o [1]
RegionCommonCalcBackOff
                        0x00004f47   0x56  Code  Gb  RegionCommon.o [1]
RegionCommonChanMaskCopy
                        0x00004c6b   0x1e  Code  Gb  RegionCommon.o [1]
RegionCommonChanVerifyDr
                        0x00004bb3   0x70  Code  Gb  RegionCommon.o [1]
RegionCommonComputeRxWindowParameters
                        0x00004e65   0xaa  Code  Gb  RegionCommon.o [1]
RegionCommonComputeSymbolTimeLoRa
                        0x00004e29   0x2e  Code  Gb  RegionCommon.o [1]
RegionCommonComputeTxPower
                        0x00004f1d   0x2a  Code  Gb  RegionCommon.o [1]
RegionCommonCountChannels
                        0x00004c33   0x38  Code  Gb  RegionCommon.o [1]
RegionCommonGetJoinDc   0x00004b99   0x1a  Code  Gb  RegionCommon.o [1]
RegionCommonLinkAdrReqVerifyParams
                        0x00004d83   0xa6  Code  Gb  RegionCommon.o [1]
RegionCommonParseLinkAdrReq
                        0x00004d3f   0x44  Code  Gb  RegionCommon.o [1]
RegionCommonSetBandTxDone
                        0x00004c89    0xa  Code  Gb  RegionCommon.o [1]
RegionCommonUpdateBandTimeOff
                        0x00004c93   0xac  Code  Gb  RegionCommon.o [1]
RegionCommonValueInRange
                        0x00004c23   0x10  Code  Gb  RegionCommon.o [1]
RegionComputeRxWindowParameters
                        0x000027f1   0x16  Code  Gb  Region.o [1]
RegionDlChannelReq      0x0000288b   0x12  Code  Gb  Region.o [1]
RegionGetPhyParam       0x00002769   0x16  Code  Gb  Region.o [1]
RegionInitDefaults      0x0000278f   0x10  Code  Gb  Region.o [1]
RegionIsActive          0x0000275d    0xc  Code  Gb  Region.o [1]
RegionLinkAdrReq        0x00002835   0x20  Code  Gb  Region.o [1]
RegionNewChannelReq     0x00002867   0x12  Code  Gb  Region.o [1]
RegionNextChannel       0x000028bf   0x1a  Code  Gb  Region.o [1]
RegionRxConfig          0x00002807   0x16  Code  Gb  Region.o [1]
RegionRxParamSetupReq   0x00002855   0x12  Code  Gb  Region.o [1]
RegionSetBandTxDone     0x0000277f   0x10  Code  Gb  Region.o [1]
RegionSetContinuousWave
                        0x000028d9   0x10  Code  Gb  Region.o [1]
RegionTxConfig          0x0000281d   0x18  Code  Gb  Region.o [1]
RegionTxParamSetupReq   0x00002879   0x12  Code  Gb  Region.o [1]
RegionVerify            0x0000279f   0x16  Code  Gb  Region.o [1]
RepeaterSupport         0x1000025b    0x1  Data  Lc  LoRaMac.o [1]
ResetMacParameters      0x00001329   0x70  Code  Lc  LoRaMac.o [1]
RingBuffer_GetCount     0x000049d1    0x8  Code  Lc  ring_buffer.o [4]
RingBuffer_Init         0x000049ff   0x10  Code  Gb  ring_buffer.o [4]
RingBuffer_Insert       0x00004a0f   0x32  Code  Gb  ring_buffer.o [4]
RingBuffer_InsertMult   0x00004a41   0x96  Code  Gb  ring_buffer.o [4]
RingBuffer_IsEmpty      0x000049ef   0x10  Code  Lc  ring_buffer.o [4]
RingBuffer_IsFull       0x000049d9   0x16  Code  Lc  ring_buffer.o [4]
RingBuffer_Pop          0x00004ad7   0x32  Code  Gb  ring_buffer.o [4]
RingBuffer_PopMult      0x00004b09   0x8e  Code  Gb  ring_buffer.o [4]
RxChainCalibration      0x0000681b   0x8e  Code  Lc  sx1276.o [1]
RxSlot                  0x1000026b    0x1  Data  Lc  LoRaMac.o [1]
RxTimeoutSyncWord       0x10000f04   0x14  Data  Gb  sx1276.o [1]
RxTimeoutTimer          0x10000ef0   0x14  Data  Gb  sx1276.o [1]
RxTxBuffer              0x10000ddc  0x100  Data  Lc  sx1276.o [1]
RxWindow1Config         0x1000047c   0x14  Data  Lc  LoRaMac.o [1]
RxWindow1Delay          0x100002b4    0x4  Data  Lc  LoRaMac.o [1]
RxWindow2Config         0x10001614   0x14  Data  Lc  LoRaMac.o [1]
RxWindow2Delay          0x100002b8    0x4  Data  Lc  LoRaMac.o [1]
RxWindowSetup           0x00000de3   0x14  Code  Lc  LoRaMac.o [1]
RxWindowTimer1          0x10000308   0x14  Data  Lc  LoRaMac.o [1]
RxWindowTimer2          0x1000031c   0x14  Data  Lc  LoRaMac.o [1]
SX1276                  0x10000d6c   0x6c  Data  Gb  sx1276.o [1]
SX1276CheckRfFrequency  0x0000596d    0x4  Code  Gb  sx1276-board.o [1]
SX1276GetStatus         0x00006759    0x6  Code  Gb  sx1276.o [1]
SX1276GetTimeOnAir      0x00006e7d  0x1d0  Code  Gb  sx1276.o [1]
SX1276Init              0x000066b5   0xa4  Code  Gb  sx1276.o [1]
SX1276IoInit            0x000056b3  0x168  Code  Gb  sx1276-board.o [1]
SX1276IoIrqInit         0x0000581b   0x74  Code  Gb  sx1276-board.o [1]
SX1276IsChannelFree     0x00006795   0x48  Code  Gb  sx1276.o [1]
SX1276OnTimeoutIrq      0x000077b5   0xc8  Code  Gb  sx1276.o [1]
SX1276Random            0x000067dd   0x3e  Code  Gb  sx1276.o [1]
SX1276Read              0x00007625   0x10  Code  Gb  sx1276.o [1]
SX1276ReadBuffer        0x000076b7   0x8a  Code  Gb  sx1276.o [1]
SX1276ReadFifo          0x0000774f    0xe  Code  Gb  sx1276.o [1]
SX1276ReadRssi          0x00007509   0x3e  Code  Gb  sx1276.o [1]
SX1276Reset             0x00007547   0x1c  Code  Gb  sx1276.o [1]
SX1276Send              0x0000704d   0xfa  Code  Gb  sx1276.o [1]
SX1276SetAntSwLowPower  0x00005925    0xc  Code  Gb  sx1276-board.o [1]
SX1276SetChannel        0x0000675f   0x36  Code  Gb  sx1276.o [1]
SX1276SetMaxPayloadLength
                        0x0000775d   0x2c  Code  Gb  sx1276.o [1]
SX1276SetModem          0x000075a5   0x6a  Code  Gb  sx1276.o [1]
SX1276SetOpMode         0x00007575   0x30  Code  Gb  sx1276.o [1]
SX1276SetPublicNetwork  0x00007789   0x20  Code  Gb  sx1276.o [1]
SX1276SetRfTxPower      0x0000588f   0x90  Code  Gb  sx1276-board.o [1]
SX1276SetRx             0x000071b9  0x200  Code  Gb  sx1276.o [1]
SX1276SetRxConfig       0x00006995  0x2b8  Code  Gb  sx1276.o [1]
SX1276SetSleep          0x00007147   0x1c  Code  Gb  sx1276.o [1]
SX1276SetStby           0x00007195   0x1a  Code  Gb  sx1276.o [1]
SX1276SetTx             0x000073b9   0xa2  Code  Gb  sx1276.o [1]
SX1276SetTxConfig       0x00006c61  0x20a  Code  Gb  sx1276.o [1]
SX1276SetTxContinuousWave
                        0x0000748d   0x7c  Code  Gb  sx1276.o [1]
SX1276StartCad          0x0000745b   0x2e  Code  Gb  sx1276.o [1]
SX1276Write             0x00007619    0xc  Code  Gb  sx1276.o [1]
SX1276WriteBuffer       0x00007635   0x82  Code  Gb  sx1276.o [1]
SX1276WriteFifo         0x00007741    0xe  Code  Gb  sx1276.o [1]
ScheduleTx              0x000011fd  0x128  Code  Lc  LoRaMac.o [1]
Send                    0x000011c5   0x2c  Code  Gb  LoRaMac.o [1]
SendFrameOnChannel      0x00001699   0x80  Code  Gb  LoRaMac.o [1]
SetTxContinuousWave     0x0000171d   0x48  Code  Gb  LoRaMac.o [1]
SetTxContinuousWave1    0x00001769   0x34  Code  Gb  LoRaMac.o [1]
SrvAckRequested         0x1000025f    0x1  Data  Lc  LoRaMac.o [1]
SysTick_Handler         0x0000011d   0x38  Code  Gb  timer.o [1]
SystemCoreClock         0x10001644    0x4  Data  Gb  chip_8xx.o [4]
SystemCoreClockUpdate   0x00005f15   0x10  Code  Gb  chip_8xx.o [4]
SystemInit              0x0000666f    0x8  Code  Gb  sysinit.o [1]
TimerGetCurrentTime     0x00000177    0x6  Code  Gb  timer.o [1]
TimerGetElapsedTime     0x0000017d   0x16  Code  Gb  timer.o [1]
TimerInit               0x000000c1    0xe  Code  Gb  timer.o [1]
TimerListHead           0x1000163c    0x4  Data  Lc  timer.o [1]
TimerSetValue           0x00000167   0x10  Code  Gb  timer.o [1]
TimerStart              0x000000cf   0x4e  Code  Gb  timer.o [1]
TimerStop               0x00000155   0x12  Code  Gb  timer.o [1]
TxDelayedTimer          0x100002f4   0x14  Data  Lc  LoRaMac.o [1]
TxDutyCycleTime         0x10000444    0x4  Data  Lc  main.o [1]
TxNextPacketTimer       0x10000468   0x14  Data  Lc  main.o [1]
TxTimeOnAir             0x100002bc    0x4  Data  Gb  LoRaMac.o [1]
TxTimeoutTimer          0x10000edc   0x14  Data  Gb  sx1276.o [1]
UART0_IRQHandler        0x0000357d   0x10  Code  Gb  usart.o [1]
UpLinkCounter           0x10000290    0x4  Data  Lc  LoRaMac.o [1]
ValidatePayloadLength   0x00000df7   0x3e  Code  Lc  LoRaMac.o [1]
__Vectors               0x00000000          --   Gb  iar_startup_lpc82x.o [1]
__Vectors_End           0x000000c0         Data  Gb  iar_startup_lpc82x.o [1]
__Vectors_Size {Abs}    0x000000c0          --   Gb  iar_startup_lpc82x.o [1]
__aeabi_cdrcmple        0x000059b9         Code  Gb  DblCmpGe.o [6]
__aeabi_d2iz            0x00005425         Code  Gb  DblToI32.o [6]
__aeabi_d2uiz           0x00005449         Code  Gb  DblToI32.o [6]
__aeabi_dadd            0x00005217         Code  Gb  DblAddSub.o [6]
__aeabi_ddiv            0x00004fd1         Code  Gb  DblDiv.o [6]
__aeabi_dmul            0x00005093         Code  Gb  DblMul.o [6]
__aeabi_dsub            0x000052dd         Code  Gb  DblAddSub.o [6]
__aeabi_f2d             0x0000558d         Code  Gb  FltToDbl.o [6]
__aeabi_fsub            0x000054dd         Code  Gb  FltAddSub.o [6]
__aeabi_i2d             0x00004f9d         Code  Gb  I32ToDbl.o [6]
__aeabi_idiv            0x00002c41         Code  Gb  I32DivModFast.o [7]
__aeabi_idivmod         0x00002c41         Code  Gb  I32DivModFast.o [7]
__aeabi_memclr4         0x000034fd         Code  Gb  ABImemset.o [7]
__aeabi_memclr8         0x000034fd         Code  Gb  ABImemset.o [7]
__aeabi_memcpy          0x00002cf5         Code  Gb  ABImemcpy.o [7]
__aeabi_memcpy4         0x00002d1d         Code  Wk  ABImemcpy.o [7]
__aeabi_memset          0x000034ad         Code  Gb  ABImemset.o [7]
__aeabi_ui2d            0x00004fb1         Code  Gb  I32ToDbl.o [6]
__aeabi_ui2f            0x00000199         Code  Gb  I32ToFlt.o [6]
__aeabi_uidiv           0x00002c47         Code  Gb  I32DivModFast.o [7]
__aeabi_uidivmod        0x00002c47         Code  Gb  I32DivModFast.o [7]
__aeabi_uldivmod        0x00000257         Code  Gb  I64DivMod.o [7]
__cmain                 0x00006635         Code  Gb  cmain.o [7]
__exit                  0x000002c5         Code  Gb  XXexit.o [7]
__iar_Dint              0x00005a5d   0x8c  Code  Gb  xdint.o [6]
__iar_Memset4_word      0x000034cd         Code  Gb  ABImemset.o [7]
__iar_Memset_word       0x000034b9         Code  Gb  ABImemset.o [7]
__iar_ceil              0x000053cd         Code  Gb  ceil.o [6]
__iar_ceill             0x000053cd         Code  Gb  ceil.o [6]
__iar_d2uiz             0x0000544d         Code  Gb  DblToI32.o [6]
__iar_data_init3        0x000065e1   0x28  Code  Gb  data_init.o [7]
__iar_floor             0x000055c1         Code  Gb  floor.o [6]
__iar_floorl            0x000055c1         Code  Gb  floor.o [6]
__iar_packbits_init3    0x00006383   0xb6  Code  Gb  packbits_init.o [7]
__iar_program_start     0x00006663         Code  Gb  cstartup_M.o [7]
__iar_ui2d              0x00004fb5         Code  Gb  I32ToDbl.o [6]
__iar_ui2f              0x0000019d         Code  Gb  I32ToFlt.o [6]
__iar_zero_init3        0x000001b7   0x2a  Code  Gb  zero_init3.o [7]
__vector_table          0x00000000         Data  Gb  iar_startup_lpc82x.o [1]
__vector_table_0x1c     0x00000010         Data  Gb  iar_startup_lpc82x.o [1]
_call_main              0x00006641         Code  Gb  cmain.o [7]
_exit                   0x00006659         Code  Gb  cexit.o [7]
_main                   0x0000664b         Code  Gb  cmain.o [7]
aBlock                  0x10000138   0x10  Data  Lc  LoRaMacCrypto.o [1]
abort                   0x00006439    0xa  Code  Gb  abort.o [5]
aes_encrypt             0x000046c9   0x52  Code  Gb  aes.o [1]
aes_set_key             0x000045b5  0x114  Code  Gb  aes.o [1]
beg                     0x10000960    0x4  Data  Lc  buffer.o [1]
buffer                  0x1000096c  0x400  Data  Lc  buffer.o [1]
buffer_alloc            0x00003083   0x4c  Code  Gb  buffer.o [1]
buffer_free             0x000030cf   0x56  Code  Gb  buffer.o [1]
buffer_init             0x0000306d   0x16  Code  Gb  buffer.o [1]
ceil                    0x000053cd         Code  Gb  ceil.o [6]
ceill                   0x000053cd         Code  Gb  ceil.o [6]
chip_version            0x10001640    0x4  Data  Gb  sx1276.o [1]
config_tab              0x00005fd8  0x354  Data  Lc  irc_8xx.o [4]
config_tab_idx          0x10001612    0x2  Data  Lc  irc_8xx.o [4]
copy_and_key            0x0000412d   0x84  Code  Lc  aes.o [1]
copy_block              0x00004069   0x42  Code  Lc  aes.o [1]
cpystr                  0x00003209   0x18  Code  Gb  hex.o [1]
eeprom_init             0x00002045   0x50  Code  Gb  modem.o [1]
end                     0x10000964    0x4  Data  Lc  buffer.o [1]
evnames                 0x100003e8   0x40  Data  Lc  modem.o [1]
exit                    0x0000664f    0x8  Code  Gb  exit.o [5]
floor                   0x000055c1         Code  Gb  floor.o [6]
floorl                  0x000055c1         Code  Gb  floor.o [6]
frame_init              0x000035a9    0xe  Code  Gb  frame.o [1]
frame_rx                0x000035b7   0xb2  Code  Gb  frame.o [1]
getUARTClockID          0x00003369   0x18  Code  Lc  uart_8xx.o [4]
gethex                  0x0000312d   0x38  Code  Gb  hex.o [1]
gfm2_sbox               0x000044b4  0x100  Data  Lc  aes.o [1]
gfm3_sbox               0x000043b4  0x100  Data  Lc  aes.o [1]
hex2int                 0x000031b1   0x2e  Code  Gb  hex.o [1]
hexval                  0x00003234  0x100  Data  Lc  hex.o [1]
iap_entry               0x00002d51    0x8  Code  Lc  iap.o [4]
int2hex                 0x00003191   0x1e  Code  Gb  hex.o [1]
joincfg                 0x000023f8   0x20  Data  Lc  modem.o [1]
ledBits                 0x00003058    0x1  Data  Lc  board.o [3]
main                    0x00005d45  0x18e  Code  Gb  main.o [1]
max                     0x10000968    0x4  Data  Lc  buffer.o [1]
memcpy1                 0x00002ba3   0x14  Code  Gb  utilities.o [1]
memcpyr                 0x00002bb7   0x16  Code  Gb  utilities.o [1]
memset1                 0x00002bcd   0x14  Code  Gb  utilities.o [1]
mix_sub_columns         0x00004215  0x19a  Code  Lc  aes.o [1]
modem_init              0x00002441   0x54  Code  Gb  modem.o [1]
modem_rxdone            0x000024b5  0x246  Code  Gb  modem.o [1]
next                    0x100004dc    0x4  Data  Lc  utilities.o [1]
onEvent                 0x00002249  0x14c  Code  Gb  modem.o [1]
os_crc16                0x000023a1   0x32  Code  Gb  modem.o [1]
persist_init            0x000023e1   0x18  Code  Lc  modem.o [1]
puthex                  0x00003165   0x2c  Code  Gb  hex.o [1]
rand1                   0x00002b6d   0x1a  Code  Gb  utilities.o [1]
randr                   0x00002b8d   0x16  Code  Gb  utilities.o [1]
reverse                 0x000031df   0x1c  Code  Gb  hex.o [1]
round                   0x00005971   0x48  Code  Gb  round.o [6]
rxbuff                  0x100013b4   0x40  Data  Lc  usart.o [1]
rxframe                 0x10001628   0x10  Data  Gb  frame.o [1]
rxring                  0x100013a0   0x14  Data  Gb  usart.o [1]
sBlock                  0x10000148   0x10  Data  Lc  LoRaMacCrypto.o [1]
sbox                    0x0000471c  0x100  Data  Lc  aes.o [1]
sesscfg                 0x00002418   0x28  Data  Lc  modem.o [1]
shift_sub_rows          0x000041b1   0x64  Code  Lc  aes.o [1]
srand1                  0x00002b87    0x6  Code  Gb  utilities.o [1]
src_iap_array_data      0x100015a4   0x40  Data  Lc  modem.o [1]
strlen                  0x0000305b   0x10  Code  Gb  strlen.o [7]
systicks                0x10001638    0x4  Data  Gb  timer.o [1]
tolower                 0x000031fb    0xe  Code  Gb  hex.o [1]
txbuff                  0x100013f4   0x40  Data  Lc  usart.o [1]
txring                  0x1000138c   0x14  Data  Gb  usart.o [1]
usart_init              0x00003505   0x78  Code  Gb  usart.o [1]
wdtOSCRate              0x00004990   0x40  Data  Lc  clock_8xx.o [4]
xor_block               0x000040ab   0x82  Code  Lc  aes.o [1]


[1] = E:\LoRaProduct\source code\nxp_lpcxpresso_824max\lpcxpresso824\prj_xpresso82x\iar\freertos_blinky\iflash_nxp_lpcxpresso_812\Obj
[2] = command line
[3] = board_nxp_lpcxpresso_824.a
[4] = chip_8xx_lib.a
[5] = dl6M_tln.a
[6] = m6M_tl.a
[7] = rt6M_tl.a

  31 702 bytes of readonly  code memory
     446 bytes of readonly  data memory
   6 732 bytes of readwrite data memory

Errors: none
Warnings: none
