###############################################################################
#
# IAR ELF Linker V7.30.3.8024/W32 for ARM                 10/Feb/2018  18:07:27
# Copyright 2007-2014 IAR Systems AB.
#
#    Output file  =  
#        F:\LoRaProduct\source
#        code\nxp_lpcxpresso_824max\lpcxpresso824\prj_xpresso82x\iar\freertos_blinky\iflash_nxp_lpcxpresso_812\Exe\freertos_blinky.out.tmp
#    Map file     =  
#        F:\LoRaProduct\source
#        code\nxp_lpcxpresso_824max\lpcxpresso824\prj_xpresso82x\iar\freertos_blinky\iflash_nxp_lpcxpresso_812\List\freertos_blinky.map
#    Command line =  
#        "F:\LoRaProduct\source
#        code\nxp_lpcxpresso_824max\lpcxpresso824\prj_xpresso82x\iar\freertos_blinky\iflash_nxp_lpcxpresso_812\Obj\aes.o"
#        "F:\LoRaProduct\source
#        code\nxp_lpcxpresso_824max\lpcxpresso824\prj_xpresso82x\iar\lib_board_lpcxpresso824\iar_output\Exe\board_nxp_lpcxpresso_824.a"
#        "F:\LoRaProduct\source
#        code\nxp_lpcxpresso_824max\lpcxpresso824\prj_xpresso82x\iar\lib_chip_8xx\iar_output\Exe\chip_8xx_lib.a"
#        "F:\LoRaProduct\source
#        code\nxp_lpcxpresso_824max\lpcxpresso824\prj_xpresso82x\iar\freertos_blinky\iflash_nxp_lpcxpresso_812\Obj\cmac.o"
#        "F:\LoRaProduct\source
#        code\nxp_lpcxpresso_824max\lpcxpresso824\prj_xpresso82x\iar\freertos_blinky\iflash_nxp_lpcxpresso_812\Obj\eeprom.o"
#        "F:\LoRaProduct\source
#        code\nxp_lpcxpresso_824max\lpcxpresso824\prj_xpresso82x\iar\freertos_blinky\iflash_nxp_lpcxpresso_812\Obj\frame.o"
#        "F:\LoRaProduct\source
#        code\nxp_lpcxpresso_824max\lpcxpresso824\prj_xpresso82x\iar\freertos_blinky\iflash_nxp_lpcxpresso_812\Obj\hex.o"
#        "F:\LoRaProduct\source
#        code\nxp_lpcxpresso_824max\lpcxpresso824\prj_xpresso82x\iar\freertos_blinky\iflash_nxp_lpcxpresso_812\Obj\iar_startup_lpc82x.o"
#        "F:\LoRaProduct\source
#        code\nxp_lpcxpresso_824max\lpcxpresso824\prj_xpresso82x\iar\freertos_blinky\iflash_nxp_lpcxpresso_812\Obj\LoRaMac.o"
#        "F:\LoRaProduct\source
#        code\nxp_lpcxpresso_824max\lpcxpresso824\prj_xpresso82x\iar\freertos_blinky\iflash_nxp_lpcxpresso_812\Obj\LoRaMacCrypto.o"
#        "F:\LoRaProduct\source
#        code\nxp_lpcxpresso_824max\lpcxpresso824\prj_xpresso82x\iar\freertos_blinky\iflash_nxp_lpcxpresso_812\Obj\main.o"
#        "F:\LoRaProduct\source
#        code\nxp_lpcxpresso_824max\lpcxpresso824\prj_xpresso82x\iar\freertos_blinky\iflash_nxp_lpcxpresso_812\Obj\modem.o"
#        "F:\LoRaProduct\source
#        code\nxp_lpcxpresso_824max\lpcxpresso824\prj_xpresso82x\iar\freertos_blinky\iflash_nxp_lpcxpresso_812\Obj\Region.o"
#        "F:\LoRaProduct\source
#        code\nxp_lpcxpresso_824max\lpcxpresso824\prj_xpresso82x\iar\freertos_blinky\iflash_nxp_lpcxpresso_812\Obj\RegionCN470.o"
#        "F:\LoRaProduct\source
#        code\nxp_lpcxpresso_824max\lpcxpresso824\prj_xpresso82x\iar\freertos_blinky\iflash_nxp_lpcxpresso_812\Obj\RegionCommon.o"
#        "F:\LoRaProduct\source
#        code\nxp_lpcxpresso_824max\lpcxpresso824\prj_xpresso82x\iar\freertos_blinky\iflash_nxp_lpcxpresso_812\Obj\sx1276-board.o"
#        "F:\LoRaProduct\source
#        code\nxp_lpcxpresso_824max\lpcxpresso824\prj_xpresso82x\iar\freertos_blinky\iflash_nxp_lpcxpresso_812\Obj\sx1276.o"
#        "F:\LoRaProduct\source
#        code\nxp_lpcxpresso_824max\lpcxpresso824\prj_xpresso82x\iar\freertos_blinky\iflash_nxp_lpcxpresso_812\Obj\sysinit.o"
#        "F:\LoRaProduct\source
#        code\nxp_lpcxpresso_824max\lpcxpresso824\prj_xpresso82x\iar\freertos_blinky\iflash_nxp_lpcxpresso_812\Obj\timer.o"
#        "F:\LoRaProduct\source
#        code\nxp_lpcxpresso_824max\lpcxpresso824\prj_xpresso82x\iar\freertos_blinky\iflash_nxp_lpcxpresso_812\Obj\usart.o"
#        "F:\LoRaProduct\source
#        code\nxp_lpcxpresso_824max\lpcxpresso824\prj_xpresso82x\iar\freertos_blinky\iflash_nxp_lpcxpresso_812\Obj\utilities.o"
#        -o "F:\LoRaProduct\source
#        code\nxp_lpcxpresso_824max\lpcxpresso824\prj_xpresso82x\iar\freertos_blinky\iflash_nxp_lpcxpresso_812\Exe\freertos_blinky.out.tmp"
#        --map "F:\LoRaProduct\source
#        code\nxp_lpcxpresso_824max\lpcxpresso824\prj_xpresso82x\iar\freertos_blinky\iflash_nxp_lpcxpresso_812\List\freertos_blinky.map"
#        --config "C:\Program Files (x86)\IAR Systems\Embedded Workbench
#        7.0\arm\config\linker\NXP\LPC824M201.icf" --entry __iar_program_start
#        --inline --vfe
#
###############################################################################

*******************************************************************************
*** RUNTIME MODEL ATTRIBUTES
***

CppFlavor       = *
__SystemLibrary = DLib


*******************************************************************************
*** PLACEMENT SUMMARY
***

"A1":  place at 0x00000000 { ro section .intvec };
"P1":  place in [from 0x00000000 to 0x000002fb] |
                [from 0x00000300 to 0x00007fff] { ro };
"P2":  place in [from 0x10000000 to 0x10001fff] { rw, block CSTACK, block HEAP };
"P3":  place in [from 0x000002fc to 0x000002ff] { section .crp };

  Section            Kind        Address    Size  Object
  -------            ----        -------    ----  ------
"A1":                                       0xc0
  .intvec            ro code  0x00000000    0xc0  iar_startup_lpc82x.o [1]
                            - 0x000000c0    0xc0

"P1", part 1 of 2:                         0x1b0
  .text              ro code  0x000000c0    0xfc  timer.o [1]
  .text              ro code  0x000001bc    0xb4  iap.o [4]
  .rodata            const    0x00000270     0x0  zero_init3.o [7]
  .rodata            const    0x00000270     0x0  packbits_init.o [7]
                            - 0x00000270   0x1b0

"P3":                                        0x4
  .crp               ro code  0x000002fc     0x4  iar_startup_lpc82x.o [1]
                            - 0x00000300     0x4

"P1", part 2 of 2:                        0x7c49
  .text              ro code  0x00000300  0x1ea4  LoRaMac.o [1]
  .text              ro code  0x000021a4   0xa60  modem.o [1]
  .text              ro code  0x00002c04   0x19c  Region.o [1]
  .text              ro code  0x00002da0    0xc0  eeprom.o [1]
  .text              ro code  0x00002e60   0x288  LoRaMacCrypto.o [1]
  .text              ro code  0x000030e8    0x5c  ABImemcpy.o [7]
  .text              ro code  0x00003144    0xc8  utilities.o [1]
  .text              ro code  0x0000320c    0xe0  I32DivModFast.o [7]
  .text              ro code  0x000032ec    0x1e  I32ToFlt.o [6]
  .text              ro code  0x0000330a    0x2a  zero_init3.o [7]
  .text              ro code  0x00003334   0x470  main.o [1]
  .text              ro code  0x000037a4    0x2c  wkt_8xx.o [4]
  .text              ro code  0x000037d0    0x5c  syscon_8xx.o [4]
  .text              ro code  0x0000382c    0x7e  pmu_8xx.o [4]
  .text              ro code  0x000038aa     0x2  iar_startup_lpc82x.o [1]
  .text              ro code  0x000038ac   0x308  board.o [3]
  .text              ro code  0x00003bb4    0x10  strlen.o [7]
  .text              ro code  0x00003bc4   0x228  hex.o [1]
  .text              ro code  0x00003dec   0x178  uart_8xx.o [4]
  .text              ro code  0x00003f64   0x14c  usart.o [1]
  .text              ro code  0x000040b0    0x40  ABImemset.o [7]
  .text              ro code  0x000040f0   0x114  frame.o [1]
  .text              ro code  0x00004204   0x9ac  RegionCN470.o [1]
  .text              ro code  0x00004bb0   0x24a  cmac.o [1]
  .text              ro code  0x00004dfa     0x2  iar_startup_lpc82x.o [1]
  .text              ro code  0x00004dfc   0x7c0  aes.o [1]
  .text              ro code  0x000055bc    0x10  chip_8xx.o [4]
  .text              ro code  0x000055cc    0x12  iocon_8xx.o [4]
  .text              ro code  0x000055de     0x2  iar_startup_lpc82x.o [1]
  .text              ro code  0x000055e0    0x18  gpio_8xx.o [4]
  .text              ro code  0x000055f8   0x1b4  clock_8xx.o [4]
  .text              ro code  0x000057ac   0x1c6  ring_buffer.o [4]
  .text              ro code  0x00005972     0x2  iar_startup_lpc82x.o [1]
  .text              ro code  0x00005974    0x24  swm_8xx.o [4]
  .text              ro code  0x00005998   0x43e  RegionCommon.o [1]
  .text              ro code  0x00005dd6    0x6a  I64DivMod.o [7]
  .text              ro code  0x00005e40    0x34  I32ToDbl.o [6]
  .text              ro code  0x00005e74    0xc2  DblDiv.o [6]
  .text              ro code  0x00005f36   0x184  DblMul.o [6]
  .text              ro code  0x000060ba   0x1b4  DblAddSub.o [6]
  .text              ro code  0x00006270    0x58  ceil.o [6]
  .text              ro code  0x000062c8    0x52  DblToI32.o [6]
  .text              ro code  0x0000631a   0x116  FltAddSub.o [6]
  .text              ro code  0x00006430    0x32  FltToDbl.o [6]
  .text              ro code  0x00006464    0x58  floor.o [6]
  .text              ro code  0x000064bc   0x3bc  sx1276-board.o [1]
  .text              ro code  0x00006878    0x32  DblCmpGe.o [6]
  .text              ro code  0x000068ac    0x44  spim_8xx.o [4]
  .text              ro code  0x000068f0    0x2c  spi_8xx.o [4]
  .text              ro code  0x0000691c   0x408  irc_8xx.o [4]
  .text              ro code  0x00006d24    0xd8  packbits_init.o [7]
  .text              ro code  0x00006dfc     0xa  abort.o [5]
  .text              ro code  0x00006e08     0xc  XXexit.o [7]
  .rodata            const    0x00006e14    0xd4  modem.o [1]
  .rodata            const    0x00006ee8    0x5c  sx1276-board.o [1]
  .text              ro code  0x00006f44    0x2c  board_sysinit.o [3]
  .text              ro code  0x00006f70    0x14  sysinit_8xx.o [4]
  .text              ro code  0x00006f84    0x28  data_init.o [7]
  .iar.init_table    const    0x00006fac    0x2c  - Linker created -
  .text              ro code  0x00006fd8    0x1a  cmain.o [7]
  .text              ro code  0x00006ff2     0x8  exit.o [5]
  .text              ro code  0x00006ffc     0xa  cexit.o [7]
  .text              ro code  0x00007008    0x10  iar_startup_lpc82x.o [1]
  .text              ro code  0x00007018     0xc  cstartup_M.o [7]
  .rodata            const    0x00007024     0x8  board.o [3]
  .text              ro code  0x0000702c     0x8  sysinit.o [1]
  .text              ro code  0x00007034     0x4  iar_startup_lpc82x.o [1]
  .text              ro code  0x00007038   0xe74  sx1276.o [1]
  Initializer bytes  ro data  0x00007eac    0x9d  <for P2 s0>
                            - 0x00007f49  0x7c49

"P2":                                     0x17a8
  P2 s0                       0x10000000   0x6e8  <Init block>
    .data            inited   0x10000000   0x178  LoRaMac.o [1]
    .data            inited   0x10000178   0x138  LoRaMacCrypto.o [1]
    .data            inited   0x100002b0   0x114  LoRaMacCrypto.o [1]
    .data            inited   0x100003c4   0x108  LoRaMac.o [1]
    .data            inited   0x100004cc    0xf8  main.o [1]
    .data            inited   0x100005c4    0x80  modem.o [1]
    .data            inited   0x10000644    0x3c  main.o [1]
    .data            inited   0x10000680    0x38  LoRaMac.o [1]
    .data            inited   0x100006b8    0x2c  RegionCN470.o [1]
    .data            inited   0x100006e4     0x4  utilities.o [1]
  .bss               zero     0x100006e8   0x480  RegionCN470.o [1]
  .bss               zero     0x10000b68   0x258  modem.o [1]
  .bss               zero     0x10000dc0   0x1ac  sx1276.o [1]
  .bss               zero     0x10000f6c   0x100  LoRaMac.o [1]
  .bss               zero     0x1000106c    0xa8  usart.o [1]
  .bss               zero     0x10001114    0x80  eeprom.o [1]
  .bss               zero     0x10001194    0x80  LoRaMac.o [1]
  .bss               zero     0x10001214    0x70  LoRaMac.o [1]
  .bss               zero     0x10001284    0x68  modem.o [1]
  .bss               zero     0x100012ec    0x54  modem.o [1]
  .bss               zero     0x10001340    0x18  LoRaMac.o [1]
  .bss               zero     0x10001358    0x15  LoRaMac.o [1]
  .bss               zero     0x1000136d     0x2  modem.o [1]
  .bss               zero     0x1000136f     0x1  modem.o [1]
  .bss               zero     0x10001370    0x14  LoRaMac.o [1]
  .bss               zero     0x10001384    0x10  frame.o [1]
  .bss               zero     0x10001394     0x8  timer.o [1]
  .bss               zero     0x1000139c     0x4  chip_8xx.o [4]
  .bss               zero     0x100013a0     0x2  irc_8xx.o [4]
  .bss               zero     0x100013a2     0x1  sx1276-board.o [1]
  .bss               zero     0x100013a3     0x1  utilities.o [1]
  CSTACK                      0x100013a8   0x400  <Block>
    CSTACK           uninit   0x100013a8   0x400  <Block tail>
                            - 0x100017a8  0x17a8


*******************************************************************************
*** INIT TABLE
***

          Address     Size
          -------     ----
Zero (__iar_zero_init3)
    1 destination range, total size 0xcbc:
          0x100006e8  0xcbc

Copy/packbits (__iar_packbits_init3)
    1 source range, total size 0x9d (8% of destination):
          0x00007eac   0x9d
    1 destination range, total size 0x6e8:
          0x10000000  0x6e8



*******************************************************************************
*** MODULE SUMMARY
***

    Module                ro code  ro data  rw data
    ------                -------  -------  -------
F:\LoRaProduct\source code\nxp_lpcxpresso_824max\lpcxpresso824\prj_xpresso82x\iar\freertos_blinky\iflash_nxp_lpcxpresso_812\Obj: [1]
    LoRaMac.o               7 844       62    1 257
    LoRaMacCrypto.o           648       52      588
    Region.o                  412
    RegionCN470.o           2 476        4    1 196
    RegionCommon.o          1 086
    aes.o                   1 984
    cmac.o                    586
    eeprom.o                  192               128
    frame.o                   276                16
    hex.o                     552
    iar_startup_lpc82x.o      224
    main.o                  1 136       27      308
    modem.o                 2 656      223      919
    sx1276-board.o            956       92        1
    sx1276.o                3 700               428
    sysinit.o                   8
    timer.o                   252                 8
    usart.o                   332               168
    utilities.o               200        1        5
    -----------------------------------------------
    Total:                 25 520      461    5 022

command line: [2]
    -----------------------------------------------
    Total:

board_nxp_lpcxpresso_824.a: [3]
    board.o                   776        8
    board_sysinit.o            44
    -----------------------------------------------
    Total:                    820        8

chip_8xx_lib.a: [4]
    chip_8xx.o                 16                 4
    clock_8xx.o               436
    gpio_8xx.o                 24
    iap.o                     180
    iocon_8xx.o                18
    irc_8xx.o               1 032                 2
    pmu_8xx.o                 126
    ring_buffer.o             454
    spi_8xx.o                  44
    spim_8xx.o                 68
    swm_8xx.o                  36
    syscon_8xx.o               92
    sysinit_8xx.o              20
    uart_8xx.o                376
    wkt_8xx.o                  44
    -----------------------------------------------
    Total:                  2 966                 6

dl6M_tln.a: [5]
    abort.o                    10
    exit.o                      8
    -----------------------------------------------
    Total:                     18

m6M_tl.a: [6]
    DblAddSub.o               436
    DblCmpGe.o                 50
    DblDiv.o                  194
    DblMul.o                  388
    DblToI32.o                 82
    FltAddSub.o               278
    FltToDbl.o                 50
    I32ToDbl.o                 52
    I32ToFlt.o                 30
    ceil.o                     88
    floor.o                    88
    -----------------------------------------------
    Total:                  1 736

rt6M_tl.a: [7]
    ABImemcpy.o                92
    ABImemset.o                64
    I32DivModFast.o           224
    I64DivMod.o               106
    XXexit.o                   12
    cexit.o                    10
    cmain.o                    26
    cstartup_M.o               12
    data_init.o                40
    packbits_init.o           216
    strlen.o                   16
    zero_init3.o               42
    -----------------------------------------------
    Total:                    860

    Gaps                       12
    Linker created                      44    1 024
---------------------------------------------------
    Grand Total:           31 932      513    6 052


*******************************************************************************
*** ENTRY LIST
***

Entry                      Address   Size  Type      Object
-----                      -------   ----  ----      ------
?main                   0x00006fd9         Code  Gb  cmain.o [7]
AES_CMAC_Final          0x00004cad  0x14e  Code  Gb  cmac.o [1]
AES_CMAC_Init           0x00004bb1   0x22  Code  Gb  cmac.o [1]
AES_CMAC_SetKey         0x00004bd3   0x10  Code  Gb  cmac.o [1]
AES_CMAC_Update         0x00004be3   0xca  Code  Gb  cmac.o [1]
AckTimeoutRetries       0x1000001a    0x1  Data  Lc  LoRaMac.o [1]
AckTimeoutRetriesCounter
                        0x1000001b    0x1  Data  Lc  LoRaMac.o [1]
AckTimeoutRetry         0x1000001c    0x1  Data  Lc  LoRaMac.o [1]
AckTimeoutTimer         0x10000164   0x14  Data  Lc  LoRaMac.o [1]
AddMacCommand           0x00000fd5   0x9c  Code  Lc  LoRaMac.o [1]
AdrAckCounter           0x1000004c    0x4  Data  Lc  LoRaMac.o [1]
AdrCtrlOn               0x10000011    0x1  Data  Lc  LoRaMac.o [1]
AesCmacCtx              0x10000198  0x118  Data  Lc  LoRaMacCrypto.o [1]
AesContext              0x100002d0   0xf4  Data  Lc  LoRaMacCrypto.o [1]
AggregatedDCycle        0x10000028    0x2  Data  Lc  LoRaMac.o [1]
AggregatedLastTxDoneTime
                        0x10000050    0x4  Data  Lc  LoRaMac.o [1]
AggregatedTimeOff       0x10000054    0x4  Data  Lc  LoRaMac.o [1]
AlarmEnd                0x000025dd   0x18  Code  Gb  modem.o [1]
AlarmStart              0x000025cf    0xc  Code  Gb  modem.o [1]
AppData                 0x100004d0   0xf4  Data  Lc  main.o [1]
AppDataSize             0x100004cd    0x1  Data  Lc  main.o [1]
AppEui                  0x10000668    0x8  Data  Gb  main.o [1]
AppKey                  0x10000670   0x10  Data  Gb  main.o [1]
AppPort                 0x100004cc    0x1  Data  Lc  main.o [1]
Bands                   0x100006d4   0x10  Data  Lc  RegionCN470.o [1]
BandwidthsCN470         0x00004660   0x18  Data  Lc  RegionCN470.o [1]
BoardDisableIrq         0x000031d9    0xc  Code  Gb  utilities.o [1]
BoardEnableIrq          0x000031e5   0x12  Code  Gb  utilities.o [1]
BoardGetBatteryLevel    0x00003579    0x4  Code  Gb  main.o [1]
Board_GPIO_Init         0x00003915  0x282  Code  Gb  board.o [3]
Board_Init              0x00003ba5   0x10  Code  Gb  board.o [3]
Board_LED_Set           0x000038f3    0xe  Code  Gb  board.o [3]
Board_SetupMuxing       0x00006f45   0x12  Code  Gb  board_sysinit.o [3]
Board_SystemInit        0x00006f61    0x6  Code  Gb  board_sysinit.o [3]
CSTACK$$Base            0x100013a8          --   Gb  - Linker created -
CSTACK$$Limit           0x100017a8          --   Gb  - Linker created -
CalculateBackOff        0x00001545   0x3c  Code  Lc  LoRaMac.o [1]
Channel                 0x10000018    0x1  Data  Lc  LoRaMac.o [1]
Channels                0x100006e8  0x480  Data  Lc  RegionCN470.o [1]
ChannelsDefaultMask     0x100006c8    0xc  Data  Lc  RegionCN470.o [1]
ChannelsMask            0x100006bc    0xc  Data  Lc  RegionCN470.o [1]
ChannelsNbRepCounter    0x10000017    0x1  Data  Lc  LoRaMac.o [1]
Chip_Clock_DisablePeriphClock
                        0x00006529   0x12  Code  Lc  sx1276-board.o [1]
Chip_Clock_DisablePeriphClock
                        0x00003f85   0x12  Code  Lc  usart.o [1]
Chip_Clock_DisablePeriphClock
                        0x000038bf   0x12  Code  Lc  board.o [3]
Chip_Clock_EnablePeriphClock
                        0x000033bf   0x12  Code  Lc  main.o [1]
Chip_Clock_EnablePeriphClock
                        0x000021f3   0x12  Code  Lc  modem.o [1]
Chip_Clock_EnablePeriphClock
                        0x00006517   0x12  Code  Lc  sx1276-board.o [1]
Chip_Clock_EnablePeriphClock
                        0x00003f73   0x12  Code  Lc  usart.o [1]
Chip_Clock_EnablePeriphClock
                        0x000038ad   0x12  Code  Lc  board.o [3]
Chip_Clock_GetMainClockRate
                        0x00005669   0x30  Code  Gb  clock_8xx.o [4]
Chip_Clock_GetSystemClockRate
                        0x00005699   0x12  Code  Gb  clock_8xx.o [4]
Chip_Clock_GetSystemPLLInClockRate
                        0x0000562f   0x26  Code  Gb  clock_8xx.o [4]
Chip_Clock_GetSystemPLLOutClockRate
                        0x00005655   0x14  Code  Gb  clock_8xx.o [4]
Chip_Clock_GetUSARTNBaseClockRate
                        0x000056ab   0x36  Code  Gb  clock_8xx.o [4]
Chip_Clock_GetWDTOSCRate
                        0x0000560d   0x22  Code  Gb  clock_8xx.o [4]
Chip_Clock_SetMainClockSource
                        0x000055fd    0x2  Code  Gb  clock_8xx.o [4]
Chip_Clock_SetSystemPLLSource
                        0x000055f9    0x4  Code  Gb  clock_8xx.o [4]
Chip_Clock_SetUARTClockDiv
                        0x00003f97    0x6  Code  Lc  usart.o [1]
Chip_Clock_SetUSARTNBaseClockRate
                        0x000056e1   0x5a  Code  Gb  clock_8xx.o [4]
Chip_FMC_ComputeSignature
                        0x00002da1   0x14  Code  Lc  eeprom.o [1]
Chip_FMC_ComputeSignatureBlocks
                        0x00002db5    0xc  Code  Lc  eeprom.o [1]
Chip_FMC_IsSignatureBusy
                        0x00002dc1    0x8  Code  Lc  eeprom.o [1]
Chip_FMC_SetFLASHAccess
                        0x0000691d    0x8  Code  Lc  irc_8xx.o [4]
Chip_GPIO_Init          0x000055e1   0x10  Code  Gb  gpio_8xx.o [4]
Chip_GPIO_SetPinDIR     0x0000657b   0x12  Code  Lc  sx1276-board.o [1]
Chip_GPIO_SetPinDIRInput
                        0x0000656b   0x10  Code  Lc  sx1276-board.o [1]
Chip_GPIO_SetPinDIROutput
                        0x0000655b   0x10  Code  Lc  sx1276-board.o [1]
Chip_GPIO_SetPinOutHigh
                        0x0000658d   0x10  Code  Lc  sx1276-board.o [1]
Chip_GPIO_SetPinOutHigh
                        0x0000703d   0x10  Code  Lc  sx1276.o [1]
Chip_GPIO_SetPinOutLow  0x0000659d   0x10  Code  Lc  sx1276-board.o [1]
Chip_GPIO_SetPinOutLow  0x0000704d   0x10  Code  Lc  sx1276.o [1]
Chip_IAP_CopyRamToFlash
                        0x000001d3   0x1e  Code  Gb  iap.o [4]
Chip_IAP_ErasePage      0x0000023d    0x8  Code  Gb  iap.o [4]
Chip_IAP_PreSectorForReadWrite
                        0x000001c5    0xe  Code  Gb  iap.o [4]
Chip_IAP_ReadPID        0x000001f9   0x16  Code  Gb  iap.o [4]
Chip_IAP_ReadUID        0x0000020f   0x2a  Code  Gb  iap.o [4]
Chip_IOCON_PinDisableOpenDrainMode
                        0x0000653b    0xe  Code  Lc  sx1276-board.o [1]
Chip_IOCON_PinEnableOpenDrainMode
                        0x000038d1   0x10  Code  Lc  board.o [3]
Chip_IOCON_PinSetMode   0x000055cd   0x12  Code  Gb  iocon_8xx.o [4]
Chip_IRC_SetFreq        0x00006925   0x9c  Code  Gb  irc_8xx.o [4]
Chip_PININT_ClearIntStatus
                        0x00007039    0x4  Code  Lc  sx1276.o [1]
Chip_PININT_EnableIntHigh
                        0x00006557    0x4  Code  Lc  sx1276-board.o [1]
Chip_PININT_SetPinModeEdge
                        0x00006549    0xe  Code  Lc  sx1276-board.o [1]
Chip_PMU_ClearPowerDownControl
                        0x00002211    0xe  Code  Lc  modem.o [1]
Chip_PMU_DeepPowerDownState
                        0x0000386b   0x16  Code  Gb  pmu_8xx.o [4]
Chip_PMU_DeepSleepState
                        0x0000383f   0x16  Code  Gb  pmu_8xx.o [4]
Chip_PMU_PowerDownState
                        0x00003855   0x16  Code  Gb  pmu_8xx.o [4]
Chip_PMU_SetPowerDownControl
                        0x000033d1    0xc  Code  Lc  main.o [1]
Chip_PMU_SetPowerDownControl
                        0x00002205    0xc  Code  Lc  modem.o [1]
Chip_PMU_Sleep          0x00003885   0x26  Code  Gb  pmu_8xx.o [4]
Chip_PMU_SleepState     0x0000382d   0x12  Code  Gb  pmu_8xx.o [4]
Chip_SPIM_GetClockRate  0x000068ad   0x14  Code  Gb  spim_8xx.o [4]
Chip_SPIM_SetClockRate  0x000068c1   0x2c  Code  Gb  spim_8xx.o [4]
Chip_SPI_ClearCFGRegBits
                        0x000065bb    0xe  Code  Lc  sx1276-board.o [1]
Chip_SPI_ClearStatus    0x00007065    0x4  Code  Lc  sx1276.o [1]
Chip_SPI_ConfigureSPI   0x000065f7   0x1c  Code  Lc  sx1276-board.o [1]
Chip_SPI_DelayConfig    0x000068f1   0x2c  Code  Gb  spi_8xx.o [4]
Chip_SPI_Enable         0x000065ed    0xa  Code  Lc  sx1276-board.o [1]
Chip_SPI_GetStatus      0x0000705d    0x8  Code  Lc  sx1276.o [1]
Chip_SPI_Init           0x000065c9   0x24  Code  Lc  sx1276-board.o [1]
Chip_SPI_ReceiveFrame   0x0000708f    0x6  Code  Lc  sx1276.o [1]
Chip_SPI_SendLastFrame  0x0000707b   0x14  Code  Lc  sx1276.o [1]
Chip_SPI_SendMidFrame   0x00007077    0x4  Code  Lc  sx1276.o [1]
Chip_SPI_SetCFGRegBits  0x000065ad    0xe  Code  Lc  sx1276-board.o [1]
Chip_SPI_SetControlInfo
                        0x00007069    0xe  Code  Lc  sx1276.o [1]
Chip_SWM_DisableFixedPin
                        0x00003f9d   0x12  Code  Lc  usart.o [1]
Chip_SWM_DisableFixedPin
                        0x000038e1   0x12  Code  Lc  board.o [3]
Chip_SWM_MovablePinAssign
                        0x00005975   0x1e  Code  Gb  swm_8xx.o [4]
Chip_SYSCTL_AssertPeriphReset
                        0x000021b3   0x12  Code  Lc  modem.o [1]
Chip_SYSCTL_AssertPeriphReset
                        0x000064cb   0x12  Code  Lc  sx1276-board.o [1]
Chip_SYSCTL_DeassertPeriphReset
                        0x000021c5   0x12  Code  Lc  modem.o [1]
Chip_SYSCTL_DeassertPeriphReset
                        0x000064dd   0x12  Code  Lc  sx1276-board.o [1]
Chip_SYSCTL_EnablePINTWakeup
                        0x00006507   0x10  Code  Lc  sx1276-board.o [1]
Chip_SYSCTL_EnablePeriphWakeup
                        0x000021e7    0xc  Code  Lc  modem.o [1]
Chip_SYSCTL_PeriphReset
                        0x000021d7   0x10  Code  Lc  modem.o [1]
Chip_SYSCTL_PeriphReset
                        0x000064ef   0x10  Code  Lc  sx1276-board.o [1]
Chip_SYSCTL_PeriphReset
                        0x00003ded   0x1c  Code  Lc  uart_8xx.o [4]
Chip_SYSCTL_PowerDown   0x000037ef   0x14  Code  Gb  syscon_8xx.o [4]
Chip_SYSCTL_PowerUp     0x00003803   0x14  Code  Gb  syscon_8xx.o [4]
Chip_SYSCTL_SetDeepSleepPD
                        0x000037d1    0xe  Code  Gb  syscon_8xx.o [4]
Chip_SYSCTL_SetPinInterrupt
                        0x000064ff    0x8  Code  Lc  sx1276-board.o [1]
Chip_SYSCTL_SetWakeup   0x000037df   0x10  Code  Gb  syscon_8xx.o [4]
Chip_SetupIrcClocking   0x00006f71    0x4  Code  Gb  sysinit_8xx.o [4]
Chip_UART_ConfigData    0x00003fcf    0xc  Code  Lc  usart.o [1]
Chip_UART_Enable        0x00003faf    0xe  Code  Lc  usart.o [1]
Chip_UART_GetStatus     0x00003e19    0x8  Code  Lc  uart_8xx.o [4]
Chip_UART_IRQRBHandler  0x00003f33   0x32  Code  Gb  uart_8xx.o [4]
Chip_UART_Init          0x00003e39   0x34  Code  Gb  uart_8xx.o [4]
Chip_UART_IntDisable    0x00003fcb    0x4  Code  Lc  usart.o [1]
Chip_UART_IntDisable    0x00003e15    0x4  Code  Lc  uart_8xx.o [4]
Chip_UART_IntEnable     0x00003fc7    0x4  Code  Lc  usart.o [1]
Chip_UART_RXIntHandlerRB
                        0x00003ea3   0x24  Code  Gb  uart_8xx.o [4]
Chip_UART_ReadByte      0x00003e0d    0x8  Code  Lc  uart_8xx.o [4]
Chip_UART_ReadRB        0x00003f25    0xe  Code  Gb  uart_8xx.o [4]
Chip_UART_SendByte      0x00003e09    0x4  Code  Lc  uart_8xx.o [4]
Chip_UART_SendRB        0x00003ef1   0x34  Code  Gb  uart_8xx.o [4]
Chip_UART_SetBaud       0x00003e8d   0x16  Code  Gb  uart_8xx.o [4]
Chip_UART_TXEnable      0x00003fbd    0xa  Code  Lc  usart.o [1]
Chip_UART_TXIntHandlerRB
                        0x00003ec7   0x2a  Code  Gb  uart_8xx.o [4]
Chip_WKT_ClearIntStatus
                        0x0000221f    0xe  Code  Lc  modem.o [1]
Chip_WKT_GetClockRate   0x000037bb    0xe  Code  Gb  wkt_8xx.o [4]
Chip_WKT_LoadCount      0x0000223b    0x4  Code  Lc  modem.o [1]
Chip_WKT_SetClockSource
                        0x000037a5   0x16  Code  Gb  wkt_8xx.o [4]
Chip_WKT_Stop           0x0000222d    0xe  Code  Lc  modem.o [1]
ComplianceTest          0x10000644   0x14  Data  Gb  main.o [1]
CountChannels           0x00005999   0x26  Code  Lc  RegionCommon.o [1]
CountNbOfEnabledChannels
                        0x000042e1   0x9a  Code  Lc  RegionCN470.o [1]
DataratesCN470          0x000047d8    0x8  Data  Lc  RegionCN470.o [1]
DelayMs                 0x000031bd   0x1c  Code  Gb  utilities.o [1]
DevEui                  0x10000660    0x8  Data  Gb  main.o [1]
DeviceState             0x10000659    0x1  Data  Lc  main.o [1]
DownLinkCounter         0x10000048    0x4  Data  Lc  LoRaMac.o [1]
DutyCycleOn             0x10000697    0x1  Data  Lc  LoRaMac.o [1]
ExtRateIn               0x00007028    0x4  Data  Gb  board.o [3]
GetBandwidth            0x000042b9   0x1e  Code  Lc  RegionCN470.o [1]
GetNextLowerTxDr        0x00004205   0xb4  Code  Lc  RegionCN470.o [1]
InStream_Read           0x00006d25   0x22  Code  Lc  packbits_init.o [7]
IrqNestLevel            0x100013a3    0x1  Data  Lc  utilities.o [1]
IsLoRaMacNetworkJoined  0x10000010    0x1  Data  Gb  LoRaMac.o [1]
IsRxWindowsEnabled      0x10000695    0x1  Data  Lc  LoRaMac.o [1]
IsTxConfirmed           0x100004ce    0x1  Data  Gb  main.o [1]
IsUpLinkCounterFixed    0x1000136c    0x1  Data  Lc  LoRaMac.o [1]
JoinRequestTrials       0x1000001d    0x1  Data  Gb  LoRaMac.o [1]
LMIC                    0x10000c98   0xd8  Data  Gb  modem.o [1]
LastTxChannel           0x10000019    0x1  Data  Lc  LoRaMac.o [1]
LastTxIsJoinRequest     0x10000698    0x1  Data  Lc  LoRaMac.o [1]
Led1Timer_OffLine       0x10000dac   0x14  Data  Gb  modem.o [1]
Led1Timer_OnLine        0x10000d98   0x14  Data  Gb  modem.o [1]
Led1Timer_Rx            0x10000d84   0x14  Data  Gb  modem.o [1]
Led1Timer_Tx            0x10000d70   0x14  Data  Gb  modem.o [1]
LedIndication           0x000023f5   0x9a  Code  Gb  modem.o [1]
LimitTxPower            0x000042d7    0xa  Code  Lc  RegionCN470.o [1]
LoRaMacAppEui           0x10000030    0x4  Data  Lc  LoRaMac.o [1]
LoRaMacAppKey           0x10000034    0x4  Data  Lc  LoRaMac.o [1]
LoRaMacAppSKey          0x10000084   0x10  Data  Lc  LoRaMac.o [1]
LoRaMacBuffer           0x10000f6c  0x100  Data  Lc  LoRaMac.o [1]
LoRaMacBufferPktLen     0x10000026    0x2  Data  Lc  LoRaMac.o [1]
LoRaMacCallbacks        0x10000064    0x4  Data  Lc  LoRaMac.o [1]
LoRaMacComputeMic       0x00002e61   0x8a  Code  Gb  LoRaMacCrypto.o [1]
LoRaMacDevAddr          0x1000003c    0x4  Data  Lc  LoRaMac.o [1]
LoRaMacDevEui           0x1000002c    0x4  Data  Lc  LoRaMac.o [1]
LoRaMacDevNonce         0x10000024    0x2  Data  Lc  LoRaMac.o [1]
LoRaMacDeviceClass      0x1000000d    0x1  Data  Lc  LoRaMac.o [1]
LoRaMacFlags            0x10000020    0x4  Data  Gb  LoRaMac.o [1]
LoRaMacInitialization   0x00001959  0x208  Code  Gb  LoRaMac.o [1]
LoRaMacInitializationTime
                        0x10000058    0x4  Data  Lc  LoRaMac.o [1]
LoRaMacJoinComputeMic   0x00002fbf   0x4e  Code  Gb  LoRaMacCrypto.o [1]
LoRaMacJoinComputeSKeys
                        0x00003051   0x8e  Code  Gb  LoRaMacCrypto.o [1]
LoRaMacJoinDecrypt      0x0000300d   0x44  Code  Gb  LoRaMacCrypto.o [1]
LoRaMacMaxEirpTable     0x000013ec   0x10  Data  Lc  LoRaMac.o [1]
LoRaMacMcpsRequest      0x0000204d  0x146  Code  Gb  LoRaMac.o [1]
LoRaMacMibSetRequestConfirm
                        0x00001c65  0x2ae  Code  Gb  LoRaMac.o [1]
LoRaMacMlmeRequest      0x00001f39  0x104  Code  Gb  LoRaMac.o [1]
LoRaMacNetID            0x10000038    0x4  Data  Lc  LoRaMac.o [1]
LoRaMacNwkSKey          0x10000074   0x10  Data  Lc  LoRaMac.o [1]
LoRaMacParams           0x10001214   0x38  Data  Gb  LoRaMac.o [1]
LoRaMacParamsDefaults   0x1000124c   0x38  Data  Gb  LoRaMac.o [1]
LoRaMacPayloadDecrypt   0x00002fa9   0x16  Code  Gb  LoRaMacCrypto.o [1]
LoRaMacPayloadEncrypt   0x00002eeb   0xbe  Code  Gb  LoRaMacCrypto.o [1]
LoRaMacPrimitives       0x10000060    0x4  Data  Lc  LoRaMac.o [1]
LoRaMacQueryTxPossible  0x00001b69   0xc4  Code  Gb  LoRaMac.o [1]
LoRaMacRegion           0x1000000c    0x1  Data  Lc  LoRaMac.o [1]
LoRaMacRxPayload        0x100003c4  0x100  Data  Lc  LoRaMac.o [1]
LoRaMacState            0x1000005c    0x4  Data  Gb  LoRaMac.o [1]
LoRaMacTxPayloadLen     0x10000694    0x1  Data  Lc  LoRaMac.o [1]
MODEM                   0x10000b68  0x130  Data  Lc  modem.o [1]
MacCommandsBuffer       0x10001194   0x80  Data  Lc  LoRaMac.o [1]
MacCommandsBufferIndex  0x10000015    0x1  Data  Lc  LoRaMac.o [1]
MacCommandsBufferToRepeat
                        0x10000094   0x80  Data  Lc  LoRaMac.o [1]
MacCommandsBufferToRepeatIndex
                        0x10000016    0x1  Data  Lc  LoRaMac.o [1]
MacCommandsInNextTx     0x10000014    0x1  Data  Lc  LoRaMac.o [1]
MacStateCheckTimer      0x10000114   0x14  Data  Lc  LoRaMac.o [1]
MaxDCycle               0x10000696    0x1  Data  Lc  LoRaMac.o [1]
MaxJoinRequestTrials    0x1000001e    0x1  Data  Lc  LoRaMac.o [1]
MaxPayloadOfDatarateCN470
                        0x00004728    0x8  Data  Lc  RegionCN470.o [1]
MaxPayloadOfDatarateRepeaterCN470
                        0x00004720    0x8  Data  Lc  RegionCN470.o [1]
McpsConfirm             0x10001358   0x14  Data  Gb  LoRaMac.o [1]
McpsIndication          0x10001340   0x18  Data  Lc  LoRaMac.o [1]
McpsIndication          0x0000349f   0x88  Code  Lc  main.o [1]
Mic                     0x10000188   0x10  Data  Lc  LoRaMacCrypto.o [1]
MicBlockB0              0x10000178   0x10  Data  Lc  LoRaMacCrypto.o [1]
MlmeConfirm             0x10000000    0xc  Data  Lc  LoRaMac.o [1]
MlmeConfirm             0x00003527   0x52  Code  Lc  main.o [1]
MulticastChannels       0x10000040    0x4  Data  Lc  LoRaMac.o [1]
NVIC_DisableIRQ         0x00003343    0xe  Code  Lc  main.o [1]
NVIC_EnableIRQ          0x00003335    0xe  Code  Lc  main.o [1]
NVIC_EnableIRQ          0x000021a5    0xe  Code  Lc  modem.o [1]
NVIC_EnableIRQ          0x000064bd    0xe  Code  Lc  sx1276-board.o [1]
NVIC_EnableIRQ          0x00003f65    0xe  Code  Lc  usart.o [1]
NVIC_SetPriority        0x00003351   0x44  Code  Lc  main.o [1]
NextTx                  0x10000658    0x1  Data  Lc  main.o [1]
NodeAckRequested        0x10000012    0x1  Data  Lc  LoRaMac.o [1]
OnAckTimeoutTimerEvent  0x00000f39   0x34  Code  Lc  LoRaMac.o [1]
OnLed1TimerEventNetOffline
                        0x00002341   0xae  Code  Lc  modem.o [1]
OnLed1TimerEventRx      0x000022f9   0x18  Code  Lc  modem.o [1]
OnLed1TimerEventTx      0x00002311   0x18  Code  Lc  modem.o [1]
OnMacStateCheckTimerEvent
                        0x00000b6d  0x2ba  Code  Lc  LoRaMac.o [1]
OnRadioRxDone           0x00000435  0x60a  Code  Lc  LoRaMac.o [1]
OnRadioRxError          0x00000a6d   0x5e  Code  Lc  LoRaMac.o [1]
OnRadioRxTimeout        0x00000ad1   0x8a  Code  Lc  LoRaMac.o [1]
OnRadioTxDone           0x00000301   0xee  Code  Lc  LoRaMac.o [1]
OnRadioTxTimeout        0x00000a3f   0x2e  Code  Lc  LoRaMac.o [1]
OnRxWindow1TimerEvent   0x00000e95   0x4e  Code  Lc  LoRaMac.o [1]
OnRxWindow2TimerEvent   0x00000ee3   0x56  Code  Lc  LoRaMac.o [1]
OnTxDelayedTimerEvent   0x00000e2d   0x5e  Code  Lc  LoRaMac.o [1]
OscRateIn               0x00007024    0x4  Data  Gb  board.o [3]
PININT0_IRQHandler      0x00007cdd  0x152  Code  Gb  sx1276.o [1]
PININT1_IRQHandler      0x00007e2f   0x3e  Code  Gb  sx1276.o [1]
PRIVATE_NET_DR_MAX      0x100006b8    0x1  Data  Gb  RegionCN470.o [1]
PRIVATE_NET_DR_MIN      0x100006b9    0x1  Data  Gb  RegionCN470.o [1]
ParseMacCommandsToRepeat
                        0x00001091   0x5e  Code  Lc  LoRaMac.o [1]
PrepareFrame            0x00001615  0x2a2  Code  Gb  LoRaMac.o [1]
PrepareRxDoneAbort      0x000003ef   0x36  Code  Lc  LoRaMac.o [1]
PrepareTxFrame          0x000033ed   0x1e  Code  Gb  main.o [1]
ProcessMacCommands      0x000010f1  0x2fc  Code  Lc  LoRaMac.o [1]
PublicNetwork           0x1000000e    0x1  Data  Gb  LoRaMac.o [1]
Radio                   0x00006ee8   0x5c  Data  Gb  sx1276-board.o [1]
RadioEvents             0x1000069c   0x1c  Data  Lc  LoRaMac.o [1]
RadioEvents             0x10000e2c    0x4  Data  Lc  sx1276.o [1]
RadioIsActive           0x100013a2    0x1  Data  Lc  sx1276-board.o [1]
RadioRegsInit           0x00007e7c   0x30  Data  Gb  sx1276.o [1]
Region$$Table$$Base     0x00006fac          --   Gb  - Linker created -
Region$$Table$$Limit    0x00006fd8          --   Gb  - Linker created -
RegionAdrNext           0x00002c7f   0x1a  Code  Gb  Region.o [1]
RegionAlternateDr       0x00002d45   0x12  Code  Gb  Region.o [1]
RegionApplyCFList       0x00002c5d   0x10  Code  Gb  Region.o [1]
RegionApplyDrOffset     0x00002d81   0x1a  Code  Gb  Region.o [1]
RegionCN470AdrNext      0x00004579   0x74  Code  Gb  RegionCN470.o [1]
RegionCN470AlternateDr  0x0000495d   0xdc  Code  Gb  RegionCN470.o [1]
RegionCN470ApplyDrOffset
                        0x00004ba1   0x10  Code  Gb  RegionCN470.o [1]
RegionCN470CalcBackOff  0x00004a41   0x30  Code  Gb  RegionCN470.o [1]
RegionCN470ChanMaskSet  0x00004545   0x2c  Code  Gb  RegionCN470.o [1]
RegionCN470ComputeRxWindowParameters
                        0x00004619   0x48  Code  Gb  RegionCN470.o [1]
RegionCN470GetPhyParam  0x0000437d   0xae  Code  Gb  RegionCN470.o [1]
RegionCN470InitDefaults
                        0x00004459   0x6e  Code  Gb  RegionCN470.o [1]
RegionCN470LinkAdrReq   0x000047e1  0x114  Code  Gb  RegionCN470.o [1]
RegionCN470NextChannel  0x00004a7d  0x102  Code  Gb  RegionCN470.o [1]
RegionCN470RxConfig     0x00004679   0x90  Code  Gb  RegionCN470.o [1]
RegionCN470RxParamSetupReq
                        0x000048f5   0x5a  Code  Gb  RegionCN470.o [1]
RegionCN470SetBandTxDone
                        0x00004431   0x22  Code  Gb  RegionCN470.o [1]
RegionCN470TxConfig     0x00004731   0xa8  Code  Gb  RegionCN470.o [1]
RegionCN470Verify       0x000044d1   0x74  Code  Gb  RegionCN470.o [1]
RegionCalcBackOff       0x00002d57   0x10  Code  Gb  Region.o [1]
RegionChanMaskSet       0x00002c6d   0x12  Code  Gb  Region.o [1]
RegionCommonCalcBackOff
                        0x00005d7f   0x58  Code  Gb  RegionCommon.o [1]
RegionCommonChanMaskCopy
                        0x00005a91   0x22  Code  Gb  RegionCommon.o [1]
RegionCommonChanVerifyDr
                        0x000059d9   0x7a  Code  Gb  RegionCommon.o [1]
RegionCommonComputeRxWindowParameters
                        0x00005c9d   0xaa  Code  Gb  RegionCommon.o [1]
RegionCommonComputeSymbolTimeLoRa
                        0x00005c61   0x2e  Code  Gb  RegionCommon.o [1]
RegionCommonComputeTxPower
                        0x00005d55   0x2a  Code  Gb  RegionCommon.o [1]
RegionCommonCountChannels
                        0x00005a63   0x2e  Code  Gb  RegionCommon.o [1]
RegionCommonGetJoinDc   0x000059bf   0x1a  Code  Gb  RegionCommon.o [1]
RegionCommonLinkAdrReqVerifyParams
                        0x00005bbb   0xa6  Code  Gb  RegionCommon.o [1]
RegionCommonParseLinkAdrReq
                        0x00005b73   0x48  Code  Gb  RegionCommon.o [1]
RegionCommonSetBandTxDone
                        0x00005ab3    0xa  Code  Gb  RegionCommon.o [1]
RegionCommonUpdateBandTimeOff
                        0x00005abd   0xb6  Code  Gb  RegionCommon.o [1]
RegionCommonValueInRange
                        0x00005a53   0x10  Code  Gb  RegionCommon.o [1]
RegionComputeRxWindowParameters
                        0x00002c99   0x16  Code  Gb  Region.o [1]
RegionDlChannelReq      0x00002d33   0x12  Code  Gb  Region.o [1]
RegionGetPhyParam       0x00002c11   0x16  Code  Gb  Region.o [1]
RegionInitDefaults      0x00002c37   0x10  Code  Gb  Region.o [1]
RegionIsActive          0x00002c05    0xc  Code  Gb  Region.o [1]
RegionLinkAdrReq        0x00002cdd   0x20  Code  Gb  Region.o [1]
RegionNewChannelReq     0x00002d0f   0x12  Code  Gb  Region.o [1]
RegionNextChannel       0x00002d67   0x1a  Code  Gb  Region.o [1]
RegionRxConfig          0x00002caf   0x16  Code  Gb  Region.o [1]
RegionRxParamSetupReq   0x00002cfd   0x12  Code  Gb  Region.o [1]
RegionSetBandTxDone     0x00002c27   0x10  Code  Gb  Region.o [1]
RegionTxConfig          0x00002cc5   0x18  Code  Gb  Region.o [1]
RegionTxParamSetupReq   0x00002d21   0x12  Code  Gb  Region.o [1]
RegionVerify            0x00002c47   0x16  Code  Gb  Region.o [1]
RepeaterSupport         0x1000000f    0x1  Data  Lc  LoRaMac.o [1]
ResetMacParameters      0x00001581   0x82  Code  Lc  LoRaMac.o [1]
RingBuffer_GetCount     0x000057ad    0x8  Code  Lc  ring_buffer.o [4]
RingBuffer_Init         0x000057db   0x10  Code  Gb  ring_buffer.o [4]
RingBuffer_Insert       0x000057eb   0x32  Code  Gb  ring_buffer.o [4]
RingBuffer_InsertMult   0x0000581d   0x96  Code  Gb  ring_buffer.o [4]
RingBuffer_IsEmpty      0x000033dd   0x10  Code  Lc  main.o [1]
RingBuffer_IsEmpty      0x000057cb   0x10  Code  Lc  ring_buffer.o [4]
RingBuffer_IsFull       0x000057b5   0x16  Code  Lc  ring_buffer.o [4]
RingBuffer_Pop          0x000058b3   0x32  Code  Gb  ring_buffer.o [4]
RingBuffer_PopMult      0x000058e5   0x8e  Code  Gb  ring_buffer.o [4]
RxChainCalibration      0x000071cf   0x8e  Code  Lc  sx1276.o [1]
RxSlot                  0x1000001f    0x1  Data  Lc  LoRaMac.o [1]
RxTimeoutSyncWord       0x10000f58   0x14  Data  Gb  sx1276.o [1]
RxTimeoutTimer          0x10000f44   0x14  Data  Gb  sx1276.o [1]
RxTxBuffer              0x10000e30  0x100  Data  Lc  sx1276.o [1]
RxWindow1Config         0x10000680   0x14  Data  Lc  LoRaMac.o [1]
RxWindow1Delay          0x10000068    0x4  Data  Lc  LoRaMac.o [1]
RxWindow2Config         0x10001370   0x14  Data  Lc  LoRaMac.o [1]
RxWindow2Delay          0x1000006c    0x4  Data  Lc  LoRaMac.o [1]
RxWindowSetup           0x00000f71   0x16  Code  Lc  LoRaMac.o [1]
RxWindowTimer1          0x1000013c   0x14  Data  Lc  LoRaMac.o [1]
RxWindowTimer2          0x10000150   0x14  Data  Lc  LoRaMac.o [1]
SX1276                  0x10000dc0   0x6c  Data  Gb  sx1276.o [1]
SX1276AntSwDeInit       0x00006845   0x10  Code  Gb  sx1276-board.o [1]
SX1276AntSwInit         0x000067f1   0x1a  Code  Gb  sx1276-board.o [1]
SX1276CheckRfFrequency  0x00006875    0x4  Code  Gb  sx1276-board.o [1]
SX1276GetPaSelect       0x000067b5    0xe  Code  Gb  sx1276-board.o [1]
SX1276GetStatus         0x00007103    0x6  Code  Gb  sx1276.o [1]
SX1276GetTimeOnAir      0x0000756d  0x128  Code  Gb  sx1276.o [1]
SX1276Init              0x00007095   0x6e  Code  Gb  sx1276.o [1]
SX1276IoInit            0x00006613   0xc6  Code  Gb  sx1276-board.o [1]
SX1276IoIrqInit         0x000066d9   0x32  Code  Gb  sx1276-board.o [1]
SX1276IsChannelFree     0x00007145   0x48  Code  Gb  sx1276.o [1]
SX1276OnTimeoutIrq      0x00007c5d   0x76  Code  Gb  sx1276.o [1]
SX1276Random            0x0000718d   0x42  Code  Gb  sx1276.o [1]
SX1276Read              0x00007ab1   0x10  Code  Gb  sx1276.o [1]
SX1276ReadBuffer        0x00007b69   0x98  Code  Gb  sx1276.o [1]
SX1276ReadFifo          0x00007c0f    0xe  Code  Gb  sx1276.o [1]
SX1276ReadRssi          0x000079c1   0x32  Code  Gb  sx1276.o [1]
SX1276Reset             0x000079f9   0x28  Code  Gb  sx1276.o [1]
SX1276Send              0x00007699   0x8e  Code  Gb  sx1276.o [1]
SX1276SetAntSw          0x00006855   0x20  Code  Gb  sx1276-board.o [1]
SX1276SetAntSwLowPower  0x000067c9   0x1e  Code  Gb  sx1276-board.o [1]
SX1276SetChannel        0x00007109   0x3c  Code  Gb  sx1276.o [1]
SX1276SetMaxPayloadLength
                        0x00007c1d   0x18  Code  Gb  sx1276.o [1]
SX1276SetModem          0x00007a51   0x50  Code  Gb  sx1276.o [1]
SX1276SetOpMode         0x00007a21   0x30  Code  Gb  sx1276.o [1]
SX1276SetPublicNetwork  0x00007c35   0x26  Code  Gb  sx1276.o [1]
SX1276SetRfTxPower      0x0000670b   0xaa  Code  Gb  sx1276-board.o [1]
SX1276SetRx             0x0000778d  0x1ac  Code  Gb  sx1276.o [1]
SX1276SetRxConfig       0x00007265  0x1b2  Code  Gb  sx1276.o [1]
SX1276SetSleep          0x00007727   0x24  Code  Gb  sx1276.o [1]
SX1276SetStby           0x0000774b   0x24  Code  Gb  sx1276.o [1]
SX1276SetTx             0x0000793d   0x72  Code  Gb  sx1276.o [1]
SX1276SetTxConfig       0x00007421  0x144  Code  Gb  sx1276.o [1]
SX1276SetTxContinuousWave
                        0x000079bf    0x2  Code  Gb  sx1276.o [1]
SX1276StartCad          0x000079bd    0x2  Code  Gb  sx1276.o [1]
SX1276Write             0x00007aa5    0xc  Code  Gb  sx1276.o [1]
SX1276WriteBuffer       0x00007ac1   0x90  Code  Gb  sx1276.o [1]
SX1276WriteFifo         0x00007c01    0xe  Code  Gb  sx1276.o [1]
ScheduleTx              0x00001431  0x10e  Code  Lc  LoRaMac.o [1]
Send                    0x000013fd   0x2c  Code  Gb  LoRaMac.o [1]
SendFrame               0x0000340b   0x92  Code  Gb  main.o [1]
SendFrameOnChannel      0x000018bd   0x86  Code  Gb  LoRaMac.o [1]
SrvAckRequested         0x10000013    0x1  Data  Lc  LoRaMac.o [1]
SysTick_Config          0x00003395   0x2a  Code  Lc  main.o [1]
SysTick_Handler         0x0000012b   0x38  Code  Gb  timer.o [1]
SystemCoreClock         0x1000139c    0x4  Data  Gb  chip_8xx.o [4]
SystemCoreClockUpdate   0x000055bd   0x10  Code  Gb  chip_8xx.o [4]
SystemInit              0x0000702d    0x8  Code  Gb  sysinit.o [1]
TimerExists             0x00000175   0x18  Code  Lc  timer.o [1]
TimerGetCurrentTime     0x0000019d    0x6  Code  Gb  timer.o [1]
TimerGetElapsedTime     0x000001a3   0x16  Code  Gb  timer.o [1]
TimerInit               0x000000c1   0x10  Code  Gb  timer.o [1]
TimerListHead           0x10001398    0x4  Data  Lc  timer.o [1]
TimerSetValue           0x0000018d   0x10  Code  Gb  timer.o [1]
TimerStart              0x000000d1   0x5a  Code  Gb  timer.o [1]
TimerStop               0x00000163   0x12  Code  Gb  timer.o [1]
TxDelayedTimer          0x10000128   0x14  Data  Lc  LoRaMac.o [1]
TxTimeOnAir             0x10000070    0x4  Data  Gb  LoRaMac.o [1]
TxTimeoutTimer          0x10000f30   0x14  Data  Gb  sx1276.o [1]
UART0_IRQHandler        0x00004075   0x10  Code  Gb  usart.o [1]
UpLinkCounter           0x10000044    0x4  Data  Gb  LoRaMac.o [1]
ValidatePayloadLength   0x00000f91   0x3e  Code  Lc  LoRaMac.o [1]
WDT_IRQHandler          0x000022f7    0x2  Code  Gb  modem.o [1]
WKT_IRQHandler          0x00002279    0xa  Code  Gb  modem.o [1]
WakeupTest              0x00002283   0x44  Code  Gb  modem.o [1]
__Vectors               0x00000000          --   Gb  iar_startup_lpc82x.o [1]
__Vectors_End           0x000000c0         Data  Gb  iar_startup_lpc82x.o [1]
__Vectors_Size {Abs}    0x000000c0          --   Gb  iar_startup_lpc82x.o [1]
__aeabi_cdrcmple        0x00006879         Code  Gb  DblCmpGe.o [6]
__aeabi_d2iz            0x000062c9         Code  Gb  DblToI32.o [6]
__aeabi_d2uiz           0x000062ed         Code  Gb  DblToI32.o [6]
__aeabi_dadd            0x000060bb         Code  Gb  DblAddSub.o [6]
__aeabi_ddiv            0x00005e75         Code  Gb  DblDiv.o [6]
__aeabi_dmul            0x00005f37         Code  Gb  DblMul.o [6]
__aeabi_dsub            0x00006181         Code  Gb  DblAddSub.o [6]
__aeabi_f2d             0x00006431         Code  Gb  FltToDbl.o [6]
__aeabi_fsub            0x00006381         Code  Gb  FltAddSub.o [6]
__aeabi_i2d             0x00005e41         Code  Gb  I32ToDbl.o [6]
__aeabi_idiv            0x00003239         Code  Gb  I32DivModFast.o [7]
__aeabi_idivmod         0x00003239         Code  Gb  I32DivModFast.o [7]
__aeabi_memclr4         0x000040ed         Code  Gb  ABImemset.o [7]
__aeabi_memclr8         0x000040ed         Code  Gb  ABImemset.o [7]
__aeabi_memcpy          0x000030e9         Code  Gb  ABImemcpy.o [7]
__aeabi_memcpy4         0x00003111         Code  Wk  ABImemcpy.o [7]
__aeabi_memset4         0x000040b1         Code  Gb  ABImemset.o [7]
__aeabi_memset8         0x000040b1         Code  Gb  ABImemset.o [7]
__aeabi_ui2d            0x00005e55         Code  Gb  I32ToDbl.o [6]
__aeabi_ui2f            0x000032ed         Code  Gb  I32ToFlt.o [6]
__aeabi_uidiv           0x0000323f         Code  Gb  I32DivModFast.o [7]
__aeabi_uidivmod        0x0000323f         Code  Gb  I32DivModFast.o [7]
__aeabi_uldivmod        0x00005dd7         Code  Gb  I64DivMod.o [7]
__cmain                 0x00006fd9         Code  Gb  cmain.o [7]
__exit                  0x00006e09         Code  Gb  XXexit.o [7]
__iar_Memset4_word      0x000040bd         Code  Gb  ABImemset.o [7]
__iar_ceil              0x00006271         Code  Gb  ceil.o [6]
__iar_ceill             0x00006271         Code  Gb  ceil.o [6]
__iar_d2uiz             0x000062f1         Code  Gb  DblToI32.o [6]
__iar_data_init3        0x00006f85   0x28  Code  Gb  data_init.o [7]
__iar_floor             0x00006465         Code  Gb  floor.o [6]
__iar_floorl            0x00006465         Code  Gb  floor.o [6]
__iar_packbits_init3    0x00006d47   0xb6  Code  Gb  packbits_init.o [7]
__iar_program_start     0x00007019         Code  Gb  cstartup_M.o [7]
__iar_ui2d              0x00005e59         Code  Gb  I32ToDbl.o [6]
__iar_ui2f              0x000032f1         Code  Gb  I32ToFlt.o [6]
__iar_zero_init3        0x0000330b   0x2a  Code  Gb  zero_init3.o [7]
__vector_table          0x00000000         Data  Gb  iar_startup_lpc82x.o [1]
__vector_table_0x1c     0x00000010         Data  Gb  iar_startup_lpc82x.o [1]
_call_main              0x00006fe5         Code  Gb  cmain.o [7]
_exit                   0x00006ffd         Code  Gb  cexit.o [7]
_main                   0x00006fef         Code  Gb  cmain.o [7]
aBlock                  0x100002b0   0x10  Data  Lc  LoRaMacCrypto.o [1]
abort                   0x00006dfd    0xa  Code  Gb  abort.o [5]
add_round_key           0x00004f5d    0x8  Code  Lc  aes.o [1]
aes_encrypt             0x0000546b   0x52  Code  Gb  aes.o [1]
aes_set_key             0x00005369  0x102  Code  Gb  aes.o [1]
ceil                    0x00006271         Code  Gb  ceil.o [6]
ceill                   0x00006271         Code  Gb  ceil.o [6]
config_tab              0x000069d0  0x354  Data  Lc  irc_8xx.o [4]
config_tab_idx          0x100013a0    0x2  Data  Lc  irc_8xx.o [4]
copy_and_key            0x00004ed7   0x86  Code  Lc  aes.o [1]
copy_block              0x00004dfd   0x42  Code  Lc  aes.o [1]
copy_block_nn           0x00004e3f   0x16  Code  Lc  aes.o [1]
cpystr                  0x00003cbf   0x18  Code  Gb  hex.o [1]
eeprom_write            0x00002dc9   0x82  Code  Gb  eeprom.o [1]
evnames                 0x10000604   0x40  Data  Lc  modem.o [1]
exit                    0x00006ff3    0x8  Code  Gb  exit.o [5]
floor                   0x00006465         Code  Gb  floor.o [6]
floorl                  0x00006465         Code  Gb  floor.o [6]
frame_init              0x000040f1   0x14  Code  Gb  frame.o [1]
frame_rx                0x00004105   0xfc  Code  Gb  frame.o [1]
funMcpsConfirm          0x0000349d    0x2  Code  Lc  main.o [1]
funWktAlarm             0x00002241   0x2e  Code  Gb  modem.o [1]
getUARTClockID          0x00003e21   0x18  Code  Lc  uart_8xx.o [4]
gethex                  0x00003bc5   0x3e  Code  Gb  hex.o [1]
gfm2_sbox               0x00005268  0x100  Data  Lc  aes.o [1]
gfm3_sbox               0x00005168  0x100  Data  Lc  aes.o [1]
hex2int                 0x00003c5d   0x32  Code  Gb  hex.o [1]
hexval                  0x00003cec  0x100  Data  Lc  hex.o [1]
iap_entry               0x000001bd    0x8  Code  Lc  iap.o [4]
int2hex                 0x00003c39   0x24  Code  Gb  hex.o [1]
isAlarm                 0x1000136e    0x1  Data  Lc  modem.o [1]
isAlarmDuty             0x00002601    0x6  Code  Gb  modem.o [1]
joincfg                 0x100012ec   0x24  Data  Lc  modem.o [1]
main                    0x000035b1  0x1a4  Code  Gb  main.o [1]
memcpy1                 0x0000317b   0x16  Code  Gb  utilities.o [1]
memcpyr                 0x00003191   0x1a  Code  Gb  utilities.o [1]
memset1                 0x000031ab   0x12  Code  Gb  utilities.o [1]
mix_sub_columns         0x00004fc9  0x19a  Code  Lc  aes.o [1]
modem_init              0x00002725   0x72  Code  Gb  modem.o [1]
modem_rxdone            0x000027e1  0x400  Code  Gb  modem.o [1]
modem_wkt_init          0x000022c7   0x30  Code  Gb  modem.o [1]
next                    0x100006e4    0x4  Data  Lc  utilities.o [1]
onEvent                 0x000024a1  0x12e  Code  Gb  modem.o [1]
os_crc16                0x00002611   0x38  Code  Gb  modem.o [1]
persist                 0x10001284   0x68  Data  Gb  modem.o [1]
persist_init            0x00002655   0xba  Code  Lc  modem.o [1]
prvSetupHardware        0x0000357d    0xc  Code  Lc  main.o [1]
puthex                  0x00003c05   0x34  Code  Gb  hex.o [1]
rand1                   0x00003145   0x1a  Code  Gb  utilities.o [1]
randr                   0x00003165   0x16  Code  Gb  utilities.o [1]
reverse                 0x00003c8f   0x22  Code  Gb  hex.o [1]
rxbuff                  0x10001094   0x40  Data  Lc  usart.o [1]
rxframe                 0x10001384   0x10  Data  Gb  frame.o [1]
rxring                  0x10001080   0x14  Data  Gb  usart.o [1]
sBlock                  0x100002c0   0x10  Data  Lc  LoRaMacCrypto.o [1]
sbox                    0x000054bc  0x100  Data  Lc  aes.o [1]
sesscfg                 0x10001310   0x30  Data  Lc  modem.o [1]
shift_sub_rows          0x00004f65   0x64  Code  Lc  aes.o [1]
srand1                  0x0000315f    0x6  Code  Gb  utilities.o [1]
src_iap_array_data      0x10001114   0x80  Data  Gb  eeprom.o [1]
strlen                  0x00003bb5   0x10  Code  Gb  strlen.o [7]
systicks                0x10001394    0x4  Data  Gb  timer.o [1]
tolower                 0x00003cb1    0xe  Code  Gb  hex.o [1]
txbuff                  0x100010d4   0x40  Data  Lc  usart.o [1]
txring                  0x1000106c   0x14  Data  Gb  usart.o [1]
uartflashtimer          0x1000065c    0x4  Data  Lc  main.o [1]
usart_init              0x00003fdb   0x9a  Code  Gb  usart.o [1]
wdtOSCRate              0x0000576c   0x40  Data  Lc  clock_8xx.o [4]
wktType                 0x1000136d    0x1  Data  Gb  modem.o [1]
xor_block               0x00004e55   0x82  Code  Lc  aes.o [1]


[1] = F:\LoRaProduct\source code\nxp_lpcxpresso_824max\lpcxpresso824\prj_xpresso82x\iar\freertos_blinky\iflash_nxp_lpcxpresso_812\Obj
[2] = command line
[3] = board_nxp_lpcxpresso_824.a
[4] = chip_8xx_lib.a
[5] = dl6M_tln.a
[6] = m6M_tl.a
[7] = rt6M_tl.a

  31 932 bytes of readonly  code memory
     513 bytes of readonly  data memory
   6 052 bytes of readwrite data memory

Errors: none
Warnings: none
