###############################################################################
#
# IAR ELF Linker V7.30.3.8024/W32 for ARM                 03/Dec/2017  21:27:31
# Copyright 2007-2014 IAR Systems AB.
#
#    Output file  =  
#        E:\LoRaProduct\source
#        code\nxp_lpcxpresso_824max\lpcxpresso824\prj_xpresso82x\iar\freertos_blinky\iflash_nxp_lpcxpresso_812\Exe\freertos_blinky.out.tmp
#    Map file     =  
#        E:\LoRaProduct\source
#        code\nxp_lpcxpresso_824max\lpcxpresso824\prj_xpresso82x\iar\freertos_blinky\iflash_nxp_lpcxpresso_812\List\freertos_blinky.map
#    Command line =  
#        "E:\LoRaProduct\source
#        code\nxp_lpcxpresso_824max\lpcxpresso824\prj_xpresso82x\iar\freertos_blinky\iflash_nxp_lpcxpresso_812\Obj\aes.o"
#        "E:\LoRaProduct\source
#        code\nxp_lpcxpresso_824max\lpcxpresso824\prj_xpresso82x\iar\lib_board_lpcxpresso824\iar_output\Exe\board_nxp_lpcxpresso_824.a"
#        "E:\LoRaProduct\source
#        code\nxp_lpcxpresso_824max\lpcxpresso824\prj_xpresso82x\iar\freertos_blinky\iflash_nxp_lpcxpresso_812\Obj\buffer.o"
#        "E:\LoRaProduct\source
#        code\nxp_lpcxpresso_824max\lpcxpresso824\prj_xpresso82x\iar\lib_chip_8xx\iar_output\Exe\chip_8xx_lib.a"
#        "E:\LoRaProduct\source
#        code\nxp_lpcxpresso_824max\lpcxpresso824\prj_xpresso82x\iar\freertos_blinky\iflash_nxp_lpcxpresso_812\Obj\cmac.o"
#        "E:\LoRaProduct\source
#        code\nxp_lpcxpresso_824max\lpcxpresso824\prj_xpresso82x\iar\freertos_blinky\iflash_nxp_lpcxpresso_812\Obj\debug.o"
#        "E:\LoRaProduct\source
#        code\nxp_lpcxpresso_824max\lpcxpresso824\prj_xpresso82x\iar\freertos_blinky\iflash_nxp_lpcxpresso_812\Obj\frame.o"
#        "E:\LoRaProduct\source
#        code\nxp_lpcxpresso_824max\lpcxpresso824\prj_xpresso82x\iar\freertos_blinky\iflash_nxp_lpcxpresso_812\Obj\hex.o"
#        "E:\LoRaProduct\source
#        code\nxp_lpcxpresso_824max\lpcxpresso824\prj_xpresso82x\iar\freertos_blinky\iflash_nxp_lpcxpresso_812\Obj\iar_startup_lpc82x.o"
#        "E:\LoRaProduct\source
#        code\nxp_lpcxpresso_824max\lpcxpresso824\prj_xpresso82x\iar\freertos_blinky\iflash_nxp_lpcxpresso_812\Obj\LoRaMac.o"
#        "E:\LoRaProduct\source
#        code\nxp_lpcxpresso_824max\lpcxpresso824\prj_xpresso82x\iar\freertos_blinky\iflash_nxp_lpcxpresso_812\Obj\LoRaMacCrypto.o"
#        "E:\LoRaProduct\source
#        code\nxp_lpcxpresso_824max\lpcxpresso824\prj_xpresso82x\iar\freertos_blinky\iflash_nxp_lpcxpresso_812\Obj\main.o"
#        "E:\LoRaProduct\source
#        code\nxp_lpcxpresso_824max\lpcxpresso824\prj_xpresso82x\iar\freertos_blinky\iflash_nxp_lpcxpresso_812\Obj\modem.o"
#        "E:\LoRaProduct\source
#        code\nxp_lpcxpresso_824max\lpcxpresso824\prj_xpresso82x\iar\freertos_blinky\iflash_nxp_lpcxpresso_812\Obj\Region.o"
#        "E:\LoRaProduct\source
#        code\nxp_lpcxpresso_824max\lpcxpresso824\prj_xpresso82x\iar\freertos_blinky\iflash_nxp_lpcxpresso_812\Obj\RegionCN470.o"
#        "E:\LoRaProduct\source
#        code\nxp_lpcxpresso_824max\lpcxpresso824\prj_xpresso82x\iar\freertos_blinky\iflash_nxp_lpcxpresso_812\Obj\RegionCommon.o"
#        "E:\LoRaProduct\source
#        code\nxp_lpcxpresso_824max\lpcxpresso824\prj_xpresso82x\iar\freertos_blinky\iflash_nxp_lpcxpresso_812\Obj\sx1276-board.o"
#        "E:\LoRaProduct\source
#        code\nxp_lpcxpresso_824max\lpcxpresso824\prj_xpresso82x\iar\freertos_blinky\iflash_nxp_lpcxpresso_812\Obj\sx1276.o"
#        "E:\LoRaProduct\source
#        code\nxp_lpcxpresso_824max\lpcxpresso824\prj_xpresso82x\iar\freertos_blinky\iflash_nxp_lpcxpresso_812\Obj\sysinit.o"
#        "E:\LoRaProduct\source
#        code\nxp_lpcxpresso_824max\lpcxpresso824\prj_xpresso82x\iar\freertos_blinky\iflash_nxp_lpcxpresso_812\Obj\timer.o"
#        "E:\LoRaProduct\source
#        code\nxp_lpcxpresso_824max\lpcxpresso824\prj_xpresso82x\iar\freertos_blinky\iflash_nxp_lpcxpresso_812\Obj\usart.o"
#        "E:\LoRaProduct\source
#        code\nxp_lpcxpresso_824max\lpcxpresso824\prj_xpresso82x\iar\freertos_blinky\iflash_nxp_lpcxpresso_812\Obj\utilities.o"
#        -o "E:\LoRaProduct\source
#        code\nxp_lpcxpresso_824max\lpcxpresso824\prj_xpresso82x\iar\freertos_blinky\iflash_nxp_lpcxpresso_812\Exe\freertos_blinky.out.tmp"
#        --map "E:\LoRaProduct\source
#        code\nxp_lpcxpresso_824max\lpcxpresso824\prj_xpresso82x\iar\freertos_blinky\iflash_nxp_lpcxpresso_812\List\freertos_blinky.map"
#        --config "C:\Program Files (x86)\IAR Systems\Embedded Workbench
#        7.0\arm\config\linker\NXP\LPC824M201.icf" --entry __iar_program_start
#        --inline --vfe
#
###############################################################################

*******************************************************************************
*** RUNTIME MODEL ATTRIBUTES
***

CppFlavor       = *
__SystemLibrary = DLib


*******************************************************************************
*** PLACEMENT SUMMARY
***

"A1":  place at 0x00000000 { ro section .intvec };
"P1":  place in [from 0x00000000 to 0x000002fb] |
                [from 0x00000300 to 0x00007fff] { ro };
"P2":  place in [from 0x10000000 to 0x10001fff] { rw, block CSTACK, block HEAP };
"P3":  place in [from 0x000002fc to 0x000002ff] { section .crp };

  Section            Kind        Address    Size  Object
  -------            ----        -------    ----  ------
"A1":                                       0xc0
  .intvec            ro code  0x00000000    0xc0  iar_startup_lpc82x.o [1]
                            - 0x000000c0    0xc0

"P1", part 1 of 2:                         0x218
  .text              ro code  0x000000c0    0xd8  timer.o [1]
  .text              ro code  0x00000198    0x1e  I32ToFlt.o [6]
  .text              ro code  0x000001b6    0x2a  zero_init3.o [7]
  .text              ro code  0x000001e0    0x48  swm_8xx.o [4]
  .text              ro code  0x00000228    0x12  iocon_8xx.o [4]
  .text              ro code  0x0000023a     0x2  iar_startup_lpc82x.o [1]
  .text              ro code  0x0000023c    0x18  gpio_8xx.o [4]
  .text              ro code  0x00000254     0x2  iar_startup_lpc82x.o [1]
  .text              ro code  0x00000256    0x6a  I64DivMod.o [7]
  .text              ro code  0x000002c0     0x2  iar_startup_lpc82x.o [1]
  .rodata            const    0x000002c2     0x0  zero_init3.o [7]
  .rodata            const    0x000002c2     0x0  packbits_init.o [7]
  .text              ro code  0x000002c4     0xc  XXexit.o [7]
  .rodata            const    0x000002d0     0x8  board.o [3]
                            - 0x000002d8   0x218

"P3":                                        0x4
  .crp               ro code  0x000002fc     0x4  iar_startup_lpc82x.o [1]
                            - 0x00000300     0x4

"P1", part 2 of 2:                        0x78f4
  .text              ro code  0x00000300  0x1d44  LoRaMac.o [1]
  .text              ro code  0x00002044   0x608  modem.o [1]
  .text              ro code  0x0000264c   0x1a8  Region.o [1]
  .text              ro code  0x000027f4   0x268  LoRaMacCrypto.o [1]
  .text              ro code  0x00002a5c    0xa8  utilities.o [1]
  .text              ro code  0x00002b04    0xe0  I32DivModFast.o [7]
  .text              ro code  0x00002be4    0x5c  ABImemcpy.o [7]
  .text              ro code  0x00002c40   0x255  board.o [3]
  .text              ro code  0x00002e96    0x10  strlen.o [7]
  .text              ro code  0x00002ea6     0x2  iar_startup_lpc82x.o [1]
  .text              ro code  0x00002ea8    0xc0  buffer.o [1]
  .text              ro code  0x00002f68   0x208  hex.o [1]
  .text              ro code  0x00003170   0x178  uart_8xx.o [4]
  .text              ro code  0x000032e8    0x54  ABImemset.o [7]
  .text              ro code  0x0000333c    0xa8  usart.o [1]
  .text              ro code  0x000033e4    0xc8  frame.o [1]
  .text              ro code  0x000034ac   0x7cc  RegionCN470.o [1]
  .text              ro code  0x00003c78   0x22c  cmac.o [1]
  .text              ro code  0x00003ea4   0x7b4  aes.o [1]
  .text              ro code  0x00004658   0x1b4  clock_8xx.o [4]
  .text              ro code  0x0000480c   0x1c6  ring_buffer.o [4]
  .text              ro code  0x000049d4   0x404  RegionCommon.o [1]
  .text              ro code  0x00004dd8    0x34  I32ToDbl.o [6]
  .text              ro code  0x00004e0c    0xc2  DblDiv.o [6]
  .text              ro code  0x00004ece   0x184  DblMul.o [6]
  .text              ro code  0x00005052   0x1b4  DblAddSub.o [6]
  .text              ro code  0x00005208    0x58  ceil.o [6]
  .text              ro code  0x00005260    0x52  DblToI32.o [6]
  .text              ro code  0x000052b2   0x116  FltAddSub.o [6]
  .text              ro code  0x000053c8    0x32  FltToDbl.o [6]
  .text              ro code  0x000053fc    0x58  floor.o [6]
  .text              ro code  0x00005454   0x358  sx1276-board.o [1]
  .text              ro code  0x000057ac    0x48  round.o [6]
  .text              ro code  0x000057f4    0x32  DblCmpGe.o [6]
  .text              ro code  0x00005828    0x44  spim_8xx.o [4]
  .text              ro code  0x0000586c    0x2c  spi_8xx.o [4]
  .text              ro code  0x00005898    0x8c  xdint.o [6]
  .text              ro code  0x00005924   0x42c  main.o [1]
  .text              ro code  0x00005d50    0x10  chip_8xx.o [4]
  .text              ro code  0x00005d60   0x408  irc_8xx.o [4]
  .text              ro code  0x00006168    0x34  syscon_8xx.o [4]
  .text              ro code  0x0000619c    0xd8  packbits_init.o [7]
  .text              ro code  0x00006274     0xa  abort.o [5]
  .rodata            const    0x00006280    0xb0  modem.o [1]
  .text              ro code  0x00006330    0x7a  board_sysinit.o [3]
  .text              ro code  0x000063ac    0x14  sysinit_8xx.o [4]
  .rodata            const    0x000063c0    0x5c  sx1276-board.o [1]
  .text              ro code  0x0000641c    0x28  data_init.o [7]
  .iar.init_table    const    0x00006444    0x2c  - Linker created -
  .text              ro code  0x00006470    0x1a  cmain.o [7]
  .text              ro code  0x0000648a     0x8  exit.o [5]
  .text              ro code  0x00006494     0xa  cexit.o [7]
  .text              ro code  0x000064a0    0x10  iar_startup_lpc82x.o [1]
  .text              ro code  0x000064b0     0xc  cstartup_M.o [7]
  .text              ro code  0x000064bc     0x8  sysinit.o [1]
  .text              ro code  0x000064c4     0x4  iar_startup_lpc82x.o [1]
  .text              ro code  0x000064c8  0x16b0  sx1276.o [1]
  Initializer bytes  ro data  0x00007b78    0x7c  <for P2 s0>
                            - 0x00007bf4  0x78f4

"P2":                                     0x1a10
  P2 s0                       0x10000000   0x4e0  <Init block>
    .data            inited   0x10000000   0x138  LoRaMacCrypto.o [1]
    .data            inited   0x10000138   0x114  LoRaMacCrypto.o [1]
    .data            inited   0x1000024c    0xf8  LoRaMac.o [1]
    .data            inited   0x10000344    0xe4  modem.o [1]
    .data            inited   0x10000428    0x54  main.o [1]
    .data            inited   0x1000047c    0x38  LoRaMac.o [1]
    .data            inited   0x100004b4    0x28  RegionCN470.o [1]
    .data            inited   0x100004dc     0x4  utilities.o [1]
  .bss               zero     0x100004e0   0x480  RegionCN470.o [1]
  .bss               zero     0x10000960   0x40c  buffer.o [1]
  .bss               zero     0x10000d6c   0x1ac  sx1276.o [1]
  .bss               zero     0x10000f18   0x180  modem.o [1]
  .bss               zero     0x10001098   0x100  LoRaMac.o [1]
  .bss               zero     0x10001198   0x100  LoRaMac.o [1]
  .bss               zero     0x10001298    0xf4  main.o [1]
  .bss               zero     0x1000138c    0xa8  usart.o [1]
  .bss               zero     0x10001434    0x80  LoRaMac.o [1]
  .bss               zero     0x100014b4    0x80  LoRaMac.o [1]
  .bss               zero     0x10001534    0x70  LoRaMac.o [1]
  .bss               zero     0x100015a4    0x18  LoRaMac.o [1]
  .bss               zero     0x100015bc    0x15  LoRaMac.o [1]
  .bss               zero     0x100015d2     0x2  irc_8xx.o [4]
  .bss               zero     0x100015d4    0x14  LoRaMac.o [1]
  .bss               zero     0x100015e8    0x10  frame.o [1]
  .bss               zero     0x100015f8     0x8  timer.o [1]
  .bss               zero     0x10001600     0x4  sx1276.o [1]
  .bss               zero     0x10001604     0x4  chip_8xx.o [4]
  .bss               zero     0x10001608     0x1  modem.o [1]
  .bss               zero     0x10001609     0x1  modem.o [1]
  .bss               zero     0x1000160a     0x1  sx1276-board.o [1]
  .bss               zero     0x1000160b     0x1  utilities.o [1]
  CSTACK                      0x10001610   0x400  <Block>
    CSTACK           uninit   0x10001610   0x400  <Block tail>
                            - 0x10001a10  0x1a10


*******************************************************************************
*** INIT TABLE
***

          Address     Size
          -------     ----
Zero (__iar_zero_init3)
    1 destination range, total size 0x112c:
          0x100004e0  0x112c

Copy/packbits (__iar_packbits_init3)
    1 source range, total size 0x7c (9% of destination):
          0x00007b78    0x7c
    1 destination range, total size 0x4e0:
          0x10000000   0x4e0



*******************************************************************************
*** MODULE SUMMARY
***

    Module                ro code  ro data  rw data
    ------                -------  -------  -------
E:\LoRaProduct\source code\nxp_lpcxpresso_824max\lpcxpresso824\prj_xpresso82x\iar\freertos_blinky\iflash_nxp_lpcxpresso_812\Obj: [1]
    LoRaMac.o               7 492       30    1 249
    LoRaMacCrypto.o           616       58      588
    Region.o                  424
    RegionCN470.o           1 996        4    1 192
    RegionCommon.o          1 028
    aes.o                   1 972
    buffer.o                  192             1 036
    cmac.o                    556
    frame.o                   200                16
    hex.o                     520
    iar_startup_lpc82x.o      224
    main.o                  1 068        9      328
    modem.o                 1 544      198      614
    sx1276-board.o            856       92        1
    sx1276.o                5 808               432
    sysinit.o                   8
    timer.o                   216                 8
    usart.o                   168               168
    utilities.o               168                 5
    -----------------------------------------------
    Total:                 25 056      391    5 637

command line: [2]
    -----------------------------------------------
    Total:

board_nxp_lpcxpresso_824.a: [3]
    board.o                   597        8
    board_sysinit.o           122
    -----------------------------------------------
    Total:                    719        8

chip_8xx_lib.a: [4]
    chip_8xx.o                 16                 4
    clock_8xx.o               436
    gpio_8xx.o                 24
    iocon_8xx.o                18
    irc_8xx.o               1 032                 2
    ring_buffer.o             454
    spi_8xx.o                  44
    spim_8xx.o                 68
    swm_8xx.o                  72
    syscon_8xx.o               52
    sysinit_8xx.o              20
    uart_8xx.o                376
    -----------------------------------------------
    Total:                  2 612                 6

dl6M_tln.a: [5]
    abort.o                    10
    exit.o                      8
    -----------------------------------------------
    Total:                     18

m6M_tl.a: [6]
    DblAddSub.o               436
    DblCmpGe.o                 50
    DblDiv.o                  194
    DblMul.o                  388
    DblToI32.o                 82
    FltAddSub.o               278
    FltToDbl.o                 50
    I32ToDbl.o                 52
    I32ToFlt.o                 30
    ceil.o                     88
    floor.o                    88
    round.o                    72
    xdint.o                   140
    -----------------------------------------------
    Total:                  1 948

rt6M_tl.a: [7]
    ABImemcpy.o                92
    ABImemset.o                84
    I32DivModFast.o           224
    I64DivMod.o               106
    XXexit.o                   12
    cexit.o                    10
    cmain.o                    26
    cstartup_M.o               12
    data_init.o                40
    packbits_init.o           216
    strlen.o                   16
    zero_init3.o               42
    -----------------------------------------------
    Total:                    880

    Gaps                       17        2        1
    Linker created                      45    1 024
---------------------------------------------------
    Grand Total:           31 250      446    6 668


*******************************************************************************
*** ENTRY LIST
***

Entry                      Address   Size  Type      Object
-----                      -------   ----  ----      ------
?main                   0x00006471         Code  Gb  cmain.o [7]
AES_CMAC_Final          0x00003d6d  0x138  Code  Gb  cmac.o [1]
AES_CMAC_Init           0x00003c79   0x22  Code  Gb  cmac.o [1]
AES_CMAC_SetKey         0x00003c9b   0x10  Code  Gb  cmac.o [1]
AES_CMAC_Update         0x00003cab   0xc2  Code  Gb  cmac.o [1]
AckTimeoutRetries       0x10000266    0x1  Data  Lc  LoRaMac.o [1]
AckTimeoutRetriesCounter
                        0x10000267    0x1  Data  Lc  LoRaMac.o [1]
AckTimeoutRetry         0x10000268    0x1  Data  Lc  LoRaMac.o [1]
AckTimeoutTimer         0x10000330   0x14  Data  Lc  LoRaMac.o [1]
AddMacCommand           0x00000e35   0x98  Code  Lc  LoRaMac.o [1]
AdrAckCounter           0x10000298    0x4  Data  Lc  LoRaMac.o [1]
AdrCtrlOn               0x1000025d    0x1  Data  Lc  LoRaMac.o [1]
AesCmacCtx              0x10000020  0x118  Data  Lc  LoRaMacCrypto.o [1]
AesContext              0x10000158   0xf4  Data  Lc  LoRaMacCrypto.o [1]
AggregatedDCycle        0x10000274    0x2  Data  Lc  LoRaMac.o [1]
AggregatedLastTxDoneTime
                        0x1000029c    0x4  Data  Lc  LoRaMac.o [1]
AggregatedTimeOff       0x100002a0    0x4  Data  Lc  LoRaMac.o [1]
AppData                 0x10001298   0xf4  Data  Lc  main.o [1]
AppDataSize             0x1000043d    0x1  Data  Lc  main.o [1]
AppEui                  0x10000450    0x8  Data  Lc  main.o [1]
AppKey                  0x10000458   0x10  Data  Lc  main.o [1]
AppLedStateOn           0x1000043f    0x1  Data  Lc  main.o [1]
AppPort                 0x1000043c    0x1  Data  Lc  main.o [1]
Bands                   0x100004cc   0x10  Data  Lc  RegionCN470.o [1]
BandwidthsCN470         0x000037a0   0x18  Data  Lc  RegionCN470.o [1]
BoardDisableIrq         0x00002ad1    0xc  Code  Gb  utilities.o [1]
BoardEnableIrq          0x00002add   0x10  Code  Gb  utilities.o [1]
BoardGetBatteryLevel    0x00005b7d    0x4  Code  Gb  main.o [1]
Board_Debug_Init        0x00002c99   0x2c  Code  Gb  board.o [3]
Board_GPIO_Init         0x00002cc5  0x17a  Code  Gb  board.o [3]
Board_Init              0x00002e41   0x36  Code  Gb  board.o [3]
Board_LED_Set           0x00002c7f   0x1a  Code  Gb  board.o [3]
Board_SetupClocking     0x00006343   0x48  Code  Gb  board_sysinit.o [3]
Board_SystemInit        0x0000639d    0xe  Code  Gb  board_sysinit.o [3]
CSTACK$$Base            0x10001610          --   Gb  - Linker created -
CSTACK$$Limit           0x10001a10          --   Gb  - Linker created -
Channel                 0x10000264    0x1  Data  Lc  LoRaMac.o [1]
Channels                0x100004e0  0x480  Data  Lc  RegionCN470.o [1]
ChannelsDefaultMask     0x100004c0    0xc  Data  Lc  RegionCN470.o [1]
ChannelsMask            0x100004b4    0xc  Data  Lc  RegionCN470.o [1]
ChannelsNbRepCounter    0x10000263    0x1  Data  Lc  LoRaMac.o [1]
Chip_Clock_DisablePeriphClock
                        0x00002c53   0x12  Code  Lc  board.o [3]
Chip_Clock_EnablePeriphClock
                        0x00005491   0x12  Code  Lc  sx1276-board.o [1]
Chip_Clock_EnablePeriphClock
                        0x00002c41   0x12  Code  Lc  board.o [3]
Chip_Clock_EnablePeriphClock
                        0x00006331   0x12  Code  Lc  board_sysinit.o [3]
Chip_Clock_GetMainClockRate
                        0x000046c9   0x30  Code  Gb  clock_8xx.o [4]
Chip_Clock_GetSystemClockRate
                        0x000046f9   0x12  Code  Gb  clock_8xx.o [4]
Chip_Clock_GetSystemPLLInClockRate
                        0x0000468f   0x26  Code  Gb  clock_8xx.o [4]
Chip_Clock_GetSystemPLLOutClockRate
                        0x000046b5   0x14  Code  Gb  clock_8xx.o [4]
Chip_Clock_GetUSARTNBaseClockRate
                        0x0000470b   0x36  Code  Gb  clock_8xx.o [4]
Chip_Clock_GetWDTOSCRate
                        0x0000466d   0x22  Code  Gb  clock_8xx.o [4]
Chip_Clock_SetMainClockSource
                        0x0000465d    0x2  Code  Gb  clock_8xx.o [4]
Chip_Clock_SetSystemPLLSource
                        0x00004659    0x4  Code  Gb  clock_8xx.o [4]
Chip_Clock_SetUSARTNBaseClockRate
                        0x00004741   0x5a  Code  Gb  clock_8xx.o [4]
Chip_FMC_SetFLASHAccess
                        0x00005d61    0x8  Code  Lc  irc_8xx.o [4]
Chip_GPIO_Init          0x0000023d   0x10  Code  Gb  gpio_8xx.o [4]
Chip_GPIO_SetPinDIR     0x000054c5   0x1c  Code  Lc  sx1276-board.o [1]
Chip_GPIO_SetPinDIRInput
                        0x000054b5   0x10  Code  Lc  sx1276-board.o [1]
Chip_GPIO_SetPinState   0x00002c77    0x8  Code  Lc  board.o [3]
Chip_IOCON_PinSetMode   0x00000229   0x12  Code  Gb  iocon_8xx.o [4]
Chip_IRC_SetFreq        0x00005d69   0x9c  Code  Gb  irc_8xx.o [4]
Chip_PININT_ClearIntStatus
                        0x000064c9    0x4  Code  Lc  sx1276.o [1]
Chip_PININT_EnableIntHigh
                        0x000054b1    0x4  Code  Lc  sx1276-board.o [1]
Chip_PININT_SetPinModeEdge
                        0x000054a3    0xe  Code  Lc  sx1276-board.o [1]
Chip_SPIM_GetClockRate  0x00005829   0x14  Code  Gb  spim_8xx.o [4]
Chip_SPIM_SetClockRate  0x0000583d   0x2c  Code  Gb  spim_8xx.o [4]
Chip_SPI_ClearStatus    0x000064d5    0x4  Code  Lc  sx1276.o [1]
Chip_SPI_DelayConfig    0x0000586d   0x2c  Code  Gb  spi_8xx.o [4]
Chip_SPI_GetStatus      0x000064cd    0x8  Code  Lc  sx1276.o [1]
Chip_SPI_ReceiveFrame   0x000064fb    0x6  Code  Lc  sx1276.o [1]
Chip_SPI_SendLastFrame  0x000064e9   0x12  Code  Lc  sx1276.o [1]
Chip_SPI_SendMidFrame   0x000064e5    0x4  Code  Lc  sx1276.o [1]
Chip_SPI_SetCFGRegBits  0x000054e1    0x6  Code  Lc  sx1276-board.o [1]
Chip_SPI_SetControlInfo
                        0x000064d9    0xc  Code  Lc  sx1276.o [1]
Chip_SWM_DisableFixedPin
                        0x00002c65   0x12  Code  Lc  board.o [3]
Chip_SWM_FixedPinEnable
                        0x000001ff   0x20  Code  Gb  swm_8xx.o [4]
Chip_SWM_MovablePinAssign
                        0x000001e1   0x1e  Code  Gb  swm_8xx.o [4]
Chip_SYSCTL_EnablePINTWakeup
                        0x00005481   0x10  Code  Lc  sx1276-board.o [1]
Chip_SYSCTL_PeriphReset
                        0x00005463   0x16  Code  Lc  sx1276-board.o [1]
Chip_SYSCTL_PeriphReset
                        0x00003171   0x1c  Code  Lc  uart_8xx.o [4]
Chip_SYSCTL_PowerDown   0x00006169   0x14  Code  Gb  syscon_8xx.o [4]
Chip_SYSCTL_PowerUp     0x0000617d   0x14  Code  Gb  syscon_8xx.o [4]
Chip_SYSCTL_SetPinInterrupt
                        0x00005479    0x8  Code  Lc  sx1276-board.o [1]
Chip_SetupIrcClocking   0x000063ad    0x4  Code  Gb  sysinit_8xx.o [4]
Chip_UART_GetStatus     0x0000319d    0x8  Code  Lc  uart_8xx.o [4]
Chip_UART_IRQRBHandler  0x000032b7   0x32  Code  Gb  uart_8xx.o [4]
Chip_UART_Init          0x000031bd   0x34  Code  Gb  uart_8xx.o [4]
Chip_UART_IntDisable    0x00003199    0x4  Code  Lc  uart_8xx.o [4]
Chip_UART_IntEnable     0x0000333d    0x4  Code  Lc  usart.o [1]
Chip_UART_RXIntHandlerRB
                        0x00003227   0x24  Code  Gb  uart_8xx.o [4]
Chip_UART_ReadByte      0x00003191    0x8  Code  Lc  uart_8xx.o [4]
Chip_UART_ReadRB        0x000032a9    0xe  Code  Gb  uart_8xx.o [4]
Chip_UART_SendByte      0x0000318d    0x4  Code  Lc  uart_8xx.o [4]
Chip_UART_SendRB        0x00003275   0x34  Code  Gb  uart_8xx.o [4]
Chip_UART_SetBaud       0x00003211   0x16  Code  Gb  uart_8xx.o [4]
Chip_UART_TXIntHandlerRB
                        0x0000324b   0x2a  Code  Gb  uart_8xx.o [4]
ComplianceTest          0x10000428   0x14  Data  Gb  main.o [1]
CountNbOfEnabledChannels
                        0x000034b9   0x8a  Code  Lc  RegionCN470.o [1]
DataratesCN470          0x00003924    0x8  Data  Lc  RegionCN470.o [1]
DevEui                  0x10000448    0x8  Data  Lc  main.o [1]
DeviceState             0x10000441    0x1  Data  Lc  main.o [1]
DownLinkCounter         0x10000294    0x4  Data  Lc  LoRaMac.o [1]
DutyCycleOn             0x10000493    0x1  Data  Lc  LoRaMac.o [1]
ExtRateIn               0x000002d4    0x4  Data  Gb  board.o [3]
FskBandwidths           0x00006730   0xb0  Data  Gb  sx1276.o [1]
GetFskBandwidthRegValue
                        0x0000670d   0x24  Code  Lc  sx1276.o [1]
InStream_Read           0x0000619d   0x22  Code  Lc  packbits_init.o [7]
IrqNestLevel            0x1000160b    0x1  Data  Lc  utilities.o [1]
IsLoRaMacNetworkJoined  0x1000025c    0x1  Data  Gb  LoRaMac.o [1]
IsRxWindowsEnabled      0x10000491    0x1  Data  Lc  LoRaMac.o [1]
IsTxConfirmed           0x1000043e    0x1  Data  Lc  main.o [1]
IsUpLinkCounterFixed    0x100015d0    0x1  Data  Lc  LoRaMac.o [1]
JoinRequestTrials       0x10000269    0x1  Data  Lc  LoRaMac.o [1]
LMIC                    0x10000344   0xa4  Data  Gb  modem.o [1]
LastTxChannel           0x10000265    0x1  Data  Lc  LoRaMac.o [1]
LastTxIsJoinRequest     0x10000494    0x1  Data  Lc  LoRaMac.o [1]
Led1Timer_OffLine       0x10001084   0x14  Data  Gb  modem.o [1]
Led1Timer_OnLine        0x10001070   0x14  Data  Gb  modem.o [1]
Led1Timer_Rx            0x1000105c   0x14  Data  Gb  modem.o [1]
Led1Timer_Tx            0x10001048   0x14  Data  Gb  modem.o [1]
LedIndication           0x00002155   0x96  Code  Gb  modem.o [1]
LimitTxPower            0x000034ad    0xc  Code  Lc  RegionCN470.o [1]
LoRaMacAppEui           0x1000027c    0x4  Data  Lc  LoRaMac.o [1]
LoRaMacAppKey           0x10000280    0x4  Data  Lc  LoRaMac.o [1]
LoRaMacAppSKey          0x100002d0   0x10  Data  Lc  LoRaMac.o [1]
LoRaMacBuffer           0x10001098  0x100  Data  Lc  LoRaMac.o [1]
LoRaMacBufferPktLen     0x10000272    0x2  Data  Lc  LoRaMac.o [1]
LoRaMacCallbacks        0x100002b0    0x4  Data  Lc  LoRaMac.o [1]
LoRaMacComputeMic       0x000027f5   0x7e  Code  Gb  LoRaMacCrypto.o [1]
LoRaMacDevAddr          0x10000288    0x4  Data  Lc  LoRaMac.o [1]
LoRaMacDevEui           0x10000278    0x4  Data  Lc  LoRaMac.o [1]
LoRaMacDevNonce         0x10000270    0x2  Data  Lc  LoRaMac.o [1]
LoRaMacDeviceClass      0x10000259    0x1  Data  Lc  LoRaMac.o [1]
LoRaMacFlags            0x1000026c    0x4  Data  Gb  LoRaMac.o [1]
LoRaMacInitialization   0x000017a5  0x1f6  Code  Gb  LoRaMac.o [1]
LoRaMacInitializationTime
                        0x100002a4    0x4  Data  Lc  LoRaMac.o [1]
LoRaMacJoinComputeMic   0x0000293b   0x4e  Code  Gb  LoRaMacCrypto.o [1]
LoRaMacJoinComputeSKeys
                        0x000029cd   0x86  Code  Gb  LoRaMacCrypto.o [1]
LoRaMacJoinDecrypt      0x00002989   0x44  Code  Gb  LoRaMacCrypto.o [1]
LoRaMacMaxEirpTable     0x000011b4   0x10  Data  Lc  LoRaMac.o [1]
LoRaMacMcpsRequest      0x00001f11  0x124  Code  Gb  LoRaMac.o [1]
LoRaMacMibGetRequestConfirm
                        0x00001a75   0xd2  Code  Gb  LoRaMac.o [1]
LoRaMacMibSetRequestConfirm
                        0x00001b79  0x25c  Code  Gb  LoRaMac.o [1]
LoRaMacMlmeRequest      0x00001de9  0x128  Code  Gb  LoRaMac.o [1]
LoRaMacNetID            0x10000284    0x4  Data  Lc  LoRaMac.o [1]
LoRaMacNwkSKey          0x100002c0   0x10  Data  Lc  LoRaMac.o [1]
LoRaMacParams           0x10001534   0x38  Data  Gb  LoRaMac.o [1]
LoRaMacParamsDefaults   0x1000156c   0x38  Data  Gb  LoRaMac.o [1]
LoRaMacPayloadDecrypt   0x00002925   0x16  Code  Gb  LoRaMacCrypto.o [1]
LoRaMacPayloadEncrypt   0x00002873   0xb2  Code  Gb  LoRaMacCrypto.o [1]
LoRaMacPrimitives       0x100002ac    0x4  Data  Lc  LoRaMac.o [1]
LoRaMacQueryTxPossible  0x000019a9   0xc0  Code  Gb  LoRaMac.o [1]
LoRaMacRegion           0x10000258    0x1  Data  Lc  LoRaMac.o [1]
LoRaMacRxPayload        0x10001198  0x100  Data  Lc  LoRaMac.o [1]
LoRaMacState            0x100002a8    0x4  Data  Gb  LoRaMac.o [1]
LoRaMacTxPayloadLen     0x10000490    0x1  Data  Lc  LoRaMac.o [1]
MODEM                   0x10000f18  0x130  Data  Lc  modem.o [1]
MacCommandsBuffer       0x10001434   0x80  Data  Lc  LoRaMac.o [1]
MacCommandsBufferIndex  0x10000261    0x1  Data  Lc  LoRaMac.o [1]
MacCommandsBufferToRepeat
                        0x100014b4   0x80  Data  Lc  LoRaMac.o [1]
MacCommandsBufferToRepeatIndex
                        0x10000262    0x1  Data  Lc  LoRaMac.o [1]
MacCommandsInNextTx     0x10000260    0x1  Data  Lc  LoRaMac.o [1]
MacStateCheckTimer      0x100002e0   0x14  Data  Lc  LoRaMac.o [1]
MaxDCycle               0x10000492    0x1  Data  Lc  LoRaMac.o [1]
MaxJoinRequestTrials    0x1000026a    0x1  Data  Lc  LoRaMac.o [1]
MaxPayloadOfDatarateCN470
                        0x00003878    0x8  Data  Lc  RegionCN470.o [1]
MaxPayloadOfDatarateRepeaterCN470
                        0x00003870    0x8  Data  Lc  RegionCN470.o [1]
McpsConfirm             0x100015bc   0x14  Data  Lc  LoRaMac.o [1]
McpsConfirm             0x000059bb    0x8  Code  Lc  main.o [1]
McpsIndication          0x100015a4   0x18  Data  Lc  LoRaMac.o [1]
McpsIndication          0x000059c5  0x176  Code  Lc  main.o [1]
Mic                     0x10000010   0x10  Data  Lc  LoRaMacCrypto.o [1]
MicBlockB0              0x10000000   0x10  Data  Lc  LoRaMacCrypto.o [1]
MlmeConfirm             0x1000024c    0xc  Data  Lc  LoRaMac.o [1]
MlmeConfirm             0x00005b3b   0x3a  Code  Lc  main.o [1]
MulticastChannels       0x1000028c    0x4  Data  Lc  LoRaMac.o [1]
NVIC_EnableIRQ          0x00005455    0xe  Code  Lc  sx1276-board.o [1]
NextTx                  0x10000440    0x1  Data  Lc  main.o [1]
NodeAckRequested        0x1000025e    0x1  Data  Lc  LoRaMac.o [1]
OnAckTimeoutTimerEvent  0x00000db1   0x32  Code  Lc  LoRaMac.o [1]
OnLed1TimerEventNetOffline
                        0x00002063   0x9c  Code  Lc  modem.o [1]
OnLed1TimerEventNetOnline
                        0x000020ff   0x56  Code  Lc  modem.o [1]
OnLed1TimerEventRx      0x00002045    0x6  Code  Lc  modem.o [1]
OnLed1TimerEventTx      0x0000204b    0x4  Code  Lc  modem.o [1]
OnMacStateCheckTimerEvent
                        0x00000a71  0x226  Code  Lc  LoRaMac.o [1]
OnRadioRxDone           0x0000043d  0x536  Code  Lc  LoRaMac.o [1]
OnRadioRxError          0x000009a5   0x50  Code  Lc  LoRaMac.o [1]
OnRadioRxTimeout        0x000009f5   0x6e  Code  Lc  LoRaMac.o [1]
OnRadioTxDone           0x00000301   0xf2  Code  Lc  LoRaMac.o [1]
OnRadioTxTimeout        0x00000973   0x2c  Code  Lc  LoRaMac.o [1]
OnRxWindow1TimerEvent   0x00000cf9   0x52  Code  Lc  LoRaMac.o [1]
OnRxWindow2TimerEvent   0x00000d51   0x56  Code  Lc  LoRaMac.o [1]
OnTxDelayedTimerEvent   0x00000c97   0x5c  Code  Lc  LoRaMac.o [1]
OnTxNextPacketTimerEvent
                        0x0000598b   0x30  Code  Lc  main.o [1]
OscRateIn               0x000002d0    0x4  Data  Gb  board.o [3]
PININT0_IRQHandler      0x0000770d  0x236  Code  Gb  sx1276.o [1]
PININT1_IRQHandler      0x00007943   0xd0  Code  Gb  sx1276.o [1]
PININT2_IRQHandler      0x00007a1d   0xd0  Code  Gb  sx1276.o [1]
PININT3_IRQHandler      0x00007aed   0x4e  Code  Gb  sx1276.o [1]
PININT4_IRQHandler      0x00007b3b   0x22  Code  Gb  sx1276.o [1]
PININT5_IRQHandler      0x00007b5d    0xc  Code  Gb  sx1276.o [1]
PrepareFrame            0x000013ad  0x2e0  Code  Gb  LoRaMac.o [1]
PrepareRxDoneAbort      0x000003f3   0x34  Code  Lc  LoRaMac.o [1]
PrepareTxFrame          0x00005925   0x66  Code  Lc  main.o [1]
ProcessMacCommands      0x00000eed  0x2c2  Code  Lc  LoRaMac.o [1]
PublicNetwork           0x1000025a    0x1  Data  Lc  LoRaMac.o [1]
Radio                   0x000063c0   0x5c  Data  Gb  sx1276-board.o [1]
RadioEvents             0x10000498   0x1c  Data  Lc  LoRaMac.o [1]
RadioEvents             0x10000dd8    0x4  Data  Lc  sx1276.o [1]
RadioIsActive           0x1000160a    0x1  Data  Lc  sx1276-board.o [1]
RadioRegsInit           0x000076dc   0x30  Data  Gb  sx1276.o [1]
Region$$Table$$Base     0x00006444          --   Gb  - Linker created -
Region$$Table$$Limit    0x00006470          --   Gb  - Linker created -
RegionAdrNext           0x000026c7   0x1a  Code  Gb  Region.o [1]
RegionAlternateDr       0x0000278d   0x12  Code  Gb  Region.o [1]
RegionApplyCFList       0x000026a5   0x10  Code  Gb  Region.o [1]
RegionApplyDrOffset     0x000027d9   0x18  Code  Gb  Region.o [1]
RegionCN470AdrNext      0x000036c5   0x74  Code  Gb  RegionCN470.o [1]
RegionCN470AlternateDr  0x00003add   0x40  Code  Gb  RegionCN470.o [1]
RegionCN470ApplyDrOffset
                        0x00003c6d    0xc  Code  Gb  RegionCN470.o [1]
RegionCN470CalcBackOff  0x00003b1d   0x30  Code  Gb  RegionCN470.o [1]
RegionCN470ChanMaskSet  0x0000369b   0x2a  Code  Gb  RegionCN470.o [1]
RegionCN470ComputeRxWindowParameters
                        0x0000373d   0x60  Code  Gb  RegionCN470.o [1]
RegionCN470GetPhyParam  0x00003545   0xa6  Code  Gb  RegionCN470.o [1]
RegionCN470InitDefaults
                        0x00003611   0x46  Code  Gb  RegionCN470.o [1]
RegionCN470LinkAdrReq   0x0000392d  0x140  Code  Gb  RegionCN470.o [1]
RegionCN470NextChannel  0x00003b59   0xb0  Code  Gb  RegionCN470.o [1]
RegionCN470RxConfig     0x000037b9   0x8c  Code  Gb  RegionCN470.o [1]
RegionCN470RxParamSetupReq
                        0x00003a75   0x5a  Code  Gb  RegionCN470.o [1]
RegionCN470SetBandTxDone
                        0x000035f1   0x20  Code  Gb  RegionCN470.o [1]
RegionCN470SetContinuousWave
                        0x00003c11   0x44  Code  Gb  RegionCN470.o [1]
RegionCN470TxConfig     0x00003881   0xa0  Code  Gb  RegionCN470.o [1]
RegionCN470Verify       0x00003657   0x44  Code  Gb  RegionCN470.o [1]
RegionCalcBackOff       0x0000279f   0x10  Code  Gb  Region.o [1]
RegionChanMaskSet       0x000026b5   0x12  Code  Gb  Region.o [1]
RegionCommonCalcBackOff
                        0x00004d83   0x56  Code  Gb  RegionCommon.o [1]
RegionCommonChanMaskCopy
                        0x00004aa7   0x1e  Code  Gb  RegionCommon.o [1]
RegionCommonChanVerifyDr
                        0x000049ef   0x70  Code  Gb  RegionCommon.o [1]
RegionCommonComputeRxWindowParameters
                        0x00004ca1   0xaa  Code  Gb  RegionCommon.o [1]
RegionCommonComputeSymbolTimeLoRa
                        0x00004c65   0x2e  Code  Gb  RegionCommon.o [1]
RegionCommonComputeTxPower
                        0x00004d59   0x2a  Code  Gb  RegionCommon.o [1]
RegionCommonCountChannels
                        0x00004a6f   0x38  Code  Gb  RegionCommon.o [1]
RegionCommonGetJoinDc   0x000049d5   0x1a  Code  Gb  RegionCommon.o [1]
RegionCommonLinkAdrReqVerifyParams
                        0x00004bbf   0xa6  Code  Gb  RegionCommon.o [1]
RegionCommonParseLinkAdrReq
                        0x00004b7b   0x44  Code  Gb  RegionCommon.o [1]
RegionCommonSetBandTxDone
                        0x00004ac5    0xa  Code  Gb  RegionCommon.o [1]
RegionCommonUpdateBandTimeOff
                        0x00004acf   0xac  Code  Gb  RegionCommon.o [1]
RegionCommonValueInRange
                        0x00004a5f   0x10  Code  Gb  RegionCommon.o [1]
RegionComputeRxWindowParameters
                        0x000026e1   0x16  Code  Gb  Region.o [1]
RegionDlChannelReq      0x0000277b   0x12  Code  Gb  Region.o [1]
RegionGetPhyParam       0x00002659   0x16  Code  Gb  Region.o [1]
RegionInitDefaults      0x0000267f   0x10  Code  Gb  Region.o [1]
RegionIsActive          0x0000264d    0xc  Code  Gb  Region.o [1]
RegionLinkAdrReq        0x00002725   0x20  Code  Gb  Region.o [1]
RegionNewChannelReq     0x00002757   0x12  Code  Gb  Region.o [1]
RegionNextChannel       0x000027af   0x1a  Code  Gb  Region.o [1]
RegionRxConfig          0x000026f7   0x16  Code  Gb  Region.o [1]
RegionRxParamSetupReq   0x00002745   0x12  Code  Gb  Region.o [1]
RegionSetBandTxDone     0x0000266f   0x10  Code  Gb  Region.o [1]
RegionSetContinuousWave
                        0x000027c9   0x10  Code  Gb  Region.o [1]
RegionTxConfig          0x0000270d   0x18  Code  Gb  Region.o [1]
RegionTxParamSetupReq   0x00002769   0x12  Code  Gb  Region.o [1]
RegionVerify            0x0000268f   0x16  Code  Gb  Region.o [1]
RepeaterSupport         0x1000025b    0x1  Data  Lc  LoRaMac.o [1]
ResetMacParameters      0x00001329   0x70  Code  Lc  LoRaMac.o [1]
RingBuffer_GetCount     0x0000480d    0x8  Code  Lc  ring_buffer.o [4]
RingBuffer_Init         0x0000483b   0x10  Code  Gb  ring_buffer.o [4]
RingBuffer_Insert       0x0000484b   0x32  Code  Gb  ring_buffer.o [4]
RingBuffer_InsertMult   0x0000487d   0x96  Code  Gb  ring_buffer.o [4]
RingBuffer_IsEmpty      0x0000482b   0x10  Code  Lc  ring_buffer.o [4]
RingBuffer_IsFull       0x00004815   0x16  Code  Lc  ring_buffer.o [4]
RingBuffer_Pop          0x00004913   0x32  Code  Gb  ring_buffer.o [4]
RingBuffer_PopMult      0x00004945   0x8e  Code  Gb  ring_buffer.o [4]
RxChainCalibration      0x00006667   0x8e  Code  Lc  sx1276.o [1]
RxSlot                  0x1000026b    0x1  Data  Lc  LoRaMac.o [1]
RxTimeoutSyncWord       0x10000f04   0x14  Data  Gb  sx1276.o [1]
RxTimeoutTimer          0x10000ef0   0x14  Data  Gb  sx1276.o [1]
RxTxBuffer              0x10000ddc  0x100  Data  Lc  sx1276.o [1]
RxWindow1Config         0x1000047c   0x14  Data  Lc  LoRaMac.o [1]
RxWindow1Delay          0x100002b4    0x4  Data  Lc  LoRaMac.o [1]
RxWindow2Config         0x100015d4   0x14  Data  Lc  LoRaMac.o [1]
RxWindow2Delay          0x100002b8    0x4  Data  Lc  LoRaMac.o [1]
RxWindowSetup           0x00000de3   0x14  Code  Lc  LoRaMac.o [1]
RxWindowTimer1          0x10000308   0x14  Data  Lc  LoRaMac.o [1]
RxWindowTimer2          0x1000031c   0x14  Data  Lc  LoRaMac.o [1]
SX1276                  0x10000d6c   0x6c  Data  Gb  sx1276.o [1]
SX1276CheckRfFrequency  0x000057a9    0x4  Code  Gb  sx1276-board.o [1]
SX1276GetStatus         0x000065a5    0x6  Code  Gb  sx1276.o [1]
SX1276GetTimeOnAir      0x00006cc9  0x1d0  Code  Gb  sx1276.o [1]
SX1276Init              0x00006501   0xa4  Code  Gb  sx1276.o [1]
SX1276IoInit            0x000054ef  0x168  Code  Gb  sx1276-board.o [1]
SX1276IoIrqInit         0x00005657   0x74  Code  Gb  sx1276-board.o [1]
SX1276IsChannelFree     0x000065e1   0x48  Code  Gb  sx1276.o [1]
SX1276OnTimeoutIrq      0x00007601   0xc8  Code  Gb  sx1276.o [1]
SX1276Random            0x00006629   0x3e  Code  Gb  sx1276.o [1]
SX1276Read              0x00007471   0x10  Code  Gb  sx1276.o [1]
SX1276ReadBuffer        0x00007503   0x8a  Code  Gb  sx1276.o [1]
SX1276ReadFifo          0x0000759b    0xe  Code  Gb  sx1276.o [1]
SX1276ReadRssi          0x00007355   0x3e  Code  Gb  sx1276.o [1]
SX1276Reset             0x00007393   0x1c  Code  Gb  sx1276.o [1]
SX1276Send              0x00006e99   0xfa  Code  Gb  sx1276.o [1]
SX1276SetAntSwLowPower  0x00005761    0xc  Code  Gb  sx1276-board.o [1]
SX1276SetChannel        0x000065ab   0x36  Code  Gb  sx1276.o [1]
SX1276SetMaxPayloadLength
                        0x000075a9   0x2c  Code  Gb  sx1276.o [1]
SX1276SetModem          0x000073f1   0x6a  Code  Gb  sx1276.o [1]
SX1276SetOpMode         0x000073c1   0x30  Code  Gb  sx1276.o [1]
SX1276SetPublicNetwork  0x000075d5   0x20  Code  Gb  sx1276.o [1]
SX1276SetRfTxPower      0x000056cb   0x90  Code  Gb  sx1276-board.o [1]
SX1276SetRx             0x00007005  0x200  Code  Gb  sx1276.o [1]
SX1276SetRxConfig       0x000067e1  0x2b8  Code  Gb  sx1276.o [1]
SX1276SetSleep          0x00006f93   0x1c  Code  Gb  sx1276.o [1]
SX1276SetStby           0x00006fe1   0x1a  Code  Gb  sx1276.o [1]
SX1276SetTx             0x00007205   0xa2  Code  Gb  sx1276.o [1]
SX1276SetTxConfig       0x00006aad  0x20a  Code  Gb  sx1276.o [1]
SX1276SetTxContinuousWave
                        0x000072d9   0x7c  Code  Gb  sx1276.o [1]
SX1276StartCad          0x000072a7   0x2e  Code  Gb  sx1276.o [1]
SX1276Write             0x00007465    0xc  Code  Gb  sx1276.o [1]
SX1276WriteBuffer       0x00007481   0x82  Code  Gb  sx1276.o [1]
SX1276WriteFifo         0x0000758d    0xe  Code  Gb  sx1276.o [1]
ScheduleTx              0x000011fd  0x128  Code  Lc  LoRaMac.o [1]
Send                    0x000011c5   0x2c  Code  Gb  LoRaMac.o [1]
SendFrameOnChannel      0x00001699   0x80  Code  Gb  LoRaMac.o [1]
SetTxContinuousWave     0x0000171d   0x48  Code  Gb  LoRaMac.o [1]
SetTxContinuousWave1    0x00001769   0x34  Code  Gb  LoRaMac.o [1]
SrvAckRequested         0x1000025f    0x1  Data  Lc  LoRaMac.o [1]
SysTick_Handler         0x0000011d   0x38  Code  Gb  timer.o [1]
SystemCoreClock         0x10001604    0x4  Data  Gb  chip_8xx.o [4]
SystemCoreClockUpdate   0x00005d51   0x10  Code  Gb  chip_8xx.o [4]
SystemInit              0x000064bd    0x8  Code  Gb  sysinit.o [1]
TimerGetCurrentTime     0x00000177    0x6  Code  Gb  timer.o [1]
TimerGetElapsedTime     0x0000017d   0x16  Code  Gb  timer.o [1]
TimerInit               0x000000c1    0xe  Code  Gb  timer.o [1]
TimerListHead           0x100015fc    0x4  Data  Lc  timer.o [1]
TimerSetValue           0x00000167   0x10  Code  Gb  timer.o [1]
TimerStart              0x000000cf   0x4e  Code  Gb  timer.o [1]
TimerStop               0x00000155   0x12  Code  Gb  timer.o [1]
TxDelayedTimer          0x100002f4   0x14  Data  Lc  LoRaMac.o [1]
TxDutyCycleTime         0x10000444    0x4  Data  Lc  main.o [1]
TxNextPacketTimer       0x10000468   0x14  Data  Lc  main.o [1]
TxTimeOnAir             0x100002bc    0x4  Data  Gb  LoRaMac.o [1]
TxTimeoutTimer          0x10000edc   0x14  Data  Gb  sx1276.o [1]
UART0_IRQHandler        0x000033b9   0x10  Code  Gb  usart.o [1]
UpLinkCounter           0x10000290    0x4  Data  Lc  LoRaMac.o [1]
ValidatePayloadLength   0x00000df7   0x3e  Code  Lc  LoRaMac.o [1]
__Vectors               0x00000000          --   Gb  iar_startup_lpc82x.o [1]
__Vectors_End           0x000000c0         Data  Gb  iar_startup_lpc82x.o [1]
__Vectors_Size {Abs}    0x000000c0          --   Gb  iar_startup_lpc82x.o [1]
__aeabi_cdrcmple        0x000057f5         Code  Gb  DblCmpGe.o [6]
__aeabi_d2iz            0x00005261         Code  Gb  DblToI32.o [6]
__aeabi_d2uiz           0x00005285         Code  Gb  DblToI32.o [6]
__aeabi_dadd            0x00005053         Code  Gb  DblAddSub.o [6]
__aeabi_ddiv            0x00004e0d         Code  Gb  DblDiv.o [6]
__aeabi_dmul            0x00004ecf         Code  Gb  DblMul.o [6]
__aeabi_dsub            0x00005119         Code  Gb  DblAddSub.o [6]
__aeabi_f2d             0x000053c9         Code  Gb  FltToDbl.o [6]
__aeabi_fsub            0x00005319         Code  Gb  FltAddSub.o [6]
__aeabi_i2d             0x00004dd9         Code  Gb  I32ToDbl.o [6]
__aeabi_idiv            0x00002b31         Code  Gb  I32DivModFast.o [7]
__aeabi_idivmod         0x00002b31         Code  Gb  I32DivModFast.o [7]
__aeabi_memclr4         0x00003339         Code  Gb  ABImemset.o [7]
__aeabi_memclr8         0x00003339         Code  Gb  ABImemset.o [7]
__aeabi_memcpy          0x00002be5         Code  Gb  ABImemcpy.o [7]
__aeabi_memcpy4         0x00002c0d         Code  Wk  ABImemcpy.o [7]
__aeabi_memset          0x000032e9         Code  Gb  ABImemset.o [7]
__aeabi_ui2d            0x00004ded         Code  Gb  I32ToDbl.o [6]
__aeabi_ui2f            0x00000199         Code  Gb  I32ToFlt.o [6]
__aeabi_uidiv           0x00002b37         Code  Gb  I32DivModFast.o [7]
__aeabi_uidivmod        0x00002b37         Code  Gb  I32DivModFast.o [7]
__aeabi_uldivmod        0x00000257         Code  Gb  I64DivMod.o [7]
__cmain                 0x00006471         Code  Gb  cmain.o [7]
__exit                  0x000002c5         Code  Gb  XXexit.o [7]
__iar_Dint              0x00005899   0x8c  Code  Gb  xdint.o [6]
__iar_Memset4_word      0x00003309         Code  Gb  ABImemset.o [7]
__iar_Memset_word       0x000032f5         Code  Gb  ABImemset.o [7]
__iar_ceil              0x00005209         Code  Gb  ceil.o [6]
__iar_ceill             0x00005209         Code  Gb  ceil.o [6]
__iar_d2uiz             0x00005289         Code  Gb  DblToI32.o [6]
__iar_data_init3        0x0000641d   0x28  Code  Gb  data_init.o [7]
__iar_floor             0x000053fd         Code  Gb  floor.o [6]
__iar_floorl            0x000053fd         Code  Gb  floor.o [6]
__iar_packbits_init3    0x000061bf   0xb6  Code  Gb  packbits_init.o [7]
__iar_program_start     0x000064b1         Code  Gb  cstartup_M.o [7]
__iar_ui2d              0x00004df1         Code  Gb  I32ToDbl.o [6]
__iar_ui2f              0x0000019d         Code  Gb  I32ToFlt.o [6]
__iar_zero_init3        0x000001b7   0x2a  Code  Gb  zero_init3.o [7]
__vector_table          0x00000000         Data  Gb  iar_startup_lpc82x.o [1]
__vector_table_0x1c     0x00000010         Data  Gb  iar_startup_lpc82x.o [1]
_call_main              0x0000647d         Code  Gb  cmain.o [7]
_exit                   0x00006495         Code  Gb  cexit.o [7]
_main                   0x00006487         Code  Gb  cmain.o [7]
aBlock                  0x10000138   0x10  Data  Lc  LoRaMacCrypto.o [1]
abort                   0x00006275    0xa  Code  Gb  abort.o [5]
aes_encrypt             0x00004505   0x52  Code  Gb  aes.o [1]
aes_set_key             0x000043f1  0x114  Code  Gb  aes.o [1]
beg                     0x10000960    0x4  Data  Lc  buffer.o [1]
buffer                  0x1000096c  0x400  Data  Lc  buffer.o [1]
buffer_alloc            0x00002ebf   0x4c  Code  Gb  buffer.o [1]
buffer_free             0x00002f0b   0x56  Code  Gb  buffer.o [1]
buffer_init             0x00002ea9   0x16  Code  Gb  buffer.o [1]
ceil                    0x00005209         Code  Gb  ceil.o [6]
ceill                   0x00005209         Code  Gb  ceil.o [6]
chip_version            0x10001600    0x4  Data  Gb  sx1276.o [1]
config_tab              0x00005e14  0x354  Data  Lc  irc_8xx.o [4]
config_tab_idx          0x100015d2    0x2  Data  Lc  irc_8xx.o [4]
copy_and_key            0x00003f69   0x84  Code  Lc  aes.o [1]
copy_block              0x00003ea5   0x42  Code  Lc  aes.o [1]
cpystr                  0x00003045   0x18  Code  Gb  hex.o [1]
end                     0x10000964    0x4  Data  Lc  buffer.o [1]
evnames                 0x100003e8   0x40  Data  Lc  modem.o [1]
exit                    0x0000648b    0x8  Code  Gb  exit.o [5]
floor                   0x000053fd         Code  Gb  floor.o [6]
floorl                  0x000053fd         Code  Gb  floor.o [6]
frame_init              0x000033e5    0xe  Code  Gb  frame.o [1]
frame_rx                0x000033f3   0xb2  Code  Gb  frame.o [1]
getUARTClockID          0x000031a5   0x18  Code  Lc  uart_8xx.o [4]
gethex                  0x00002f69   0x38  Code  Gb  hex.o [1]
gfm2_sbox               0x000042f0  0x100  Data  Lc  aes.o [1]
gfm3_sbox               0x000041f0  0x100  Data  Lc  aes.o [1]
hex2int                 0x00002fed   0x2e  Code  Gb  hex.o [1]
hexval                  0x00003070  0x100  Data  Lc  hex.o [1]
int2hex                 0x00002fcd   0x1e  Code  Gb  hex.o [1]
ledBits                 0x00002e94    0x1  Data  Lc  board.o [3]
main                    0x00005b81  0x18e  Code  Gb  main.o [1]
max                     0x10000968    0x4  Data  Lc  buffer.o [1]
memcpy1                 0x00002a93   0x14  Code  Gb  utilities.o [1]
memcpyr                 0x00002aa7   0x16  Code  Gb  utilities.o [1]
memset1                 0x00002abd   0x14  Code  Gb  utilities.o [1]
mix_sub_columns         0x00004051  0x19a  Code  Lc  aes.o [1]
modem_init              0x00002339   0x54  Code  Gb  modem.o [1]
modem_rxdone            0x000023ad  0x23e  Code  Gb  modem.o [1]
next                    0x100004dc    0x4  Data  Lc  utilities.o [1]
onEvent                 0x000021eb  0x140  Code  Gb  modem.o [1]
puthex                  0x00002fa1   0x2c  Code  Gb  hex.o [1]
rand1                   0x00002a5d   0x1a  Code  Gb  utilities.o [1]
randr                   0x00002a7d   0x16  Code  Gb  utilities.o [1]
reverse                 0x0000301b   0x1c  Code  Gb  hex.o [1]
round                   0x000057ad   0x48  Code  Gb  round.o [6]
rxbuff                  0x100013b4   0x40  Data  Lc  usart.o [1]
rxframe                 0x100015e8   0x10  Data  Gb  frame.o [1]
rxring                  0x100013a0   0x14  Data  Gb  usart.o [1]
sBlock                  0x10000148   0x10  Data  Lc  LoRaMacCrypto.o [1]
sbox                    0x00004558  0x100  Data  Lc  aes.o [1]
shift_sub_rows          0x00003fed   0x64  Code  Lc  aes.o [1]
srand1                  0x00002a77    0x6  Code  Gb  utilities.o [1]
strlen                  0x00002e97   0x10  Code  Gb  strlen.o [7]
systicks                0x100015f8    0x4  Data  Gb  timer.o [1]
tolower                 0x00003037    0xe  Code  Gb  hex.o [1]
txbuff                  0x100013f4   0x40  Data  Lc  usart.o [1]
txring                  0x1000138c   0x14  Data  Gb  usart.o [1]
usart_init              0x00003341   0x78  Code  Gb  usart.o [1]
wdtOSCRate              0x000047cc   0x40  Data  Lc  clock_8xx.o [4]
xor_block               0x00003ee7   0x82  Code  Lc  aes.o [1]


[1] = E:\LoRaProduct\source code\nxp_lpcxpresso_824max\lpcxpresso824\prj_xpresso82x\iar\freertos_blinky\iflash_nxp_lpcxpresso_812\Obj
[2] = command line
[3] = board_nxp_lpcxpresso_824.a
[4] = chip_8xx_lib.a
[5] = dl6M_tln.a
[6] = m6M_tl.a
[7] = rt6M_tl.a

  31 250 bytes of readonly  code memory
     446 bytes of readonly  data memory
   6 668 bytes of readwrite data memory

Errors: none
Warnings: none
