###############################################################################
#
# IAR ELF Linker V7.30.3.8024/W32 for ARM                 17/Jan/2018  14:18:28
# Copyright 2007-2014 IAR Systems AB.
#
#    Output file  =  
#        E:\LoRaProduct\source
#        code\nxp_lpcxpresso_824max\lpcxpresso824\prj_xpresso82x\iar\freertos_blinky\iflash_nxp_lpcxpresso_812\Exe\freertos_blinky.out.tmp
#    Map file     =  
#        E:\LoRaProduct\source
#        code\nxp_lpcxpresso_824max\lpcxpresso824\prj_xpresso82x\iar\freertos_blinky\iflash_nxp_lpcxpresso_812\List\freertos_blinky.map
#    Command line =  
#        "E:\LoRaProduct\source
#        code\nxp_lpcxpresso_824max\lpcxpresso824\prj_xpresso82x\iar\freertos_blinky\iflash_nxp_lpcxpresso_812\Obj\aes.o"
#        "E:\LoRaProduct\source
#        code\nxp_lpcxpresso_824max\lpcxpresso824\prj_xpresso82x\iar\lib_board_lpcxpresso824\iar_output\Exe\board_nxp_lpcxpresso_824.a"
#        "E:\LoRaProduct\source
#        code\nxp_lpcxpresso_824max\lpcxpresso824\prj_xpresso82x\iar\lib_chip_8xx\iar_output\Exe\chip_8xx_lib.a"
#        "E:\LoRaProduct\source
#        code\nxp_lpcxpresso_824max\lpcxpresso824\prj_xpresso82x\iar\freertos_blinky\iflash_nxp_lpcxpresso_812\Obj\cmac.o"
#        "E:\LoRaProduct\source
#        code\nxp_lpcxpresso_824max\lpcxpresso824\prj_xpresso82x\iar\freertos_blinky\iflash_nxp_lpcxpresso_812\Obj\eeprom.o"
#        "E:\LoRaProduct\source
#        code\nxp_lpcxpresso_824max\lpcxpresso824\prj_xpresso82x\iar\freertos_blinky\iflash_nxp_lpcxpresso_812\Obj\frame.o"
#        "E:\LoRaProduct\source
#        code\nxp_lpcxpresso_824max\lpcxpresso824\prj_xpresso82x\iar\freertos_blinky\iflash_nxp_lpcxpresso_812\Obj\hex.o"
#        "E:\LoRaProduct\source
#        code\nxp_lpcxpresso_824max\lpcxpresso824\prj_xpresso82x\iar\freertos_blinky\iflash_nxp_lpcxpresso_812\Obj\iar_startup_lpc82x.o"
#        "E:\LoRaProduct\source
#        code\nxp_lpcxpresso_824max\lpcxpresso824\prj_xpresso82x\iar\freertos_blinky\iflash_nxp_lpcxpresso_812\Obj\LoRaMac.o"
#        "E:\LoRaProduct\source
#        code\nxp_lpcxpresso_824max\lpcxpresso824\prj_xpresso82x\iar\freertos_blinky\iflash_nxp_lpcxpresso_812\Obj\LoRaMacCrypto.o"
#        "E:\LoRaProduct\source
#        code\nxp_lpcxpresso_824max\lpcxpresso824\prj_xpresso82x\iar\freertos_blinky\iflash_nxp_lpcxpresso_812\Obj\main.o"
#        "E:\LoRaProduct\source
#        code\nxp_lpcxpresso_824max\lpcxpresso824\prj_xpresso82x\iar\freertos_blinky\iflash_nxp_lpcxpresso_812\Obj\modem.o"
#        "E:\LoRaProduct\source
#        code\nxp_lpcxpresso_824max\lpcxpresso824\prj_xpresso82x\iar\freertos_blinky\iflash_nxp_lpcxpresso_812\Obj\Region.o"
#        "E:\LoRaProduct\source
#        code\nxp_lpcxpresso_824max\lpcxpresso824\prj_xpresso82x\iar\freertos_blinky\iflash_nxp_lpcxpresso_812\Obj\RegionCN470.o"
#        "E:\LoRaProduct\source
#        code\nxp_lpcxpresso_824max\lpcxpresso824\prj_xpresso82x\iar\freertos_blinky\iflash_nxp_lpcxpresso_812\Obj\RegionCommon.o"
#        "E:\LoRaProduct\source
#        code\nxp_lpcxpresso_824max\lpcxpresso824\prj_xpresso82x\iar\freertos_blinky\iflash_nxp_lpcxpresso_812\Obj\sx1276-board.o"
#        "E:\LoRaProduct\source
#        code\nxp_lpcxpresso_824max\lpcxpresso824\prj_xpresso82x\iar\freertos_blinky\iflash_nxp_lpcxpresso_812\Obj\sx1276.o"
#        "E:\LoRaProduct\source
#        code\nxp_lpcxpresso_824max\lpcxpresso824\prj_xpresso82x\iar\freertos_blinky\iflash_nxp_lpcxpresso_812\Obj\sysinit.o"
#        "E:\LoRaProduct\source
#        code\nxp_lpcxpresso_824max\lpcxpresso824\prj_xpresso82x\iar\freertos_blinky\iflash_nxp_lpcxpresso_812\Obj\timer.o"
#        "E:\LoRaProduct\source
#        code\nxp_lpcxpresso_824max\lpcxpresso824\prj_xpresso82x\iar\freertos_blinky\iflash_nxp_lpcxpresso_812\Obj\usart.o"
#        "E:\LoRaProduct\source
#        code\nxp_lpcxpresso_824max\lpcxpresso824\prj_xpresso82x\iar\freertos_blinky\iflash_nxp_lpcxpresso_812\Obj\utilities.o"
#        -o "E:\LoRaProduct\source
#        code\nxp_lpcxpresso_824max\lpcxpresso824\prj_xpresso82x\iar\freertos_blinky\iflash_nxp_lpcxpresso_812\Exe\freertos_blinky.out.tmp"
#        --map "E:\LoRaProduct\source
#        code\nxp_lpcxpresso_824max\lpcxpresso824\prj_xpresso82x\iar\freertos_blinky\iflash_nxp_lpcxpresso_812\List\freertos_blinky.map"
#        --config "C:\Program Files (x86)\IAR Systems\Embedded Workbench
#        7.0\arm\config\linker\NXP\LPC824M201.icf" --entry __iar_program_start
#        --inline --vfe
#
###############################################################################

*******************************************************************************
*** RUNTIME MODEL ATTRIBUTES
***

CppFlavor       = *
__SystemLibrary = DLib


*******************************************************************************
*** PLACEMENT SUMMARY
***

"A1":  place at 0x00000000 { ro section .intvec };
"P1":  place in [from 0x00000000 to 0x000002fb] |
                [from 0x00000300 to 0x00007fff] { ro };
"P2":  place in [from 0x10000000 to 0x10001fff] { rw, block CSTACK, block HEAP };
"P3":  place in [from 0x000002fc to 0x000002ff] { section .crp };

  Section            Kind        Address    Size  Object
  -------            ----        -------    ----  ------
"A1":                                       0xc0
  .intvec            ro code  0x00000000    0xc0  iar_startup_lpc82x.o [1]
                            - 0x000000c0    0xc0

"P1", part 1 of 2:                         0x1e4
  .text              ro code  0x000000c0    0xfc  timer.o [1]
  .text              ro code  0x000001bc     0x2  iar_startup_lpc82x.o [1]
  .text              ro code  0x000001c0    0x12  iocon_8xx.o [4]
  .text              ro code  0x000001d2     0x2  iar_startup_lpc82x.o [1]
  .text              ro code  0x000001d4    0x18  gpio_8xx.o [4]
  .text              ro code  0x000001ec    0x48  swm_8xx.o [4]
  .text              ro code  0x00000234     0x2  iar_startup_lpc82x.o [1]
  .text              ro code  0x00000236    0x6a  I64DivMod.o [7]
  .text              ro code  0x000002a0     0x4  iar_startup_lpc82x.o [1]
  .rodata            const    0x000002a4     0x0  zero_init3.o [7]
  .rodata            const    0x000002a4     0x0  packbits_init.o [7]
                            - 0x000002a4   0x1e4

"P3":                                        0x4
  .crp               ro code  0x000002fc     0x4  iar_startup_lpc82x.o [1]
                            - 0x00000300     0x4

"P1", part 2 of 2:                        0x7535
  .text              ro code  0x00000300  0x1f14  LoRaMac.o [1]
  .text              ro code  0x00002214   0x708  modem.o [1]
  .text              ro code  0x0000291c   0x19c  Region.o [1]
  .text              ro code  0x00002ab8   0x288  LoRaMacCrypto.o [1]
  .text              ro code  0x00002d40    0xc8  utilities.o [1]
  .text              ro code  0x00002e08    0xe0  I32DivModFast.o [7]
  .text              ro code  0x00002ee8    0x1e  I32ToFlt.o [6]
  .text              ro code  0x00002f06    0x2a  zero_init3.o [7]
  .text              ro code  0x00002f30   0x221  board.o [3]
  .text              ro code  0x00003152     0x2  iar_startup_lpc82x.o [1]
  .text              ro code  0x00003154    0x5c  ABImemcpy.o [7]
  .text              ro code  0x000031b0    0xa0  eeprom.o [1]
  .text              ro code  0x00003250    0xb4  iap.o [4]
  .text              ro code  0x00003304    0x40  ABImemset.o [7]
  .text              ro code  0x00003344   0x14c  usart.o [1]
  .text              ro code  0x00003490    0xf0  frame.o [1]
  .text              ro code  0x00003580   0x228  hex.o [1]
  .text              ro code  0x000037a8   0x178  uart_8xx.o [4]
  .text              ro code  0x00003920   0x7f4  RegionCN470.o [1]
  .text              ro code  0x00004114   0x24a  cmac.o [1]
  .text              ro code  0x00004360   0x7c0  aes.o [1]
  .text              ro code  0x00004b20   0x1b4  clock_8xx.o [4]
  .text              ro code  0x00004cd4   0x1c6  ring_buffer.o [4]
  .text              ro code  0x00004e9c   0x43e  RegionCommon.o [1]
  .text              ro code  0x000052dc    0x34  I32ToDbl.o [6]
  .text              ro code  0x00005310    0xc2  DblDiv.o [6]
  .text              ro code  0x000053d2   0x184  DblMul.o [6]
  .text              ro code  0x00005556   0x1b4  DblAddSub.o [6]
  .text              ro code  0x0000570c    0x58  ceil.o [6]
  .text              ro code  0x00005764    0x52  DblToI32.o [6]
  .text              ro code  0x000057b6   0x116  FltAddSub.o [6]
  .text              ro code  0x000058cc    0x32  FltToDbl.o [6]
  .text              ro code  0x00005900    0x58  floor.o [6]
  .text              ro code  0x00005958   0x40c  sx1276-board.o [1]
  .text              ro code  0x00005d64    0x32  DblCmpGe.o [6]
  .text              ro code  0x00005d98    0x44  spim_8xx.o [4]
  .text              ro code  0x00005ddc    0x2c  spi_8xx.o [4]
  .text              ro code  0x00005e08   0x408  irc_8xx.o [4]
  .text              ro code  0x00006210    0x34  syscon_8xx.o [4]
  .text              ro code  0x00006244   0x320  main.o [1]
  .text              ro code  0x00006564    0x10  chip_8xx.o [4]
  .text              ro code  0x00006574    0xd8  packbits_init.o [7]
  .text              ro code  0x0000664c     0xa  abort.o [5]
  .text              ro code  0x00006658     0xc  XXexit.o [7]
  .text              ro code  0x00006664    0x7a  board_sysinit.o [3]
  .text              ro code  0x000066e0    0x14  sysinit_8xx.o [4]
  .rodata            const    0x000066f4    0x5c  sx1276-board.o [1]
  .text              ro code  0x00006750    0x28  data_init.o [7]
  .rodata            const    0x00006778    0x24  modem.o [1]
  .iar.init_table    const    0x0000679c    0x2c  - Linker created -
  .text              ro code  0x000067c8    0x1a  cmain.o [7]
  .text              ro code  0x000067e2     0x8  exit.o [5]
  .text              ro code  0x000067ec     0xa  cexit.o [7]
  .text              ro code  0x000067f8    0x10  iar_startup_lpc82x.o [1]
  .text              ro code  0x00006808     0xc  cstartup_M.o [7]
  .rodata            const    0x00006814     0x8  board.o [3]
  .text              ro code  0x0000681c     0x8  sysinit.o [1]
  .text              ro code  0x00006824   0xfbc  sx1276.o [1]
  Initializer bytes  ro data  0x000077e0    0x55  <for P2 s0>
                            - 0x00007835  0x7535

"P2":                                     0x16c8
  P2 s0                       0x10000000   0x570  <Init block>
    .data            inited   0x10000000   0x178  LoRaMac.o [1]
    .data            inited   0x10000178   0x148  main.o [1]
    .data            inited   0x100002c0   0x138  LoRaMacCrypto.o [1]
    .data            inited   0x100003f8   0x114  LoRaMacCrypto.o [1]
    .data            inited   0x1000050c    0x38  LoRaMac.o [1]
    .data            inited   0x10000544    0x28  RegionCN470.o [1]
    .data            inited   0x1000056c     0x4  utilities.o [1]
  .bss               zero     0x10000570   0x480  RegionCN470.o [1]
  .bss               zero     0x100009f0   0x198  sx1276.o [1]
  .bss               zero     0x10000b88   0x130  modem.o [1]
  .bss               zero     0x10000cb8   0x100  LoRaMac.o [1]
  .bss               zero     0x10000db8   0x100  LoRaMac.o [1]
  .bss               zero     0x10000eb8    0xa8  usart.o [1]
  .bss               zero     0x10000f60    0xa4  modem.o [1]
  .bss               zero     0x10001004    0x80  eeprom.o [1]
  .bss               zero     0x10001084    0x80  LoRaMac.o [1]
  .bss               zero     0x10001104    0x78  modem.o [1]
  .bss               zero     0x1000117c    0x70  LoRaMac.o [1]
  .bss               zero     0x100011ec    0x5c  modem.o [1]
  .bss               zero     0x10001248    0x18  LoRaMac.o [1]
  .bss               zero     0x10001260    0x18  sx1276.o [1]
  .bss               zero     0x10001278    0x15  LoRaMac.o [1]
  .bss               zero     0x1000128e     0x2  irc_8xx.o [4]
  .bss               zero     0x10001290    0x14  LoRaMac.o [1]
  .bss               zero     0x100012a4    0x10  frame.o [1]
  .bss               zero     0x100012b4     0x8  timer.o [1]
  .bss               zero     0x100012bc     0x4  chip_8xx.o [4]
  .bss               zero     0x100012c0     0x1  sx1276-board.o [1]
  .bss               zero     0x100012c1     0x1  utilities.o [1]
  CSTACK                      0x100012c8   0x400  <Block>
    CSTACK           uninit   0x100012c8   0x400  <Block tail>
                            - 0x100016c8  0x16c8


*******************************************************************************
*** INIT TABLE
***

          Address     Size
          -------     ----
Zero (__iar_zero_init3)
    1 destination range, total size 0xd52:
          0x10000570  0xd52

Copy/packbits (__iar_packbits_init3)
    1 source range, total size 0x55 (6% of destination):
          0x000077e0   0x55
    1 destination range, total size 0x570:
          0x10000000  0x570



*******************************************************************************
*** MODULE SUMMARY
***

    Module                ro code  ro data  rw data
    ------                -------  -------  -------
E:\LoRaProduct\source code\nxp_lpcxpresso_824max\lpcxpresso824\prj_xpresso82x\iar\freertos_blinky\iflash_nxp_lpcxpresso_812\Obj: [1]
    LoRaMac.o               7 956       26    1 249
    LoRaMacCrypto.o           648       36      588
    Region.o                  412
    RegionCN470.o           2 036        2    1 192
    RegionCommon.o          1 086
    aes.o                   1 984
    cmac.o                    586
    eeprom.o                  160               128
    frame.o                   240                16
    hex.o                     552
    iar_startup_lpc82x.o      224
    main.o                    800       20      328
    modem.o                 1 800       36      680
    sx1276-board.o          1 036       92        1
    sx1276.o                4 028               432
    sysinit.o                   8
    timer.o                   252                 8
    usart.o                   332               168
    utilities.o               200        1        5
    -----------------------------------------------
    Total:                 24 340      213    4 795

command line: [2]
    -----------------------------------------------
    Total:

board_nxp_lpcxpresso_824.a: [3]
    board.o                   545        8
    board_sysinit.o           122
    -----------------------------------------------
    Total:                    667        8

chip_8xx_lib.a: [4]
    chip_8xx.o                 16                 4
    clock_8xx.o               436
    gpio_8xx.o                 24
    iap.o                     180
    iocon_8xx.o                18
    irc_8xx.o               1 032                 2
    ring_buffer.o             454
    spi_8xx.o                  44
    spim_8xx.o                 68
    swm_8xx.o                  72
    syscon_8xx.o               52
    sysinit_8xx.o              20
    uart_8xx.o                376
    -----------------------------------------------
    Total:                  2 792                 6

dl6M_tln.a: [5]
    abort.o                    10
    exit.o                      8
    -----------------------------------------------
    Total:                     18

m6M_tl.a: [6]
    DblAddSub.o               436
    DblCmpGe.o                 50
    DblDiv.o                  194
    DblMul.o                  388
    DblToI32.o                 82
    FltAddSub.o               278
    FltToDbl.o                 50
    I32ToDbl.o                 52
    I32ToFlt.o                 30
    ceil.o                     88
    floor.o                    88
    -----------------------------------------------
    Total:                  1 736

rt6M_tl.a: [7]
    ABImemcpy.o                92
    ABImemset.o                64
    I32DivModFast.o           224
    I64DivMod.o               106
    XXexit.o                   12
    cexit.o                    10
    cmain.o                    26
    cstartup_M.o               12
    data_init.o                40
    packbits_init.o           216
    zero_init3.o               42
    -----------------------------------------------
    Total:                    844

    Gaps                       23                 1
    Linker created                      44    1 024
---------------------------------------------------
    Grand Total:           30 420      265    5 826


*******************************************************************************
*** ENTRY LIST
***

Entry                      Address   Size  Type      Object
-----                      -------   ----  ----      ------
?main                   0x000067c9         Code  Gb  cmain.o [7]
AES_CMAC_Final          0x00004211  0x14e  Code  Gb  cmac.o [1]
AES_CMAC_Init           0x00004115   0x22  Code  Gb  cmac.o [1]
AES_CMAC_SetKey         0x00004137   0x10  Code  Gb  cmac.o [1]
AES_CMAC_Update         0x00004147   0xca  Code  Gb  cmac.o [1]
AckTimeoutRetries       0x1000001a    0x1  Data  Lc  LoRaMac.o [1]
AckTimeoutRetriesCounter
                        0x1000001b    0x1  Data  Lc  LoRaMac.o [1]
AckTimeoutRetry         0x1000001c    0x1  Data  Lc  LoRaMac.o [1]
AckTimeoutTimer         0x10000164   0x14  Data  Lc  LoRaMac.o [1]
AddMacCommand           0x00000ed9   0x9c  Code  Lc  LoRaMac.o [1]
AdrAckCounter           0x1000004c    0x4  Data  Lc  LoRaMac.o [1]
AdrCtrlOn               0x10000011    0x1  Data  Lc  LoRaMac.o [1]
AesCmacCtx              0x100002e0  0x118  Data  Lc  LoRaMacCrypto.o [1]
AesContext              0x10000418   0xf4  Data  Lc  LoRaMacCrypto.o [1]
AggregatedDCycle        0x10000028    0x2  Data  Lc  LoRaMac.o [1]
AggregatedLastTxDoneTime
                        0x10000050    0x4  Data  Lc  LoRaMac.o [1]
AggregatedTimeOff       0x10000054    0x4  Data  Lc  LoRaMac.o [1]
AppData                 0x100001b8   0xf4  Data  Lc  main.o [1]
AppDataSize             0x1000018d    0x1  Data  Lc  main.o [1]
AppEui                  0x100001a0    0x8  Data  Gb  main.o [1]
AppKey                  0x100001a8   0x10  Data  Gb  main.o [1]
AppPort                 0x1000018c    0x1  Data  Lc  main.o [1]
Bands                   0x1000055c   0x10  Data  Lc  RegionCN470.o [1]
BandwidthsCN470         0x00003cac   0x18  Data  Lc  RegionCN470.o [1]
BoardDisableIrq         0x00002dd5    0xc  Code  Gb  utilities.o [1]
BoardEnableIrq          0x00002de1   0x12  Code  Gb  utilities.o [1]
BoardGetBatteryLevel    0x000063e9    0x4  Code  Gb  main.o [1]
Board_GPIO_Init         0x00002f89  0x17a  Code  Gb  board.o [3]
Board_Init              0x00003105   0x32  Code  Gb  board.o [3]
Board_LED_Set           0x00002f6f   0x1a  Code  Gb  board.o [3]
Board_SetupClocking     0x00006677   0x48  Code  Gb  board_sysinit.o [3]
Board_SystemInit        0x000066d1    0xe  Code  Gb  board_sysinit.o [3]
CSTACK$$Base            0x100012c8          --   Gb  - Linker created -
CSTACK$$Limit           0x100016c8          --   Gb  - Linker created -
CalculateBackOff        0x00001449   0x3c  Code  Lc  LoRaMac.o [1]
Channel                 0x10000018    0x1  Data  Lc  LoRaMac.o [1]
Channels                0x10000570  0x480  Data  Lc  RegionCN470.o [1]
ChannelsDefaultMask     0x10000550    0xc  Data  Lc  RegionCN470.o [1]
ChannelsMask            0x10000544    0xc  Data  Lc  RegionCN470.o [1]
ChannelsNbRepCounter    0x10000017    0x1  Data  Lc  LoRaMac.o [1]
Chip_Clock_DisablePeriphClock
                        0x000059c5   0x12  Code  Lc  sx1276-board.o [1]
Chip_Clock_DisablePeriphClock
                        0x00003365   0x12  Code  Lc  usart.o [1]
Chip_Clock_DisablePeriphClock
                        0x00002f43   0x12  Code  Lc  board.o [3]
Chip_Clock_EnablePeriphClock
                        0x000062b3   0x12  Code  Lc  main.o [1]
Chip_Clock_EnablePeriphClock
                        0x000059b3   0x12  Code  Lc  sx1276-board.o [1]
Chip_Clock_EnablePeriphClock
                        0x00003353   0x12  Code  Lc  usart.o [1]
Chip_Clock_EnablePeriphClock
                        0x00002f31   0x12  Code  Lc  board.o [3]
Chip_Clock_EnablePeriphClock
                        0x00006665   0x12  Code  Lc  board_sysinit.o [3]
Chip_Clock_GetMainClockRate
                        0x00004b91   0x30  Code  Gb  clock_8xx.o [4]
Chip_Clock_GetSystemClockRate
                        0x00004bc1   0x12  Code  Gb  clock_8xx.o [4]
Chip_Clock_GetSystemPLLInClockRate
                        0x00004b57   0x26  Code  Gb  clock_8xx.o [4]
Chip_Clock_GetSystemPLLOutClockRate
                        0x00004b7d   0x14  Code  Gb  clock_8xx.o [4]
Chip_Clock_GetUSARTNBaseClockRate
                        0x00004bd3   0x36  Code  Gb  clock_8xx.o [4]
Chip_Clock_GetWDTOSCRate
                        0x00004b35   0x22  Code  Gb  clock_8xx.o [4]
Chip_Clock_SetMainClockSource
                        0x00004b25    0x2  Code  Gb  clock_8xx.o [4]
Chip_Clock_SetSystemPLLSource
                        0x00004b21    0x4  Code  Gb  clock_8xx.o [4]
Chip_Clock_SetUARTClockDiv
                        0x00003377    0x6  Code  Lc  usart.o [1]
Chip_Clock_SetUSARTNBaseClockRate
                        0x00004c09   0x5a  Code  Gb  clock_8xx.o [4]
Chip_FMC_ComputeSignature
                        0x000031b1   0x14  Code  Lc  eeprom.o [1]
Chip_FMC_ComputeSignatureBlocks
                        0x000031c5    0xc  Code  Lc  eeprom.o [1]
Chip_FMC_IsSignatureBusy
                        0x000031d1    0x8  Code  Lc  eeprom.o [1]
Chip_FMC_SetFLASHAccess
                        0x00005e09    0x8  Code  Lc  irc_8xx.o [4]
Chip_GPIO_Init          0x000001d5   0x10  Code  Gb  gpio_8xx.o [4]
Chip_GPIO_SetPinDIR     0x00005a09   0x12  Code  Lc  sx1276-board.o [1]
Chip_GPIO_SetPinDIRInput
                        0x000059f9   0x10  Code  Lc  sx1276-board.o [1]
Chip_GPIO_SetPinDIROutput
                        0x000059e9   0x10  Code  Lc  sx1276-board.o [1]
Chip_GPIO_SetPinOutHigh
                        0x00006829   0x10  Code  Lc  sx1276.o [1]
Chip_GPIO_SetPinOutLow  0x00006839   0x10  Code  Lc  sx1276.o [1]
Chip_GPIO_SetPinState   0x00002f67    0x8  Code  Lc  board.o [3]
Chip_IAP_CopyRamToFlash
                        0x00003267   0x1e  Code  Gb  iap.o [4]
Chip_IAP_ErasePage      0x000032d1    0x8  Code  Gb  iap.o [4]
Chip_IAP_PreSectorForReadWrite
                        0x00003259    0xe  Code  Gb  iap.o [4]
Chip_IAP_ReadPID        0x0000328d   0x16  Code  Gb  iap.o [4]
Chip_IAP_ReadUID        0x000032a3   0x2a  Code  Gb  iap.o [4]
Chip_IOCON_PinSetMode   0x000001c1   0x12  Code  Gb  iocon_8xx.o [4]
Chip_IRC_SetFreq        0x00005e11   0x9c  Code  Gb  irc_8xx.o [4]
Chip_PININT_ClearIntStatus
                        0x00006825    0x4  Code  Lc  sx1276.o [1]
Chip_PININT_EnableIntHigh
                        0x000059e5    0x4  Code  Lc  sx1276-board.o [1]
Chip_PININT_SetPinModeEdge
                        0x000059d7    0xe  Code  Lc  sx1276-board.o [1]
Chip_SPIM_GetClockRate  0x00005d99   0x14  Code  Gb  spim_8xx.o [4]
Chip_SPIM_SetClockRate  0x00005dad   0x2c  Code  Gb  spim_8xx.o [4]
Chip_SPI_ClearCFGRegBits
                        0x00005a29    0xe  Code  Lc  sx1276-board.o [1]
Chip_SPI_ClearStatus    0x00006851    0x4  Code  Lc  sx1276.o [1]
Chip_SPI_ConfigureSPI   0x00005a65   0x1c  Code  Lc  sx1276-board.o [1]
Chip_SPI_DelayConfig    0x00005ddd   0x2c  Code  Gb  spi_8xx.o [4]
Chip_SPI_Enable         0x00005a5b    0xa  Code  Lc  sx1276-board.o [1]
Chip_SPI_GetStatus      0x00006849    0x8  Code  Lc  sx1276.o [1]
Chip_SPI_Init           0x00005a37   0x24  Code  Lc  sx1276-board.o [1]
Chip_SPI_ReceiveFrame   0x0000687b    0x6  Code  Lc  sx1276.o [1]
Chip_SPI_SendLastFrame  0x00006867   0x14  Code  Lc  sx1276.o [1]
Chip_SPI_SendMidFrame   0x00006863    0x4  Code  Lc  sx1276.o [1]
Chip_SPI_SetCFGRegBits  0x00005a1b    0xe  Code  Lc  sx1276-board.o [1]
Chip_SPI_SetControlInfo
                        0x00006855    0xe  Code  Lc  sx1276.o [1]
Chip_SWM_DisableFixedPin
                        0x0000337d   0x12  Code  Lc  usart.o [1]
Chip_SWM_DisableFixedPin
                        0x00002f55   0x12  Code  Lc  board.o [3]
Chip_SWM_FixedPinEnable
                        0x0000020b   0x20  Code  Gb  swm_8xx.o [4]
Chip_SWM_MovablePinAssign
                        0x000001ed   0x1e  Code  Gb  swm_8xx.o [4]
Chip_SYSCTL_AssertPeriphReset
                        0x00005967   0x12  Code  Lc  sx1276-board.o [1]
Chip_SYSCTL_DeassertPeriphReset
                        0x00005979   0x12  Code  Lc  sx1276-board.o [1]
Chip_SYSCTL_EnablePINTWakeup
                        0x000059a3   0x10  Code  Lc  sx1276-board.o [1]
Chip_SYSCTL_PeriphReset
                        0x0000598b   0x10  Code  Lc  sx1276-board.o [1]
Chip_SYSCTL_PeriphReset
                        0x000037a9   0x1c  Code  Lc  uart_8xx.o [4]
Chip_SYSCTL_PowerDown   0x00006211   0x14  Code  Gb  syscon_8xx.o [4]
Chip_SYSCTL_PowerUp     0x00006225   0x14  Code  Gb  syscon_8xx.o [4]
Chip_SYSCTL_SetPinInterrupt
                        0x0000599b    0x8  Code  Lc  sx1276-board.o [1]
Chip_SetupIrcClocking   0x000066e1    0x4  Code  Gb  sysinit_8xx.o [4]
Chip_UART_ConfigData    0x000033af    0xc  Code  Lc  usart.o [1]
Chip_UART_Enable        0x0000338f    0xe  Code  Lc  usart.o [1]
Chip_UART_GetStatus     0x000037d5    0x8  Code  Lc  uart_8xx.o [4]
Chip_UART_IRQRBHandler  0x000038ef   0x32  Code  Gb  uart_8xx.o [4]
Chip_UART_Init          0x000037f5   0x34  Code  Gb  uart_8xx.o [4]
Chip_UART_IntDisable    0x000033ab    0x4  Code  Lc  usart.o [1]
Chip_UART_IntDisable    0x000037d1    0x4  Code  Lc  uart_8xx.o [4]
Chip_UART_IntEnable     0x000033a7    0x4  Code  Lc  usart.o [1]
Chip_UART_RXIntHandlerRB
                        0x0000385f   0x24  Code  Gb  uart_8xx.o [4]
Chip_UART_ReadByte      0x000037c9    0x8  Code  Lc  uart_8xx.o [4]
Chip_UART_ReadRB        0x000038e1    0xe  Code  Gb  uart_8xx.o [4]
Chip_UART_SendByte      0x000037c5    0x4  Code  Lc  uart_8xx.o [4]
Chip_UART_SendRB        0x000038ad   0x34  Code  Gb  uart_8xx.o [4]
Chip_UART_SetBaud       0x00003849   0x16  Code  Gb  uart_8xx.o [4]
Chip_UART_TXEnable      0x0000339d    0xa  Code  Lc  usart.o [1]
Chip_UART_TXIntHandlerRB
                        0x00003883   0x2a  Code  Gb  uart_8xx.o [4]
Chip_WWDT_Feed          0x000062c5    0xa  Code  Lc  main.o [1]
ComplianceTest          0x10000178   0x14  Data  Gb  main.o [1]
CountChannels           0x00004e9d   0x26  Code  Lc  RegionCommon.o [1]
CountNbOfEnabledChannels
                        0x0000395d   0x9a  Code  Lc  RegionCN470.o [1]
DataratesCN470          0x00003e24    0x8  Data  Lc  RegionCN470.o [1]
DelayMs                 0x00002db9   0x1c  Code  Gb  utilities.o [1]
DevEui                  0x10000198    0x8  Data  Gb  main.o [1]
DeviceState             0x10000190    0x1  Data  Lc  main.o [1]
DownLinkCounter         0x10000048    0x4  Data  Lc  LoRaMac.o [1]
DutyCycleOn             0x10000523    0x1  Data  Lc  LoRaMac.o [1]
ExtRateIn               0x00006818    0x4  Data  Gb  board.o [3]
GetBandwidth            0x00003935   0x1e  Code  Lc  RegionCN470.o [1]
GetNextLowerTxDr        0x00003921   0x14  Code  Lc  RegionCN470.o [1]
InStream_Read           0x00006575   0x22  Code  Lc  packbits_init.o [7]
IrqNestLevel            0x100012c1    0x1  Data  Lc  utilities.o [1]
IsLoRaMacNetworkJoined  0x10000010    0x1  Data  Gb  LoRaMac.o [1]
IsRxWindowsEnabled      0x10000521    0x1  Data  Lc  LoRaMac.o [1]
IsTxConfirmed           0x1000018e    0x1  Data  Lc  main.o [1]
IsUpLinkCounterFixed    0x1000128c    0x1  Data  Lc  LoRaMac.o [1]
JoinRequestTrials       0x1000001d    0x1  Data  Lc  LoRaMac.o [1]
LMIC                    0x10000f60   0xa4  Data  Gb  modem.o [1]
LastTxChannel           0x10000019    0x1  Data  Lc  LoRaMac.o [1]
LastTxIsJoinRequest     0x10000524    0x1  Data  Lc  LoRaMac.o [1]
Led1Timer_OffLine       0x10001168   0x14  Data  Gb  modem.o [1]
Led1Timer_OnLine        0x10001154   0x14  Data  Gb  modem.o [1]
Led1Timer_Rx            0x10001140   0x14  Data  Gb  modem.o [1]
Led1Timer_Tx            0x1000112c   0x14  Data  Gb  modem.o [1]
LedIndication           0x0000236d   0xa2  Code  Gb  modem.o [1]
LimitTxPower            0x00003953    0xa  Code  Lc  RegionCN470.o [1]
LoRaMacAppEui           0x10000030    0x4  Data  Lc  LoRaMac.o [1]
LoRaMacAppKey           0x10000034    0x4  Data  Lc  LoRaMac.o [1]
LoRaMacAppSKey          0x10000084   0x10  Data  Lc  LoRaMac.o [1]
LoRaMacBuffer           0x10000cb8  0x100  Data  Lc  LoRaMac.o [1]
LoRaMacBufferPktLen     0x10000026    0x2  Data  Lc  LoRaMac.o [1]
LoRaMacCallbacks        0x10000064    0x4  Data  Lc  LoRaMac.o [1]
LoRaMacComputeMic       0x00002ab9   0x8a  Code  Gb  LoRaMacCrypto.o [1]
LoRaMacDevAddr          0x1000003c    0x4  Data  Lc  LoRaMac.o [1]
LoRaMacDevEui           0x1000002c    0x4  Data  Lc  LoRaMac.o [1]
LoRaMacDevNonce         0x10000024    0x2  Data  Lc  LoRaMac.o [1]
LoRaMacDeviceClass      0x1000000d    0x1  Data  Lc  LoRaMac.o [1]
LoRaMacFlags            0x10000020    0x4  Data  Gb  LoRaMac.o [1]
LoRaMacInitialization   0x0000185d  0x208  Code  Gb  LoRaMac.o [1]
LoRaMacInitializationTime
                        0x10000058    0x4  Data  Lc  LoRaMac.o [1]
LoRaMacJoinComputeMic   0x00002c17   0x4e  Code  Gb  LoRaMacCrypto.o [1]
LoRaMacJoinComputeSKeys
                        0x00002ca9   0x8e  Code  Gb  LoRaMacCrypto.o [1]
LoRaMacJoinDecrypt      0x00002c65   0x44  Code  Gb  LoRaMacCrypto.o [1]
LoRaMacMaxEirpTable     0x000012f0   0x10  Data  Lc  LoRaMac.o [1]
LoRaMacMcpsRequest      0x000020bd  0x146  Code  Gb  LoRaMac.o [1]
LoRaMacMibGetRequestConfirm
                        0x00001b3d  0x154  Code  Gb  LoRaMac.o [1]
LoRaMacMibSetRequestConfirm
                        0x00001cd9  0x2ae  Code  Gb  LoRaMac.o [1]
LoRaMacMlmeRequest      0x00001fad   0xfe  Code  Gb  LoRaMac.o [1]
LoRaMacNetID            0x10000038    0x4  Data  Lc  LoRaMac.o [1]
LoRaMacNwkSKey          0x10000074   0x10  Data  Lc  LoRaMac.o [1]
LoRaMacParams           0x1000117c   0x38  Data  Gb  LoRaMac.o [1]
LoRaMacParamsDefaults   0x100011b4   0x38  Data  Gb  LoRaMac.o [1]
LoRaMacPayloadDecrypt   0x00002c01   0x16  Code  Gb  LoRaMacCrypto.o [1]
LoRaMacPayloadEncrypt   0x00002b43   0xbe  Code  Gb  LoRaMacCrypto.o [1]
LoRaMacPrimitives       0x10000060    0x4  Data  Lc  LoRaMac.o [1]
LoRaMacQueryTxPossible  0x00001a6d   0xc4  Code  Gb  LoRaMac.o [1]
LoRaMacRegion           0x1000000c    0x1  Data  Lc  LoRaMac.o [1]
LoRaMacRxPayload        0x10000db8  0x100  Data  Lc  LoRaMac.o [1]
LoRaMacState            0x1000005c    0x4  Data  Gb  LoRaMac.o [1]
LoRaMacTxPayloadLen     0x10000520    0x1  Data  Lc  LoRaMac.o [1]
MODEM                   0x10000b88  0x130  Data  Lc  modem.o [1]
MacCommandsBuffer       0x10001084   0x80  Data  Lc  LoRaMac.o [1]
MacCommandsBufferIndex  0x10000015    0x1  Data  Lc  LoRaMac.o [1]
MacCommandsBufferToRepeat
                        0x10000094   0x80  Data  Lc  LoRaMac.o [1]
MacCommandsBufferToRepeatIndex
                        0x10000016    0x1  Data  Lc  LoRaMac.o [1]
MacCommandsInNextTx     0x10000014    0x1  Data  Lc  LoRaMac.o [1]
MacStateCheckTimer      0x10000114   0x14  Data  Lc  LoRaMac.o [1]
MaxDCycle               0x10000522    0x1  Data  Lc  LoRaMac.o [1]
MaxJoinRequestTrials    0x1000001e    0x1  Data  Lc  LoRaMac.o [1]
MaxPayloadOfDatarateCN470
                        0x00003d78    0x8  Data  Lc  RegionCN470.o [1]
MaxPayloadOfDatarateRepeaterCN470
                        0x00003d70    0x8  Data  Lc  RegionCN470.o [1]
McpsConfirm             0x10001278   0x14  Data  Lc  LoRaMac.o [1]
McpsConfirm             0x00006385    0x8  Code  Lc  main.o [1]
McpsIndication          0x10001248   0x18  Data  Lc  LoRaMac.o [1]
McpsIndication          0x0000638d   0x16  Code  Lc  main.o [1]
Mic                     0x100002d0   0x10  Data  Lc  LoRaMacCrypto.o [1]
MicBlockB0              0x100002c0   0x10  Data  Lc  LoRaMacCrypto.o [1]
MlmeConfirm             0x10000000    0xc  Data  Lc  LoRaMac.o [1]
MlmeConfirm             0x000063a3   0x42  Code  Lc  main.o [1]
MulticastChannels       0x10000040    0x4  Data  Lc  LoRaMac.o [1]
NVIC_EnableIRQ          0x00005959    0xe  Code  Lc  sx1276-board.o [1]
NVIC_EnableIRQ          0x00003345    0xe  Code  Lc  usart.o [1]
NVIC_SetPriority        0x00006245   0x44  Code  Lc  main.o [1]
NextTx                  0x1000018f    0x1  Data  Lc  main.o [1]
NodeAckRequested        0x10000012    0x1  Data  Lc  LoRaMac.o [1]
OnAckTimeoutTimerEvent  0x00000e47   0x34  Code  Lc  LoRaMac.o [1]
OnLed1TimerEventNetOffline
                        0x00002247   0xbe  Code  Lc  modem.o [1]
OnLed1TimerEventNetOnline
                        0x00002305   0x68  Code  Lc  modem.o [1]
OnLed1TimerEventRx      0x00002217   0x18  Code  Lc  modem.o [1]
OnLed1TimerEventTx      0x0000222f   0x18  Code  Lc  modem.o [1]
OnMacStateCheckTimerEvent
                        0x00000ab9  0x282  Code  Lc  LoRaMac.o [1]
OnRadioRxDone           0x00000435  0x582  Code  Lc  LoRaMac.o [1]
OnRadioRxError          0x000009e5   0x5e  Code  Lc  LoRaMac.o [1]
OnRadioRxTimeout        0x00000a43   0x64  Code  Lc  LoRaMac.o [1]
OnRadioTxDone           0x00000301   0xee  Code  Lc  LoRaMac.o [1]
OnRadioTxTimeout        0x000009b7   0x2e  Code  Lc  LoRaMac.o [1]
OnRxWindow1TimerEvent   0x00000d9d   0x4e  Code  Lc  LoRaMac.o [1]
OnRxWindow2TimerEvent   0x00000df1   0x56  Code  Lc  LoRaMac.o [1]
OnTxDelayedTimerEvent   0x00000d3b   0x5e  Code  Lc  LoRaMac.o [1]
OnTxNextPacketTimerEvent
                        0x00006353   0x32  Code  Lc  main.o [1]
OscRateIn               0x00006814    0x4  Data  Gb  board.o [3]
PATTERN_JOINCFG_CRC     0x10001106    0x2  Data  Gb  modem.o [1]
PATTERN_SESSCFG_CRC     0x10001108    0x2  Data  Gb  modem.o [1]
PININT0_IRQHandler      0x00007551  0x152  Code  Gb  sx1276.o [1]
PININT1_IRQHandler      0x000076a3   0x3e  Code  Gb  sx1276.o [1]
PININT2_IRQHandler      0x000076e1   0x84  Code  Gb  sx1276.o [1]
PININT3_IRQHandler      0x0000776d   0x50  Code  Gb  sx1276.o [1]
PININT4_IRQHandler      0x000077bd    0xc  Code  Gb  sx1276.o [1]
PININT5_IRQHandler      0x000077c9    0xc  Code  Gb  sx1276.o [1]
ParseMacCommandsToRepeat
                        0x00000f95   0x5e  Code  Lc  LoRaMac.o [1]
PrepareFrame            0x00001519  0x2a2  Code  Gb  LoRaMac.o [1]
PrepareRxDoneAbort      0x000003ef   0x36  Code  Lc  LoRaMac.o [1]
PrepareTxFrame          0x000062cf   0x1a  Code  Lc  main.o [1]
ProcessMacCommands      0x00000ff5  0x2fc  Code  Lc  LoRaMac.o [1]
PublicNetwork           0x1000000e    0x1  Data  Lc  LoRaMac.o [1]
Radio                   0x000066f4   0x5c  Data  Gb  sx1276-board.o [1]
RadioEvents             0x10000528   0x1c  Data  Lc  LoRaMac.o [1]
RadioEvents             0x10000a5c    0x4  Data  Lc  sx1276.o [1]
RadioIsActive           0x100012c0    0x1  Data  Lc  sx1276-board.o [1]
RadioRegsInit           0x00007520   0x30  Data  Gb  sx1276.o [1]
Region$$Table$$Base     0x0000679c          --   Gb  - Linker created -
Region$$Table$$Limit    0x000067c8          --   Gb  - Linker created -
RegionAdrNext           0x00002997   0x1a  Code  Gb  Region.o [1]
RegionAlternateDr       0x00002a5d   0x12  Code  Gb  Region.o [1]
RegionApplyCFList       0x00002975   0x10  Code  Gb  Region.o [1]
RegionApplyDrOffset     0x00002a99   0x1a  Code  Gb  Region.o [1]
RegionCN470AdrNext      0x00003bd5   0x74  Code  Gb  RegionCN470.o [1]
RegionCN470AlternateDr  0x00003fa5   0x42  Code  Gb  RegionCN470.o [1]
RegionCN470ApplyDrOffset
                        0x00004105   0x10  Code  Gb  RegionCN470.o [1]
RegionCN470CalcBackOff  0x00003fe7   0x30  Code  Gb  RegionCN470.o [1]
RegionCN470ChanMaskSet  0x00003b9f   0x2c  Code  Gb  RegionCN470.o [1]
RegionCN470ComputeRxWindowParameters
                        0x00003c65   0x48  Code  Gb  RegionCN470.o [1]
RegionCN470GetPhyParam  0x000039f9   0xae  Code  Gb  RegionCN470.o [1]
RegionCN470InitDefaults
                        0x00003acf   0x5c  Code  Gb  RegionCN470.o [1]
RegionCN470LinkAdrReq   0x00003e2d  0x114  Code  Gb  RegionCN470.o [1]
RegionCN470NextChannel  0x00004025   0xc0  Code  Gb  RegionCN470.o [1]
RegionCN470RxConfig     0x00003cc5   0x90  Code  Gb  RegionCN470.o [1]
RegionCN470RxParamSetupReq
                        0x00003f45   0x5a  Code  Gb  RegionCN470.o [1]
RegionCN470SetBandTxDone
                        0x00003aad   0x22  Code  Gb  RegionCN470.o [1]
RegionCN470TxConfig     0x00003d81   0xa4  Code  Gb  RegionCN470.o [1]
RegionCN470Verify       0x00003b2b   0x74  Code  Gb  RegionCN470.o [1]
RegionCalcBackOff       0x00002a6f   0x10  Code  Gb  Region.o [1]
RegionChanMaskSet       0x00002985   0x12  Code  Gb  Region.o [1]
RegionCommonCalcBackOff
                        0x00005283   0x58  Code  Gb  RegionCommon.o [1]
RegionCommonChanMaskCopy
                        0x00004f95   0x22  Code  Gb  RegionCommon.o [1]
RegionCommonChanVerifyDr
                        0x00004edd   0x7a  Code  Gb  RegionCommon.o [1]
RegionCommonComputeRxWindowParameters
                        0x000051a1   0xaa  Code  Gb  RegionCommon.o [1]
RegionCommonComputeSymbolTimeLoRa
                        0x00005165   0x2e  Code  Gb  RegionCommon.o [1]
RegionCommonComputeTxPower
                        0x00005259   0x2a  Code  Gb  RegionCommon.o [1]
RegionCommonCountChannels
                        0x00004f67   0x2e  Code  Gb  RegionCommon.o [1]
RegionCommonGetJoinDc   0x00004ec3   0x1a  Code  Gb  RegionCommon.o [1]
RegionCommonLinkAdrReqVerifyParams
                        0x000050bf   0xa6  Code  Gb  RegionCommon.o [1]
RegionCommonParseLinkAdrReq
                        0x00005077   0x48  Code  Gb  RegionCommon.o [1]
RegionCommonSetBandTxDone
                        0x00004fb7    0xa  Code  Gb  RegionCommon.o [1]
RegionCommonUpdateBandTimeOff
                        0x00004fc1   0xb6  Code  Gb  RegionCommon.o [1]
RegionCommonValueInRange
                        0x00004f57   0x10  Code  Gb  RegionCommon.o [1]
RegionComputeRxWindowParameters
                        0x000029b1   0x16  Code  Gb  Region.o [1]
RegionDlChannelReq      0x00002a4b   0x12  Code  Gb  Region.o [1]
RegionGetPhyParam       0x00002929   0x16  Code  Gb  Region.o [1]
RegionInitDefaults      0x0000294f   0x10  Code  Gb  Region.o [1]
RegionIsActive          0x0000291d    0xc  Code  Gb  Region.o [1]
RegionLinkAdrReq        0x000029f5   0x20  Code  Gb  Region.o [1]
RegionNewChannelReq     0x00002a27   0x12  Code  Gb  Region.o [1]
RegionNextChannel       0x00002a7f   0x1a  Code  Gb  Region.o [1]
RegionRxConfig          0x000029c7   0x16  Code  Gb  Region.o [1]
RegionRxParamSetupReq   0x00002a15   0x12  Code  Gb  Region.o [1]
RegionSetBandTxDone     0x0000293f   0x10  Code  Gb  Region.o [1]
RegionTxConfig          0x000029dd   0x18  Code  Gb  Region.o [1]
RegionTxParamSetupReq   0x00002a39   0x12  Code  Gb  Region.o [1]
RegionVerify            0x0000295f   0x16  Code  Gb  Region.o [1]
RepeaterSupport         0x1000000f    0x1  Data  Lc  LoRaMac.o [1]
ResetMacParameters      0x00001485   0x82  Code  Lc  LoRaMac.o [1]
RingBuffer_GetCount     0x00004cd5    0x8  Code  Lc  ring_buffer.o [4]
RingBuffer_Init         0x00004d03   0x10  Code  Gb  ring_buffer.o [4]
RingBuffer_Insert       0x00004d13   0x32  Code  Gb  ring_buffer.o [4]
RingBuffer_InsertMult   0x00004d45   0x96  Code  Gb  ring_buffer.o [4]
RingBuffer_IsEmpty      0x00004cf3   0x10  Code  Lc  ring_buffer.o [4]
RingBuffer_IsFull       0x00004cdd   0x16  Code  Lc  ring_buffer.o [4]
RingBuffer_Pop          0x00004ddb   0x32  Code  Gb  ring_buffer.o [4]
RingBuffer_PopMult      0x00004e0d   0x8e  Code  Gb  ring_buffer.o [4]
RxChainCalibration      0x000069f3   0x8e  Code  Lc  sx1276.o [1]
RxSlot                  0x1000001f    0x1  Data  Lc  LoRaMac.o [1]
RxTimeoutSyncWord       0x10001264   0x14  Data  Gb  sx1276.o [1]
RxTimeoutTimer          0x10000b74   0x14  Data  Gb  sx1276.o [1]
RxTxBuffer              0x10000a60  0x100  Data  Lc  sx1276.o [1]
RxWindow1Config         0x1000050c   0x14  Data  Lc  LoRaMac.o [1]
RxWindow1Delay          0x10000068    0x4  Data  Lc  LoRaMac.o [1]
RxWindow2Config         0x10001290   0x14  Data  Lc  LoRaMac.o [1]
RxWindow2Delay          0x1000006c    0x4  Data  Lc  LoRaMac.o [1]
RxWindowSetup           0x00000e7b   0x16  Code  Lc  LoRaMac.o [1]
RxWindowTimer1          0x1000013c   0x14  Data  Lc  LoRaMac.o [1]
RxWindowTimer2          0x10000150   0x14  Data  Lc  LoRaMac.o [1]
SX1276                  0x100009f0   0x6c  Data  Gb  sx1276.o [1]
SX1276CheckRfFrequency  0x00005d61    0x4  Code  Gb  sx1276-board.o [1]
SX1276GetPaSelect       0x00005d0d    0xe  Code  Gb  sx1276-board.o [1]
SX1276GetStatus         0x00006927    0x6  Code  Gb  sx1276.o [1]
SX1276GetTimeOnAir      0x00006d95  0x128  Code  Gb  sx1276.o [1]
SX1276Init              0x00006881   0xa6  Code  Gb  sx1276.o [1]
SX1276IoInit            0x00005a81  0x14e  Code  Gb  sx1276-board.o [1]
SX1276IoIrqInit         0x00005bcf   0x74  Code  Gb  sx1276-board.o [1]
SX1276IsChannelFree     0x00006969   0x48  Code  Gb  sx1276.o [1]
SX1276OnTimeoutIrq      0x000074a1   0x76  Code  Gb  sx1276.o [1]
SX1276Random            0x000069b1   0x42  Code  Gb  sx1276.o [1]
SX1276Read              0x00007311   0x10  Code  Gb  sx1276.o [1]
SX1276ReadBuffer        0x000073b9   0x8e  Code  Gb  sx1276.o [1]
SX1276ReadFifo          0x00007455    0xe  Code  Gb  sx1276.o [1]
SX1276ReadRssi          0x0000721b   0x32  Code  Gb  sx1276.o [1]
SX1276Reset             0x00007251   0x28  Code  Gb  sx1276.o [1]
SX1276Send              0x00006ec1   0x8e  Code  Gb  sx1276.o [1]
SX1276SetAntSwLowPower  0x00005d25   0x1e  Code  Gb  sx1276-board.o [1]
SX1276SetChannel        0x0000692d   0x3c  Code  Gb  sx1276.o [1]
SX1276SetMaxPayloadLength
                        0x00007463   0x18  Code  Gb  sx1276.o [1]
SX1276SetModem          0x000072a9   0x50  Code  Gb  sx1276.o [1]
SX1276SetOpMode         0x00007279   0x30  Code  Gb  sx1276.o [1]
SX1276SetPublicNetwork  0x0000747b   0x26  Code  Gb  sx1276.o [1]
SX1276SetRfTxPower      0x00005c59   0xaa  Code  Gb  sx1276-board.o [1]
SX1276SetRx             0x00006fb5  0x1ac  Code  Gb  sx1276.o [1]
SX1276SetRxConfig       0x00006a8d  0x1b2  Code  Gb  sx1276.o [1]
SX1276SetSleep          0x00006f4f   0x24  Code  Gb  sx1276.o [1]
SX1276SetStby           0x00006f73   0x24  Code  Gb  sx1276.o [1]
SX1276SetTx             0x00007165   0x72  Code  Gb  sx1276.o [1]
SX1276SetTxConfig       0x00006c49  0x144  Code  Gb  sx1276.o [1]
SX1276SetTxContinuousWave
                        0x00007219    0x2  Code  Gb  sx1276.o [1]
SX1276StartCad          0x000071e5   0x2e  Code  Gb  sx1276.o [1]
SX1276Write             0x00007305    0xc  Code  Gb  sx1276.o [1]
SX1276WriteBuffer       0x00007321   0x86  Code  Gb  sx1276.o [1]
SX1276WriteFifo         0x00007447    0xe  Code  Gb  sx1276.o [1]
ScheduleTx              0x00001335  0x10e  Code  Lc  LoRaMac.o [1]
Send                    0x00001301   0x2c  Code  Gb  LoRaMac.o [1]
SendFrame               0x000062e9   0x6a  Code  Lc  main.o [1]
SendFrameOnChannel      0x000017c1   0x86  Code  Gb  LoRaMac.o [1]
SrvAckRequested         0x10000013    0x1  Data  Lc  LoRaMac.o [1]
SysTick_Config          0x00006289   0x2a  Code  Lc  main.o [1]
SysTick_Handler         0x0000012b   0x38  Code  Gb  timer.o [1]
SystemCoreClock         0x100012bc    0x4  Data  Gb  chip_8xx.o [4]
SystemCoreClockUpdate   0x00006565   0x10  Code  Gb  chip_8xx.o [4]
SystemInit              0x0000681d    0x8  Code  Gb  sysinit.o [1]
TimerExists             0x00000175   0x18  Code  Lc  timer.o [1]
TimerGetCurrentTime     0x0000019d    0x6  Code  Gb  timer.o [1]
TimerGetElapsedTime     0x000001a3   0x16  Code  Gb  timer.o [1]
TimerInit               0x000000c1   0x10  Code  Gb  timer.o [1]
TimerListHead           0x100012b8    0x4  Data  Lc  timer.o [1]
TimerSetValue           0x0000018d   0x10  Code  Gb  timer.o [1]
TimerStart              0x000000d1   0x5a  Code  Gb  timer.o [1]
TimerStop               0x00000163   0x12  Code  Gb  timer.o [1]
TxDelayedTimer          0x10000128   0x14  Data  Lc  LoRaMac.o [1]
TxDutyCycleTime         0x10000194    0x4  Data  Lc  main.o [1]
TxNextPacketTimer       0x100002ac   0x14  Data  Lc  main.o [1]
TxTimeOnAir             0x10000070    0x4  Data  Gb  LoRaMac.o [1]
TxTimeoutTimer          0x10000b60   0x14  Data  Gb  sx1276.o [1]
UART0_IRQHandler        0x00003455   0x10  Code  Gb  usart.o [1]
UpLinkCounter           0x10000044    0x4  Data  Lc  LoRaMac.o [1]
ValidatePayloadLength   0x00000e91   0x3e  Code  Lc  LoRaMac.o [1]
WDT_IRQHandler          0x00002215    0x2  Code  Gb  modem.o [1]
__Vectors               0x00000000          --   Gb  iar_startup_lpc82x.o [1]
__Vectors_End           0x000000c0         Data  Gb  iar_startup_lpc82x.o [1]
__Vectors_Size {Abs}    0x000000c0          --   Gb  iar_startup_lpc82x.o [1]
__aeabi_cdrcmple        0x00005d65         Code  Gb  DblCmpGe.o [6]
__aeabi_d2iz            0x00005765         Code  Gb  DblToI32.o [6]
__aeabi_d2uiz           0x00005789         Code  Gb  DblToI32.o [6]
__aeabi_dadd            0x00005557         Code  Gb  DblAddSub.o [6]
__aeabi_ddiv            0x00005311         Code  Gb  DblDiv.o [6]
__aeabi_dmul            0x000053d3         Code  Gb  DblMul.o [6]
__aeabi_dsub            0x0000561d         Code  Gb  DblAddSub.o [6]
__aeabi_f2d             0x000058cd         Code  Gb  FltToDbl.o [6]
__aeabi_fsub            0x0000581d         Code  Gb  FltAddSub.o [6]
__aeabi_i2d             0x000052dd         Code  Gb  I32ToDbl.o [6]
__aeabi_idiv            0x00002e35         Code  Gb  I32DivModFast.o [7]
__aeabi_idivmod         0x00002e35         Code  Gb  I32DivModFast.o [7]
__aeabi_memclr4         0x00003341         Code  Gb  ABImemset.o [7]
__aeabi_memclr8         0x00003341         Code  Gb  ABImemset.o [7]
__aeabi_memcpy          0x00003155         Code  Gb  ABImemcpy.o [7]
__aeabi_memcpy4         0x0000317d         Code  Wk  ABImemcpy.o [7]
__aeabi_memset4         0x00003305         Code  Gb  ABImemset.o [7]
__aeabi_memset8         0x00003305         Code  Gb  ABImemset.o [7]
__aeabi_ui2d            0x000052f1         Code  Gb  I32ToDbl.o [6]
__aeabi_ui2f            0x00002ee9         Code  Gb  I32ToFlt.o [6]
__aeabi_uidiv           0x00002e3b         Code  Gb  I32DivModFast.o [7]
__aeabi_uidivmod        0x00002e3b         Code  Gb  I32DivModFast.o [7]
__aeabi_uldivmod        0x00000237         Code  Gb  I64DivMod.o [7]
__cmain                 0x000067c9         Code  Gb  cmain.o [7]
__exit                  0x00006659         Code  Gb  XXexit.o [7]
__iar_Memset4_word      0x00003311         Code  Gb  ABImemset.o [7]
__iar_ceil              0x0000570d         Code  Gb  ceil.o [6]
__iar_ceill             0x0000570d         Code  Gb  ceil.o [6]
__iar_d2uiz             0x0000578d         Code  Gb  DblToI32.o [6]
__iar_data_init3        0x00006751   0x28  Code  Gb  data_init.o [7]
__iar_floor             0x00005901         Code  Gb  floor.o [6]
__iar_floorl            0x00005901         Code  Gb  floor.o [6]
__iar_packbits_init3    0x00006597   0xb6  Code  Gb  packbits_init.o [7]
__iar_program_start     0x00006809         Code  Gb  cstartup_M.o [7]
__iar_ui2d              0x000052f5         Code  Gb  I32ToDbl.o [6]
__iar_ui2f              0x00002eed         Code  Gb  I32ToFlt.o [6]
__iar_zero_init3        0x00002f07   0x2a  Code  Gb  zero_init3.o [7]
__vector_table          0x00000000         Data  Gb  iar_startup_lpc82x.o [1]
__vector_table_0x1c     0x00000010         Data  Gb  iar_startup_lpc82x.o [1]
_call_main              0x000067d5         Code  Gb  cmain.o [7]
_exit                   0x000067ed         Code  Gb  cexit.o [7]
_main                   0x000067df         Code  Gb  cmain.o [7]
aBlock                  0x100003f8   0x10  Data  Lc  LoRaMacCrypto.o [1]
abort                   0x0000664d    0xa  Code  Gb  abort.o [5]
add_round_key           0x000044c1    0x8  Code  Lc  aes.o [1]
aes_encrypt             0x000049cf   0x52  Code  Gb  aes.o [1]
aes_set_key             0x000048cd  0x102  Code  Gb  aes.o [1]
ceil                    0x0000570d         Code  Gb  ceil.o [6]
ceill                   0x0000570d         Code  Gb  ceil.o [6]
chip_version            0x10001260    0x4  Data  Gb  sx1276.o [1]
config_tab              0x00005ebc  0x354  Data  Lc  irc_8xx.o [4]
config_tab_idx          0x1000128e    0x2  Data  Lc  irc_8xx.o [4]
copy_and_key            0x0000443b   0x86  Code  Lc  aes.o [1]
copy_block              0x00004361   0x42  Code  Lc  aes.o [1]
copy_block_nn           0x000043a3   0x16  Code  Lc  aes.o [1]
cpystr                  0x0000367b   0x18  Code  Gb  hex.o [1]
eeprom_write            0x000031d9   0x62  Code  Gb  eeprom.o [1]
exit                    0x000067e3    0x8  Code  Gb  exit.o [5]
floor                   0x00005901         Code  Gb  floor.o [6]
floorl                  0x00005901         Code  Gb  floor.o [6]
frame_init              0x00003491   0x14  Code  Gb  frame.o [1]
frame_rx                0x000034a5   0xd8  Code  Gb  frame.o [1]
getUARTClockID          0x000037dd   0x18  Code  Lc  uart_8xx.o [4]
gethex                  0x00003581   0x3e  Code  Gb  hex.o [1]
gfm2_sbox               0x000047cc  0x100  Data  Lc  aes.o [1]
gfm3_sbox               0x000046cc  0x100  Data  Lc  aes.o [1]
hex2int                 0x00003619   0x32  Code  Gb  hex.o [1]
hexval                  0x000036a8  0x100  Data  Lc  hex.o [1]
iap_entry               0x00003251    0x8  Code  Lc  iap.o [4]
int2hex                 0x000035f5   0x24  Code  Gb  hex.o [1]
joincfg                 0x1000110c   0x20  Data  Lc  modem.o [1]
ledBits                 0x00003150    0x1  Data  Lc  board.o [3]
main                    0x000063f9  0x126  Code  Gb  main.o [1]
memcpy1                 0x00002d77   0x16  Code  Gb  utilities.o [1]
memcpyr                 0x00002d8d   0x1a  Code  Gb  utilities.o [1]
memset1                 0x00002da7   0x12  Code  Gb  utilities.o [1]
mix_sub_columns         0x0000452d  0x19a  Code  Lc  aes.o [1]
modem_init              0x000024b5   0xd4  Code  Gb  modem.o [1]
modem_reset             0x0000240f    0x2  Code  Lc  modem.o [1]
modem_rxdone            0x000025f1  0x2ee  Code  Gb  modem.o [1]
next                    0x1000056c    0x4  Data  Lc  utilities.o [1]
os_crc16                0x00002411   0x38  Code  Gb  modem.o [1]
persist                 0x100011ec   0x5c  Data  Gb  modem.o [1]
persist_init            0x0000244d   0x60  Code  Lc  modem.o [1]
prvSetupHardware        0x000063ed    0xc  Code  Lc  main.o [1]
puthex                  0x000035c1   0x34  Code  Gb  hex.o [1]
rand1                   0x00002d41   0x1a  Code  Gb  utilities.o [1]
randr                   0x00002d61   0x16  Code  Gb  utilities.o [1]
reverse                 0x0000364b   0x22  Code  Gb  hex.o [1]
rxbuff                  0x10000ee0   0x40  Data  Lc  usart.o [1]
rxframe                 0x100012a4   0x10  Data  Gb  frame.o [1]
rxring                  0x10000ecc   0x14  Data  Gb  usart.o [1]
sBlock                  0x10000408   0x10  Data  Lc  LoRaMacCrypto.o [1]
sbox                    0x00004a20  0x100  Data  Lc  aes.o [1]
sesscfg                 0x000025c8   0x28  Data  Lc  modem.o [1]
shift_sub_rows          0x000044c9   0x64  Code  Lc  aes.o [1]
srand1                  0x00002d5b    0x6  Code  Gb  utilities.o [1]
src_iap_array_data      0x10001004   0x80  Data  Gb  eeprom.o [1]
systicks                0x100012b4    0x4  Data  Gb  timer.o [1]
tolower                 0x0000366d    0xe  Code  Gb  hex.o [1]
txbuff                  0x10000f20   0x40  Data  Lc  usart.o [1]
txring                  0x10000eb8   0x14  Data  Gb  usart.o [1]
usart_init              0x000033bb   0x9a  Code  Gb  usart.o [1]
wdtOSCRate              0x00004c94   0x40  Data  Lc  clock_8xx.o [4]
xor_block               0x000043b9   0x82  Code  Lc  aes.o [1]


[1] = E:\LoRaProduct\source code\nxp_lpcxpresso_824max\lpcxpresso824\prj_xpresso82x\iar\freertos_blinky\iflash_nxp_lpcxpresso_812\Obj
[2] = command line
[3] = board_nxp_lpcxpresso_824.a
[4] = chip_8xx_lib.a
[5] = dl6M_tln.a
[6] = m6M_tl.a
[7] = rt6M_tl.a

  30 420 bytes of readonly  code memory
     265 bytes of readonly  data memory
   5 826 bytes of readwrite data memory

Errors: none
Warnings: none
